[2026-01-23 17:41:03,393] [INFO] [SERVER INIT] EXPERIMENT_DIR=Revision2/Run_UNET_IID_KH32_20260123, LOG=Revision2/Run_UNET_IID_KH32_20260123/Server/ServerReport20260123.log
[2026-01-23 17:41:03,395] [INFO] [ENV] SERVER_ADDRESS=127.0.0.1, SERVER_PORT=8089, DATA_PATH=/home/jovyan/FeTS2022/MICCAI_FeTS2022_TrainingData, ENCODING_MODE=KH, N_CLUSTERS=32
[2026-01-23 17:41:03,494] [INFO] [DATA] Server test set loaded with 67 samples.
[2026-01-23 17:41:03,778] [INFO] [MODEL INIT] UNet with 148 layers initialized on cuda
[2026-01-23 17:41:03,824] [INFO] [STRATEGY INIT] mode=KH, UsedClusters=32 (EnvNClusters=32), experiment_dir=Revision2/Run_UNET_IID_KH32_20260123 | BestMetricKey=WT
[2026-01-23 17:41:03,825] [INFO] [SERVER START] Address=127.0.0.1:8089, Rounds=25, Mode=KH, NClusters=32
[2026-01-23 17:41:03,861] [INFO] [DEBUG][SERVER] Model expects 148 layers
[2026-01-23 17:41:03,878] [INFO] [DEBUG] Loaded 148 of 148 layers
[2026-01-23 17:41:03,878] [INFO] [Server] Evaluating at round 0
[2026-01-23 17:41:03,878] [INFO] [SERVER][Round 0] Starting evaluation (mode=KH)...
[2026-01-23 17:41:26,163] [INFO] [Round 0] WT Dice: 0.1107 | Time: 22.28s
[2026-01-23 17:41:26,256] [INFO] [BEST MODEL] Saved: Revision2/Run_UNET_IID_KH32_20260123/Server/best_model.pth
[2026-01-23 17:41:26,316] [INFO] [BEST MODEL] Saved: Revision2/Run_UNET_IID_KH32_20260123/Server/best_model_round0.pth
[2026-01-23 17:41:26,317] [INFO] [BEST MODEL] New best at round 0: WT=0.1107
[2026-01-23 17:52:48,814] [INFO] [SERVER DEBUG] aggregate_fit called at round 1
[2026-01-23 17:52:48,814] [INFO] [DEBUG] aggregate_fit received 4 results at round 1
[2026-01-23 17:52:48,814] [INFO] [DEBUG] Decoding client response from 4052ce458bc64726a638128206414014...
[2026-01-23 17:52:49,090] [INFO] [DEBUG] Decoding client response from 5cfec194d41940c4b7da9a489d111f8e...
[2026-01-23 17:52:49,257] [INFO] [DEBUG] Decoding client response from afce69b344a745b1ac029d447e9c1191...
[2026-01-23 17:52:49,377] [INFO] [DEBUG] Decoding client response from b115f500bbb547ce8c024af87e7b1658...
[2026-01-23 17:52:49,484] [INFO] [ENCODE] Starting encode_weights in aggregate_fit...
[2026-01-23 17:52:58,290] [INFO] [ENCODE] Finished encode_weights.
[2026-01-23 17:52:58,482] [INFO] [DEBUG][SERVER] Model expects 148 layers
[2026-01-23 17:52:58,499] [INFO] [DEBUG] Loaded 148 of 148 layers
[2026-01-23 17:52:58,780] [INFO] [DEBUG][SERVER] Model expects 148 layers
[2026-01-23 17:52:58,795] [INFO] [DEBUG] Loaded 148 of 148 layers
[2026-01-23 17:52:58,796] [INFO] [Server] Evaluating at round 1
[2026-01-23 17:52:58,796] [INFO] [SERVER][Round 1] Starting evaluation (mode=KH)...
[2026-01-23 17:53:16,576] [INFO] [Round 1] WT Dice: 0.3468 | Time: 17.78s
[2026-01-23 17:53:16,663] [INFO] [BEST MODEL] Saved: Revision2/Run_UNET_IID_KH32_20260123/Server/best_model.pth
[2026-01-23 17:53:16,739] [INFO] [BEST MODEL] Saved: Revision2/Run_UNET_IID_KH32_20260123/Server/best_model_round1.pth
[2026-01-23 17:53:16,739] [INFO] [BEST MODEL] New best at round 1: WT=0.3468
[2026-01-23 18:06:12,799] [INFO] [SERVER DEBUG] aggregate_fit called at round 2
[2026-01-23 18:06:12,800] [INFO] [DEBUG] aggregate_fit received 4 results at round 2
[2026-01-23 18:06:12,800] [INFO] [DEBUG] Decoding client response from afce69b344a745b1ac029d447e9c1191...
[2026-01-23 18:06:12,881] [INFO] [DEBUG] Decoding client response from 5cfec194d41940c4b7da9a489d111f8e...
[2026-01-23 18:06:12,932] [INFO] [DEBUG] Decoding client response from b115f500bbb547ce8c024af87e7b1658...
[2026-01-23 18:06:12,998] [INFO] [DEBUG] Decoding client response from 4052ce458bc64726a638128206414014...
[2026-01-23 18:06:13,093] [INFO] [ENCODE] Starting encode_weights in aggregate_fit...
[2026-01-23 18:06:21,425] [INFO] [ENCODE] Finished encode_weights.
[2026-01-23 18:06:21,614] [INFO] [DEBUG][SERVER] Model expects 148 layers
[2026-01-23 18:06:21,632] [INFO] [DEBUG] Loaded 148 of 148 layers
[2026-01-23 18:06:21,957] [INFO] [DEBUG][SERVER] Model expects 148 layers
[2026-01-23 18:06:21,970] [INFO] [DEBUG] Loaded 148 of 148 layers
[2026-01-23 18:06:21,970] [INFO] [Server] Evaluating at round 2
[2026-01-23 18:06:21,971] [INFO] [SERVER][Round 2] Starting evaluation (mode=KH)...
[2026-01-23 18:06:39,447] [INFO] [Round 2] WT Dice: 0.4373 | Time: 17.48s
[2026-01-23 18:06:39,553] [INFO] [BEST MODEL] Saved: Revision2/Run_UNET_IID_KH32_20260123/Server/best_model.pth
[2026-01-23 18:06:39,637] [INFO] [BEST MODEL] Saved: Revision2/Run_UNET_IID_KH32_20260123/Server/best_model_round2.pth
[2026-01-23 18:06:39,637] [INFO] [BEST MODEL] New best at round 2: WT=0.4373
[2026-01-23 18:18:33,397] [INFO] [SERVER DEBUG] aggregate_fit called at round 3
[2026-01-23 18:18:33,398] [INFO] [DEBUG] aggregate_fit received 4 results at round 3
[2026-01-23 18:18:33,398] [INFO] [DEBUG] Decoding client response from b115f500bbb547ce8c024af87e7b1658...
[2026-01-23 18:18:33,454] [INFO] [DEBUG] Decoding client response from afce69b344a745b1ac029d447e9c1191...
[2026-01-23 18:18:33,511] [INFO] [DEBUG] Decoding client response from 5cfec194d41940c4b7da9a489d111f8e...
[2026-01-23 18:18:33,557] [INFO] [DEBUG] Decoding client response from 4052ce458bc64726a638128206414014...
[2026-01-23 18:18:33,666] [INFO] [ENCODE] Starting encode_weights in aggregate_fit...
[2026-01-23 18:18:42,222] [INFO] [ENCODE] Finished encode_weights.
[2026-01-23 18:18:42,405] [INFO] [DEBUG][SERVER] Model expects 148 layers
[2026-01-23 18:18:42,416] [INFO] [DEBUG] Loaded 148 of 148 layers
[2026-01-23 18:18:42,767] [INFO] [DEBUG][SERVER] Model expects 148 layers
[2026-01-23 18:18:42,781] [INFO] [DEBUG] Loaded 148 of 148 layers
[2026-01-23 18:18:42,781] [INFO] [Server] Evaluating at round 3
[2026-01-23 18:18:42,781] [INFO] [SERVER][Round 3] Starting evaluation (mode=KH)...
[2026-01-23 18:19:00,372] [INFO] [Round 3] WT Dice: 0.5759 | Time: 17.59s
[2026-01-23 18:19:00,466] [INFO] [BEST MODEL] Saved: Revision2/Run_UNET_IID_KH32_20260123/Server/best_model.pth
[2026-01-23 18:19:00,552] [INFO] [BEST MODEL] Saved: Revision2/Run_UNET_IID_KH32_20260123/Server/best_model_round3.pth
[2026-01-23 18:19:00,552] [INFO] [BEST MODEL] New best at round 3: WT=0.5759
[2026-01-23 18:33:32,044] [INFO] [SERVER DEBUG] aggregate_fit called at round 4
[2026-01-23 18:33:32,045] [INFO] [DEBUG] aggregate_fit received 4 results at round 4
[2026-01-23 18:33:32,045] [INFO] [DEBUG] Decoding client response from 5cfec194d41940c4b7da9a489d111f8e...
[2026-01-23 18:33:32,164] [INFO] [DEBUG] Decoding client response from b115f500bbb547ce8c024af87e7b1658...
[2026-01-23 18:33:32,264] [INFO] [DEBUG] Decoding client response from afce69b344a745b1ac029d447e9c1191...
[2026-01-23 18:33:32,385] [INFO] [DEBUG] Decoding client response from 4052ce458bc64726a638128206414014...
[2026-01-23 18:33:32,516] [INFO] [ENCODE] Starting encode_weights in aggregate_fit...
[2026-01-23 18:33:40,675] [INFO] [ENCODE] Finished encode_weights.
[2026-01-23 18:33:40,863] [INFO] [DEBUG][SERVER] Model expects 148 layers
[2026-01-23 18:33:40,877] [INFO] [DEBUG] Loaded 148 of 148 layers
[2026-01-23 18:33:41,201] [INFO] [DEBUG][SERVER] Model expects 148 layers
[2026-01-23 18:33:41,214] [INFO] [DEBUG] Loaded 148 of 148 layers
[2026-01-23 18:33:41,214] [INFO] [Server] Evaluating at round 4
[2026-01-23 18:33:41,214] [INFO] [SERVER][Round 4] Starting evaluation (mode=KH)...
[2026-01-23 18:33:58,495] [INFO] [Round 4] WT Dice: 0.4399 | Time: 17.28s
[2026-01-23 18:46:23,923] [INFO] [SERVER DEBUG] aggregate_fit called at round 5
[2026-01-23 18:46:23,924] [INFO] [DEBUG] aggregate_fit received 4 results at round 5
[2026-01-23 18:46:23,924] [INFO] [DEBUG] Decoding client response from 5cfec194d41940c4b7da9a489d111f8e...
[2026-01-23 18:46:24,047] [INFO] [DEBUG] Decoding client response from 4052ce458bc64726a638128206414014...
[2026-01-23 18:46:24,163] [INFO] [DEBUG] Decoding client response from afce69b344a745b1ac029d447e9c1191...
[2026-01-23 18:46:24,282] [INFO] [DEBUG] Decoding client response from b115f500bbb547ce8c024af87e7b1658...
[2026-01-23 18:46:24,389] [INFO] [ENCODE] Starting encode_weights in aggregate_fit...
[2026-01-23 18:46:32,853] [INFO] [ENCODE] Finished encode_weights.
[2026-01-23 18:46:33,067] [INFO] [DEBUG][SERVER] Model expects 148 layers
[2026-01-23 18:46:33,084] [INFO] [DEBUG] Loaded 148 of 148 layers
[2026-01-23 18:46:33,410] [INFO] [DEBUG][SERVER] Model expects 148 layers
[2026-01-23 18:46:33,423] [INFO] [DEBUG] Loaded 148 of 148 layers
[2026-01-23 18:46:33,424] [INFO] [Server] Evaluating at round 5
[2026-01-23 18:46:33,424] [INFO] [SERVER][Round 5] Starting evaluation (mode=KH)...
[2026-01-23 18:46:50,924] [INFO] [Round 5] WT Dice: 0.4913 | Time: 17.50s
[2026-01-23 18:59:22,586] [INFO] [SERVER DEBUG] aggregate_fit called at round 6
[2026-01-23 18:59:22,586] [INFO] [DEBUG] aggregate_fit received 4 results at round 6
[2026-01-23 18:59:22,587] [INFO] [DEBUG] Decoding client response from 4052ce458bc64726a638128206414014...
[2026-01-23 18:59:22,703] [INFO] [DEBUG] Decoding client response from 5cfec194d41940c4b7da9a489d111f8e...
[2026-01-23 18:59:22,797] [INFO] [DEBUG] Decoding client response from b115f500bbb547ce8c024af87e7b1658...
[2026-01-23 18:59:22,886] [INFO] [DEBUG] Decoding client response from afce69b344a745b1ac029d447e9c1191...
[2026-01-23 18:59:23,009] [INFO] [ENCODE] Starting encode_weights in aggregate_fit...
[2026-01-23 18:59:31,941] [INFO] [ENCODE] Finished encode_weights.
[2026-01-23 18:59:32,126] [INFO] [DEBUG][SERVER] Model expects 148 layers
[2026-01-23 18:59:32,141] [INFO] [DEBUG] Loaded 148 of 148 layers
[2026-01-23 18:59:32,469] [INFO] [DEBUG][SERVER] Model expects 148 layers
[2026-01-23 18:59:32,483] [INFO] [DEBUG] Loaded 148 of 148 layers
[2026-01-23 18:59:32,483] [INFO] [Server] Evaluating at round 6
[2026-01-23 18:59:32,483] [INFO] [SERVER][Round 6] Starting evaluation (mode=KH)...
[2026-01-23 18:59:50,177] [INFO] [Round 6] WT Dice: 0.3399 | Time: 17.69s
[2026-01-23 19:12:03,606] [INFO] [SERVER DEBUG] aggregate_fit called at round 7
[2026-01-23 19:12:03,607] [INFO] [DEBUG] aggregate_fit received 4 results at round 7
[2026-01-23 19:12:03,607] [INFO] [DEBUG] Decoding client response from b115f500bbb547ce8c024af87e7b1658...
[2026-01-23 19:12:03,785] [INFO] [DEBUG] Decoding client response from 5cfec194d41940c4b7da9a489d111f8e...
[2026-01-23 19:12:03,919] [INFO] [DEBUG] Decoding client response from 4052ce458bc64726a638128206414014...
[2026-01-23 19:12:04,056] [INFO] [DEBUG] Decoding client response from afce69b344a745b1ac029d447e9c1191...
[2026-01-23 19:12:04,213] [INFO] [ENCODE] Starting encode_weights in aggregate_fit...
[2026-01-23 19:12:13,106] [INFO] [ENCODE] Finished encode_weights.
[2026-01-23 19:12:13,283] [INFO] [DEBUG][SERVER] Model expects 148 layers
[2026-01-23 19:12:13,300] [INFO] [DEBUG] Loaded 148 of 148 layers
[2026-01-23 19:12:13,635] [INFO] [DEBUG][SERVER] Model expects 148 layers
[2026-01-23 19:12:13,649] [INFO] [DEBUG] Loaded 148 of 148 layers
[2026-01-23 19:12:13,649] [INFO] [Server] Evaluating at round 7
[2026-01-23 19:12:13,649] [INFO] [SERVER][Round 7] Starting evaluation (mode=KH)...
[2026-01-23 19:12:31,020] [INFO] [Round 7] WT Dice: 0.2769 | Time: 17.37s
[2026-01-23 19:24:55,458] [INFO] [SERVER DEBUG] aggregate_fit called at round 8
[2026-01-23 19:24:55,458] [INFO] [DEBUG] aggregate_fit received 4 results at round 8
[2026-01-23 19:24:55,458] [INFO] [DEBUG] Decoding client response from afce69b344a745b1ac029d447e9c1191...
[2026-01-23 19:24:55,580] [INFO] [DEBUG] Decoding client response from 5cfec194d41940c4b7da9a489d111f8e...
[2026-01-23 19:24:55,677] [INFO] [DEBUG] Decoding client response from 4052ce458bc64726a638128206414014...
[2026-01-23 19:24:55,776] [INFO] [DEBUG] Decoding client response from b115f500bbb547ce8c024af87e7b1658...
[2026-01-23 19:24:55,888] [INFO] [ENCODE] Starting encode_weights in aggregate_fit...
[2026-01-23 19:25:04,640] [INFO] [ENCODE] Finished encode_weights.
[2026-01-23 19:25:04,825] [INFO] [DEBUG][SERVER] Model expects 148 layers
[2026-01-23 19:25:04,841] [INFO] [DEBUG] Loaded 148 of 148 layers
[2026-01-23 19:25:05,186] [INFO] [DEBUG][SERVER] Model expects 148 layers
[2026-01-23 19:25:05,199] [INFO] [DEBUG] Loaded 148 of 148 layers
[2026-01-23 19:25:05,200] [INFO] [Server] Evaluating at round 8
[2026-01-23 19:25:05,200] [INFO] [SERVER][Round 8] Starting evaluation (mode=KH)...
[2026-01-23 19:25:22,979] [INFO] [Round 8] WT Dice: 0.3025 | Time: 17.78s
[2026-01-23 19:39:26,735] [INFO] [SERVER DEBUG] aggregate_fit called at round 9
[2026-01-23 19:39:26,735] [INFO] [DEBUG] aggregate_fit received 4 results at round 9
[2026-01-23 19:39:26,736] [INFO] [DEBUG] Decoding client response from afce69b344a745b1ac029d447e9c1191...
[2026-01-23 19:39:26,923] [INFO] [DEBUG] Decoding client response from 4052ce458bc64726a638128206414014...
[2026-01-23 19:39:27,027] [INFO] [DEBUG] Decoding client response from 5cfec194d41940c4b7da9a489d111f8e...
[2026-01-23 19:39:27,135] [INFO] [DEBUG] Decoding client response from b115f500bbb547ce8c024af87e7b1658...
[2026-01-23 19:39:27,258] [INFO] [ENCODE] Starting encode_weights in aggregate_fit...
[2026-01-23 19:39:36,223] [INFO] [ENCODE] Finished encode_weights.
[2026-01-23 19:39:36,402] [INFO] [DEBUG][SERVER] Model expects 148 layers
[2026-01-23 19:39:36,424] [INFO] [DEBUG] Loaded 148 of 148 layers
[2026-01-23 19:39:36,772] [INFO] [DEBUG][SERVER] Model expects 148 layers
[2026-01-23 19:39:36,790] [INFO] [DEBUG] Loaded 148 of 148 layers
[2026-01-23 19:39:36,790] [INFO] [Server] Evaluating at round 9
[2026-01-23 19:39:36,791] [INFO] [SERVER][Round 9] Starting evaluation (mode=KH)...
[2026-01-23 19:39:54,243] [INFO] [Round 9] WT Dice: 0.4294 | Time: 17.45s
[2026-01-23 19:51:33,415] [INFO] [SERVER DEBUG] aggregate_fit called at round 10
[2026-01-23 19:51:33,416] [INFO] [DEBUG] aggregate_fit received 4 results at round 10
[2026-01-23 19:51:33,416] [INFO] [DEBUG] Decoding client response from afce69b344a745b1ac029d447e9c1191...
[2026-01-23 19:51:33,571] [INFO] [DEBUG] Decoding client response from 4052ce458bc64726a638128206414014...
[2026-01-23 19:51:33,719] [INFO] [DEBUG] Decoding client response from b115f500bbb547ce8c024af87e7b1658...
[2026-01-23 19:51:33,850] [INFO] [DEBUG] Decoding client response from 5cfec194d41940c4b7da9a489d111f8e...
[2026-01-23 19:51:33,987] [INFO] [ENCODE] Starting encode_weights in aggregate_fit...
[2026-01-23 19:51:43,019] [INFO] [ENCODE] Finished encode_weights.
[2026-01-23 19:51:43,198] [INFO] [DEBUG][SERVER] Model expects 148 layers
[2026-01-23 19:51:43,220] [INFO] [DEBUG] Loaded 148 of 148 layers
[2026-01-23 19:51:43,576] [INFO] [DEBUG][SERVER] Model expects 148 layers
[2026-01-23 19:51:43,594] [INFO] [DEBUG] Loaded 148 of 148 layers
[2026-01-23 19:51:43,594] [INFO] [Server] Evaluating at round 10
[2026-01-23 19:51:43,595] [INFO] [SERVER][Round 10] Starting evaluation (mode=KH)...
[2026-01-23 19:52:01,148] [INFO] [Round 10] WT Dice: 0.4678 | Time: 17.55s
[2026-01-23 20:04:51,450] [INFO] [SERVER DEBUG] aggregate_fit called at round 11
[2026-01-23 20:04:51,451] [INFO] [DEBUG] aggregate_fit received 4 results at round 11
[2026-01-23 20:04:51,451] [INFO] [DEBUG] Decoding client response from 4052ce458bc64726a638128206414014...
[2026-01-23 20:04:51,580] [INFO] [DEBUG] Decoding client response from b115f500bbb547ce8c024af87e7b1658...
[2026-01-23 20:04:51,687] [INFO] [DEBUG] Decoding client response from 5cfec194d41940c4b7da9a489d111f8e...
[2026-01-23 20:04:51,784] [INFO] [DEBUG] Decoding client response from afce69b344a745b1ac029d447e9c1191...
[2026-01-23 20:04:51,902] [INFO] [ENCODE] Starting encode_weights in aggregate_fit...
[2026-01-23 20:05:00,265] [INFO] [ENCODE] Finished encode_weights.
[2026-01-23 20:05:00,458] [INFO] [DEBUG][SERVER] Model expects 148 layers
[2026-01-23 20:05:00,478] [INFO] [DEBUG] Loaded 148 of 148 layers
[2026-01-23 20:05:00,798] [INFO] [DEBUG][SERVER] Model expects 148 layers
[2026-01-23 20:05:00,812] [INFO] [DEBUG] Loaded 148 of 148 layers
[2026-01-23 20:05:00,813] [INFO] [Server] Evaluating at round 11
[2026-01-23 20:05:00,813] [INFO] [SERVER][Round 11] Starting evaluation (mode=KH)...
[2026-01-23 20:05:18,738] [INFO] [Round 11] WT Dice: 0.5093 | Time: 17.93s
[2026-01-23 20:18:59,860] [INFO] [SERVER DEBUG] aggregate_fit called at round 12
[2026-01-23 20:18:59,861] [INFO] [DEBUG] aggregate_fit received 4 results at round 12
[2026-01-23 20:18:59,861] [INFO] [DEBUG] Decoding client response from 4052ce458bc64726a638128206414014...
[2026-01-23 20:18:59,977] [INFO] [DEBUG] Decoding client response from b115f500bbb547ce8c024af87e7b1658...
[2026-01-23 20:19:00,077] [INFO] [DEBUG] Decoding client response from 5cfec194d41940c4b7da9a489d111f8e...
[2026-01-23 20:19:00,178] [INFO] [DEBUG] Decoding client response from afce69b344a745b1ac029d447e9c1191...
[2026-01-23 20:19:00,395] [INFO] [ENCODE] Starting encode_weights in aggregate_fit...
[2026-01-23 20:19:09,039] [INFO] [ENCODE] Finished encode_weights.
[2026-01-23 20:19:09,226] [INFO] [DEBUG][SERVER] Model expects 148 layers
[2026-01-23 20:19:09,246] [INFO] [DEBUG] Loaded 148 of 148 layers
[2026-01-23 20:19:09,615] [INFO] [DEBUG][SERVER] Model expects 148 layers
[2026-01-23 20:19:09,633] [INFO] [DEBUG] Loaded 148 of 148 layers
[2026-01-23 20:19:09,634] [INFO] [Server] Evaluating at round 12
[2026-01-23 20:19:09,634] [INFO] [SERVER][Round 12] Starting evaluation (mode=KH)...
[2026-01-23 20:19:27,132] [INFO] [Round 12] WT Dice: 0.5638 | Time: 17.50s
[2026-01-23 20:31:41,572] [INFO] [SERVER DEBUG] aggregate_fit called at round 13
[2026-01-23 20:31:41,572] [INFO] [DEBUG] aggregate_fit received 4 results at round 13
[2026-01-23 20:31:41,572] [INFO] [DEBUG] Decoding client response from b115f500bbb547ce8c024af87e7b1658...
[2026-01-23 20:31:41,686] [INFO] [DEBUG] Decoding client response from 5cfec194d41940c4b7da9a489d111f8e...
[2026-01-23 20:31:41,783] [INFO] [DEBUG] Decoding client response from afce69b344a745b1ac029d447e9c1191...
[2026-01-23 20:31:41,883] [INFO] [DEBUG] Decoding client response from 4052ce458bc64726a638128206414014...
[2026-01-23 20:31:41,993] [INFO] [ENCODE] Starting encode_weights in aggregate_fit...
[2026-01-23 20:31:50,074] [INFO] [ENCODE] Finished encode_weights.
[2026-01-23 20:31:50,253] [INFO] [DEBUG][SERVER] Model expects 148 layers
[2026-01-23 20:31:50,266] [INFO] [DEBUG] Loaded 148 of 148 layers
[2026-01-23 20:31:50,604] [INFO] [DEBUG][SERVER] Model expects 148 layers
[2026-01-23 20:31:50,615] [INFO] [DEBUG] Loaded 148 of 148 layers
[2026-01-23 20:31:50,616] [INFO] [Server] Evaluating at round 13
[2026-01-23 20:31:50,616] [INFO] [SERVER][Round 13] Starting evaluation (mode=KH)...
[2026-01-23 20:32:08,019] [INFO] [Round 13] WT Dice: 0.8671 | Time: 17.40s
[2026-01-23 20:32:08,129] [INFO] [BEST MODEL] Saved: Revision2/Run_UNET_IID_KH32_20260123/Server/best_model.pth
[2026-01-23 20:32:08,221] [INFO] [BEST MODEL] Saved: Revision2/Run_UNET_IID_KH32_20260123/Server/best_model_round13.pth
[2026-01-23 20:32:08,222] [INFO] [BEST MODEL] New best at round 13: WT=0.8671
[2026-01-23 20:44:01,535] [INFO] [SERVER DEBUG] aggregate_fit called at round 14
[2026-01-23 20:44:01,535] [INFO] [DEBUG] aggregate_fit received 4 results at round 14
[2026-01-23 20:44:01,535] [INFO] [DEBUG] Decoding client response from 5cfec194d41940c4b7da9a489d111f8e...
[2026-01-23 20:44:01,704] [INFO] [DEBUG] Decoding client response from afce69b344a745b1ac029d447e9c1191...
[2026-01-23 20:44:01,804] [INFO] [DEBUG] Decoding client response from 4052ce458bc64726a638128206414014...
[2026-01-23 20:44:01,897] [INFO] [DEBUG] Decoding client response from b115f500bbb547ce8c024af87e7b1658...
[2026-01-23 20:44:01,998] [INFO] [ENCODE] Starting encode_weights in aggregate_fit...
[2026-01-23 20:44:10,494] [INFO] [ENCODE] Finished encode_weights.
[2026-01-23 20:44:10,688] [INFO] [DEBUG][SERVER] Model expects 148 layers
[2026-01-23 20:44:10,707] [INFO] [DEBUG] Loaded 148 of 148 layers
[2026-01-23 20:44:11,028] [INFO] [DEBUG][SERVER] Model expects 148 layers
[2026-01-23 20:44:11,046] [INFO] [DEBUG] Loaded 148 of 148 layers
[2026-01-23 20:44:11,046] [INFO] [Server] Evaluating at round 14
[2026-01-23 20:44:11,046] [INFO] [SERVER][Round 14] Starting evaluation (mode=KH)...
[2026-01-23 20:44:28,455] [INFO] [Round 14] WT Dice: 0.9067 | Time: 17.41s
[2026-01-23 20:44:28,556] [INFO] [BEST MODEL] Saved: Revision2/Run_UNET_IID_KH32_20260123/Server/best_model.pth
[2026-01-23 20:44:28,626] [INFO] [BEST MODEL] Saved: Revision2/Run_UNET_IID_KH32_20260123/Server/best_model_round14.pth
[2026-01-23 20:44:28,626] [INFO] [BEST MODEL] New best at round 14: WT=0.9067
[2026-01-23 20:56:48,766] [INFO] [SERVER DEBUG] aggregate_fit called at round 15
[2026-01-23 20:56:48,767] [INFO] [DEBUG] aggregate_fit received 4 results at round 15
[2026-01-23 20:56:48,767] [INFO] [DEBUG] Decoding client response from 4052ce458bc64726a638128206414014...
[2026-01-23 20:56:48,885] [INFO] [DEBUG] Decoding client response from 5cfec194d41940c4b7da9a489d111f8e...
[2026-01-23 20:56:48,983] [INFO] [DEBUG] Decoding client response from b115f500bbb547ce8c024af87e7b1658...
[2026-01-23 20:56:49,078] [INFO] [DEBUG] Decoding client response from afce69b344a745b1ac029d447e9c1191...
[2026-01-23 20:56:49,188] [INFO] [ENCODE] Starting encode_weights in aggregate_fit...
[2026-01-23 20:56:58,066] [INFO] [ENCODE] Finished encode_weights.
[2026-01-23 20:56:58,236] [INFO] [DEBUG][SERVER] Model expects 148 layers
[2026-01-23 20:56:58,254] [INFO] [DEBUG] Loaded 148 of 148 layers
[2026-01-23 20:56:58,679] [INFO] [DEBUG][SERVER] Model expects 148 layers
[2026-01-23 20:56:58,698] [INFO] [DEBUG] Loaded 148 of 148 layers
[2026-01-23 20:56:58,698] [INFO] [Server] Evaluating at round 15
[2026-01-23 20:56:58,699] [INFO] [SERVER][Round 15] Starting evaluation (mode=KH)...
[2026-01-23 20:57:16,252] [INFO] [Round 15] WT Dice: 0.9290 | Time: 17.55s
[2026-01-23 20:57:16,337] [INFO] [BEST MODEL] Saved: Revision2/Run_UNET_IID_KH32_20260123/Server/best_model.pth
[2026-01-23 20:57:16,418] [INFO] [BEST MODEL] Saved: Revision2/Run_UNET_IID_KH32_20260123/Server/best_model_round15.pth
[2026-01-23 20:57:16,418] [INFO] [BEST MODEL] New best at round 15: WT=0.9290
[2026-01-23 21:09:09,778] [INFO] [SERVER DEBUG] aggregate_fit called at round 16
[2026-01-23 21:09:09,779] [INFO] [DEBUG] aggregate_fit received 4 results at round 16
[2026-01-23 21:09:09,779] [INFO] [DEBUG] Decoding client response from 4052ce458bc64726a638128206414014...
[2026-01-23 21:09:09,898] [INFO] [DEBUG] Decoding client response from afce69b344a745b1ac029d447e9c1191...
[2026-01-23 21:09:10,054] [INFO] [DEBUG] Decoding client response from b115f500bbb547ce8c024af87e7b1658...
[2026-01-23 21:09:10,150] [INFO] [DEBUG] Decoding client response from 5cfec194d41940c4b7da9a489d111f8e...
[2026-01-23 21:09:10,272] [INFO] [ENCODE] Starting encode_weights in aggregate_fit...
[2026-01-23 21:09:18,873] [INFO] [ENCODE] Finished encode_weights.
[2026-01-23 21:09:19,063] [INFO] [DEBUG][SERVER] Model expects 148 layers
[2026-01-23 21:09:19,084] [INFO] [DEBUG] Loaded 148 of 148 layers
[2026-01-23 21:09:19,441] [INFO] [DEBUG][SERVER] Model expects 148 layers
[2026-01-23 21:09:19,460] [INFO] [DEBUG] Loaded 148 of 148 layers
[2026-01-23 21:09:19,460] [INFO] [Server] Evaluating at round 16
[2026-01-23 21:09:19,460] [INFO] [SERVER][Round 16] Starting evaluation (mode=KH)...
[2026-01-23 21:09:36,860] [INFO] [Round 16] WT Dice: 0.9793 | Time: 17.40s
[2026-01-23 21:09:36,967] [INFO] [BEST MODEL] Saved: Revision2/Run_UNET_IID_KH32_20260123/Server/best_model.pth
[2026-01-23 21:09:37,042] [INFO] [BEST MODEL] Saved: Revision2/Run_UNET_IID_KH32_20260123/Server/best_model_round16.pth
[2026-01-23 21:09:37,042] [INFO] [BEST MODEL] New best at round 16: WT=0.9793
[2026-01-23 21:22:12,644] [INFO] [SERVER DEBUG] aggregate_fit called at round 17
[2026-01-23 21:22:12,644] [INFO] [DEBUG] aggregate_fit received 4 results at round 17
[2026-01-23 21:22:12,644] [INFO] [DEBUG] Decoding client response from afce69b344a745b1ac029d447e9c1191...
[2026-01-23 21:22:12,765] [INFO] [DEBUG] Decoding client response from 4052ce458bc64726a638128206414014...
[2026-01-23 21:22:12,887] [INFO] [DEBUG] Decoding client response from b115f500bbb547ce8c024af87e7b1658...
[2026-01-23 21:22:12,988] [INFO] [DEBUG] Decoding client response from 5cfec194d41940c4b7da9a489d111f8e...
[2026-01-23 21:22:13,094] [INFO] [ENCODE] Starting encode_weights in aggregate_fit...
[2026-01-23 21:22:21,425] [INFO] [ENCODE] Finished encode_weights.
[2026-01-23 21:22:21,624] [INFO] [DEBUG][SERVER] Model expects 148 layers
[2026-01-23 21:22:21,645] [INFO] [DEBUG] Loaded 148 of 148 layers
[2026-01-23 21:22:21,986] [INFO] [DEBUG][SERVER] Model expects 148 layers
[2026-01-23 21:22:22,005] [INFO] [DEBUG] Loaded 148 of 148 layers
[2026-01-23 21:22:22,005] [INFO] [Server] Evaluating at round 17
[2026-01-23 21:22:22,005] [INFO] [SERVER][Round 17] Starting evaluation (mode=KH)...
[2026-01-23 21:22:39,478] [INFO] [Round 17] WT Dice: 0.9832 | Time: 17.47s
[2026-01-23 21:22:39,579] [INFO] [BEST MODEL] Saved: Revision2/Run_UNET_IID_KH32_20260123/Server/best_model.pth
[2026-01-23 21:22:39,661] [INFO] [BEST MODEL] Saved: Revision2/Run_UNET_IID_KH32_20260123/Server/best_model_round17.pth
[2026-01-23 21:22:39,661] [INFO] [BEST MODEL] New best at round 17: WT=0.9832
[2026-01-23 21:35:40,430] [INFO] [SERVER DEBUG] aggregate_fit called at round 18
[2026-01-23 21:35:40,430] [INFO] [DEBUG] aggregate_fit received 4 results at round 18
[2026-01-23 21:35:40,430] [INFO] [DEBUG] Decoding client response from b115f500bbb547ce8c024af87e7b1658...
[2026-01-23 21:35:40,538] [INFO] [DEBUG] Decoding client response from 4052ce458bc64726a638128206414014...
[2026-01-23 21:35:40,637] [INFO] [DEBUG] Decoding client response from afce69b344a745b1ac029d447e9c1191...
[2026-01-23 21:35:40,745] [INFO] [DEBUG] Decoding client response from 5cfec194d41940c4b7da9a489d111f8e...
[2026-01-23 21:35:40,851] [INFO] [ENCODE] Starting encode_weights in aggregate_fit...
[2026-01-23 21:35:49,147] [INFO] [ENCODE] Finished encode_weights.
[2026-01-23 21:35:49,329] [INFO] [DEBUG][SERVER] Model expects 148 layers
[2026-01-23 21:35:49,350] [INFO] [DEBUG] Loaded 148 of 148 layers
[2026-01-23 21:35:49,733] [INFO] [DEBUG][SERVER] Model expects 148 layers
[2026-01-23 21:35:49,746] [INFO] [DEBUG] Loaded 148 of 148 layers
[2026-01-23 21:35:49,746] [INFO] [Server] Evaluating at round 18
[2026-01-23 21:35:49,746] [INFO] [SERVER][Round 18] Starting evaluation (mode=KH)...
[2026-01-23 21:36:07,146] [INFO] [Round 18] WT Dice: 0.9834 | Time: 17.40s
[2026-01-23 21:36:07,240] [INFO] [BEST MODEL] Saved: Revision2/Run_UNET_IID_KH32_20260123/Server/best_model.pth
[2026-01-23 21:36:07,330] [INFO] [BEST MODEL] Saved: Revision2/Run_UNET_IID_KH32_20260123/Server/best_model_round18.pth
[2026-01-23 21:36:07,330] [INFO] [BEST MODEL] New best at round 18: WT=0.9834
[2026-01-23 21:48:47,101] [INFO] [SERVER DEBUG] aggregate_fit called at round 19
[2026-01-23 21:48:47,102] [INFO] [DEBUG] aggregate_fit received 4 results at round 19
[2026-01-23 21:48:47,102] [INFO] [DEBUG] Decoding client response from afce69b344a745b1ac029d447e9c1191...
[2026-01-23 21:48:47,220] [INFO] [DEBUG] Decoding client response from 4052ce458bc64726a638128206414014...
[2026-01-23 21:48:47,314] [INFO] [DEBUG] Decoding client response from 5cfec194d41940c4b7da9a489d111f8e...
[2026-01-23 21:48:47,414] [INFO] [DEBUG] Decoding client response from b115f500bbb547ce8c024af87e7b1658...
[2026-01-23 21:48:47,519] [INFO] [ENCODE] Starting encode_weights in aggregate_fit...
[2026-01-23 21:48:55,741] [INFO] [ENCODE] Finished encode_weights.
[2026-01-23 21:48:55,933] [INFO] [DEBUG][SERVER] Model expects 148 layers
[2026-01-23 21:48:55,953] [INFO] [DEBUG] Loaded 148 of 148 layers
[2026-01-23 21:48:56,261] [INFO] [DEBUG][SERVER] Model expects 148 layers
[2026-01-23 21:48:56,279] [INFO] [DEBUG] Loaded 148 of 148 layers
[2026-01-23 21:48:56,279] [INFO] [Server] Evaluating at round 19
[2026-01-23 21:48:56,279] [INFO] [SERVER][Round 19] Starting evaluation (mode=KH)...
[2026-01-23 21:49:13,811] [INFO] [Round 19] WT Dice: 0.9834 | Time: 17.53s
[2026-01-23 22:02:51,273] [INFO] [SERVER DEBUG] aggregate_fit called at round 20
[2026-01-23 22:02:51,274] [INFO] [DEBUG] aggregate_fit received 4 results at round 20
[2026-01-23 22:02:51,274] [INFO] [DEBUG] Decoding client response from b115f500bbb547ce8c024af87e7b1658...
[2026-01-23 22:02:51,424] [INFO] [DEBUG] Decoding client response from 5cfec194d41940c4b7da9a489d111f8e...
[2026-01-23 22:02:51,563] [INFO] [DEBUG] Decoding client response from afce69b344a745b1ac029d447e9c1191...
[2026-01-23 22:02:51,708] [INFO] [DEBUG] Decoding client response from 4052ce458bc64726a638128206414014...
[2026-01-23 22:02:51,864] [INFO] [ENCODE] Starting encode_weights in aggregate_fit...
[2026-01-23 22:03:00,596] [INFO] [ENCODE] Finished encode_weights.
[2026-01-23 22:03:00,787] [INFO] [DEBUG][SERVER] Model expects 148 layers
[2026-01-23 22:03:00,805] [INFO] [DEBUG] Loaded 148 of 148 layers
[2026-01-23 22:03:01,129] [INFO] [DEBUG][SERVER] Model expects 148 layers
[2026-01-23 22:03:01,149] [INFO] [DEBUG] Loaded 148 of 148 layers
[2026-01-23 22:03:01,149] [INFO] [Server] Evaluating at round 20
[2026-01-23 22:03:01,149] [INFO] [SERVER][Round 20] Starting evaluation (mode=KH)...
[2026-01-23 22:03:18,458] [INFO] [Round 20] WT Dice: 0.9846 | Time: 17.31s
[2026-01-23 22:03:18,555] [INFO] [BEST MODEL] Saved: Revision2/Run_UNET_IID_KH32_20260123/Server/best_model.pth
[2026-01-23 22:03:18,631] [INFO] [BEST MODEL] Saved: Revision2/Run_UNET_IID_KH32_20260123/Server/best_model_round20.pth
[2026-01-23 22:03:18,631] [INFO] [BEST MODEL] New best at round 20: WT=0.9846
[2026-01-23 22:15:19,396] [INFO] [SERVER DEBUG] aggregate_fit called at round 21
[2026-01-23 22:15:19,397] [INFO] [DEBUG] aggregate_fit received 4 results at round 21
[2026-01-23 22:15:19,397] [INFO] [DEBUG] Decoding client response from 4052ce458bc64726a638128206414014...
[2026-01-23 22:15:19,536] [INFO] [DEBUG] Decoding client response from b115f500bbb547ce8c024af87e7b1658...
[2026-01-23 22:15:19,635] [INFO] [DEBUG] Decoding client response from 5cfec194d41940c4b7da9a489d111f8e...
[2026-01-23 22:15:19,756] [INFO] [DEBUG] Decoding client response from afce69b344a745b1ac029d447e9c1191...
[2026-01-23 22:15:19,866] [INFO] [ENCODE] Starting encode_weights in aggregate_fit...
[2026-01-23 22:15:28,215] [INFO] [ENCODE] Finished encode_weights.
[2026-01-23 22:15:28,417] [INFO] [DEBUG][SERVER] Model expects 148 layers
[2026-01-23 22:15:28,429] [INFO] [DEBUG] Loaded 148 of 148 layers
[2026-01-23 22:15:28,760] [INFO] [DEBUG][SERVER] Model expects 148 layers
[2026-01-23 22:15:28,779] [INFO] [DEBUG] Loaded 148 of 148 layers
[2026-01-23 22:15:28,780] [INFO] [Server] Evaluating at round 21
[2026-01-23 22:15:28,780] [INFO] [SERVER][Round 21] Starting evaluation (mode=KH)...
[2026-01-23 22:15:46,215] [INFO] [Round 21] WT Dice: 0.9850 | Time: 17.44s
[2026-01-23 22:15:46,312] [INFO] [BEST MODEL] Saved: Revision2/Run_UNET_IID_KH32_20260123/Server/best_model.pth
[2026-01-23 22:15:46,390] [INFO] [BEST MODEL] Saved: Revision2/Run_UNET_IID_KH32_20260123/Server/best_model_round21.pth
[2026-01-23 22:15:46,390] [INFO] [BEST MODEL] New best at round 21: WT=0.9850
[2026-01-23 22:29:26,883] [INFO] [SERVER DEBUG] aggregate_fit called at round 22
[2026-01-23 22:29:26,884] [INFO] [DEBUG] aggregate_fit received 4 results at round 22
[2026-01-23 22:29:26,884] [INFO] [DEBUG] Decoding client response from afce69b344a745b1ac029d447e9c1191...
[2026-01-23 22:29:27,008] [INFO] [DEBUG] Decoding client response from 4052ce458bc64726a638128206414014...
[2026-01-23 22:29:27,105] [INFO] [DEBUG] Decoding client response from 5cfec194d41940c4b7da9a489d111f8e...
[2026-01-23 22:29:27,198] [INFO] [DEBUG] Decoding client response from b115f500bbb547ce8c024af87e7b1658...
[2026-01-23 22:29:27,320] [INFO] [ENCODE] Starting encode_weights in aggregate_fit...
[2026-01-23 22:29:35,630] [INFO] [ENCODE] Finished encode_weights.
[2026-01-23 22:29:35,810] [INFO] [DEBUG][SERVER] Model expects 148 layers
[2026-01-23 22:29:35,829] [INFO] [DEBUG] Loaded 148 of 148 layers
[2026-01-23 22:29:36,168] [INFO] [DEBUG][SERVER] Model expects 148 layers
[2026-01-23 22:29:36,187] [INFO] [DEBUG] Loaded 148 of 148 layers
[2026-01-23 22:29:36,187] [INFO] [Server] Evaluating at round 22
[2026-01-23 22:29:36,187] [INFO] [SERVER][Round 22] Starting evaluation (mode=KH)...
[2026-01-23 22:29:53,391] [INFO] [Round 22] WT Dice: 0.9828 | Time: 17.20s
[2026-01-23 22:43:20,506] [INFO] [SERVER DEBUG] aggregate_fit called at round 23
[2026-01-23 22:43:20,507] [INFO] [DEBUG] aggregate_fit received 4 results at round 23
[2026-01-23 22:43:20,507] [INFO] [DEBUG] Decoding client response from 4052ce458bc64726a638128206414014...
[2026-01-23 22:43:20,624] [INFO] [DEBUG] Decoding client response from afce69b344a745b1ac029d447e9c1191...
[2026-01-23 22:43:20,738] [INFO] [DEBUG] Decoding client response from b115f500bbb547ce8c024af87e7b1658...
[2026-01-23 22:43:20,832] [INFO] [DEBUG] Decoding client response from 5cfec194d41940c4b7da9a489d111f8e...
[2026-01-23 22:43:20,950] [INFO] [ENCODE] Starting encode_weights in aggregate_fit...
[2026-01-23 22:43:29,043] [INFO] [ENCODE] Finished encode_weights.
[2026-01-23 22:43:29,215] [INFO] [DEBUG][SERVER] Model expects 148 layers
[2026-01-23 22:43:29,234] [INFO] [DEBUG] Loaded 148 of 148 layers
[2026-01-23 22:43:29,553] [INFO] [DEBUG][SERVER] Model expects 148 layers
[2026-01-23 22:43:29,570] [INFO] [DEBUG] Loaded 148 of 148 layers
[2026-01-23 22:43:29,571] [INFO] [Server] Evaluating at round 23
[2026-01-23 22:43:29,571] [INFO] [SERVER][Round 23] Starting evaluation (mode=KH)...
[2026-01-23 22:43:47,143] [INFO] [Round 23] WT Dice: 0.9840 | Time: 17.57s
[2026-01-23 22:57:06,026] [INFO] [SERVER DEBUG] aggregate_fit called at round 24
[2026-01-23 22:57:06,027] [INFO] [DEBUG] aggregate_fit received 4 results at round 24
[2026-01-23 22:57:06,027] [INFO] [DEBUG] Decoding client response from 5cfec194d41940c4b7da9a489d111f8e...
[2026-01-23 22:57:06,178] [INFO] [DEBUG] Decoding client response from 4052ce458bc64726a638128206414014...
[2026-01-23 22:57:06,301] [INFO] [DEBUG] Decoding client response from afce69b344a745b1ac029d447e9c1191...
[2026-01-23 22:57:06,479] [INFO] [DEBUG] Decoding client response from b115f500bbb547ce8c024af87e7b1658...
[2026-01-23 22:57:06,648] [INFO] [ENCODE] Starting encode_weights in aggregate_fit...
[2026-01-23 22:57:15,797] [INFO] [ENCODE] Finished encode_weights.
[2026-01-23 22:57:15,996] [INFO] [DEBUG][SERVER] Model expects 148 layers
[2026-01-23 22:57:16,013] [INFO] [DEBUG] Loaded 148 of 148 layers
[2026-01-23 22:57:16,343] [INFO] [DEBUG][SERVER] Model expects 148 layers
[2026-01-23 22:57:16,363] [INFO] [DEBUG] Loaded 148 of 148 layers
[2026-01-23 22:57:16,363] [INFO] [Server] Evaluating at round 24
[2026-01-23 22:57:16,363] [INFO] [SERVER][Round 24] Starting evaluation (mode=KH)...
[2026-01-23 22:57:34,005] [INFO] [Round 24] WT Dice: 0.9839 | Time: 17.64s
[2026-01-23 23:09:50,168] [INFO] [SERVER DEBUG] aggregate_fit called at round 25
[2026-01-23 23:09:50,168] [INFO] [DEBUG] aggregate_fit received 4 results at round 25
[2026-01-23 23:09:50,168] [INFO] [DEBUG] Decoding client response from 4052ce458bc64726a638128206414014...
[2026-01-23 23:09:50,326] [INFO] [DEBUG] Decoding client response from b115f500bbb547ce8c024af87e7b1658...
[2026-01-23 23:09:50,476] [INFO] [DEBUG] Decoding client response from afce69b344a745b1ac029d447e9c1191...
[2026-01-23 23:09:50,624] [INFO] [DEBUG] Decoding client response from 5cfec194d41940c4b7da9a489d111f8e...
[2026-01-23 23:09:50,779] [INFO] [ENCODE] Starting encode_weights in aggregate_fit...
[2026-01-23 23:09:59,656] [INFO] [ENCODE] Finished encode_weights.
[2026-01-23 23:09:59,836] [INFO] [DEBUG][SERVER] Model expects 148 layers
[2026-01-23 23:09:59,855] [INFO] [DEBUG] Loaded 148 of 148 layers
[2026-01-23 23:10:00,194] [INFO] [DEBUG][SERVER] Model expects 148 layers
[2026-01-23 23:10:00,212] [INFO] [DEBUG] Loaded 148 of 148 layers
[2026-01-23 23:10:00,213] [INFO] [Server] Evaluating at round 25
[2026-01-23 23:10:00,213] [INFO] [SERVER][Round 25] Starting evaluation (mode=KH)...
[2026-01-23 23:10:17,620] [INFO] [Round 25] WT Dice: 0.9836 | Time: 17.41s
