[2026-01-24 16:17:59,598] [INFO] [SERVER INIT] EXPERIMENT_DIR=Revision2/Run_UNET_IID_SKHC32S60_20260124, LOG=Revision2/Run_UNET_IID_SKHC32S60_20260124/Server/ServerReport20260124.log
[2026-01-24 16:17:59,600] [INFO] [ENV] SERVER_ADDRESS=127.0.0.1, SERVER_PORT=8089, DATA_PATH=/home/jovyan/FeTS2022/MICCAI_FeTS2022_TrainingData, ENCODING_MODE=SKH, N_CLUSTERS=32
[2026-01-24 16:17:59,712] [INFO] [DATA] Server test set loaded with 67 samples.
[2026-01-24 16:18:00,018] [INFO] [MODEL INIT] UNet with 148 layers initialized on cuda
[2026-01-24 16:18:00,061] [INFO] [STRATEGY INIT] mode=SKH, UsedClusters=32 (EnvNClusters=32), experiment_dir=Revision2/Run_UNET_IID_SKHC32S60_20260124 | BestMetricKey=WT
[2026-01-24 16:18:00,061] [INFO] [SERVER START] Address=127.0.0.1:8089, Rounds=25, Mode=SKH, NClusters=32
[2026-01-24 16:18:00,098] [INFO] [DEBUG][SERVER] Model expects 148 layers
[2026-01-24 16:18:00,114] [INFO] [DEBUG] Loaded 148 of 148 layers
[2026-01-24 16:18:00,114] [INFO] [Server] Evaluating at round 0
[2026-01-24 16:18:00,114] [INFO] [SERVER][Round 0] Starting evaluation (mode=SKH)...
[2026-01-24 16:18:21,900] [INFO] [Round 0] WT Dice: 0.1107 | Time: 21.79s
[2026-01-24 16:18:21,978] [INFO] [BEST MODEL] Saved: Revision2/Run_UNET_IID_SKHC32S60_20260124/Server/best_model.pth
[2026-01-24 16:18:22,043] [INFO] [BEST MODEL] Saved: Revision2/Run_UNET_IID_SKHC32S60_20260124/Server/best_model_round0.pth
[2026-01-24 16:18:22,043] [INFO] [BEST MODEL] New best at round 0: WT=0.1107
[2026-01-24 16:31:06,436] [INFO] [SERVER DEBUG] aggregate_fit called at round 1
[2026-01-24 16:31:06,437] [INFO] [DEBUG] aggregate_fit received 4 results at round 1
[2026-01-24 16:31:06,437] [INFO] [DEBUG] Decoding client response from e5135f8825be4f91aaed769de6c5c6ef...
[2026-01-24 16:31:06,996] [INFO] [DEBUG] Decoding client response from 3a2e0c53790e4278a3ae5021241f73fb...
[2026-01-24 16:31:07,181] [INFO] [DEBUG] Decoding client response from 9d02ecb9d4b240519ed12a855820ed45...
[2026-01-24 16:31:07,342] [INFO] [DEBUG] Decoding client response from fcfee1b9f6c747488ec8cb7d69da3604...
[2026-01-24 16:31:07,433] [INFO] [ENCODE] Starting encode_weights in aggregate_fit...
[2026-01-24 16:31:17,331] [INFO] [ENCODE] Finished encode_weights.
[2026-01-24 16:31:17,532] [INFO] [DEBUG][SERVER] Model expects 148 layers
[2026-01-24 16:31:17,553] [INFO] [DEBUG] Loaded 148 of 148 layers
[2026-01-24 16:31:17,891] [INFO] [DEBUG][SERVER] Model expects 148 layers
[2026-01-24 16:31:17,904] [INFO] [DEBUG] Loaded 148 of 148 layers
[2026-01-24 16:31:17,904] [INFO] [Server] Evaluating at round 1
[2026-01-24 16:31:17,904] [INFO] [SERVER][Round 1] Starting evaluation (mode=SKH)...
[2026-01-24 16:31:35,329] [INFO] [Round 1] WT Dice: 0.2993 | Time: 17.42s
[2026-01-24 16:31:35,415] [INFO] [BEST MODEL] Saved: Revision2/Run_UNET_IID_SKHC32S60_20260124/Server/best_model.pth
[2026-01-24 16:31:35,482] [INFO] [BEST MODEL] Saved: Revision2/Run_UNET_IID_SKHC32S60_20260124/Server/best_model_round1.pth
[2026-01-24 16:31:35,482] [INFO] [BEST MODEL] New best at round 1: WT=0.2993
[2026-01-24 16:44:08,397] [INFO] [SERVER DEBUG] aggregate_fit called at round 2
[2026-01-24 16:44:08,397] [INFO] [DEBUG] aggregate_fit received 4 results at round 2
[2026-01-24 16:44:08,397] [INFO] [DEBUG] Decoding client response from 3a2e0c53790e4278a3ae5021241f73fb...
[2026-01-24 16:44:08,526] [INFO] [DEBUG] Decoding client response from fcfee1b9f6c747488ec8cb7d69da3604...
[2026-01-24 16:44:08,628] [INFO] [DEBUG] Decoding client response from e5135f8825be4f91aaed769de6c5c6ef...
[2026-01-24 16:44:08,726] [INFO] [DEBUG] Decoding client response from 9d02ecb9d4b240519ed12a855820ed45...
[2026-01-24 16:44:08,835] [INFO] [ENCODE] Starting encode_weights in aggregate_fit...
[2026-01-24 16:44:17,520] [INFO] [ENCODE] Finished encode_weights.
[2026-01-24 16:44:17,717] [INFO] [DEBUG][SERVER] Model expects 148 layers
[2026-01-24 16:44:17,734] [INFO] [DEBUG] Loaded 148 of 148 layers
[2026-01-24 16:44:18,089] [INFO] [DEBUG][SERVER] Model expects 148 layers
[2026-01-24 16:44:18,105] [INFO] [DEBUG] Loaded 148 of 148 layers
[2026-01-24 16:44:18,106] [INFO] [Server] Evaluating at round 2
[2026-01-24 16:44:18,106] [INFO] [SERVER][Round 2] Starting evaluation (mode=SKH)...
[2026-01-24 16:44:35,822] [INFO] [Round 2] WT Dice: 0.3839 | Time: 17.72s
[2026-01-24 16:44:35,911] [INFO] [BEST MODEL] Saved: Revision2/Run_UNET_IID_SKHC32S60_20260124/Server/best_model.pth
[2026-01-24 16:44:35,976] [INFO] [BEST MODEL] Saved: Revision2/Run_UNET_IID_SKHC32S60_20260124/Server/best_model_round2.pth
[2026-01-24 16:44:35,976] [INFO] [BEST MODEL] New best at round 2: WT=0.3839
[2026-01-24 16:57:41,500] [INFO] [SERVER DEBUG] aggregate_fit called at round 3
[2026-01-24 16:57:41,500] [INFO] [DEBUG] aggregate_fit received 4 results at round 3
[2026-01-24 16:57:41,500] [INFO] [DEBUG] Decoding client response from e5135f8825be4f91aaed769de6c5c6ef...
[2026-01-24 16:57:41,609] [INFO] [DEBUG] Decoding client response from 9d02ecb9d4b240519ed12a855820ed45...
[2026-01-24 16:57:41,710] [INFO] [DEBUG] Decoding client response from fcfee1b9f6c747488ec8cb7d69da3604...
[2026-01-24 16:57:41,819] [INFO] [DEBUG] Decoding client response from 3a2e0c53790e4278a3ae5021241f73fb...
[2026-01-24 16:57:41,944] [INFO] [ENCODE] Starting encode_weights in aggregate_fit...
[2026-01-24 16:57:50,457] [INFO] [ENCODE] Finished encode_weights.
[2026-01-24 16:57:50,652] [INFO] [DEBUG][SERVER] Model expects 148 layers
[2026-01-24 16:57:50,669] [INFO] [DEBUG] Loaded 148 of 148 layers
[2026-01-24 16:57:50,967] [INFO] [DEBUG][SERVER] Model expects 148 layers
[2026-01-24 16:57:50,985] [INFO] [DEBUG] Loaded 148 of 148 layers
[2026-01-24 16:57:50,985] [INFO] [Server] Evaluating at round 3
[2026-01-24 16:57:50,985] [INFO] [SERVER][Round 3] Starting evaluation (mode=SKH)...
[2026-01-24 16:58:08,494] [INFO] [Round 3] WT Dice: 0.4054 | Time: 17.51s
[2026-01-24 16:58:08,576] [INFO] [BEST MODEL] Saved: Revision2/Run_UNET_IID_SKHC32S60_20260124/Server/best_model.pth
[2026-01-24 16:58:08,643] [INFO] [BEST MODEL] Saved: Revision2/Run_UNET_IID_SKHC32S60_20260124/Server/best_model_round3.pth
[2026-01-24 16:58:08,643] [INFO] [BEST MODEL] New best at round 3: WT=0.4054
[2026-01-24 17:10:42,512] [INFO] [SERVER DEBUG] aggregate_fit called at round 4
[2026-01-24 17:10:42,512] [INFO] [DEBUG] aggregate_fit received 4 results at round 4
[2026-01-24 17:10:42,512] [INFO] [DEBUG] Decoding client response from e5135f8825be4f91aaed769de6c5c6ef...
[2026-01-24 17:10:42,578] [INFO] [DEBUG] Decoding client response from fcfee1b9f6c747488ec8cb7d69da3604...
[2026-01-24 17:10:42,627] [INFO] [DEBUG] Decoding client response from 9d02ecb9d4b240519ed12a855820ed45...
[2026-01-24 17:10:42,869] [INFO] [DEBUG] Decoding client response from 3a2e0c53790e4278a3ae5021241f73fb...
[2026-01-24 17:10:42,988] [INFO] [ENCODE] Starting encode_weights in aggregate_fit...
[2026-01-24 17:10:52,160] [INFO] [ENCODE] Finished encode_weights.
[2026-01-24 17:10:52,366] [INFO] [DEBUG][SERVER] Model expects 148 layers
[2026-01-24 17:10:52,387] [INFO] [DEBUG] Loaded 148 of 148 layers
[2026-01-24 17:10:52,765] [INFO] [DEBUG][SERVER] Model expects 148 layers
[2026-01-24 17:10:52,783] [INFO] [DEBUG] Loaded 148 of 148 layers
[2026-01-24 17:10:52,783] [INFO] [Server] Evaluating at round 4
[2026-01-24 17:10:52,783] [INFO] [SERVER][Round 4] Starting evaluation (mode=SKH)...
[2026-01-24 17:11:10,298] [INFO] [Round 4] WT Dice: 0.5035 | Time: 17.51s
[2026-01-24 17:11:10,378] [INFO] [BEST MODEL] Saved: Revision2/Run_UNET_IID_SKHC32S60_20260124/Server/best_model.pth
[2026-01-24 17:11:10,443] [INFO] [BEST MODEL] Saved: Revision2/Run_UNET_IID_SKHC32S60_20260124/Server/best_model_round4.pth
[2026-01-24 17:11:10,443] [INFO] [BEST MODEL] New best at round 4: WT=0.5035
[2026-01-24 17:23:52,800] [INFO] [SERVER DEBUG] aggregate_fit called at round 5
[2026-01-24 17:23:52,801] [INFO] [DEBUG] aggregate_fit received 4 results at round 5
[2026-01-24 17:23:52,801] [INFO] [DEBUG] Decoding client response from 9d02ecb9d4b240519ed12a855820ed45...
[2026-01-24 17:23:52,930] [INFO] [DEBUG] Decoding client response from e5135f8825be4f91aaed769de6c5c6ef...
[2026-01-24 17:23:53,068] [INFO] [DEBUG] Decoding client response from 3a2e0c53790e4278a3ae5021241f73fb...
[2026-01-24 17:23:53,203] [INFO] [DEBUG] Decoding client response from fcfee1b9f6c747488ec8cb7d69da3604...
[2026-01-24 17:23:53,335] [INFO] [ENCODE] Starting encode_weights in aggregate_fit...
[2026-01-24 17:24:03,089] [INFO] [ENCODE] Finished encode_weights.
[2026-01-24 17:24:03,282] [INFO] [DEBUG][SERVER] Model expects 148 layers
[2026-01-24 17:24:03,310] [INFO] [DEBUG] Loaded 148 of 148 layers
[2026-01-24 17:24:03,733] [INFO] [DEBUG][SERVER] Model expects 148 layers
[2026-01-24 17:24:03,746] [INFO] [DEBUG] Loaded 148 of 148 layers
[2026-01-24 17:24:03,746] [INFO] [Server] Evaluating at round 5
[2026-01-24 17:24:03,746] [INFO] [SERVER][Round 5] Starting evaluation (mode=SKH)...
[2026-01-24 17:24:21,494] [INFO] [Round 5] WT Dice: 0.4186 | Time: 17.75s
[2026-01-24 17:36:42,044] [INFO] [SERVER DEBUG] aggregate_fit called at round 6
[2026-01-24 17:36:42,045] [INFO] [DEBUG] aggregate_fit received 4 results at round 6
[2026-01-24 17:36:42,045] [INFO] [DEBUG] Decoding client response from e5135f8825be4f91aaed769de6c5c6ef...
[2026-01-24 17:36:42,120] [INFO] [DEBUG] Decoding client response from 9d02ecb9d4b240519ed12a855820ed45...
[2026-01-24 17:36:42,162] [INFO] [DEBUG] Decoding client response from 3a2e0c53790e4278a3ae5021241f73fb...
[2026-01-24 17:36:42,252] [INFO] [DEBUG] Decoding client response from fcfee1b9f6c747488ec8cb7d69da3604...
[2026-01-24 17:36:42,362] [INFO] [ENCODE] Starting encode_weights in aggregate_fit...
[2026-01-24 17:36:51,016] [INFO] [ENCODE] Finished encode_weights.
[2026-01-24 17:36:51,210] [INFO] [DEBUG][SERVER] Model expects 148 layers
[2026-01-24 17:36:51,224] [INFO] [DEBUG] Loaded 148 of 148 layers
[2026-01-24 17:36:51,582] [INFO] [DEBUG][SERVER] Model expects 148 layers
[2026-01-24 17:36:51,592] [INFO] [DEBUG] Loaded 148 of 148 layers
[2026-01-24 17:36:51,593] [INFO] [Server] Evaluating at round 6
[2026-01-24 17:36:51,593] [INFO] [SERVER][Round 6] Starting evaluation (mode=SKH)...
[2026-01-24 17:37:09,232] [INFO] [Round 6] WT Dice: 0.8686 | Time: 17.64s
[2026-01-24 17:37:09,325] [INFO] [BEST MODEL] Saved: Revision2/Run_UNET_IID_SKHC32S60_20260124/Server/best_model.pth
[2026-01-24 17:37:09,405] [INFO] [BEST MODEL] Saved: Revision2/Run_UNET_IID_SKHC32S60_20260124/Server/best_model_round6.pth
[2026-01-24 17:37:09,405] [INFO] [BEST MODEL] New best at round 6: WT=0.8686
[2026-01-24 17:50:49,138] [INFO] [SERVER DEBUG] aggregate_fit called at round 7
[2026-01-24 17:50:49,139] [INFO] [DEBUG] aggregate_fit received 4 results at round 7
[2026-01-24 17:50:49,139] [INFO] [DEBUG] Decoding client response from 3a2e0c53790e4278a3ae5021241f73fb...
[2026-01-24 17:50:49,268] [INFO] [DEBUG] Decoding client response from 9d02ecb9d4b240519ed12a855820ed45...
[2026-01-24 17:50:49,373] [INFO] [DEBUG] Decoding client response from fcfee1b9f6c747488ec8cb7d69da3604...
[2026-01-24 17:50:49,469] [INFO] [DEBUG] Decoding client response from e5135f8825be4f91aaed769de6c5c6ef...
[2026-01-24 17:50:49,579] [INFO] [ENCODE] Starting encode_weights in aggregate_fit...
[2026-01-24 17:50:58,094] [INFO] [ENCODE] Finished encode_weights.
[2026-01-24 17:50:58,270] [INFO] [DEBUG][SERVER] Model expects 148 layers
[2026-01-24 17:50:58,284] [INFO] [DEBUG] Loaded 148 of 148 layers
[2026-01-24 17:50:58,648] [INFO] [DEBUG][SERVER] Model expects 148 layers
[2026-01-24 17:50:58,658] [INFO] [DEBUG] Loaded 148 of 148 layers
[2026-01-24 17:50:58,658] [INFO] [Server] Evaluating at round 7
[2026-01-24 17:50:58,658] [INFO] [SERVER][Round 7] Starting evaluation (mode=SKH)...
[2026-01-24 17:51:16,408] [INFO] [Round 7] WT Dice: 0.4824 | Time: 17.75s
[2026-01-24 18:05:42,154] [INFO] [SERVER DEBUG] aggregate_fit called at round 8
[2026-01-24 18:05:42,154] [INFO] [DEBUG] aggregate_fit received 4 results at round 8
[2026-01-24 18:05:42,154] [INFO] [DEBUG] Decoding client response from 9d02ecb9d4b240519ed12a855820ed45...
[2026-01-24 18:05:42,329] [INFO] [DEBUG] Decoding client response from fcfee1b9f6c747488ec8cb7d69da3604...
[2026-01-24 18:05:42,416] [INFO] [DEBUG] Decoding client response from e5135f8825be4f91aaed769de6c5c6ef...
[2026-01-24 18:05:42,509] [INFO] [DEBUG] Decoding client response from 3a2e0c53790e4278a3ae5021241f73fb...
[2026-01-24 18:05:42,614] [INFO] [ENCODE] Starting encode_weights in aggregate_fit...
[2026-01-24 18:05:51,037] [INFO] [ENCODE] Finished encode_weights.
[2026-01-24 18:05:51,219] [INFO] [DEBUG][SERVER] Model expects 148 layers
[2026-01-24 18:05:51,231] [INFO] [DEBUG] Loaded 148 of 148 layers
[2026-01-24 18:05:51,566] [INFO] [DEBUG][SERVER] Model expects 148 layers
[2026-01-24 18:05:51,577] [INFO] [DEBUG] Loaded 148 of 148 layers
[2026-01-24 18:05:51,577] [INFO] [Server] Evaluating at round 8
[2026-01-24 18:05:51,577] [INFO] [SERVER][Round 8] Starting evaluation (mode=SKH)...
[2026-01-24 18:06:08,948] [INFO] [Round 8] WT Dice: 0.6885 | Time: 17.37s
[2026-01-24 18:20:05,820] [INFO] [SERVER DEBUG] aggregate_fit called at round 9
[2026-01-24 18:20:05,820] [INFO] [DEBUG] aggregate_fit received 4 results at round 9
[2026-01-24 18:20:05,821] [INFO] [DEBUG] Decoding client response from fcfee1b9f6c747488ec8cb7d69da3604...
[2026-01-24 18:20:05,942] [INFO] [DEBUG] Decoding client response from 3a2e0c53790e4278a3ae5021241f73fb...
[2026-01-24 18:20:06,028] [INFO] [DEBUG] Decoding client response from 9d02ecb9d4b240519ed12a855820ed45...
[2026-01-24 18:20:06,120] [INFO] [DEBUG] Decoding client response from e5135f8825be4f91aaed769de6c5c6ef...
[2026-01-24 18:20:06,219] [INFO] [ENCODE] Starting encode_weights in aggregate_fit...
[2026-01-24 18:20:14,801] [INFO] [ENCODE] Finished encode_weights.
[2026-01-24 18:20:14,982] [INFO] [DEBUG][SERVER] Model expects 148 layers
[2026-01-24 18:20:14,993] [INFO] [DEBUG] Loaded 148 of 148 layers
[2026-01-24 18:20:15,293] [INFO] [DEBUG][SERVER] Model expects 148 layers
[2026-01-24 18:20:15,303] [INFO] [DEBUG] Loaded 148 of 148 layers
[2026-01-24 18:20:15,304] [INFO] [Server] Evaluating at round 9
[2026-01-24 18:20:15,304] [INFO] [SERVER][Round 9] Starting evaluation (mode=SKH)...
[2026-01-24 18:20:32,545] [INFO] [Round 9] WT Dice: 0.7928 | Time: 17.24s
[2026-01-24 18:32:58,534] [INFO] [SERVER DEBUG] aggregate_fit called at round 10
[2026-01-24 18:32:58,535] [INFO] [DEBUG] aggregate_fit received 4 results at round 10
[2026-01-24 18:32:58,535] [INFO] [DEBUG] Decoding client response from 9d02ecb9d4b240519ed12a855820ed45...
[2026-01-24 18:32:58,615] [INFO] [DEBUG] Decoding client response from fcfee1b9f6c747488ec8cb7d69da3604...
[2026-01-24 18:32:58,661] [INFO] [DEBUG] Decoding client response from 3a2e0c53790e4278a3ae5021241f73fb...
[2026-01-24 18:32:58,722] [INFO] [DEBUG] Decoding client response from e5135f8825be4f91aaed769de6c5c6ef...
[2026-01-24 18:32:58,845] [INFO] [ENCODE] Starting encode_weights in aggregate_fit...
[2026-01-24 18:33:07,346] [INFO] [ENCODE] Finished encode_weights.
[2026-01-24 18:33:07,523] [INFO] [DEBUG][SERVER] Model expects 148 layers
[2026-01-24 18:33:07,536] [INFO] [DEBUG] Loaded 148 of 148 layers
[2026-01-24 18:33:07,876] [INFO] [DEBUG][SERVER] Model expects 148 layers
[2026-01-24 18:33:07,886] [INFO] [DEBUG] Loaded 148 of 148 layers
[2026-01-24 18:33:07,887] [INFO] [Server] Evaluating at round 10
[2026-01-24 18:33:07,887] [INFO] [SERVER][Round 10] Starting evaluation (mode=SKH)...
[2026-01-24 18:33:25,093] [INFO] [Round 10] WT Dice: 0.4244 | Time: 17.21s
[2026-01-24 18:46:33,668] [INFO] [SERVER DEBUG] aggregate_fit called at round 11
[2026-01-24 18:46:33,669] [INFO] [DEBUG] aggregate_fit received 4 results at round 11
[2026-01-24 18:46:33,669] [INFO] [DEBUG] Decoding client response from fcfee1b9f6c747488ec8cb7d69da3604...
[2026-01-24 18:46:33,776] [INFO] [DEBUG] Decoding client response from 9d02ecb9d4b240519ed12a855820ed45...
[2026-01-24 18:46:33,867] [INFO] [DEBUG] Decoding client response from e5135f8825be4f91aaed769de6c5c6ef...
[2026-01-24 18:46:33,963] [INFO] [DEBUG] Decoding client response from 3a2e0c53790e4278a3ae5021241f73fb...
[2026-01-24 18:46:34,071] [INFO] [ENCODE] Starting encode_weights in aggregate_fit...
[2026-01-24 18:46:42,313] [INFO] [ENCODE] Finished encode_weights.
[2026-01-24 18:46:42,500] [INFO] [DEBUG][SERVER] Model expects 148 layers
[2026-01-24 18:46:42,511] [INFO] [DEBUG] Loaded 148 of 148 layers
[2026-01-24 18:46:42,806] [INFO] [DEBUG][SERVER] Model expects 148 layers
[2026-01-24 18:46:42,817] [INFO] [DEBUG] Loaded 148 of 148 layers
[2026-01-24 18:46:42,818] [INFO] [Server] Evaluating at round 11
[2026-01-24 18:46:42,818] [INFO] [SERVER][Round 11] Starting evaluation (mode=SKH)...
[2026-01-24 18:47:00,082] [INFO] [Round 11] WT Dice: 0.5397 | Time: 17.26s
[2026-01-24 19:00:14,777] [INFO] [SERVER DEBUG] aggregate_fit called at round 12
[2026-01-24 19:00:14,777] [INFO] [DEBUG] aggregate_fit received 4 results at round 12
[2026-01-24 19:00:14,777] [INFO] [DEBUG] Decoding client response from 9d02ecb9d4b240519ed12a855820ed45...
[2026-01-24 19:00:14,856] [INFO] [DEBUG] Decoding client response from fcfee1b9f6c747488ec8cb7d69da3604...
[2026-01-24 19:00:14,901] [INFO] [DEBUG] Decoding client response from e5135f8825be4f91aaed769de6c5c6ef...
[2026-01-24 19:00:14,994] [INFO] [DEBUG] Decoding client response from 3a2e0c53790e4278a3ae5021241f73fb...
[2026-01-24 19:00:15,096] [INFO] [ENCODE] Starting encode_weights in aggregate_fit...
[2026-01-24 19:00:24,211] [INFO] [ENCODE] Finished encode_weights.
[2026-01-24 19:00:24,384] [INFO] [DEBUG][SERVER] Model expects 148 layers
[2026-01-24 19:00:24,396] [INFO] [DEBUG] Loaded 148 of 148 layers
[2026-01-24 19:00:24,699] [INFO] [DEBUG][SERVER] Model expects 148 layers
[2026-01-24 19:00:24,710] [INFO] [DEBUG] Loaded 148 of 148 layers
[2026-01-24 19:00:24,710] [INFO] [Server] Evaluating at round 12
[2026-01-24 19:00:24,710] [INFO] [SERVER][Round 12] Starting evaluation (mode=SKH)...
[2026-01-24 19:00:41,947] [INFO] [Round 12] WT Dice: 0.7813 | Time: 17.24s
[2026-01-24 19:13:19,113] [INFO] [SERVER DEBUG] aggregate_fit called at round 13
[2026-01-24 19:13:19,114] [INFO] [DEBUG] aggregate_fit received 4 results at round 13
[2026-01-24 19:13:19,114] [INFO] [DEBUG] Decoding client response from fcfee1b9f6c747488ec8cb7d69da3604...
[2026-01-24 19:13:19,178] [INFO] [DEBUG] Decoding client response from 3a2e0c53790e4278a3ae5021241f73fb...
[2026-01-24 19:13:19,221] [INFO] [DEBUG] Decoding client response from e5135f8825be4f91aaed769de6c5c6ef...
[2026-01-24 19:13:19,313] [INFO] [DEBUG] Decoding client response from 9d02ecb9d4b240519ed12a855820ed45...
[2026-01-24 19:13:19,428] [INFO] [ENCODE] Starting encode_weights in aggregate_fit...
[2026-01-24 19:13:28,921] [INFO] [ENCODE] Finished encode_weights.
[2026-01-24 19:13:29,118] [INFO] [DEBUG][SERVER] Model expects 148 layers
[2026-01-24 19:13:29,130] [INFO] [DEBUG] Loaded 148 of 148 layers
[2026-01-24 19:13:29,469] [INFO] [DEBUG][SERVER] Model expects 148 layers
[2026-01-24 19:13:29,480] [INFO] [DEBUG] Loaded 148 of 148 layers
[2026-01-24 19:13:29,481] [INFO] [Server] Evaluating at round 13
[2026-01-24 19:13:29,481] [INFO] [SERVER][Round 13] Starting evaluation (mode=SKH)...
[2026-01-24 19:13:46,956] [INFO] [Round 13] WT Dice: 0.6805 | Time: 17.48s
[2026-01-24 19:25:40,018] [INFO] [SERVER DEBUG] aggregate_fit called at round 14
[2026-01-24 19:25:40,018] [INFO] [DEBUG] aggregate_fit received 4 results at round 14
[2026-01-24 19:25:40,018] [INFO] [DEBUG] Decoding client response from 9d02ecb9d4b240519ed12a855820ed45...
[2026-01-24 19:25:40,174] [INFO] [DEBUG] Decoding client response from fcfee1b9f6c747488ec8cb7d69da3604...
[2026-01-24 19:25:40,303] [INFO] [DEBUG] Decoding client response from 3a2e0c53790e4278a3ae5021241f73fb...
[2026-01-24 19:25:40,433] [INFO] [DEBUG] Decoding client response from e5135f8825be4f91aaed769de6c5c6ef...
[2026-01-24 19:25:40,575] [INFO] [ENCODE] Starting encode_weights in aggregate_fit...
[2026-01-24 19:25:48,802] [INFO] [ENCODE] Finished encode_weights.
[2026-01-24 19:25:48,988] [INFO] [DEBUG][SERVER] Model expects 148 layers
[2026-01-24 19:25:48,999] [INFO] [DEBUG] Loaded 148 of 148 layers
[2026-01-24 19:25:49,319] [INFO] [DEBUG][SERVER] Model expects 148 layers
[2026-01-24 19:25:49,329] [INFO] [DEBUG] Loaded 148 of 148 layers
[2026-01-24 19:25:49,329] [INFO] [Server] Evaluating at round 14
[2026-01-24 19:25:49,329] [INFO] [SERVER][Round 14] Starting evaluation (mode=SKH)...
[2026-01-24 19:26:06,857] [INFO] [Round 14] WT Dice: 0.5120 | Time: 17.53s
[2026-01-24 19:38:52,045] [INFO] [SERVER DEBUG] aggregate_fit called at round 15
[2026-01-24 19:38:52,045] [INFO] [DEBUG] aggregate_fit received 4 results at round 15
[2026-01-24 19:38:52,045] [INFO] [DEBUG] Decoding client response from fcfee1b9f6c747488ec8cb7d69da3604...
[2026-01-24 19:38:52,110] [INFO] [DEBUG] Decoding client response from 3a2e0c53790e4278a3ae5021241f73fb...
[2026-01-24 19:38:52,155] [INFO] [DEBUG] Decoding client response from e5135f8825be4f91aaed769de6c5c6ef...
[2026-01-24 19:38:52,217] [INFO] [DEBUG] Decoding client response from 9d02ecb9d4b240519ed12a855820ed45...
[2026-01-24 19:38:52,338] [INFO] [ENCODE] Starting encode_weights in aggregate_fit...
[2026-01-24 19:39:00,783] [INFO] [ENCODE] Finished encode_weights.
[2026-01-24 19:39:00,968] [INFO] [DEBUG][SERVER] Model expects 148 layers
[2026-01-24 19:39:00,979] [INFO] [DEBUG] Loaded 148 of 148 layers
[2026-01-24 19:39:01,324] [INFO] [DEBUG][SERVER] Model expects 148 layers
[2026-01-24 19:39:01,334] [INFO] [DEBUG] Loaded 148 of 148 layers
[2026-01-24 19:39:01,334] [INFO] [Server] Evaluating at round 15
[2026-01-24 19:39:01,334] [INFO] [SERVER][Round 15] Starting evaluation (mode=SKH)...
[2026-01-24 19:39:18,614] [INFO] [Round 15] WT Dice: 0.5940 | Time: 17.28s
[2026-01-24 19:51:46,837] [INFO] [SERVER DEBUG] aggregate_fit called at round 16
[2026-01-24 19:51:46,837] [INFO] [DEBUG] aggregate_fit received 4 results at round 16
[2026-01-24 19:51:46,837] [INFO] [DEBUG] Decoding client response from 9d02ecb9d4b240519ed12a855820ed45...
[2026-01-24 19:51:46,950] [INFO] [DEBUG] Decoding client response from 3a2e0c53790e4278a3ae5021241f73fb...
[2026-01-24 19:51:47,039] [INFO] [DEBUG] Decoding client response from fcfee1b9f6c747488ec8cb7d69da3604...
[2026-01-24 19:51:47,128] [INFO] [DEBUG] Decoding client response from e5135f8825be4f91aaed769de6c5c6ef...
[2026-01-24 19:51:47,230] [INFO] [ENCODE] Starting encode_weights in aggregate_fit...
[2026-01-24 19:51:55,922] [INFO] [ENCODE] Finished encode_weights.
[2026-01-24 19:51:56,121] [INFO] [DEBUG][SERVER] Model expects 148 layers
[2026-01-24 19:51:56,135] [INFO] [DEBUG] Loaded 148 of 148 layers
[2026-01-24 19:51:56,467] [INFO] [DEBUG][SERVER] Model expects 148 layers
[2026-01-24 19:51:56,477] [INFO] [DEBUG] Loaded 148 of 148 layers
[2026-01-24 19:51:56,478] [INFO] [Server] Evaluating at round 16
[2026-01-24 19:51:56,478] [INFO] [SERVER][Round 16] Starting evaluation (mode=SKH)...
[2026-01-24 19:52:13,921] [INFO] [Round 16] WT Dice: 0.5920 | Time: 17.44s
[2026-01-24 20:05:01,264] [INFO] [SERVER DEBUG] aggregate_fit called at round 17
[2026-01-24 20:05:01,265] [INFO] [DEBUG] aggregate_fit received 4 results at round 17
[2026-01-24 20:05:01,265] [INFO] [DEBUG] Decoding client response from 9d02ecb9d4b240519ed12a855820ed45...
[2026-01-24 20:05:01,420] [INFO] [DEBUG] Decoding client response from 3a2e0c53790e4278a3ae5021241f73fb...
[2026-01-24 20:05:01,559] [INFO] [DEBUG] Decoding client response from fcfee1b9f6c747488ec8cb7d69da3604...
[2026-01-24 20:05:01,707] [INFO] [DEBUG] Decoding client response from e5135f8825be4f91aaed769de6c5c6ef...
[2026-01-24 20:05:01,898] [INFO] [ENCODE] Starting encode_weights in aggregate_fit...
[2026-01-24 20:05:10,403] [INFO] [ENCODE] Finished encode_weights.
[2026-01-24 20:05:10,595] [INFO] [DEBUG][SERVER] Model expects 148 layers
[2026-01-24 20:05:10,607] [INFO] [DEBUG] Loaded 148 of 148 layers
[2026-01-24 20:05:10,958] [INFO] [DEBUG][SERVER] Model expects 148 layers
[2026-01-24 20:05:10,968] [INFO] [DEBUG] Loaded 148 of 148 layers
[2026-01-24 20:05:10,969] [INFO] [Server] Evaluating at round 17
[2026-01-24 20:05:10,969] [INFO] [SERVER][Round 17] Starting evaluation (mode=SKH)...
[2026-01-24 20:05:28,518] [INFO] [Round 17] WT Dice: 0.8503 | Time: 17.55s
[2026-01-24 20:19:12,163] [INFO] [SERVER DEBUG] aggregate_fit called at round 18
[2026-01-24 20:19:12,164] [INFO] [DEBUG] aggregate_fit received 4 results at round 18
[2026-01-24 20:19:12,164] [INFO] [DEBUG] Decoding client response from e5135f8825be4f91aaed769de6c5c6ef...
[2026-01-24 20:19:12,274] [INFO] [DEBUG] Decoding client response from fcfee1b9f6c747488ec8cb7d69da3604...
[2026-01-24 20:19:12,367] [INFO] [DEBUG] Decoding client response from 3a2e0c53790e4278a3ae5021241f73fb...
[2026-01-24 20:19:12,459] [INFO] [DEBUG] Decoding client response from 9d02ecb9d4b240519ed12a855820ed45...
[2026-01-24 20:19:12,566] [INFO] [ENCODE] Starting encode_weights in aggregate_fit...
[2026-01-24 20:19:21,203] [INFO] [ENCODE] Finished encode_weights.
[2026-01-24 20:19:21,400] [INFO] [DEBUG][SERVER] Model expects 148 layers
[2026-01-24 20:19:21,416] [INFO] [DEBUG] Loaded 148 of 148 layers
[2026-01-24 20:19:21,753] [INFO] [DEBUG][SERVER] Model expects 148 layers
[2026-01-24 20:19:21,762] [INFO] [DEBUG] Loaded 148 of 148 layers
[2026-01-24 20:19:21,763] [INFO] [Server] Evaluating at round 18
[2026-01-24 20:19:21,763] [INFO] [SERVER][Round 18] Starting evaluation (mode=SKH)...
[2026-01-24 20:19:39,228] [INFO] [Round 18] WT Dice: 0.8669 | Time: 17.46s
[2026-01-24 20:31:58,398] [INFO] [SERVER DEBUG] aggregate_fit called at round 19
[2026-01-24 20:31:58,398] [INFO] [DEBUG] aggregate_fit received 4 results at round 19
[2026-01-24 20:31:58,398] [INFO] [DEBUG] Decoding client response from fcfee1b9f6c747488ec8cb7d69da3604...
[2026-01-24 20:31:58,566] [INFO] [DEBUG] Decoding client response from e5135f8825be4f91aaed769de6c5c6ef...
[2026-01-24 20:31:58,699] [INFO] [DEBUG] Decoding client response from 9d02ecb9d4b240519ed12a855820ed45...
[2026-01-24 20:31:58,835] [INFO] [DEBUG] Decoding client response from 3a2e0c53790e4278a3ae5021241f73fb...
[2026-01-24 20:31:58,984] [INFO] [ENCODE] Starting encode_weights in aggregate_fit...
[2026-01-24 20:32:07,610] [INFO] [ENCODE] Finished encode_weights.
[2026-01-24 20:32:07,786] [INFO] [DEBUG][SERVER] Model expects 148 layers
[2026-01-24 20:32:07,799] [INFO] [DEBUG] Loaded 148 of 148 layers
[2026-01-24 20:32:08,132] [INFO] [DEBUG][SERVER] Model expects 148 layers
[2026-01-24 20:32:08,142] [INFO] [DEBUG] Loaded 148 of 148 layers
[2026-01-24 20:32:08,142] [INFO] [Server] Evaluating at round 19
[2026-01-24 20:32:08,142] [INFO] [SERVER][Round 19] Starting evaluation (mode=SKH)...
[2026-01-24 20:32:25,709] [INFO] [Round 19] WT Dice: 0.9616 | Time: 17.57s
[2026-01-24 20:32:25,807] [INFO] [BEST MODEL] Saved: Revision2/Run_UNET_IID_SKHC32S60_20260124/Server/best_model.pth
[2026-01-24 20:32:25,866] [INFO] [BEST MODEL] Saved: Revision2/Run_UNET_IID_SKHC32S60_20260124/Server/best_model_round19.pth
[2026-01-24 20:32:25,866] [INFO] [BEST MODEL] New best at round 19: WT=0.9616
[2026-01-24 20:44:50,898] [INFO] [SERVER DEBUG] aggregate_fit called at round 20
[2026-01-24 20:44:50,899] [INFO] [DEBUG] aggregate_fit received 4 results at round 20
[2026-01-24 20:44:50,899] [INFO] [DEBUG] Decoding client response from e5135f8825be4f91aaed769de6c5c6ef...
[2026-01-24 20:44:51,028] [INFO] [DEBUG] Decoding client response from 3a2e0c53790e4278a3ae5021241f73fb...
[2026-01-24 20:44:51,117] [INFO] [DEBUG] Decoding client response from 9d02ecb9d4b240519ed12a855820ed45...
[2026-01-24 20:44:51,209] [INFO] [DEBUG] Decoding client response from fcfee1b9f6c747488ec8cb7d69da3604...
[2026-01-24 20:44:51,314] [INFO] [ENCODE] Starting encode_weights in aggregate_fit...
[2026-01-24 20:44:59,840] [INFO] [ENCODE] Finished encode_weights.
[2026-01-24 20:45:00,023] [INFO] [DEBUG][SERVER] Model expects 148 layers
[2026-01-24 20:45:00,036] [INFO] [DEBUG] Loaded 148 of 148 layers
[2026-01-24 20:45:00,368] [INFO] [DEBUG][SERVER] Model expects 148 layers
[2026-01-24 20:45:00,379] [INFO] [DEBUG] Loaded 148 of 148 layers
[2026-01-24 20:45:00,379] [INFO] [Server] Evaluating at round 20
[2026-01-24 20:45:00,379] [INFO] [SERVER][Round 20] Starting evaluation (mode=SKH)...
[2026-01-24 20:45:17,508] [INFO] [Round 20] WT Dice: 0.8619 | Time: 17.13s
[2026-01-24 20:58:29,639] [INFO] [SERVER DEBUG] aggregate_fit called at round 21
[2026-01-24 20:58:29,640] [INFO] [DEBUG] aggregate_fit received 4 results at round 21
[2026-01-24 20:58:29,640] [INFO] [DEBUG] Decoding client response from e5135f8825be4f91aaed769de6c5c6ef...
[2026-01-24 20:58:29,799] [INFO] [DEBUG] Decoding client response from fcfee1b9f6c747488ec8cb7d69da3604...
[2026-01-24 20:58:29,936] [INFO] [DEBUG] Decoding client response from 9d02ecb9d4b240519ed12a855820ed45...
[2026-01-24 20:58:30,075] [INFO] [DEBUG] Decoding client response from 3a2e0c53790e4278a3ae5021241f73fb...
[2026-01-24 20:58:30,228] [INFO] [ENCODE] Starting encode_weights in aggregate_fit...
[2026-01-24 20:58:38,686] [INFO] [ENCODE] Finished encode_weights.
[2026-01-24 20:58:38,869] [INFO] [DEBUG][SERVER] Model expects 148 layers
[2026-01-24 20:58:38,882] [INFO] [DEBUG] Loaded 148 of 148 layers
[2026-01-24 20:58:39,217] [INFO] [DEBUG][SERVER] Model expects 148 layers
[2026-01-24 20:58:39,228] [INFO] [DEBUG] Loaded 148 of 148 layers
[2026-01-24 20:58:39,228] [INFO] [Server] Evaluating at round 21
[2026-01-24 20:58:39,228] [INFO] [SERVER][Round 21] Starting evaluation (mode=SKH)...
[2026-01-24 20:58:56,591] [INFO] [Round 21] WT Dice: 0.9586 | Time: 17.36s
[2026-01-24 21:12:09,100] [INFO] [SERVER DEBUG] aggregate_fit called at round 22
[2026-01-24 21:12:09,100] [INFO] [DEBUG] aggregate_fit received 4 results at round 22
[2026-01-24 21:12:09,101] [INFO] [DEBUG] Decoding client response from fcfee1b9f6c747488ec8cb7d69da3604...
[2026-01-24 21:12:09,214] [INFO] [DEBUG] Decoding client response from 9d02ecb9d4b240519ed12a855820ed45...
[2026-01-24 21:12:09,304] [INFO] [DEBUG] Decoding client response from e5135f8825be4f91aaed769de6c5c6ef...
[2026-01-24 21:12:09,463] [INFO] [DEBUG] Decoding client response from 3a2e0c53790e4278a3ae5021241f73fb...
[2026-01-24 21:12:09,602] [INFO] [ENCODE] Starting encode_weights in aggregate_fit...
[2026-01-24 21:12:18,070] [INFO] [ENCODE] Finished encode_weights.
[2026-01-24 21:12:18,256] [INFO] [DEBUG][SERVER] Model expects 148 layers
[2026-01-24 21:12:18,266] [INFO] [DEBUG] Loaded 148 of 148 layers
[2026-01-24 21:12:18,597] [INFO] [DEBUG][SERVER] Model expects 148 layers
[2026-01-24 21:12:18,608] [INFO] [DEBUG] Loaded 148 of 148 layers
[2026-01-24 21:12:18,608] [INFO] [Server] Evaluating at round 22
[2026-01-24 21:12:18,608] [INFO] [SERVER][Round 22] Starting evaluation (mode=SKH)...
[2026-01-24 21:12:35,948] [INFO] [Round 22] WT Dice: 0.9335 | Time: 17.34s
[2026-01-24 21:25:48,875] [INFO] [SERVER DEBUG] aggregate_fit called at round 23
[2026-01-24 21:25:48,876] [INFO] [DEBUG] aggregate_fit received 4 results at round 23
[2026-01-24 21:25:48,876] [INFO] [DEBUG] Decoding client response from 3a2e0c53790e4278a3ae5021241f73fb...
[2026-01-24 21:25:49,101] [INFO] [DEBUG] Decoding client response from 9d02ecb9d4b240519ed12a855820ed45...
[2026-01-24 21:25:49,238] [INFO] [DEBUG] Decoding client response from fcfee1b9f6c747488ec8cb7d69da3604...
[2026-01-24 21:25:49,378] [INFO] [DEBUG] Decoding client response from e5135f8825be4f91aaed769de6c5c6ef...
[2026-01-24 21:25:49,530] [INFO] [ENCODE] Starting encode_weights in aggregate_fit...
[2026-01-24 21:25:57,999] [INFO] [ENCODE] Finished encode_weights.
[2026-01-24 21:25:58,178] [INFO] [DEBUG][SERVER] Model expects 148 layers
[2026-01-24 21:25:58,188] [INFO] [DEBUG] Loaded 148 of 148 layers
[2026-01-24 21:25:58,525] [INFO] [DEBUG][SERVER] Model expects 148 layers
[2026-01-24 21:25:58,535] [INFO] [DEBUG] Loaded 148 of 148 layers
[2026-01-24 21:25:58,535] [INFO] [Server] Evaluating at round 23
[2026-01-24 21:25:58,535] [INFO] [SERVER][Round 23] Starting evaluation (mode=SKH)...
[2026-01-24 21:26:16,029] [INFO] [Round 23] WT Dice: 0.9756 | Time: 17.49s
[2026-01-24 21:26:16,106] [INFO] [BEST MODEL] Saved: Revision2/Run_UNET_IID_SKHC32S60_20260124/Server/best_model.pth
[2026-01-24 21:26:16,169] [INFO] [BEST MODEL] Saved: Revision2/Run_UNET_IID_SKHC32S60_20260124/Server/best_model_round23.pth
[2026-01-24 21:26:16,170] [INFO] [BEST MODEL] New best at round 23: WT=0.9756
[2026-01-24 21:38:26,293] [INFO] [SERVER DEBUG] aggregate_fit called at round 24
[2026-01-24 21:38:26,293] [INFO] [DEBUG] aggregate_fit received 4 results at round 24
[2026-01-24 21:38:26,294] [INFO] [DEBUG] Decoding client response from 9d02ecb9d4b240519ed12a855820ed45...
[2026-01-24 21:38:26,405] [INFO] [DEBUG] Decoding client response from 3a2e0c53790e4278a3ae5021241f73fb...
[2026-01-24 21:38:26,491] [INFO] [DEBUG] Decoding client response from fcfee1b9f6c747488ec8cb7d69da3604...
[2026-01-24 21:38:26,579] [INFO] [DEBUG] Decoding client response from e5135f8825be4f91aaed769de6c5c6ef...
[2026-01-24 21:38:26,682] [INFO] [ENCODE] Starting encode_weights in aggregate_fit...
[2026-01-24 21:38:34,927] [INFO] [ENCODE] Finished encode_weights.
[2026-01-24 21:38:35,111] [INFO] [DEBUG][SERVER] Model expects 148 layers
[2026-01-24 21:38:35,121] [INFO] [DEBUG] Loaded 148 of 148 layers
[2026-01-24 21:38:35,440] [INFO] [DEBUG][SERVER] Model expects 148 layers
[2026-01-24 21:38:35,449] [INFO] [DEBUG] Loaded 148 of 148 layers
[2026-01-24 21:38:35,450] [INFO] [Server] Evaluating at round 24
[2026-01-24 21:38:35,450] [INFO] [SERVER][Round 24] Starting evaluation (mode=SKH)...
[2026-01-24 21:38:52,751] [INFO] [Round 24] WT Dice: 0.9790 | Time: 17.30s
[2026-01-24 21:38:52,841] [INFO] [BEST MODEL] Saved: Revision2/Run_UNET_IID_SKHC32S60_20260124/Server/best_model.pth
[2026-01-24 21:38:52,915] [INFO] [BEST MODEL] Saved: Revision2/Run_UNET_IID_SKHC32S60_20260124/Server/best_model_round24.pth
[2026-01-24 21:38:52,915] [INFO] [BEST MODEL] New best at round 24: WT=0.9790
[2026-01-24 21:50:52,899] [INFO] [SERVER DEBUG] aggregate_fit called at round 25
[2026-01-24 21:50:52,899] [INFO] [DEBUG] aggregate_fit received 4 results at round 25
[2026-01-24 21:50:52,900] [INFO] [DEBUG] Decoding client response from e5135f8825be4f91aaed769de6c5c6ef...
[2026-01-24 21:50:53,089] [INFO] [DEBUG] Decoding client response from fcfee1b9f6c747488ec8cb7d69da3604...
[2026-01-24 21:50:53,266] [INFO] [DEBUG] Decoding client response from 3a2e0c53790e4278a3ae5021241f73fb...
[2026-01-24 21:50:53,437] [INFO] [DEBUG] Decoding client response from 9d02ecb9d4b240519ed12a855820ed45...
[2026-01-24 21:50:53,620] [INFO] [ENCODE] Starting encode_weights in aggregate_fit...
[2026-01-24 21:51:01,950] [INFO] [ENCODE] Finished encode_weights.
[2026-01-24 21:51:02,125] [INFO] [DEBUG][SERVER] Model expects 148 layers
[2026-01-24 21:51:02,137] [INFO] [DEBUG] Loaded 148 of 148 layers
[2026-01-24 21:51:02,481] [INFO] [DEBUG][SERVER] Model expects 148 layers
[2026-01-24 21:51:02,491] [INFO] [DEBUG] Loaded 148 of 148 layers
[2026-01-24 21:51:02,491] [INFO] [Server] Evaluating at round 25
[2026-01-24 21:51:02,491] [INFO] [SERVER][Round 25] Starting evaluation (mode=SKH)...
[2026-01-24 21:51:19,799] [INFO] [Round 25] WT Dice: 0.9816 | Time: 17.31s
[2026-01-24 21:52:12,336] [INFO] [BEST MODEL] Saved: Revision2/Run_UNET_IID_SKHC32S60_20260124/Server/best_model.pth
[2026-01-24 21:52:12,404] [INFO] [BEST MODEL] Saved: Revision2/Run_UNET_IID_SKHC32S60_20260124/Server/best_model_round25.pth
[2026-01-24 21:52:12,404] [INFO] [BEST MODEL] New best at round 25: WT=0.9816
[2026-01-24 21:53:48,393] [INFO] [SERVER INIT] EXPERIMENT_DIR=Revision2/Run_UNET_IID_SKHC32S60_20260124, LOG=Revision2/Run_UNET_IID_SKHC32S60_20260124/Server/ServerReport20260124.log
[2026-01-24 21:53:48,395] [INFO] [ENV] SERVER_ADDRESS=127.0.0.1, SERVER_PORT=8089, DATA_PATH=/home/jovyan/FeTS2022/MICCAI_FeTS2022_TrainingData, ENCODING_MODE=SKH, N_CLUSTERS=32
[2026-01-24 21:53:48,504] [INFO] [DATA] Server test set loaded with 67 samples.
[2026-01-24 21:53:48,779] [INFO] [MODEL INIT] UNet with 148 layers initialized on cuda
[2026-01-24 21:53:48,814] [INFO] [STRATEGY INIT] mode=SKH, UsedClusters=32 (EnvNClusters=32), experiment_dir=Revision2/Run_UNET_IID_SKHC32S60_20260124 | BestMetricKey=WT
[2026-01-24 21:53:48,814] [INFO] [SERVER START] Address=127.0.0.1:8089, Rounds=25, Mode=SKH, NClusters=32
[2026-01-24 21:53:48,856] [INFO] [DEBUG][SERVER] Model expects 148 layers
[2026-01-24 21:53:48,869] [INFO] [DEBUG] Loaded 148 of 148 layers
[2026-01-24 21:53:48,870] [INFO] [Server] Evaluating at round 0
[2026-01-24 21:53:48,870] [INFO] [SERVER][Round 0] Starting evaluation (mode=SKH)...
[2026-01-24 21:54:10,454] [INFO] [Round 0] WT Dice: 0.1107 | Time: 21.58s
[2026-01-24 21:54:10,557] [INFO] [BEST MODEL] Saved: Revision2/Run_UNET_IID_SKHC32S60_20260124/Server/best_model.pth
[2026-01-24 21:54:10,648] [INFO] [BEST MODEL] Saved: Revision2/Run_UNET_IID_SKHC32S60_20260124/Server/best_model_round0.pth
[2026-01-24 21:54:10,648] [INFO] [BEST MODEL] New best at round 0: WT=0.1107
[2026-01-24 22:13:29,834] [INFO] [SERVER INIT] EXPERIMENT_DIR=Revision2/Run_UNET_IID_SKHC32S60_20260124, LOG=Revision2/Run_UNET_IID_SKHC32S60_20260124/Server/ServerReport20260124.log
[2026-01-24 22:13:29,836] [INFO] [ENV] SERVER_ADDRESS=127.0.0.1, SERVER_PORT=8089, DATA_PATH=/home/jovyan/FeTS2022/MICCAI_FeTS2022_TrainingData, ENCODING_MODE=SKH, N_CLUSTERS=32
[2026-01-24 22:13:29,946] [INFO] [DATA] Server test set loaded with 67 samples.
[2026-01-24 22:13:30,230] [INFO] [MODEL INIT] UNet with 148 layers initialized on cuda
[2026-01-24 22:13:30,267] [INFO] [STRATEGY INIT] mode=SKH, UsedClusters=32 (EnvNClusters=32), experiment_dir=Revision2/Run_UNET_IID_SKHC32S60_20260124 | BestMetricKey=WT
[2026-01-24 22:13:30,267] [INFO] [SERVER START] Address=127.0.0.1:8089, Rounds=25, Mode=SKH, NClusters=32
[2026-01-24 22:13:30,305] [INFO] [DEBUG][SERVER] Model expects 148 layers
[2026-01-24 22:13:30,319] [INFO] [DEBUG] Loaded 148 of 148 layers
[2026-01-24 22:13:30,319] [INFO] [Server] Evaluating at round 0
[2026-01-24 22:13:30,319] [INFO] [SERVER][Round 0] Starting evaluation (mode=SKH)...
[2026-01-24 22:13:52,005] [INFO] [Round 0] WT Dice: 0.1107 | Time: 21.69s
[2026-01-24 22:13:52,112] [INFO] [BEST MODEL] Saved: Revision2/Run_UNET_IID_SKHC32S60_20260124/Server/best_model.pth
[2026-01-24 22:13:52,191] [INFO] [BEST MODEL] Saved: Revision2/Run_UNET_IID_SKHC32S60_20260124/Server/best_model_round0.pth
[2026-01-24 22:13:52,191] [INFO] [BEST MODEL] New best at round 0: WT=0.1107
[2026-01-24 22:18:30,388] [INFO] [SERVER INIT] EXPERIMENT_DIR=Revision2/Run_UNET_IID_SKHC32S60_20260124, LOG=Revision2/Run_UNET_IID_SKHC32S60_20260124/Server/ServerReport20260124.log
[2026-01-24 22:18:30,390] [INFO] [ENV] SERVER_ADDRESS=127.0.0.1, SERVER_PORT=8089, DATA_PATH=/home/jovyan/FeTS2022/MICCAI_FeTS2022_TrainingData, ENCODING_MODE=SKH, N_CLUSTERS=32
[2026-01-24 22:18:30,502] [INFO] [DATA] Server test set loaded with 67 samples.
[2026-01-24 22:18:30,781] [INFO] [MODEL INIT] UNet with 148 layers initialized on cuda
[2026-01-24 22:18:30,816] [INFO] [STRATEGY INIT] mode=SKH, UsedClusters=32 (EnvNClusters=32), experiment_dir=Revision2/Run_UNET_IID_SKHC32S60_20260124 | BestMetricKey=WT
[2026-01-24 22:18:30,816] [INFO] [SERVER START] Address=127.0.0.1:8089, Rounds=25, Mode=SKH, NClusters=32
[2026-01-24 22:18:30,853] [INFO] [DEBUG][SERVER] Model expects 148 layers
[2026-01-24 22:18:30,866] [INFO] [DEBUG] Loaded 148 of 148 layers
[2026-01-24 22:18:30,867] [INFO] [Server] Evaluating at round 0
[2026-01-24 22:18:30,867] [INFO] [SERVER][Round 0] Starting evaluation (mode=SKH)...
[2026-01-24 22:18:52,699] [INFO] [Round 0] WT Dice: 0.1107 | Time: 21.83s
[2026-01-24 22:18:52,797] [INFO] [BEST MODEL] Saved: Revision2/Run_UNET_IID_SKHC32S60_20260124/Server/best_model.pth
[2026-01-24 22:18:52,874] [INFO] [BEST MODEL] Saved: Revision2/Run_UNET_IID_SKHC32S60_20260124/Server/best_model_round0.pth
[2026-01-24 22:18:52,875] [INFO] [BEST MODEL] New best at round 0: WT=0.1107
