[2026-01-19 14:06:31,183] [INFO] [SERVER INIT] EXPERIMENT_DIR=Revision/Run_UNET_IID_KH_20260119, LOG=Revision/Run_UNET_IID_KH_20260119/Server/ServerReport20260119.log
[2026-01-19 14:06:31,185] [INFO] [ENV] SERVER_ADDRESS=127.0.0.1, SERVER_PORT=8089, DATA_PATH=/home/jovyan/FeTS2022/MICCAI_FeTS2022_TrainingData, ENCODING_MODE=KH, N_CLUSTERS=32
[2026-01-19 14:06:31,293] [INFO] [DATA] Server test set loaded with 67 samples.
[2026-01-19 14:06:31,551] [INFO] [MODEL INIT] UNet with 148 layers initialized on cuda
[2026-01-19 14:06:31,589] [INFO] [STRATEGY INIT] mode=KH, n_clusters=32, experiment_dir=Revision/Run_UNET_IID_KH_20260119
[2026-01-19 14:06:31,589] [INFO] [SERVER START] Address=127.0.0.1:8089, Rounds=25, Mode=KH, NClusters=32
[2026-01-19 14:06:31,607] [INFO] [Server] Evaluating at round 0
[2026-01-19 14:06:31,607] [INFO] [SERVER][Round 0] Starting evaluation (mode=KH)...
[2026-01-19 14:06:53,271] [INFO] [Round 0] WT Dice: 0.1107 | Time: 21.66s
[2026-01-19 14:18:26,459] [INFO] [SERVER DEBUG] aggregate_fit called at round 1
[2026-01-19 14:18:26,460] [INFO] [DEBUG] aggregate_fit received 4 results at round 1
[2026-01-19 14:18:26,460] [INFO] [DEBUG] Decoding client response from f175a5df41c34083aa31cc39219fefa3...
[2026-01-19 14:18:26,712] [INFO] [DEBUG] Decoding client response from 39b917c032ef405cb38c5f2ba1e0fb0d...
[2026-01-19 14:18:26,870] [INFO] [DEBUG] Decoding client response from ea5de49e9f364629b159ac47e8c27f8e...
[2026-01-19 14:18:26,970] [INFO] [DEBUG] Decoding client response from 655535d67cdd4c25943ff0f4ca78cdd7...
[2026-01-19 14:18:27,034] [INFO] [ENCODE] Starting encode_weights in aggregate_fit...
[2026-01-19 14:18:35,580] [INFO] [ENCODE] Finished encode_weights.
[2026-01-19 14:18:35,778] [INFO] [DEBUG][SERVER] Model expects 148 layers
[2026-01-19 14:18:35,788] [INFO] [DEBUG] Loaded 148 of 148 layers
[2026-01-19 14:18:35,885] [INFO] [Server] Evaluating at round 1
[2026-01-19 14:18:35,885] [INFO] [SERVER][Round 1] Starting evaluation (mode=KH)...
[2026-01-19 14:18:53,052] [INFO] [Round 1] WT Dice: 0.3479 | Time: 17.17s
[2026-01-19 14:31:14,868] [INFO] [SERVER DEBUG] aggregate_fit called at round 2
[2026-01-19 14:31:14,869] [INFO] [DEBUG] aggregate_fit received 4 results at round 2
[2026-01-19 14:31:14,869] [INFO] [DEBUG] Decoding client response from 39b917c032ef405cb38c5f2ba1e0fb0d...
[2026-01-19 14:31:15,191] [INFO] [DEBUG] Decoding client response from 655535d67cdd4c25943ff0f4ca78cdd7...
[2026-01-19 14:31:15,372] [INFO] [DEBUG] Decoding client response from f175a5df41c34083aa31cc39219fefa3...
[2026-01-19 14:31:15,608] [INFO] [DEBUG] Decoding client response from ea5de49e9f364629b159ac47e8c27f8e...
[2026-01-19 14:31:15,778] [INFO] [ENCODE] Starting encode_weights in aggregate_fit...
[2026-01-19 14:31:24,206] [INFO] [ENCODE] Finished encode_weights.
[2026-01-19 14:31:24,390] [INFO] [DEBUG][SERVER] Model expects 148 layers
[2026-01-19 14:31:24,413] [INFO] [DEBUG] Loaded 148 of 148 layers
[2026-01-19 14:31:24,601] [INFO] [Server] Evaluating at round 2
[2026-01-19 14:31:24,601] [INFO] [SERVER][Round 2] Starting evaluation (mode=KH)...
[2026-01-19 14:31:41,844] [INFO] [Round 2] WT Dice: 0.4334 | Time: 17.24s
[2026-01-19 14:44:36,429] [INFO] [SERVER DEBUG] aggregate_fit called at round 3
[2026-01-19 14:44:36,429] [INFO] [DEBUG] aggregate_fit received 4 results at round 3
[2026-01-19 14:44:36,430] [INFO] [DEBUG] Decoding client response from f175a5df41c34083aa31cc39219fefa3...
[2026-01-19 14:44:36,644] [INFO] [DEBUG] Decoding client response from ea5de49e9f364629b159ac47e8c27f8e...
[2026-01-19 14:44:36,811] [INFO] [DEBUG] Decoding client response from 39b917c032ef405cb38c5f2ba1e0fb0d...
[2026-01-19 14:44:36,955] [INFO] [DEBUG] Decoding client response from 655535d67cdd4c25943ff0f4ca78cdd7...
[2026-01-19 14:44:37,180] [INFO] [ENCODE] Starting encode_weights in aggregate_fit...
[2026-01-19 14:44:47,377] [INFO] [ENCODE] Finished encode_weights.
[2026-01-19 14:44:47,555] [INFO] [DEBUG][SERVER] Model expects 148 layers
[2026-01-19 14:44:47,573] [INFO] [DEBUG] Loaded 148 of 148 layers
[2026-01-19 14:44:47,719] [INFO] [Server] Evaluating at round 3
[2026-01-19 14:44:47,719] [INFO] [SERVER][Round 3] Starting evaluation (mode=KH)...
[2026-01-19 14:45:05,041] [INFO] [Round 3] WT Dice: 0.5378 | Time: 17.32s
[2026-01-19 14:57:54,996] [INFO] [SERVER DEBUG] aggregate_fit called at round 4
[2026-01-19 14:57:54,997] [INFO] [DEBUG] aggregate_fit received 4 results at round 4
[2026-01-19 14:57:54,997] [INFO] [DEBUG] Decoding client response from 655535d67cdd4c25943ff0f4ca78cdd7...
[2026-01-19 14:57:55,209] [INFO] [DEBUG] Decoding client response from f175a5df41c34083aa31cc39219fefa3...
[2026-01-19 14:57:55,371] [INFO] [DEBUG] Decoding client response from 39b917c032ef405cb38c5f2ba1e0fb0d...
[2026-01-19 14:57:55,534] [INFO] [DEBUG] Decoding client response from ea5de49e9f364629b159ac47e8c27f8e...
[2026-01-19 14:57:55,718] [INFO] [ENCODE] Starting encode_weights in aggregate_fit...
[2026-01-19 14:58:04,123] [INFO] [ENCODE] Finished encode_weights.
[2026-01-19 14:58:04,305] [INFO] [DEBUG][SERVER] Model expects 148 layers
[2026-01-19 14:58:04,322] [INFO] [DEBUG] Loaded 148 of 148 layers
[2026-01-19 14:58:04,467] [INFO] [Server] Evaluating at round 4
[2026-01-19 14:58:04,467] [INFO] [SERVER][Round 4] Starting evaluation (mode=KH)...
[2026-01-19 14:58:21,681] [INFO] [Round 4] WT Dice: 0.5539 | Time: 17.21s
[2026-01-19 15:10:48,030] [INFO] [SERVER DEBUG] aggregate_fit called at round 5
[2026-01-19 15:10:48,031] [INFO] [DEBUG] aggregate_fit received 4 results at round 5
[2026-01-19 15:10:48,031] [INFO] [DEBUG] Decoding client response from 39b917c032ef405cb38c5f2ba1e0fb0d...
[2026-01-19 15:10:48,190] [INFO] [DEBUG] Decoding client response from ea5de49e9f364629b159ac47e8c27f8e...
[2026-01-19 15:10:48,323] [INFO] [DEBUG] Decoding client response from 655535d67cdd4c25943ff0f4ca78cdd7...
[2026-01-19 15:10:48,454] [INFO] [DEBUG] Decoding client response from f175a5df41c34083aa31cc39219fefa3...
[2026-01-19 15:10:48,596] [INFO] [ENCODE] Starting encode_weights in aggregate_fit...
[2026-01-19 15:10:57,148] [INFO] [ENCODE] Finished encode_weights.
[2026-01-19 15:10:57,318] [INFO] [DEBUG][SERVER] Model expects 148 layers
[2026-01-19 15:10:57,338] [INFO] [DEBUG] Loaded 148 of 148 layers
[2026-01-19 15:10:57,484] [INFO] [Server] Evaluating at round 5
[2026-01-19 15:10:57,485] [INFO] [SERVER][Round 5] Starting evaluation (mode=KH)...
[2026-01-19 15:11:14,639] [INFO] [Round 5] WT Dice: 0.5033 | Time: 17.15s
[2026-01-19 15:22:58,394] [INFO] [SERVER DEBUG] aggregate_fit called at round 6
[2026-01-19 15:22:58,394] [INFO] [DEBUG] aggregate_fit received 4 results at round 6
[2026-01-19 15:22:58,395] [INFO] [DEBUG] Decoding client response from f175a5df41c34083aa31cc39219fefa3...
[2026-01-19 15:22:58,543] [INFO] [DEBUG] Decoding client response from 39b917c032ef405cb38c5f2ba1e0fb0d...
[2026-01-19 15:22:58,670] [INFO] [DEBUG] Decoding client response from ea5de49e9f364629b159ac47e8c27f8e...
[2026-01-19 15:22:58,808] [INFO] [DEBUG] Decoding client response from 655535d67cdd4c25943ff0f4ca78cdd7...
[2026-01-19 15:22:58,959] [INFO] [ENCODE] Starting encode_weights in aggregate_fit...
[2026-01-19 15:23:07,473] [INFO] [ENCODE] Finished encode_weights.
[2026-01-19 15:23:07,662] [INFO] [DEBUG][SERVER] Model expects 148 layers
[2026-01-19 15:23:07,679] [INFO] [DEBUG] Loaded 148 of 148 layers
[2026-01-19 15:23:07,848] [INFO] [Server] Evaluating at round 6
[2026-01-19 15:23:07,848] [INFO] [SERVER][Round 6] Starting evaluation (mode=KH)...
[2026-01-19 15:23:24,992] [INFO] [Round 6] WT Dice: 0.2888 | Time: 17.14s
[2026-01-19 15:35:41,108] [INFO] [SERVER DEBUG] aggregate_fit called at round 7
[2026-01-19 15:35:41,109] [INFO] [DEBUG] aggregate_fit received 4 results at round 7
[2026-01-19 15:35:41,109] [INFO] [DEBUG] Decoding client response from 39b917c032ef405cb38c5f2ba1e0fb0d...
[2026-01-19 15:35:41,279] [INFO] [DEBUG] Decoding client response from ea5de49e9f364629b159ac47e8c27f8e...
[2026-01-19 15:35:41,408] [INFO] [DEBUG] Decoding client response from f175a5df41c34083aa31cc39219fefa3...
[2026-01-19 15:35:41,543] [INFO] [DEBUG] Decoding client response from 655535d67cdd4c25943ff0f4ca78cdd7...
[2026-01-19 15:35:41,696] [INFO] [ENCODE] Starting encode_weights in aggregate_fit...
[2026-01-19 15:35:50,088] [INFO] [ENCODE] Finished encode_weights.
[2026-01-19 15:35:50,273] [INFO] [DEBUG][SERVER] Model expects 148 layers
[2026-01-19 15:35:50,286] [INFO] [DEBUG] Loaded 148 of 148 layers
[2026-01-19 15:35:50,443] [INFO] [Server] Evaluating at round 7
[2026-01-19 15:35:50,443] [INFO] [SERVER][Round 7] Starting evaluation (mode=KH)...
[2026-01-19 15:36:07,636] [INFO] [Round 7] WT Dice: 0.3896 | Time: 17.19s
[2026-01-19 15:48:26,559] [INFO] [SERVER DEBUG] aggregate_fit called at round 8
[2026-01-19 15:48:26,559] [INFO] [DEBUG] aggregate_fit received 4 results at round 8
[2026-01-19 15:48:26,559] [INFO] [DEBUG] Decoding client response from ea5de49e9f364629b159ac47e8c27f8e...
[2026-01-19 15:48:26,702] [INFO] [DEBUG] Decoding client response from 655535d67cdd4c25943ff0f4ca78cdd7...
[2026-01-19 15:48:26,830] [INFO] [DEBUG] Decoding client response from f175a5df41c34083aa31cc39219fefa3...
[2026-01-19 15:48:26,962] [INFO] [DEBUG] Decoding client response from 39b917c032ef405cb38c5f2ba1e0fb0d...
[2026-01-19 15:48:27,102] [INFO] [ENCODE] Starting encode_weights in aggregate_fit...
[2026-01-19 15:48:35,733] [INFO] [ENCODE] Finished encode_weights.
[2026-01-19 15:48:35,910] [INFO] [DEBUG][SERVER] Model expects 148 layers
[2026-01-19 15:48:35,927] [INFO] [DEBUG] Loaded 148 of 148 layers
[2026-01-19 15:48:36,074] [INFO] [Server] Evaluating at round 8
[2026-01-19 15:48:36,074] [INFO] [SERVER][Round 8] Starting evaluation (mode=KH)...
[2026-01-19 15:48:53,180] [INFO] [Round 8] WT Dice: 0.3819 | Time: 17.11s
[2026-01-19 16:01:22,239] [INFO] [SERVER DEBUG] aggregate_fit called at round 9
[2026-01-19 16:01:22,240] [INFO] [DEBUG] aggregate_fit received 4 results at round 9
[2026-01-19 16:01:22,240] [INFO] [DEBUG] Decoding client response from 39b917c032ef405cb38c5f2ba1e0fb0d...
[2026-01-19 16:01:22,401] [INFO] [DEBUG] Decoding client response from 655535d67cdd4c25943ff0f4ca78cdd7...
[2026-01-19 16:01:22,543] [INFO] [DEBUG] Decoding client response from ea5de49e9f364629b159ac47e8c27f8e...
[2026-01-19 16:01:22,677] [INFO] [DEBUG] Decoding client response from f175a5df41c34083aa31cc39219fefa3...
[2026-01-19 16:01:22,849] [INFO] [ENCODE] Starting encode_weights in aggregate_fit...
[2026-01-19 16:01:32,164] [INFO] [ENCODE] Finished encode_weights.
[2026-01-19 16:01:32,343] [INFO] [DEBUG][SERVER] Model expects 148 layers
[2026-01-19 16:01:32,362] [INFO] [DEBUG] Loaded 148 of 148 layers
[2026-01-19 16:01:32,524] [INFO] [Server] Evaluating at round 9
[2026-01-19 16:01:32,524] [INFO] [SERVER][Round 9] Starting evaluation (mode=KH)...
[2026-01-19 16:01:49,730] [INFO] [Round 9] WT Dice: 0.3561 | Time: 17.21s
[2026-01-19 16:13:51,449] [INFO] [SERVER DEBUG] aggregate_fit called at round 10
[2026-01-19 16:13:51,450] [INFO] [DEBUG] aggregate_fit received 4 results at round 10
[2026-01-19 16:13:51,450] [INFO] [DEBUG] Decoding client response from 655535d67cdd4c25943ff0f4ca78cdd7...
[2026-01-19 16:13:51,635] [INFO] [DEBUG] Decoding client response from ea5de49e9f364629b159ac47e8c27f8e...
[2026-01-19 16:13:51,786] [INFO] [DEBUG] Decoding client response from 39b917c032ef405cb38c5f2ba1e0fb0d...
[2026-01-19 16:13:51,927] [INFO] [DEBUG] Decoding client response from f175a5df41c34083aa31cc39219fefa3...
[2026-01-19 16:13:52,075] [INFO] [ENCODE] Starting encode_weights in aggregate_fit...
[2026-01-19 16:14:00,745] [INFO] [ENCODE] Finished encode_weights.
[2026-01-19 16:14:00,918] [INFO] [DEBUG][SERVER] Model expects 148 layers
[2026-01-19 16:14:00,937] [INFO] [DEBUG] Loaded 148 of 148 layers
[2026-01-19 16:14:01,085] [INFO] [Server] Evaluating at round 10
[2026-01-19 16:14:01,085] [INFO] [SERVER][Round 10] Starting evaluation (mode=KH)...
[2026-01-19 16:14:18,066] [INFO] [Round 10] WT Dice: 0.3287 | Time: 16.98s
[2026-01-19 16:26:42,302] [INFO] [SERVER DEBUG] aggregate_fit called at round 11
[2026-01-19 16:26:42,302] [INFO] [DEBUG] aggregate_fit received 4 results at round 11
[2026-01-19 16:26:42,302] [INFO] [DEBUG] Decoding client response from ea5de49e9f364629b159ac47e8c27f8e...
[2026-01-19 16:26:42,449] [INFO] [DEBUG] Decoding client response from 655535d67cdd4c25943ff0f4ca78cdd7...
[2026-01-19 16:26:42,584] [INFO] [DEBUG] Decoding client response from f175a5df41c34083aa31cc39219fefa3...
[2026-01-19 16:26:42,714] [INFO] [DEBUG] Decoding client response from 39b917c032ef405cb38c5f2ba1e0fb0d...
[2026-01-19 16:26:42,857] [INFO] [ENCODE] Starting encode_weights in aggregate_fit...
[2026-01-19 16:26:51,793] [INFO] [ENCODE] Finished encode_weights.
[2026-01-19 16:26:51,964] [INFO] [DEBUG][SERVER] Model expects 148 layers
[2026-01-19 16:26:51,983] [INFO] [DEBUG] Loaded 148 of 148 layers
[2026-01-19 16:26:52,146] [INFO] [Server] Evaluating at round 11
[2026-01-19 16:26:52,146] [INFO] [SERVER][Round 11] Starting evaluation (mode=KH)...
[2026-01-19 16:27:09,391] [INFO] [Round 11] WT Dice: 0.6442 | Time: 17.24s
[2026-01-19 16:40:26,018] [INFO] [SERVER DEBUG] aggregate_fit called at round 12
[2026-01-19 16:40:26,018] [INFO] [DEBUG] aggregate_fit received 4 results at round 12
[2026-01-19 16:40:26,018] [INFO] [DEBUG] Decoding client response from ea5de49e9f364629b159ac47e8c27f8e...
[2026-01-19 16:40:26,174] [INFO] [DEBUG] Decoding client response from 39b917c032ef405cb38c5f2ba1e0fb0d...
[2026-01-19 16:40:26,306] [INFO] [DEBUG] Decoding client response from 655535d67cdd4c25943ff0f4ca78cdd7...
[2026-01-19 16:40:26,448] [INFO] [DEBUG] Decoding client response from f175a5df41c34083aa31cc39219fefa3...
[2026-01-19 16:40:26,605] [INFO] [ENCODE] Starting encode_weights in aggregate_fit...
[2026-01-19 16:40:36,013] [INFO] [ENCODE] Finished encode_weights.
[2026-01-19 16:40:36,186] [INFO] [DEBUG][SERVER] Model expects 148 layers
[2026-01-19 16:40:36,207] [INFO] [DEBUG] Loaded 148 of 148 layers
[2026-01-19 16:40:36,378] [INFO] [Server] Evaluating at round 12
[2026-01-19 16:40:36,378] [INFO] [SERVER][Round 12] Starting evaluation (mode=KH)...
[2026-01-19 16:40:53,656] [INFO] [Round 12] WT Dice: 0.6377 | Time: 17.28s
[2026-01-19 16:53:17,603] [INFO] [SERVER DEBUG] aggregate_fit called at round 13
[2026-01-19 16:53:17,603] [INFO] [DEBUG] aggregate_fit received 4 results at round 13
[2026-01-19 16:53:17,603] [INFO] [DEBUG] Decoding client response from 39b917c032ef405cb38c5f2ba1e0fb0d...
[2026-01-19 16:53:17,785] [INFO] [DEBUG] Decoding client response from f175a5df41c34083aa31cc39219fefa3...
[2026-01-19 16:53:17,924] [INFO] [DEBUG] Decoding client response from 655535d67cdd4c25943ff0f4ca78cdd7...
[2026-01-19 16:53:18,067] [INFO] [DEBUG] Decoding client response from ea5de49e9f364629b159ac47e8c27f8e...
[2026-01-19 16:53:18,215] [INFO] [ENCODE] Starting encode_weights in aggregate_fit...
[2026-01-19 16:53:26,840] [INFO] [ENCODE] Finished encode_weights.
[2026-01-19 16:53:27,009] [INFO] [DEBUG][SERVER] Model expects 148 layers
[2026-01-19 16:53:27,028] [INFO] [DEBUG] Loaded 148 of 148 layers
[2026-01-19 16:53:27,204] [INFO] [Server] Evaluating at round 13
[2026-01-19 16:53:27,205] [INFO] [SERVER][Round 13] Starting evaluation (mode=KH)...
[2026-01-19 16:53:44,456] [INFO] [Round 13] WT Dice: 0.8024 | Time: 17.25s
[2026-01-19 17:06:21,531] [INFO] [SERVER DEBUG] aggregate_fit called at round 14
[2026-01-19 17:06:21,532] [INFO] [DEBUG] aggregate_fit received 4 results at round 14
[2026-01-19 17:06:21,532] [INFO] [DEBUG] Decoding client response from 39b917c032ef405cb38c5f2ba1e0fb0d...
[2026-01-19 17:06:21,679] [INFO] [DEBUG] Decoding client response from 655535d67cdd4c25943ff0f4ca78cdd7...
[2026-01-19 17:06:21,818] [INFO] [DEBUG] Decoding client response from ea5de49e9f364629b159ac47e8c27f8e...
[2026-01-19 17:06:21,956] [INFO] [DEBUG] Decoding client response from f175a5df41c34083aa31cc39219fefa3...
[2026-01-19 17:06:22,100] [INFO] [ENCODE] Starting encode_weights in aggregate_fit...
[2026-01-19 17:06:30,361] [INFO] [ENCODE] Finished encode_weights.
[2026-01-19 17:06:30,533] [INFO] [DEBUG][SERVER] Model expects 148 layers
[2026-01-19 17:06:30,554] [INFO] [DEBUG] Loaded 148 of 148 layers
[2026-01-19 17:06:30,710] [INFO] [Server] Evaluating at round 14
[2026-01-19 17:06:30,710] [INFO] [SERVER][Round 14] Starting evaluation (mode=KH)...
[2026-01-19 17:06:47,750] [INFO] [Round 14] WT Dice: 0.7522 | Time: 17.04s
[2026-01-19 17:19:27,569] [INFO] [SERVER DEBUG] aggregate_fit called at round 15
[2026-01-19 17:19:27,569] [INFO] [DEBUG] aggregate_fit received 4 results at round 15
[2026-01-19 17:19:27,569] [INFO] [DEBUG] Decoding client response from 655535d67cdd4c25943ff0f4ca78cdd7...
[2026-01-19 17:19:27,738] [INFO] [DEBUG] Decoding client response from 39b917c032ef405cb38c5f2ba1e0fb0d...
[2026-01-19 17:19:27,869] [INFO] [DEBUG] Decoding client response from f175a5df41c34083aa31cc39219fefa3...
[2026-01-19 17:19:28,004] [INFO] [DEBUG] Decoding client response from ea5de49e9f364629b159ac47e8c27f8e...
[2026-01-19 17:19:28,153] [INFO] [ENCODE] Starting encode_weights in aggregate_fit...
[2026-01-19 17:19:36,861] [INFO] [ENCODE] Finished encode_weights.
[2026-01-19 17:19:37,032] [INFO] [DEBUG][SERVER] Model expects 148 layers
[2026-01-19 17:19:37,051] [INFO] [DEBUG] Loaded 148 of 148 layers
[2026-01-19 17:19:37,205] [INFO] [Server] Evaluating at round 15
[2026-01-19 17:19:37,206] [INFO] [SERVER][Round 15] Starting evaluation (mode=KH)...
[2026-01-19 17:19:54,358] [INFO] [Round 15] WT Dice: 0.9120 | Time: 17.15s
[2026-01-19 17:33:20,426] [INFO] [SERVER DEBUG] aggregate_fit called at round 16
[2026-01-19 17:33:20,426] [INFO] [DEBUG] aggregate_fit received 4 results at round 16
[2026-01-19 17:33:20,426] [INFO] [DEBUG] Decoding client response from 655535d67cdd4c25943ff0f4ca78cdd7...
[2026-01-19 17:33:20,582] [INFO] [DEBUG] Decoding client response from ea5de49e9f364629b159ac47e8c27f8e...
[2026-01-19 17:33:20,732] [INFO] [DEBUG] Decoding client response from 39b917c032ef405cb38c5f2ba1e0fb0d...
[2026-01-19 17:33:20,949] [INFO] [DEBUG] Decoding client response from f175a5df41c34083aa31cc39219fefa3...
[2026-01-19 17:33:21,118] [INFO] [ENCODE] Starting encode_weights in aggregate_fit...
[2026-01-19 17:33:30,408] [INFO] [ENCODE] Finished encode_weights.
[2026-01-19 17:33:30,611] [INFO] [DEBUG][SERVER] Model expects 148 layers
[2026-01-19 17:33:30,623] [INFO] [DEBUG] Loaded 148 of 148 layers
[2026-01-19 17:33:30,803] [INFO] [Server] Evaluating at round 16
[2026-01-19 17:33:30,804] [INFO] [SERVER][Round 16] Starting evaluation (mode=KH)...
[2026-01-19 17:33:48,125] [INFO] [Round 16] WT Dice: 0.9796 | Time: 17.32s
[2026-01-19 17:46:22,086] [INFO] [SERVER DEBUG] aggregate_fit called at round 17
[2026-01-19 17:46:22,086] [INFO] [DEBUG] aggregate_fit received 4 results at round 17
[2026-01-19 17:46:22,086] [INFO] [DEBUG] Decoding client response from 39b917c032ef405cb38c5f2ba1e0fb0d...
[2026-01-19 17:46:22,242] [INFO] [DEBUG] Decoding client response from ea5de49e9f364629b159ac47e8c27f8e...
[2026-01-19 17:46:22,378] [INFO] [DEBUG] Decoding client response from 655535d67cdd4c25943ff0f4ca78cdd7...
[2026-01-19 17:46:22,515] [INFO] [DEBUG] Decoding client response from f175a5df41c34083aa31cc39219fefa3...
[2026-01-19 17:46:22,673] [INFO] [ENCODE] Starting encode_weights in aggregate_fit...
[2026-01-19 17:46:31,231] [INFO] [ENCODE] Finished encode_weights.
[2026-01-19 17:46:31,430] [INFO] [DEBUG][SERVER] Model expects 148 layers
[2026-01-19 17:46:31,447] [INFO] [DEBUG] Loaded 148 of 148 layers
[2026-01-19 17:46:31,603] [INFO] [Server] Evaluating at round 17
[2026-01-19 17:46:31,603] [INFO] [SERVER][Round 17] Starting evaluation (mode=KH)...
[2026-01-19 17:46:48,919] [INFO] [Round 17] WT Dice: 0.9835 | Time: 17.32s
[2026-01-19 17:59:08,709] [INFO] [SERVER DEBUG] aggregate_fit called at round 18
[2026-01-19 17:59:08,710] [INFO] [DEBUG] aggregate_fit received 4 results at round 18
[2026-01-19 17:59:08,710] [INFO] [DEBUG] Decoding client response from f175a5df41c34083aa31cc39219fefa3...
[2026-01-19 17:59:08,874] [INFO] [DEBUG] Decoding client response from 655535d67cdd4c25943ff0f4ca78cdd7...
[2026-01-19 17:59:09,012] [INFO] [DEBUG] Decoding client response from ea5de49e9f364629b159ac47e8c27f8e...
[2026-01-19 17:59:09,150] [INFO] [DEBUG] Decoding client response from 39b917c032ef405cb38c5f2ba1e0fb0d...
[2026-01-19 17:59:09,296] [INFO] [ENCODE] Starting encode_weights in aggregate_fit...
[2026-01-19 17:59:18,095] [INFO] [ENCODE] Finished encode_weights.
[2026-01-19 17:59:18,279] [INFO] [DEBUG][SERVER] Model expects 148 layers
[2026-01-19 17:59:18,300] [INFO] [DEBUG] Loaded 148 of 148 layers
[2026-01-19 17:59:18,455] [INFO] [Server] Evaluating at round 18
[2026-01-19 17:59:18,455] [INFO] [SERVER][Round 18] Starting evaluation (mode=KH)...
[2026-01-19 17:59:35,741] [INFO] [Round 18] WT Dice: 0.9830 | Time: 17.29s
[2026-01-19 18:11:57,437] [INFO] [SERVER DEBUG] aggregate_fit called at round 19
[2026-01-19 18:11:57,437] [INFO] [DEBUG] aggregate_fit received 4 results at round 19
[2026-01-19 18:11:57,437] [INFO] [DEBUG] Decoding client response from ea5de49e9f364629b159ac47e8c27f8e...
[2026-01-19 18:11:57,584] [INFO] [DEBUG] Decoding client response from 39b917c032ef405cb38c5f2ba1e0fb0d...
[2026-01-19 18:11:57,723] [INFO] [DEBUG] Decoding client response from 655535d67cdd4c25943ff0f4ca78cdd7...
[2026-01-19 18:11:57,859] [INFO] [DEBUG] Decoding client response from f175a5df41c34083aa31cc39219fefa3...
[2026-01-19 18:11:58,013] [INFO] [ENCODE] Starting encode_weights in aggregate_fit...
[2026-01-19 18:12:06,873] [INFO] [ENCODE] Finished encode_weights.
[2026-01-19 18:12:07,074] [INFO] [DEBUG][SERVER] Model expects 148 layers
[2026-01-19 18:12:07,087] [INFO] [DEBUG] Loaded 148 of 148 layers
[2026-01-19 18:12:07,272] [INFO] [Server] Evaluating at round 19
[2026-01-19 18:12:07,272] [INFO] [SERVER][Round 19] Starting evaluation (mode=KH)...
[2026-01-19 18:12:24,392] [INFO] [Round 19] WT Dice: 0.9847 | Time: 17.12s
[2026-01-19 18:25:16,300] [INFO] [SERVER DEBUG] aggregate_fit called at round 20
[2026-01-19 18:25:16,300] [INFO] [DEBUG] aggregate_fit received 4 results at round 20
[2026-01-19 18:25:16,300] [INFO] [DEBUG] Decoding client response from 39b917c032ef405cb38c5f2ba1e0fb0d...
[2026-01-19 18:25:16,473] [INFO] [DEBUG] Decoding client response from 655535d67cdd4c25943ff0f4ca78cdd7...
[2026-01-19 18:25:16,607] [INFO] [DEBUG] Decoding client response from f175a5df41c34083aa31cc39219fefa3...
[2026-01-19 18:25:16,748] [INFO] [DEBUG] Decoding client response from ea5de49e9f364629b159ac47e8c27f8e...
[2026-01-19 18:25:16,916] [INFO] [ENCODE] Starting encode_weights in aggregate_fit...
[2026-01-19 18:25:25,247] [INFO] [ENCODE] Finished encode_weights.
[2026-01-19 18:25:25,435] [INFO] [DEBUG][SERVER] Model expects 148 layers
[2026-01-19 18:25:25,455] [INFO] [DEBUG] Loaded 148 of 148 layers
[2026-01-19 18:25:25,609] [INFO] [Server] Evaluating at round 20
[2026-01-19 18:25:25,610] [INFO] [SERVER][Round 20] Starting evaluation (mode=KH)...
[2026-01-19 18:25:42,864] [INFO] [Round 20] WT Dice: 0.9849 | Time: 17.25s
[2026-01-19 18:37:50,852] [INFO] [SERVER DEBUG] aggregate_fit called at round 21
[2026-01-19 18:37:50,852] [INFO] [DEBUG] aggregate_fit received 4 results at round 21
[2026-01-19 18:37:50,852] [INFO] [DEBUG] Decoding client response from 655535d67cdd4c25943ff0f4ca78cdd7...
[2026-01-19 18:37:51,023] [INFO] [DEBUG] Decoding client response from ea5de49e9f364629b159ac47e8c27f8e...
[2026-01-19 18:37:51,156] [INFO] [DEBUG] Decoding client response from 39b917c032ef405cb38c5f2ba1e0fb0d...
[2026-01-19 18:37:51,293] [INFO] [DEBUG] Decoding client response from f175a5df41c34083aa31cc39219fefa3...
[2026-01-19 18:37:51,449] [INFO] [ENCODE] Starting encode_weights in aggregate_fit...
[2026-01-19 18:38:00,122] [INFO] [ENCODE] Finished encode_weights.
[2026-01-19 18:38:00,324] [INFO] [DEBUG][SERVER] Model expects 148 layers
[2026-01-19 18:38:00,341] [INFO] [DEBUG] Loaded 148 of 148 layers
[2026-01-19 18:38:00,494] [INFO] [Server] Evaluating at round 21
[2026-01-19 18:38:00,494] [INFO] [SERVER][Round 21] Starting evaluation (mode=KH)...
[2026-01-19 18:38:17,939] [INFO] [Round 21] WT Dice: 0.9851 | Time: 17.44s
[2026-01-19 18:50:28,640] [INFO] [SERVER DEBUG] aggregate_fit called at round 22
[2026-01-19 18:50:28,641] [INFO] [DEBUG] aggregate_fit received 4 results at round 22
[2026-01-19 18:50:28,641] [INFO] [DEBUG] Decoding client response from 39b917c032ef405cb38c5f2ba1e0fb0d...
[2026-01-19 18:50:28,800] [INFO] [DEBUG] Decoding client response from 655535d67cdd4c25943ff0f4ca78cdd7...
[2026-01-19 18:50:28,934] [INFO] [DEBUG] Decoding client response from f175a5df41c34083aa31cc39219fefa3...
[2026-01-19 18:50:29,066] [INFO] [DEBUG] Decoding client response from ea5de49e9f364629b159ac47e8c27f8e...
[2026-01-19 18:50:29,210] [INFO] [ENCODE] Starting encode_weights in aggregate_fit...
[2026-01-19 18:50:37,601] [INFO] [ENCODE] Finished encode_weights.
[2026-01-19 18:50:37,795] [INFO] [DEBUG][SERVER] Model expects 148 layers
[2026-01-19 18:50:37,813] [INFO] [DEBUG] Loaded 148 of 148 layers
[2026-01-19 18:50:37,974] [INFO] [Server] Evaluating at round 22
[2026-01-19 18:50:37,974] [INFO] [SERVER][Round 22] Starting evaluation (mode=KH)...
[2026-01-19 18:50:55,371] [INFO] [Round 22] WT Dice: 0.9846 | Time: 17.40s
[2026-01-19 19:03:18,884] [INFO] [SERVER DEBUG] aggregate_fit called at round 23
[2026-01-19 19:03:18,884] [INFO] [DEBUG] aggregate_fit received 4 results at round 23
[2026-01-19 19:03:18,884] [INFO] [DEBUG] Decoding client response from 39b917c032ef405cb38c5f2ba1e0fb0d...
[2026-01-19 19:03:19,041] [INFO] [DEBUG] Decoding client response from ea5de49e9f364629b159ac47e8c27f8e...
[2026-01-19 19:03:19,175] [INFO] [DEBUG] Decoding client response from f175a5df41c34083aa31cc39219fefa3...
[2026-01-19 19:03:19,309] [INFO] [DEBUG] Decoding client response from 655535d67cdd4c25943ff0f4ca78cdd7...
[2026-01-19 19:03:19,457] [INFO] [ENCODE] Starting encode_weights in aggregate_fit...
[2026-01-19 19:03:27,870] [INFO] [ENCODE] Finished encode_weights.
[2026-01-19 19:03:28,063] [INFO] [DEBUG][SERVER] Model expects 148 layers
[2026-01-19 19:03:28,080] [INFO] [DEBUG] Loaded 148 of 148 layers
[2026-01-19 19:03:28,235] [INFO] [Server] Evaluating at round 23
[2026-01-19 19:03:28,235] [INFO] [SERVER][Round 23] Starting evaluation (mode=KH)...
[2026-01-19 19:03:45,499] [INFO] [Round 23] WT Dice: 0.9841 | Time: 17.26s
[2026-01-19 19:16:27,532] [INFO] [SERVER DEBUG] aggregate_fit called at round 24
[2026-01-19 19:16:27,532] [INFO] [DEBUG] aggregate_fit received 4 results at round 24
[2026-01-19 19:16:27,532] [INFO] [DEBUG] Decoding client response from f175a5df41c34083aa31cc39219fefa3...
[2026-01-19 19:16:27,691] [INFO] [DEBUG] Decoding client response from 39b917c032ef405cb38c5f2ba1e0fb0d...
[2026-01-19 19:16:27,821] [INFO] [DEBUG] Decoding client response from 655535d67cdd4c25943ff0f4ca78cdd7...
[2026-01-19 19:16:27,958] [INFO] [DEBUG] Decoding client response from ea5de49e9f364629b159ac47e8c27f8e...
[2026-01-19 19:16:28,111] [INFO] [ENCODE] Starting encode_weights in aggregate_fit...
[2026-01-19 19:16:36,527] [INFO] [ENCODE] Finished encode_weights.
[2026-01-19 19:16:36,733] [INFO] [DEBUG][SERVER] Model expects 148 layers
[2026-01-19 19:16:36,750] [INFO] [DEBUG] Loaded 148 of 148 layers
[2026-01-19 19:16:36,897] [INFO] [Server] Evaluating at round 24
[2026-01-19 19:16:36,898] [INFO] [SERVER][Round 24] Starting evaluation (mode=KH)...
[2026-01-19 19:16:54,205] [INFO] [Round 24] WT Dice: 0.9851 | Time: 17.31s
[2026-01-19 19:29:37,824] [INFO] [SERVER DEBUG] aggregate_fit called at round 25
[2026-01-19 19:29:37,825] [INFO] [DEBUG] aggregate_fit received 4 results at round 25
[2026-01-19 19:29:37,825] [INFO] [DEBUG] Decoding client response from 655535d67cdd4c25943ff0f4ca78cdd7...
[2026-01-19 19:29:37,976] [INFO] [DEBUG] Decoding client response from f175a5df41c34083aa31cc39219fefa3...
[2026-01-19 19:29:38,113] [INFO] [DEBUG] Decoding client response from 39b917c032ef405cb38c5f2ba1e0fb0d...
[2026-01-19 19:29:38,246] [INFO] [DEBUG] Decoding client response from ea5de49e9f364629b159ac47e8c27f8e...
[2026-01-19 19:29:38,395] [INFO] [ENCODE] Starting encode_weights in aggregate_fit...
[2026-01-19 19:29:47,038] [INFO] [ENCODE] Finished encode_weights.
[2026-01-19 19:29:47,246] [INFO] [DEBUG][SERVER] Model expects 148 layers
[2026-01-19 19:29:47,265] [INFO] [DEBUG] Loaded 148 of 148 layers
[2026-01-19 19:29:47,418] [INFO] [Server] Evaluating at round 25
[2026-01-19 19:29:47,418] [INFO] [SERVER][Round 25] Starting evaluation (mode=KH)...
[2026-01-19 19:30:04,707] [INFO] [Round 25] WT Dice: 0.9840 | Time: 17.29s
