[2026-01-23 07:52:17,427] [INFO] [SERVER INIT] EXPERIMENT_DIR=Revision2/Run_UNET_NonIID_KH32_20260123, LOG=Revision2/Run_UNET_NonIID_KH32_20260123/Server/ServerReport20260123.log
[2026-01-23 07:52:17,429] [INFO] [ENV] SERVER_ADDRESS=127.0.0.1, SERVER_PORT=8089, DATA_PATH=/home/jovyan/FeTS2022/MICCAI_FeTS2022_TrainingData, ENCODING_MODE=KH, N_CLUSTERS=32
[2026-01-23 07:52:17,547] [INFO] [DATA] Server test set loaded with 67 samples.
[2026-01-23 07:52:17,826] [INFO] [MODEL INIT] UNet with 148 layers initialized on cuda
[2026-01-23 07:52:17,865] [INFO] [STRATEGY INIT] mode=KH, UsedClusters=32 (EnvNClusters=32), experiment_dir=Revision2/Run_UNET_NonIID_KH32_20260123 | BestMetricKey=WT
[2026-01-23 07:52:17,865] [INFO] [SERVER START] Address=127.0.0.1:8089, Rounds=25, Mode=KH, NClusters=32
[2026-01-23 07:52:17,902] [INFO] [DEBUG][SERVER] Model expects 148 layers
[2026-01-23 07:52:17,917] [INFO] [DEBUG] Loaded 148 of 148 layers
[2026-01-23 07:52:17,918] [INFO] [Server] Evaluating at round 0
[2026-01-23 07:52:17,918] [INFO] [SERVER][Round 0] Starting evaluation (mode=KH)...
[2026-01-23 07:52:40,962] [INFO] [Round 0] WT Dice: 0.1107 | Time: 23.04s
[2026-01-23 07:52:41,043] [INFO] [BEST MODEL] Saved: Revision2/Run_UNET_NonIID_KH32_20260123/Server/best_model.pth
[2026-01-23 07:52:41,110] [INFO] [BEST MODEL] Saved: Revision2/Run_UNET_NonIID_KH32_20260123/Server/best_model_round0.pth
[2026-01-23 07:52:41,110] [INFO] [BEST MODEL] New best at round 0: WT=0.1107
[2026-01-23 08:13:47,366] [INFO] [SERVER DEBUG] aggregate_fit called at round 1
[2026-01-23 08:13:47,366] [INFO] [DEBUG] aggregate_fit received 4 results at round 1
[2026-01-23 08:13:47,366] [INFO] [DEBUG] Decoding client response from 5fa8f16bc55546c8bd7df6d3d580a9d4...
[2026-01-23 08:13:47,609] [INFO] [DEBUG] Decoding client response from 72d60ac47da9449fb5994545b8eb2044...
[2026-01-23 08:13:47,767] [INFO] [DEBUG] Decoding client response from d1cd221b378841ff840e2b54a81d4b00...
[2026-01-23 08:13:47,895] [INFO] [DEBUG] Decoding client response from 5e4a345418f3452787bd30c833e4f547...
[2026-01-23 08:13:47,975] [INFO] [ENCODE] Starting encode_weights in aggregate_fit...
[2026-01-23 08:13:57,227] [INFO] [ENCODE] Finished encode_weights.
[2026-01-23 08:13:57,409] [INFO] [DEBUG][SERVER] Model expects 148 layers
[2026-01-23 08:13:57,427] [INFO] [DEBUG] Loaded 148 of 148 layers
[2026-01-23 08:13:57,757] [INFO] [DEBUG][SERVER] Model expects 148 layers
[2026-01-23 08:13:57,770] [INFO] [DEBUG] Loaded 148 of 148 layers
[2026-01-23 08:13:57,771] [INFO] [Server] Evaluating at round 1
[2026-01-23 08:13:57,771] [INFO] [SERVER][Round 1] Starting evaluation (mode=KH)...
[2026-01-23 08:14:15,176] [INFO] [Round 1] WT Dice: 0.3503 | Time: 17.40s
[2026-01-23 08:14:15,310] [INFO] [BEST MODEL] Saved: Revision2/Run_UNET_NonIID_KH32_20260123/Server/best_model.pth
[2026-01-23 08:14:15,397] [INFO] [BEST MODEL] Saved: Revision2/Run_UNET_NonIID_KH32_20260123/Server/best_model_round1.pth
[2026-01-23 08:14:15,397] [INFO] [BEST MODEL] New best at round 1: WT=0.3503
[2026-01-23 08:36:55,108] [INFO] [SERVER DEBUG] aggregate_fit called at round 2
[2026-01-23 08:36:55,109] [INFO] [DEBUG] aggregate_fit received 4 results at round 2
[2026-01-23 08:36:55,109] [INFO] [DEBUG] Decoding client response from 72d60ac47da9449fb5994545b8eb2044...
[2026-01-23 08:36:55,428] [INFO] [DEBUG] Decoding client response from 5fa8f16bc55546c8bd7df6d3d580a9d4...
[2026-01-23 08:36:55,535] [INFO] [DEBUG] Decoding client response from d1cd221b378841ff840e2b54a81d4b00...
[2026-01-23 08:36:55,644] [INFO] [DEBUG] Decoding client response from 5e4a345418f3452787bd30c833e4f547...
[2026-01-23 08:36:55,892] [INFO] [ENCODE] Starting encode_weights in aggregate_fit...
[2026-01-23 08:37:05,296] [INFO] [ENCODE] Finished encode_weights.
[2026-01-23 08:37:05,471] [INFO] [DEBUG][SERVER] Model expects 148 layers
[2026-01-23 08:37:05,492] [INFO] [DEBUG] Loaded 148 of 148 layers
[2026-01-23 08:37:05,878] [INFO] [DEBUG][SERVER] Model expects 148 layers
[2026-01-23 08:37:05,896] [INFO] [DEBUG] Loaded 148 of 148 layers
[2026-01-23 08:37:05,897] [INFO] [Server] Evaluating at round 2
[2026-01-23 08:37:05,897] [INFO] [SERVER][Round 2] Starting evaluation (mode=KH)...
[2026-01-23 08:37:23,284] [INFO] [Round 2] WT Dice: 0.2736 | Time: 17.39s
[2026-01-23 09:00:04,052] [INFO] [SERVER DEBUG] aggregate_fit called at round 3
[2026-01-23 09:00:04,053] [INFO] [DEBUG] aggregate_fit received 4 results at round 3
[2026-01-23 09:00:04,053] [INFO] [DEBUG] Decoding client response from 72d60ac47da9449fb5994545b8eb2044...
[2026-01-23 09:00:04,191] [INFO] [DEBUG] Decoding client response from d1cd221b378841ff840e2b54a81d4b00...
[2026-01-23 09:00:04,294] [INFO] [DEBUG] Decoding client response from 5fa8f16bc55546c8bd7df6d3d580a9d4...
[2026-01-23 09:00:04,385] [INFO] [DEBUG] Decoding client response from 5e4a345418f3452787bd30c833e4f547...
[2026-01-23 09:00:04,512] [INFO] [ENCODE] Starting encode_weights in aggregate_fit...
[2026-01-23 09:00:13,847] [INFO] [ENCODE] Finished encode_weights.
[2026-01-23 09:00:14,020] [INFO] [DEBUG][SERVER] Model expects 148 layers
[2026-01-23 09:00:14,038] [INFO] [DEBUG] Loaded 148 of 148 layers
[2026-01-23 09:00:14,377] [INFO] [DEBUG][SERVER] Model expects 148 layers
[2026-01-23 09:00:14,388] [INFO] [DEBUG] Loaded 148 of 148 layers
[2026-01-23 09:00:14,388] [INFO] [Server] Evaluating at round 3
[2026-01-23 09:00:14,388] [INFO] [SERVER][Round 3] Starting evaluation (mode=KH)...
[2026-01-23 09:00:31,812] [INFO] [Round 3] WT Dice: 0.5355 | Time: 17.42s
[2026-01-23 09:00:31,900] [INFO] [BEST MODEL] Saved: Revision2/Run_UNET_NonIID_KH32_20260123/Server/best_model.pth
[2026-01-23 09:00:31,978] [INFO] [BEST MODEL] Saved: Revision2/Run_UNET_NonIID_KH32_20260123/Server/best_model_round3.pth
[2026-01-23 09:00:31,978] [INFO] [BEST MODEL] New best at round 3: WT=0.5355
[2026-01-23 09:23:22,106] [INFO] [SERVER DEBUG] aggregate_fit called at round 4
[2026-01-23 09:23:22,107] [INFO] [DEBUG] aggregate_fit received 4 results at round 4
[2026-01-23 09:23:22,107] [INFO] [DEBUG] Decoding client response from 5fa8f16bc55546c8bd7df6d3d580a9d4...
[2026-01-23 09:23:22,226] [INFO] [DEBUG] Decoding client response from 72d60ac47da9449fb5994545b8eb2044...
[2026-01-23 09:23:22,343] [INFO] [DEBUG] Decoding client response from 5e4a345418f3452787bd30c833e4f547...
[2026-01-23 09:23:22,447] [INFO] [DEBUG] Decoding client response from d1cd221b378841ff840e2b54a81d4b00...
[2026-01-23 09:23:22,569] [INFO] [ENCODE] Starting encode_weights in aggregate_fit...
[2026-01-23 09:23:31,956] [INFO] [ENCODE] Finished encode_weights.
[2026-01-23 09:23:32,128] [INFO] [DEBUG][SERVER] Model expects 148 layers
[2026-01-23 09:23:32,149] [INFO] [DEBUG] Loaded 148 of 148 layers
[2026-01-23 09:23:32,481] [INFO] [DEBUG][SERVER] Model expects 148 layers
[2026-01-23 09:23:32,499] [INFO] [DEBUG] Loaded 148 of 148 layers
[2026-01-23 09:23:32,499] [INFO] [Server] Evaluating at round 4
[2026-01-23 09:23:32,499] [INFO] [SERVER][Round 4] Starting evaluation (mode=KH)...
[2026-01-23 09:23:49,714] [INFO] [Round 4] WT Dice: 0.9138 | Time: 17.21s
[2026-01-23 09:23:49,809] [INFO] [BEST MODEL] Saved: Revision2/Run_UNET_NonIID_KH32_20260123/Server/best_model.pth
[2026-01-23 09:23:49,887] [INFO] [BEST MODEL] Saved: Revision2/Run_UNET_NonIID_KH32_20260123/Server/best_model_round4.pth
[2026-01-23 09:23:49,887] [INFO] [BEST MODEL] New best at round 4: WT=0.9138
[2026-01-23 09:46:28,777] [INFO] [SERVER DEBUG] aggregate_fit called at round 5
[2026-01-23 09:46:28,777] [INFO] [DEBUG] aggregate_fit received 4 results at round 5
[2026-01-23 09:46:28,777] [INFO] [DEBUG] Decoding client response from 5fa8f16bc55546c8bd7df6d3d580a9d4...
[2026-01-23 09:46:28,930] [INFO] [DEBUG] Decoding client response from d1cd221b378841ff840e2b54a81d4b00...
[2026-01-23 09:46:29,072] [INFO] [DEBUG] Decoding client response from 72d60ac47da9449fb5994545b8eb2044...
[2026-01-23 09:46:29,207] [INFO] [DEBUG] Decoding client response from 5e4a345418f3452787bd30c833e4f547...
[2026-01-23 09:46:29,460] [INFO] [ENCODE] Starting encode_weights in aggregate_fit...
[2026-01-23 09:46:38,189] [INFO] [ENCODE] Finished encode_weights.
[2026-01-23 09:46:38,361] [INFO] [DEBUG][SERVER] Model expects 148 layers
[2026-01-23 09:46:38,381] [INFO] [DEBUG] Loaded 148 of 148 layers
[2026-01-23 09:46:38,718] [INFO] [DEBUG][SERVER] Model expects 148 layers
[2026-01-23 09:46:38,735] [INFO] [DEBUG] Loaded 148 of 148 layers
[2026-01-23 09:46:38,736] [INFO] [Server] Evaluating at round 5
[2026-01-23 09:46:38,736] [INFO] [SERVER][Round 5] Starting evaluation (mode=KH)...
[2026-01-23 09:46:55,719] [INFO] [Round 5] WT Dice: 0.9754 | Time: 16.98s
[2026-01-23 09:46:55,816] [INFO] [BEST MODEL] Saved: Revision2/Run_UNET_NonIID_KH32_20260123/Server/best_model.pth
[2026-01-23 09:46:55,896] [INFO] [BEST MODEL] Saved: Revision2/Run_UNET_NonIID_KH32_20260123/Server/best_model_round5.pth
[2026-01-23 09:46:55,896] [INFO] [BEST MODEL] New best at round 5: WT=0.9754
[2026-01-23 10:09:32,071] [INFO] [SERVER DEBUG] aggregate_fit called at round 6
[2026-01-23 10:09:32,072] [INFO] [DEBUG] aggregate_fit received 4 results at round 6
[2026-01-23 10:09:32,072] [INFO] [DEBUG] Decoding client response from 72d60ac47da9449fb5994545b8eb2044...
[2026-01-23 10:09:32,176] [INFO] [DEBUG] Decoding client response from d1cd221b378841ff840e2b54a81d4b00...
[2026-01-23 10:09:32,277] [INFO] [DEBUG] Decoding client response from 5e4a345418f3452787bd30c833e4f547...
[2026-01-23 10:09:32,385] [INFO] [DEBUG] Decoding client response from 5fa8f16bc55546c8bd7df6d3d580a9d4...
[2026-01-23 10:09:32,486] [INFO] [ENCODE] Starting encode_weights in aggregate_fit...
[2026-01-23 10:09:41,523] [INFO] [ENCODE] Finished encode_weights.
[2026-01-23 10:09:41,713] [INFO] [DEBUG][SERVER] Model expects 148 layers
[2026-01-23 10:09:41,735] [INFO] [DEBUG] Loaded 148 of 148 layers
[2026-01-23 10:09:42,066] [INFO] [DEBUG][SERVER] Model expects 148 layers
[2026-01-23 10:09:42,078] [INFO] [DEBUG] Loaded 148 of 148 layers
[2026-01-23 10:09:42,078] [INFO] [Server] Evaluating at round 6
[2026-01-23 10:09:42,078] [INFO] [SERVER][Round 6] Starting evaluation (mode=KH)...
[2026-01-23 10:09:59,355] [INFO] [Round 6] WT Dice: 0.9721 | Time: 17.28s
[2026-01-23 10:32:49,097] [INFO] [SERVER DEBUG] aggregate_fit called at round 7
[2026-01-23 10:32:49,098] [INFO] [DEBUG] aggregate_fit received 4 results at round 7
[2026-01-23 10:32:49,098] [INFO] [DEBUG] Decoding client response from 5e4a345418f3452787bd30c833e4f547...
[2026-01-23 10:32:49,302] [INFO] [DEBUG] Decoding client response from 5fa8f16bc55546c8bd7df6d3d580a9d4...
[2026-01-23 10:32:49,444] [INFO] [DEBUG] Decoding client response from 72d60ac47da9449fb5994545b8eb2044...
[2026-01-23 10:32:49,598] [INFO] [DEBUG] Decoding client response from d1cd221b378841ff840e2b54a81d4b00...
[2026-01-23 10:32:49,783] [INFO] [ENCODE] Starting encode_weights in aggregate_fit...
[2026-01-23 10:32:59,469] [INFO] [ENCODE] Finished encode_weights.
[2026-01-23 10:32:59,660] [INFO] [DEBUG][SERVER] Model expects 148 layers
[2026-01-23 10:32:59,685] [INFO] [DEBUG] Loaded 148 of 148 layers
[2026-01-23 10:33:00,096] [INFO] [DEBUG][SERVER] Model expects 148 layers
[2026-01-23 10:33:00,111] [INFO] [DEBUG] Loaded 148 of 148 layers
[2026-01-23 10:33:00,112] [INFO] [Server] Evaluating at round 7
[2026-01-23 10:33:00,112] [INFO] [SERVER][Round 7] Starting evaluation (mode=KH)...
[2026-01-23 10:33:17,658] [INFO] [Round 7] WT Dice: 0.9785 | Time: 17.55s
[2026-01-23 10:33:17,741] [INFO] [BEST MODEL] Saved: Revision2/Run_UNET_NonIID_KH32_20260123/Server/best_model.pth
[2026-01-23 10:33:17,802] [INFO] [BEST MODEL] Saved: Revision2/Run_UNET_NonIID_KH32_20260123/Server/best_model_round7.pth
[2026-01-23 10:33:17,802] [INFO] [BEST MODEL] New best at round 7: WT=0.9785
[2026-01-23 10:56:17,514] [INFO] [SERVER DEBUG] aggregate_fit called at round 8
[2026-01-23 10:56:17,514] [INFO] [DEBUG] aggregate_fit received 4 results at round 8
[2026-01-23 10:56:17,515] [INFO] [DEBUG] Decoding client response from 5e4a345418f3452787bd30c833e4f547...
[2026-01-23 10:56:17,640] [INFO] [DEBUG] Decoding client response from d1cd221b378841ff840e2b54a81d4b00...
[2026-01-23 10:56:17,740] [INFO] [DEBUG] Decoding client response from 5fa8f16bc55546c8bd7df6d3d580a9d4...
[2026-01-23 10:56:17,837] [INFO] [DEBUG] Decoding client response from 72d60ac47da9449fb5994545b8eb2044...
[2026-01-23 10:56:17,945] [INFO] [ENCODE] Starting encode_weights in aggregate_fit...
[2026-01-23 10:56:27,404] [INFO] [ENCODE] Finished encode_weights.
[2026-01-23 10:56:27,601] [INFO] [DEBUG][SERVER] Model expects 148 layers
[2026-01-23 10:56:27,618] [INFO] [DEBUG] Loaded 148 of 148 layers
[2026-01-23 10:56:27,984] [INFO] [DEBUG][SERVER] Model expects 148 layers
[2026-01-23 10:56:27,999] [INFO] [DEBUG] Loaded 148 of 148 layers
[2026-01-23 10:56:27,999] [INFO] [Server] Evaluating at round 8
[2026-01-23 10:56:27,999] [INFO] [SERVER][Round 8] Starting evaluation (mode=KH)...
[2026-01-23 10:56:45,630] [INFO] [Round 8] WT Dice: 0.9757 | Time: 17.63s
[2026-01-23 11:19:53,626] [INFO] [SERVER DEBUG] aggregate_fit called at round 9
[2026-01-23 11:19:53,627] [INFO] [DEBUG] aggregate_fit received 4 results at round 9
[2026-01-23 11:19:53,627] [INFO] [DEBUG] Decoding client response from 5fa8f16bc55546c8bd7df6d3d580a9d4...
[2026-01-23 11:19:53,774] [INFO] [DEBUG] Decoding client response from 5e4a345418f3452787bd30c833e4f547...
[2026-01-23 11:19:53,924] [INFO] [DEBUG] Decoding client response from 72d60ac47da9449fb5994545b8eb2044...
[2026-01-23 11:19:54,058] [INFO] [DEBUG] Decoding client response from d1cd221b378841ff840e2b54a81d4b00...
[2026-01-23 11:19:54,226] [INFO] [ENCODE] Starting encode_weights in aggregate_fit...
[2026-01-23 11:20:04,118] [INFO] [ENCODE] Finished encode_weights.
[2026-01-23 11:20:04,310] [INFO] [DEBUG][SERVER] Model expects 148 layers
[2026-01-23 11:20:04,327] [INFO] [DEBUG] Loaded 148 of 148 layers
[2026-01-23 11:20:04,667] [INFO] [DEBUG][SERVER] Model expects 148 layers
[2026-01-23 11:20:04,680] [INFO] [DEBUG] Loaded 148 of 148 layers
[2026-01-23 11:20:04,681] [INFO] [Server] Evaluating at round 9
[2026-01-23 11:20:04,681] [INFO] [SERVER][Round 9] Starting evaluation (mode=KH)...
[2026-01-23 11:20:22,095] [INFO] [Round 9] WT Dice: 0.9815 | Time: 17.41s
[2026-01-23 11:20:22,185] [INFO] [BEST MODEL] Saved: Revision2/Run_UNET_NonIID_KH32_20260123/Server/best_model.pth
[2026-01-23 11:20:22,256] [INFO] [BEST MODEL] Saved: Revision2/Run_UNET_NonIID_KH32_20260123/Server/best_model_round9.pth
[2026-01-23 11:20:22,256] [INFO] [BEST MODEL] New best at round 9: WT=0.9815
[2026-01-23 11:43:17,897] [INFO] [SERVER DEBUG] aggregate_fit called at round 10
[2026-01-23 11:43:17,897] [INFO] [DEBUG] aggregate_fit received 4 results at round 10
[2026-01-23 11:43:17,897] [INFO] [DEBUG] Decoding client response from 72d60ac47da9449fb5994545b8eb2044...
[2026-01-23 11:43:18,005] [INFO] [DEBUG] Decoding client response from d1cd221b378841ff840e2b54a81d4b00...
[2026-01-23 11:43:18,098] [INFO] [DEBUG] Decoding client response from 5e4a345418f3452787bd30c833e4f547...
[2026-01-23 11:43:18,196] [INFO] [DEBUG] Decoding client response from 5fa8f16bc55546c8bd7df6d3d580a9d4...
[2026-01-23 11:43:18,299] [INFO] [ENCODE] Starting encode_weights in aggregate_fit...
[2026-01-23 11:43:27,803] [INFO] [ENCODE] Finished encode_weights.
[2026-01-23 11:43:28,014] [INFO] [DEBUG][SERVER] Model expects 148 layers
[2026-01-23 11:43:28,029] [INFO] [DEBUG] Loaded 148 of 148 layers
[2026-01-23 11:43:28,383] [INFO] [DEBUG][SERVER] Model expects 148 layers
[2026-01-23 11:43:28,396] [INFO] [DEBUG] Loaded 148 of 148 layers
[2026-01-23 11:43:28,397] [INFO] [Server] Evaluating at round 10
[2026-01-23 11:43:28,397] [INFO] [SERVER][Round 10] Starting evaluation (mode=KH)...
[2026-01-23 11:43:45,847] [INFO] [Round 10] WT Dice: 0.9681 | Time: 17.45s
[2026-01-23 12:06:23,566] [INFO] [SERVER DEBUG] aggregate_fit called at round 11
[2026-01-23 12:06:23,566] [INFO] [DEBUG] aggregate_fit received 4 results at round 11
[2026-01-23 12:06:23,566] [INFO] [DEBUG] Decoding client response from 5fa8f16bc55546c8bd7df6d3d580a9d4...
[2026-01-23 12:06:23,727] [INFO] [DEBUG] Decoding client response from d1cd221b378841ff840e2b54a81d4b00...
[2026-01-23 12:06:23,863] [INFO] [DEBUG] Decoding client response from 5e4a345418f3452787bd30c833e4f547...
[2026-01-23 12:06:24,001] [INFO] [DEBUG] Decoding client response from 72d60ac47da9449fb5994545b8eb2044...
[2026-01-23 12:06:24,148] [INFO] [ENCODE] Starting encode_weights in aggregate_fit...
[2026-01-23 12:06:32,794] [INFO] [ENCODE] Finished encode_weights.
[2026-01-23 12:06:32,980] [INFO] [DEBUG][SERVER] Model expects 148 layers
[2026-01-23 12:06:32,995] [INFO] [DEBUG] Loaded 148 of 148 layers
[2026-01-23 12:06:33,336] [INFO] [DEBUG][SERVER] Model expects 148 layers
[2026-01-23 12:06:33,350] [INFO] [DEBUG] Loaded 148 of 148 layers
[2026-01-23 12:06:33,350] [INFO] [Server] Evaluating at round 11
[2026-01-23 12:06:33,350] [INFO] [SERVER][Round 11] Starting evaluation (mode=KH)...
[2026-01-23 12:06:50,751] [INFO] [Round 11] WT Dice: 0.9812 | Time: 17.40s
[2026-01-23 12:29:36,588] [INFO] [SERVER DEBUG] aggregate_fit called at round 12
[2026-01-23 12:29:36,589] [INFO] [DEBUG] aggregate_fit received 4 results at round 12
[2026-01-23 12:29:36,589] [INFO] [DEBUG] Decoding client response from d1cd221b378841ff840e2b54a81d4b00...
[2026-01-23 12:29:36,691] [INFO] [DEBUG] Decoding client response from 5fa8f16bc55546c8bd7df6d3d580a9d4...
[2026-01-23 12:29:36,781] [INFO] [DEBUG] Decoding client response from 5e4a345418f3452787bd30c833e4f547...
[2026-01-23 12:29:36,870] [INFO] [DEBUG] Decoding client response from 72d60ac47da9449fb5994545b8eb2044...
[2026-01-23 12:29:36,977] [INFO] [ENCODE] Starting encode_weights in aggregate_fit...
[2026-01-23 12:29:45,870] [INFO] [ENCODE] Finished encode_weights.
[2026-01-23 12:29:46,039] [INFO] [DEBUG][SERVER] Model expects 148 layers
[2026-01-23 12:29:46,053] [INFO] [DEBUG] Loaded 148 of 148 layers
[2026-01-23 12:29:46,366] [INFO] [DEBUG][SERVER] Model expects 148 layers
[2026-01-23 12:29:46,376] [INFO] [DEBUG] Loaded 148 of 148 layers
[2026-01-23 12:29:46,376] [INFO] [Server] Evaluating at round 12
[2026-01-23 12:29:46,376] [INFO] [SERVER][Round 12] Starting evaluation (mode=KH)...
[2026-01-23 12:30:03,570] [INFO] [Round 12] WT Dice: 0.9755 | Time: 17.19s
[2026-01-23 12:52:40,470] [INFO] [SERVER DEBUG] aggregate_fit called at round 13
[2026-01-23 12:52:40,470] [INFO] [DEBUG] aggregate_fit received 4 results at round 13
[2026-01-23 12:52:40,470] [INFO] [DEBUG] Decoding client response from d1cd221b378841ff840e2b54a81d4b00...
[2026-01-23 12:52:40,677] [INFO] [DEBUG] Decoding client response from 72d60ac47da9449fb5994545b8eb2044...
[2026-01-23 12:52:40,860] [INFO] [DEBUG] Decoding client response from 5e4a345418f3452787bd30c833e4f547...
[2026-01-23 12:52:41,046] [INFO] [DEBUG] Decoding client response from 5fa8f16bc55546c8bd7df6d3d580a9d4...
[2026-01-23 12:52:41,231] [INFO] [ENCODE] Starting encode_weights in aggregate_fit...
[2026-01-23 12:52:49,924] [INFO] [ENCODE] Finished encode_weights.
[2026-01-23 12:52:50,121] [INFO] [DEBUG][SERVER] Model expects 148 layers
[2026-01-23 12:52:50,138] [INFO] [DEBUG] Loaded 148 of 148 layers
[2026-01-23 12:52:50,490] [INFO] [DEBUG][SERVER] Model expects 148 layers
[2026-01-23 12:52:50,502] [INFO] [DEBUG] Loaded 148 of 148 layers
[2026-01-23 12:52:50,502] [INFO] [Server] Evaluating at round 13
[2026-01-23 12:52:50,502] [INFO] [SERVER][Round 13] Starting evaluation (mode=KH)...
[2026-01-23 12:53:07,737] [INFO] [Round 13] WT Dice: 0.9753 | Time: 17.24s
[2026-01-23 13:15:53,372] [INFO] [SERVER DEBUG] aggregate_fit called at round 14
[2026-01-23 13:15:53,373] [INFO] [DEBUG] aggregate_fit received 4 results at round 14
[2026-01-23 13:15:53,373] [INFO] [DEBUG] Decoding client response from 72d60ac47da9449fb5994545b8eb2044...
[2026-01-23 13:15:53,482] [INFO] [DEBUG] Decoding client response from d1cd221b378841ff840e2b54a81d4b00...
[2026-01-23 13:15:53,568] [INFO] [DEBUG] Decoding client response from 5fa8f16bc55546c8bd7df6d3d580a9d4...
[2026-01-23 13:15:53,657] [INFO] [DEBUG] Decoding client response from 5e4a345418f3452787bd30c833e4f547...
[2026-01-23 13:15:53,757] [INFO] [ENCODE] Starting encode_weights in aggregate_fit...
[2026-01-23 13:16:02,182] [INFO] [ENCODE] Finished encode_weights.
[2026-01-23 13:16:02,358] [INFO] [DEBUG][SERVER] Model expects 148 layers
[2026-01-23 13:16:02,374] [INFO] [DEBUG] Loaded 148 of 148 layers
[2026-01-23 13:16:02,716] [INFO] [DEBUG][SERVER] Model expects 148 layers
[2026-01-23 13:16:02,730] [INFO] [DEBUG] Loaded 148 of 148 layers
[2026-01-23 13:16:02,731] [INFO] [Server] Evaluating at round 14
[2026-01-23 13:16:02,731] [INFO] [SERVER][Round 14] Starting evaluation (mode=KH)...
[2026-01-23 13:16:19,988] [INFO] [Round 14] WT Dice: 0.9758 | Time: 17.26s
[2026-01-23 13:38:54,035] [INFO] [SERVER DEBUG] aggregate_fit called at round 15
[2026-01-23 13:38:54,035] [INFO] [DEBUG] aggregate_fit received 4 results at round 15
[2026-01-23 13:38:54,035] [INFO] [DEBUG] Decoding client response from 72d60ac47da9449fb5994545b8eb2044...
[2026-01-23 13:38:54,196] [INFO] [DEBUG] Decoding client response from 5e4a345418f3452787bd30c833e4f547...
[2026-01-23 13:38:54,407] [INFO] [DEBUG] Decoding client response from d1cd221b378841ff840e2b54a81d4b00...
[2026-01-23 13:38:54,547] [INFO] [DEBUG] Decoding client response from 5fa8f16bc55546c8bd7df6d3d580a9d4...
[2026-01-23 13:38:54,709] [INFO] [ENCODE] Starting encode_weights in aggregate_fit...
[2026-01-23 13:39:03,717] [INFO] [ENCODE] Finished encode_weights.
[2026-01-23 13:39:03,909] [INFO] [DEBUG][SERVER] Model expects 148 layers
[2026-01-23 13:39:03,925] [INFO] [DEBUG] Loaded 148 of 148 layers
[2026-01-23 13:39:04,301] [INFO] [DEBUG][SERVER] Model expects 148 layers
[2026-01-23 13:39:04,312] [INFO] [DEBUG] Loaded 148 of 148 layers
[2026-01-23 13:39:04,312] [INFO] [Server] Evaluating at round 15
[2026-01-23 13:39:04,312] [INFO] [SERVER][Round 15] Starting evaluation (mode=KH)...
[2026-01-23 13:39:21,814] [INFO] [Round 15] WT Dice: 0.9793 | Time: 17.50s
[2026-01-23 14:02:27,072] [INFO] [SERVER DEBUG] aggregate_fit called at round 16
[2026-01-23 14:02:27,072] [INFO] [DEBUG] aggregate_fit received 4 results at round 16
[2026-01-23 14:02:27,072] [INFO] [DEBUG] Decoding client response from 5fa8f16bc55546c8bd7df6d3d580a9d4...
[2026-01-23 14:02:27,188] [INFO] [DEBUG] Decoding client response from 72d60ac47da9449fb5994545b8eb2044...
[2026-01-23 14:02:27,279] [INFO] [DEBUG] Decoding client response from 5e4a345418f3452787bd30c833e4f547...
[2026-01-23 14:02:27,386] [INFO] [DEBUG] Decoding client response from d1cd221b378841ff840e2b54a81d4b00...
[2026-01-23 14:02:27,488] [INFO] [ENCODE] Starting encode_weights in aggregate_fit...
[2026-01-23 14:02:36,157] [INFO] [ENCODE] Finished encode_weights.
[2026-01-23 14:02:36,352] [INFO] [DEBUG][SERVER] Model expects 148 layers
[2026-01-23 14:02:36,367] [INFO] [DEBUG] Loaded 148 of 148 layers
[2026-01-23 14:02:36,719] [INFO] [DEBUG][SERVER] Model expects 148 layers
[2026-01-23 14:02:36,734] [INFO] [DEBUG] Loaded 148 of 148 layers
[2026-01-23 14:02:36,734] [INFO] [Server] Evaluating at round 16
[2026-01-23 14:02:36,734] [INFO] [SERVER][Round 16] Starting evaluation (mode=KH)...
[2026-01-23 14:02:54,485] [INFO] [Round 16] WT Dice: 0.9730 | Time: 17.75s
[2026-01-23 14:26:07,625] [INFO] [SERVER DEBUG] aggregate_fit called at round 17
[2026-01-23 14:26:07,625] [INFO] [DEBUG] aggregate_fit received 4 results at round 17
[2026-01-23 14:26:07,625] [INFO] [DEBUG] Decoding client response from 5e4a345418f3452787bd30c833e4f547...
[2026-01-23 14:26:07,837] [INFO] [DEBUG] Decoding client response from 5fa8f16bc55546c8bd7df6d3d580a9d4...
[2026-01-23 14:26:07,985] [INFO] [DEBUG] Decoding client response from d1cd221b378841ff840e2b54a81d4b00...
[2026-01-23 14:26:08,138] [INFO] [DEBUG] Decoding client response from 72d60ac47da9449fb5994545b8eb2044...
[2026-01-23 14:26:08,302] [INFO] [ENCODE] Starting encode_weights in aggregate_fit...
[2026-01-23 14:26:17,219] [INFO] [ENCODE] Finished encode_weights.
[2026-01-23 14:26:17,407] [INFO] [DEBUG][SERVER] Model expects 148 layers
[2026-01-23 14:26:17,423] [INFO] [DEBUG] Loaded 148 of 148 layers
[2026-01-23 14:26:17,764] [INFO] [DEBUG][SERVER] Model expects 148 layers
[2026-01-23 14:26:17,777] [INFO] [DEBUG] Loaded 148 of 148 layers
[2026-01-23 14:26:17,778] [INFO] [Server] Evaluating at round 17
[2026-01-23 14:26:17,778] [INFO] [SERVER][Round 17] Starting evaluation (mode=KH)...
[2026-01-23 14:26:35,325] [INFO] [Round 17] WT Dice: 0.9687 | Time: 17.55s
[2026-01-23 14:49:33,965] [INFO] [SERVER DEBUG] aggregate_fit called at round 18
[2026-01-23 14:49:33,965] [INFO] [DEBUG] aggregate_fit received 4 results at round 18
[2026-01-23 14:49:33,965] [INFO] [DEBUG] Decoding client response from d1cd221b378841ff840e2b54a81d4b00...
[2026-01-23 14:49:34,074] [INFO] [DEBUG] Decoding client response from 72d60ac47da9449fb5994545b8eb2044...
[2026-01-23 14:49:34,170] [INFO] [DEBUG] Decoding client response from 5e4a345418f3452787bd30c833e4f547...
[2026-01-23 14:49:34,261] [INFO] [DEBUG] Decoding client response from 5fa8f16bc55546c8bd7df6d3d580a9d4...
[2026-01-23 14:49:34,365] [INFO] [ENCODE] Starting encode_weights in aggregate_fit...
[2026-01-23 14:49:45,710] [INFO] [ENCODE] Finished encode_weights.
[2026-01-23 14:49:46,017] [INFO] [DEBUG][SERVER] Model expects 148 layers
[2026-01-23 14:49:46,041] [INFO] [DEBUG] Loaded 148 of 148 layers
[2026-01-23 14:49:46,646] [INFO] [DEBUG][SERVER] Model expects 148 layers
[2026-01-23 14:49:46,668] [INFO] [DEBUG] Loaded 148 of 148 layers
[2026-01-23 14:49:46,669] [INFO] [Server] Evaluating at round 18
[2026-01-23 14:49:46,669] [INFO] [SERVER][Round 18] Starting evaluation (mode=KH)...
[2026-01-23 14:50:04,321] [INFO] [Round 18] WT Dice: 0.9691 | Time: 17.65s
[2026-01-23 15:12:53,245] [INFO] [SERVER DEBUG] aggregate_fit called at round 19
[2026-01-23 15:12:53,245] [INFO] [DEBUG] aggregate_fit received 4 results at round 19
[2026-01-23 15:12:53,245] [INFO] [DEBUG] Decoding client response from 5e4a345418f3452787bd30c833e4f547...
[2026-01-23 15:12:53,408] [INFO] [DEBUG] Decoding client response from d1cd221b378841ff840e2b54a81d4b00...
[2026-01-23 15:12:53,535] [INFO] [DEBUG] Decoding client response from 5fa8f16bc55546c8bd7df6d3d580a9d4...
[2026-01-23 15:12:53,666] [INFO] [DEBUG] Decoding client response from 72d60ac47da9449fb5994545b8eb2044...
[2026-01-23 15:12:53,805] [INFO] [ENCODE] Starting encode_weights in aggregate_fit...
[2026-01-23 15:13:02,623] [INFO] [ENCODE] Finished encode_weights.
[2026-01-23 15:13:02,806] [INFO] [DEBUG][SERVER] Model expects 148 layers
[2026-01-23 15:13:02,820] [INFO] [DEBUG] Loaded 148 of 148 layers
[2026-01-23 15:13:03,145] [INFO] [DEBUG][SERVER] Model expects 148 layers
[2026-01-23 15:13:03,158] [INFO] [DEBUG] Loaded 148 of 148 layers
[2026-01-23 15:13:03,159] [INFO] [Server] Evaluating at round 19
[2026-01-23 15:13:03,159] [INFO] [SERVER][Round 19] Starting evaluation (mode=KH)...
[2026-01-23 15:13:20,381] [INFO] [Round 19] WT Dice: 0.9749 | Time: 17.22s
[2026-01-23 15:36:04,158] [INFO] [SERVER DEBUG] aggregate_fit called at round 20
[2026-01-23 15:36:04,158] [INFO] [DEBUG] aggregate_fit received 4 results at round 20
[2026-01-23 15:36:04,158] [INFO] [DEBUG] Decoding client response from 5fa8f16bc55546c8bd7df6d3d580a9d4...
[2026-01-23 15:36:04,259] [INFO] [DEBUG] Decoding client response from 5e4a345418f3452787bd30c833e4f547...
[2026-01-23 15:36:04,344] [INFO] [DEBUG] Decoding client response from d1cd221b378841ff840e2b54a81d4b00...
[2026-01-23 15:36:04,440] [INFO] [DEBUG] Decoding client response from 72d60ac47da9449fb5994545b8eb2044...
[2026-01-23 15:36:04,540] [INFO] [ENCODE] Starting encode_weights in aggregate_fit...
[2026-01-23 15:36:13,020] [INFO] [ENCODE] Finished encode_weights.
[2026-01-23 15:36:13,209] [INFO] [DEBUG][SERVER] Model expects 148 layers
[2026-01-23 15:36:13,227] [INFO] [DEBUG] Loaded 148 of 148 layers
[2026-01-23 15:36:13,545] [INFO] [DEBUG][SERVER] Model expects 148 layers
[2026-01-23 15:36:13,559] [INFO] [DEBUG] Loaded 148 of 148 layers
[2026-01-23 15:36:13,559] [INFO] [Server] Evaluating at round 20
[2026-01-23 15:36:13,559] [INFO] [SERVER][Round 20] Starting evaluation (mode=KH)...
[2026-01-23 15:36:30,964] [INFO] [Round 20] WT Dice: 0.9751 | Time: 17.40s
[2026-01-23 15:59:18,193] [INFO] [SERVER DEBUG] aggregate_fit called at round 21
[2026-01-23 15:59:18,194] [INFO] [DEBUG] aggregate_fit received 4 results at round 21
[2026-01-23 15:59:18,194] [INFO] [DEBUG] Decoding client response from 5fa8f16bc55546c8bd7df6d3d580a9d4...
[2026-01-23 15:59:18,307] [INFO] [DEBUG] Decoding client response from d1cd221b378841ff840e2b54a81d4b00...
[2026-01-23 15:59:18,398] [INFO] [DEBUG] Decoding client response from 5e4a345418f3452787bd30c833e4f547...
[2026-01-23 15:59:18,488] [INFO] [DEBUG] Decoding client response from 72d60ac47da9449fb5994545b8eb2044...
[2026-01-23 15:59:18,589] [INFO] [ENCODE] Starting encode_weights in aggregate_fit...
[2026-01-23 15:59:27,322] [INFO] [ENCODE] Finished encode_weights.
[2026-01-23 15:59:27,520] [INFO] [DEBUG][SERVER] Model expects 148 layers
[2026-01-23 15:59:27,535] [INFO] [DEBUG] Loaded 148 of 148 layers
[2026-01-23 15:59:27,859] [INFO] [DEBUG][SERVER] Model expects 148 layers
[2026-01-23 15:59:27,873] [INFO] [DEBUG] Loaded 148 of 148 layers
[2026-01-23 15:59:27,873] [INFO] [Server] Evaluating at round 21
[2026-01-23 15:59:27,873] [INFO] [SERVER][Round 21] Starting evaluation (mode=KH)...
[2026-01-23 15:59:45,274] [INFO] [Round 21] WT Dice: 0.9703 | Time: 17.40s
[2026-01-23 16:22:30,182] [INFO] [SERVER DEBUG] aggregate_fit called at round 22
[2026-01-23 16:22:30,183] [INFO] [DEBUG] aggregate_fit received 4 results at round 22
[2026-01-23 16:22:30,183] [INFO] [DEBUG] Decoding client response from 5e4a345418f3452787bd30c833e4f547...
[2026-01-23 16:22:30,341] [INFO] [DEBUG] Decoding client response from 72d60ac47da9449fb5994545b8eb2044...
[2026-01-23 16:22:30,473] [INFO] [DEBUG] Decoding client response from d1cd221b378841ff840e2b54a81d4b00...
[2026-01-23 16:22:30,608] [INFO] [DEBUG] Decoding client response from 5fa8f16bc55546c8bd7df6d3d580a9d4...
[2026-01-23 16:22:30,759] [INFO] [ENCODE] Starting encode_weights in aggregate_fit...
[2026-01-23 16:22:39,441] [INFO] [ENCODE] Finished encode_weights.
[2026-01-23 16:22:39,625] [INFO] [DEBUG][SERVER] Model expects 148 layers
[2026-01-23 16:22:39,636] [INFO] [DEBUG] Loaded 148 of 148 layers
[2026-01-23 16:22:39,961] [INFO] [DEBUG][SERVER] Model expects 148 layers
[2026-01-23 16:22:39,972] [INFO] [DEBUG] Loaded 148 of 148 layers
[2026-01-23 16:22:39,972] [INFO] [Server] Evaluating at round 22
[2026-01-23 16:22:39,972] [INFO] [SERVER][Round 22] Starting evaluation (mode=KH)...
[2026-01-23 16:22:57,300] [INFO] [Round 22] WT Dice: 0.9701 | Time: 17.33s
[2026-01-23 16:46:32,880] [INFO] [SERVER DEBUG] aggregate_fit called at round 23
[2026-01-23 16:46:32,880] [INFO] [DEBUG] aggregate_fit received 4 results at round 23
[2026-01-23 16:46:32,880] [INFO] [DEBUG] Decoding client response from 5fa8f16bc55546c8bd7df6d3d580a9d4...
[2026-01-23 16:46:33,014] [INFO] [DEBUG] Decoding client response from 5e4a345418f3452787bd30c833e4f547...
[2026-01-23 16:46:33,160] [INFO] [DEBUG] Decoding client response from 72d60ac47da9449fb5994545b8eb2044...
[2026-01-23 16:46:33,291] [INFO] [DEBUG] Decoding client response from d1cd221b378841ff840e2b54a81d4b00...
[2026-01-23 16:46:33,427] [INFO] [ENCODE] Starting encode_weights in aggregate_fit...
[2026-01-23 16:46:44,034] [INFO] [ENCODE] Finished encode_weights.
[2026-01-23 16:46:44,236] [INFO] [DEBUG][SERVER] Model expects 148 layers
[2026-01-23 16:46:44,251] [INFO] [DEBUG] Loaded 148 of 148 layers
[2026-01-23 16:46:44,603] [INFO] [DEBUG][SERVER] Model expects 148 layers
[2026-01-23 16:46:44,614] [INFO] [DEBUG] Loaded 148 of 148 layers
[2026-01-23 16:46:44,614] [INFO] [Server] Evaluating at round 23
[2026-01-23 16:46:44,614] [INFO] [SERVER][Round 23] Starting evaluation (mode=KH)...
[2026-01-23 16:47:02,085] [INFO] [Round 23] WT Dice: 0.9708 | Time: 17.47s
[2026-01-23 17:10:19,151] [INFO] [SERVER DEBUG] aggregate_fit called at round 24
[2026-01-23 17:10:19,151] [INFO] [DEBUG] aggregate_fit received 4 results at round 24
[2026-01-23 17:10:19,151] [INFO] [DEBUG] Decoding client response from 72d60ac47da9449fb5994545b8eb2044...
[2026-01-23 17:10:19,377] [INFO] [DEBUG] Decoding client response from 5e4a345418f3452787bd30c833e4f547...
[2026-01-23 17:10:19,566] [INFO] [DEBUG] Decoding client response from 5fa8f16bc55546c8bd7df6d3d580a9d4...
[2026-01-23 17:10:19,753] [INFO] [DEBUG] Decoding client response from d1cd221b378841ff840e2b54a81d4b00...
[2026-01-23 17:10:19,965] [INFO] [ENCODE] Starting encode_weights in aggregate_fit...
[2026-01-23 17:10:29,161] [INFO] [ENCODE] Finished encode_weights.
[2026-01-23 17:10:29,365] [INFO] [DEBUG][SERVER] Model expects 148 layers
[2026-01-23 17:10:29,379] [INFO] [DEBUG] Loaded 148 of 148 layers
[2026-01-23 17:10:29,742] [INFO] [DEBUG][SERVER] Model expects 148 layers
[2026-01-23 17:10:29,756] [INFO] [DEBUG] Loaded 148 of 148 layers
[2026-01-23 17:10:29,756] [INFO] [Server] Evaluating at round 24
[2026-01-23 17:10:29,756] [INFO] [SERVER][Round 24] Starting evaluation (mode=KH)...
[2026-01-23 17:10:47,257] [INFO] [Round 24] WT Dice: 0.9725 | Time: 17.50s
[2026-01-23 17:33:46,632] [INFO] [SERVER DEBUG] aggregate_fit called at round 25
[2026-01-23 17:33:46,632] [INFO] [DEBUG] aggregate_fit received 4 results at round 25
[2026-01-23 17:33:46,632] [INFO] [DEBUG] Decoding client response from 5e4a345418f3452787bd30c833e4f547...
[2026-01-23 17:33:46,736] [INFO] [DEBUG] Decoding client response from 5fa8f16bc55546c8bd7df6d3d580a9d4...
[2026-01-23 17:33:46,834] [INFO] [DEBUG] Decoding client response from d1cd221b378841ff840e2b54a81d4b00...
[2026-01-23 17:33:46,928] [INFO] [DEBUG] Decoding client response from 72d60ac47da9449fb5994545b8eb2044...
[2026-01-23 17:33:47,045] [INFO] [ENCODE] Starting encode_weights in aggregate_fit...
[2026-01-23 17:33:56,225] [INFO] [ENCODE] Finished encode_weights.
[2026-01-23 17:33:56,414] [INFO] [DEBUG][SERVER] Model expects 148 layers
[2026-01-23 17:33:56,430] [INFO] [DEBUG] Loaded 148 of 148 layers
[2026-01-23 17:33:56,772] [INFO] [DEBUG][SERVER] Model expects 148 layers
[2026-01-23 17:33:56,786] [INFO] [DEBUG] Loaded 148 of 148 layers
[2026-01-23 17:33:56,786] [INFO] [Server] Evaluating at round 25
[2026-01-23 17:33:56,786] [INFO] [SERVER][Round 25] Starting evaluation (mode=KH)...
[2026-01-23 17:34:14,488] [INFO] [Round 25] WT Dice: 0.9753 | Time: 17.70s
