[2026-01-26 07:39:11,307] [INFO] [SERVER INIT] EXPERIMENT_DIR=Revision2/Run_UNET_NonIID_SH_20260126, LOG=Revision2/Run_UNET_NonIID_SH_20260126/Server/ServerReport20260126.log
[2026-01-26 07:39:11,309] [INFO] [ENV] SERVER_ADDRESS=127.0.0.1, SERVER_PORT=8089, DATA_PATH=/home/jovyan/FeTS2022/MICCAI_FeTS2022_TrainingData, ENCODING_MODE=SH, N_CLUSTERS=32
[2026-01-26 07:39:11,443] [INFO] [DATA] Server test set loaded with 67 samples.
[2026-01-26 07:39:11,728] [INFO] [MODEL INIT] UNet with 148 layers initialized on cuda
[2026-01-26 07:39:11,769] [INFO] [STRATEGY INIT] mode=SH, UsedClusters=- (EnvNClusters=32), experiment_dir=Revision2/Run_UNET_NonIID_SH_20260126 | BestMetricKey=WT
[2026-01-26 07:39:11,769] [INFO] [SERVER START] Address=127.0.0.1:8089, Rounds=25, Mode=SH, NClusters=32
[2026-01-26 07:39:11,807] [INFO] [DEBUG][SERVER] Model expects 148 layers
[2026-01-26 07:39:11,824] [INFO] [DEBUG] Loaded 148 of 148 layers
[2026-01-26 07:39:11,825] [INFO] [Server] Evaluating at round 0
[2026-01-26 07:39:11,825] [INFO] [SERVER][Round 0] Starting evaluation (mode=SH)...
[2026-01-26 07:39:35,924] [INFO] [Round 0] WT Dice: 0.1107 | Time: 24.10s
[2026-01-26 07:39:36,033] [INFO] [BEST MODEL] Saved: Revision2/Run_UNET_NonIID_SH_20260126/Server/best_model.pth
[2026-01-26 07:39:36,119] [INFO] [BEST MODEL] Saved: Revision2/Run_UNET_NonIID_SH_20260126/Server/best_model_round0.pth
[2026-01-26 07:39:36,119] [INFO] [BEST MODEL] New best at round 0: WT=0.1107
[2026-01-26 08:02:16,566] [INFO] [SERVER DEBUG] aggregate_fit called at round 1
[2026-01-26 08:02:16,567] [INFO] [DEBUG] aggregate_fit received 4 results at round 1
[2026-01-26 08:02:16,567] [INFO] [DEBUG] Decoding client response from f46fc15802314fbe89d818a2e9b98238...
[2026-01-26 08:02:17,791] [INFO] [DEBUG] Decoding client response from d8b0d20ff0fc4eeeac5ed14fc25ba457...
[2026-01-26 08:02:19,222] [INFO] [DEBUG] Decoding client response from e95f1ab4532a4761802387bdc69dc126...
[2026-01-26 08:02:20,263] [INFO] [DEBUG] Decoding client response from fd7de0faebe449c58ec0687eb6c279d2...
[2026-01-26 08:02:21,308] [INFO] [ENCODE] Starting encode_weights in aggregate_fit...
[2026-01-26 08:02:50,850] [INFO] [ENCODE] Finished encode_weights.
[2026-01-26 08:02:52,140] [INFO] [DEBUG][SERVER] Model expects 148 layers
[2026-01-26 08:02:52,161] [INFO] [DEBUG] Loaded 148 of 148 layers
[2026-01-26 08:02:54,214] [INFO] [DEBUG][SERVER] Model expects 148 layers
[2026-01-26 08:02:54,233] [INFO] [DEBUG] Loaded 148 of 148 layers
[2026-01-26 08:02:54,233] [INFO] [Server] Evaluating at round 1
[2026-01-26 08:02:54,233] [INFO] [SERVER][Round 1] Starting evaluation (mode=SH)...
[2026-01-26 08:03:12,846] [INFO] [Round 1] WT Dice: 0.0220 | Time: 18.61s
[2026-01-26 08:27:54,684] [INFO] [SERVER DEBUG] aggregate_fit called at round 2
[2026-01-26 08:27:54,685] [INFO] [DEBUG] aggregate_fit received 4 results at round 2
[2026-01-26 08:27:54,685] [INFO] [DEBUG] Decoding client response from fd7de0faebe449c58ec0687eb6c279d2...
[2026-01-26 08:27:55,724] [INFO] [DEBUG] Decoding client response from d8b0d20ff0fc4eeeac5ed14fc25ba457...
[2026-01-26 08:27:56,497] [INFO] [DEBUG] Decoding client response from e95f1ab4532a4761802387bdc69dc126...
[2026-01-26 08:27:57,368] [INFO] [DEBUG] Decoding client response from f46fc15802314fbe89d818a2e9b98238...
[2026-01-26 08:27:58,248] [INFO] [ENCODE] Starting encode_weights in aggregate_fit...
[2026-01-26 08:28:24,828] [INFO] [ENCODE] Finished encode_weights.
[2026-01-26 08:28:25,903] [INFO] [DEBUG][SERVER] Model expects 148 layers
[2026-01-26 08:28:25,922] [INFO] [DEBUG] Loaded 148 of 148 layers
[2026-01-26 08:28:27,912] [INFO] [DEBUG][SERVER] Model expects 148 layers
[2026-01-26 08:28:27,930] [INFO] [DEBUG] Loaded 148 of 148 layers
[2026-01-26 08:28:27,930] [INFO] [Server] Evaluating at round 2
[2026-01-26 08:28:27,930] [INFO] [SERVER][Round 2] Starting evaluation (mode=SH)...
[2026-01-26 08:28:46,419] [INFO] [Round 2] WT Dice: 0.7509 | Time: 18.49s
[2026-01-26 08:28:46,675] [INFO] [BEST MODEL] Saved: Revision2/Run_UNET_NonIID_SH_20260126/Server/best_model.pth
[2026-01-26 08:28:46,740] [INFO] [BEST MODEL] Saved: Revision2/Run_UNET_NonIID_SH_20260126/Server/best_model_round2.pth
[2026-01-26 08:28:46,740] [INFO] [BEST MODEL] New best at round 2: WT=0.7509
[2026-01-26 08:53:09,975] [INFO] [SERVER DEBUG] aggregate_fit called at round 3
[2026-01-26 08:53:09,975] [INFO] [DEBUG] aggregate_fit received 4 results at round 3
[2026-01-26 08:53:09,975] [INFO] [DEBUG] Decoding client response from fd7de0faebe449c58ec0687eb6c279d2...
[2026-01-26 08:53:10,666] [INFO] [DEBUG] Decoding client response from e95f1ab4532a4761802387bdc69dc126...
[2026-01-26 08:53:11,406] [INFO] [DEBUG] Decoding client response from f46fc15802314fbe89d818a2e9b98238...
[2026-01-26 08:53:12,146] [INFO] [DEBUG] Decoding client response from d8b0d20ff0fc4eeeac5ed14fc25ba457...
[2026-01-26 08:53:12,925] [INFO] [ENCODE] Starting encode_weights in aggregate_fit...
[2026-01-26 08:53:41,890] [INFO] [ENCODE] Finished encode_weights.
[2026-01-26 08:53:43,067] [INFO] [DEBUG][SERVER] Model expects 148 layers
[2026-01-26 08:53:43,087] [INFO] [DEBUG] Loaded 148 of 148 layers
[2026-01-26 08:53:45,126] [INFO] [DEBUG][SERVER] Model expects 148 layers
[2026-01-26 08:53:45,142] [INFO] [DEBUG] Loaded 148 of 148 layers
[2026-01-26 08:53:45,142] [INFO] [Server] Evaluating at round 3
[2026-01-26 08:53:45,142] [INFO] [SERVER][Round 3] Starting evaluation (mode=SH)...
[2026-01-26 08:54:03,520] [INFO] [Round 3] WT Dice: 0.4214 | Time: 18.38s
[2026-01-26 09:19:06,382] [INFO] [SERVER DEBUG] aggregate_fit called at round 4
[2026-01-26 09:19:06,382] [INFO] [DEBUG] aggregate_fit received 4 results at round 4
[2026-01-26 09:19:06,382] [INFO] [DEBUG] Decoding client response from fd7de0faebe449c58ec0687eb6c279d2...
[2026-01-26 09:19:07,234] [INFO] [DEBUG] Decoding client response from f46fc15802314fbe89d818a2e9b98238...
[2026-01-26 09:19:08,201] [INFO] [DEBUG] Decoding client response from e95f1ab4532a4761802387bdc69dc126...
[2026-01-26 09:19:08,963] [INFO] [DEBUG] Decoding client response from d8b0d20ff0fc4eeeac5ed14fc25ba457...
[2026-01-26 09:19:09,813] [INFO] [ENCODE] Starting encode_weights in aggregate_fit...
[2026-01-26 09:19:38,275] [INFO] [ENCODE] Finished encode_weights.
[2026-01-26 09:19:39,689] [INFO] [DEBUG][SERVER] Model expects 148 layers
[2026-01-26 09:19:39,709] [INFO] [DEBUG] Loaded 148 of 148 layers
[2026-01-26 09:19:41,926] [INFO] [DEBUG][SERVER] Model expects 148 layers
[2026-01-26 09:19:41,939] [INFO] [DEBUG] Loaded 148 of 148 layers
[2026-01-26 09:19:41,939] [INFO] [Server] Evaluating at round 4
[2026-01-26 09:19:41,939] [INFO] [SERVER][Round 4] Starting evaluation (mode=SH)...
[2026-01-26 09:20:00,260] [INFO] [Round 4] WT Dice: 0.9232 | Time: 18.32s
[2026-01-26 09:20:00,545] [INFO] [BEST MODEL] Saved: Revision2/Run_UNET_NonIID_SH_20260126/Server/best_model.pth
[2026-01-26 09:20:00,606] [INFO] [BEST MODEL] Saved: Revision2/Run_UNET_NonIID_SH_20260126/Server/best_model_round4.pth
[2026-01-26 09:20:00,606] [INFO] [BEST MODEL] New best at round 4: WT=0.9232
[2026-01-26 09:44:28,970] [INFO] [SERVER DEBUG] aggregate_fit called at round 5
[2026-01-26 09:44:28,971] [INFO] [DEBUG] aggregate_fit received 4 results at round 5
[2026-01-26 09:44:28,971] [INFO] [DEBUG] Decoding client response from d8b0d20ff0fc4eeeac5ed14fc25ba457...
[2026-01-26 09:44:29,824] [INFO] [DEBUG] Decoding client response from f46fc15802314fbe89d818a2e9b98238...
[2026-01-26 09:44:30,591] [INFO] [DEBUG] Decoding client response from e95f1ab4532a4761802387bdc69dc126...
[2026-01-26 09:44:31,507] [INFO] [DEBUG] Decoding client response from fd7de0faebe449c58ec0687eb6c279d2...
[2026-01-26 09:44:32,286] [INFO] [ENCODE] Starting encode_weights in aggregate_fit...
[2026-01-26 09:44:54,910] [INFO] [ENCODE] Finished encode_weights.
[2026-01-26 09:44:55,933] [INFO] [DEBUG][SERVER] Model expects 148 layers
[2026-01-26 09:44:55,956] [INFO] [DEBUG] Loaded 148 of 148 layers
[2026-01-26 09:44:57,755] [INFO] [DEBUG][SERVER] Model expects 148 layers
[2026-01-26 09:44:57,773] [INFO] [DEBUG] Loaded 148 of 148 layers
[2026-01-26 09:44:57,774] [INFO] [Server] Evaluating at round 5
[2026-01-26 09:44:57,774] [INFO] [SERVER][Round 5] Starting evaluation (mode=SH)...
[2026-01-26 09:45:15,887] [INFO] [Round 5] WT Dice: 0.9515 | Time: 18.11s
[2026-01-26 09:45:16,109] [INFO] [BEST MODEL] Saved: Revision2/Run_UNET_NonIID_SH_20260126/Server/best_model.pth
[2026-01-26 09:45:16,186] [INFO] [BEST MODEL] Saved: Revision2/Run_UNET_NonIID_SH_20260126/Server/best_model_round5.pth
[2026-01-26 09:45:16,186] [INFO] [BEST MODEL] New best at round 5: WT=0.9515
[2026-01-26 10:09:18,245] [INFO] [SERVER DEBUG] aggregate_fit called at round 6
[2026-01-26 10:09:18,245] [INFO] [DEBUG] aggregate_fit received 4 results at round 6
[2026-01-26 10:09:18,245] [INFO] [DEBUG] Decoding client response from d8b0d20ff0fc4eeeac5ed14fc25ba457...
[2026-01-26 10:09:19,051] [INFO] [DEBUG] Decoding client response from fd7de0faebe449c58ec0687eb6c279d2...
[2026-01-26 10:09:19,739] [INFO] [DEBUG] Decoding client response from e95f1ab4532a4761802387bdc69dc126...
[2026-01-26 10:09:20,487] [INFO] [DEBUG] Decoding client response from f46fc15802314fbe89d818a2e9b98238...
[2026-01-26 10:09:21,248] [INFO] [ENCODE] Starting encode_weights in aggregate_fit...
[2026-01-26 10:09:46,731] [INFO] [ENCODE] Finished encode_weights.
[2026-01-26 10:09:47,777] [INFO] [DEBUG][SERVER] Model expects 148 layers
[2026-01-26 10:09:47,795] [INFO] [DEBUG] Loaded 148 of 148 layers
[2026-01-26 10:09:49,588] [INFO] [DEBUG][SERVER] Model expects 148 layers
[2026-01-26 10:09:49,599] [INFO] [DEBUG] Loaded 148 of 148 layers
[2026-01-26 10:09:49,600] [INFO] [Server] Evaluating at round 6
[2026-01-26 10:09:49,600] [INFO] [SERVER][Round 6] Starting evaluation (mode=SH)...
[2026-01-26 10:10:07,661] [INFO] [Round 6] WT Dice: 0.9015 | Time: 18.06s
[2026-01-26 10:34:29,956] [INFO] [SERVER DEBUG] aggregate_fit called at round 7
[2026-01-26 10:34:29,956] [INFO] [DEBUG] aggregate_fit received 4 results at round 7
[2026-01-26 10:34:29,957] [INFO] [DEBUG] Decoding client response from e95f1ab4532a4761802387bdc69dc126...
[2026-01-26 10:34:30,679] [INFO] [DEBUG] Decoding client response from fd7de0faebe449c58ec0687eb6c279d2...
[2026-01-26 10:34:31,546] [INFO] [DEBUG] Decoding client response from f46fc15802314fbe89d818a2e9b98238...
[2026-01-26 10:34:32,429] [INFO] [DEBUG] Decoding client response from d8b0d20ff0fc4eeeac5ed14fc25ba457...
[2026-01-26 10:34:33,317] [INFO] [ENCODE] Starting encode_weights in aggregate_fit...
[2026-01-26 10:35:00,324] [INFO] [ENCODE] Finished encode_weights.
[2026-01-26 10:35:01,485] [INFO] [DEBUG][SERVER] Model expects 148 layers
[2026-01-26 10:35:01,504] [INFO] [DEBUG] Loaded 148 of 148 layers
[2026-01-26 10:35:03,513] [INFO] [DEBUG][SERVER] Model expects 148 layers
[2026-01-26 10:35:03,526] [INFO] [DEBUG] Loaded 148 of 148 layers
[2026-01-26 10:35:03,526] [INFO] [Server] Evaluating at round 7
[2026-01-26 10:35:03,526] [INFO] [SERVER][Round 7] Starting evaluation (mode=SH)...
[2026-01-26 10:35:21,594] [INFO] [Round 7] WT Dice: 0.8650 | Time: 18.07s
[2026-01-26 10:59:37,208] [INFO] [SERVER DEBUG] aggregate_fit called at round 8
[2026-01-26 10:59:37,208] [INFO] [DEBUG] aggregate_fit received 4 results at round 8
[2026-01-26 10:59:37,209] [INFO] [DEBUG] Decoding client response from e95f1ab4532a4761802387bdc69dc126...
[2026-01-26 10:59:38,048] [INFO] [DEBUG] Decoding client response from f46fc15802314fbe89d818a2e9b98238...
[2026-01-26 10:59:38,944] [INFO] [DEBUG] Decoding client response from d8b0d20ff0fc4eeeac5ed14fc25ba457...
[2026-01-26 10:59:39,699] [INFO] [DEBUG] Decoding client response from fd7de0faebe449c58ec0687eb6c279d2...
[2026-01-26 10:59:40,518] [INFO] [ENCODE] Starting encode_weights in aggregate_fit...
[2026-01-26 11:00:01,626] [INFO] [ENCODE] Finished encode_weights.
[2026-01-26 11:00:02,586] [INFO] [DEBUG][SERVER] Model expects 148 layers
[2026-01-26 11:00:02,600] [INFO] [DEBUG] Loaded 148 of 148 layers
[2026-01-26 11:00:04,262] [INFO] [DEBUG][SERVER] Model expects 148 layers
[2026-01-26 11:00:04,279] [INFO] [DEBUG] Loaded 148 of 148 layers
[2026-01-26 11:00:04,279] [INFO] [Server] Evaluating at round 8
[2026-01-26 11:00:04,279] [INFO] [SERVER][Round 8] Starting evaluation (mode=SH)...
[2026-01-26 11:00:22,128] [INFO] [Round 8] WT Dice: 0.8739 | Time: 17.85s
[2026-01-26 11:24:19,658] [INFO] [SERVER DEBUG] aggregate_fit called at round 9
[2026-01-26 11:24:19,659] [INFO] [DEBUG] aggregate_fit received 4 results at round 9
[2026-01-26 11:24:19,659] [INFO] [DEBUG] Decoding client response from fd7de0faebe449c58ec0687eb6c279d2...
[2026-01-26 11:24:20,430] [INFO] [DEBUG] Decoding client response from d8b0d20ff0fc4eeeac5ed14fc25ba457...
[2026-01-26 11:24:21,666] [INFO] [DEBUG] Decoding client response from f46fc15802314fbe89d818a2e9b98238...
[2026-01-26 11:24:22,517] [INFO] [DEBUG] Decoding client response from e95f1ab4532a4761802387bdc69dc126...
[2026-01-26 11:24:23,286] [INFO] [ENCODE] Starting encode_weights in aggregate_fit...
[2026-01-26 11:24:53,211] [INFO] [ENCODE] Finished encode_weights.
[2026-01-26 11:24:54,444] [INFO] [DEBUG][SERVER] Model expects 148 layers
[2026-01-26 11:24:54,466] [INFO] [DEBUG] Loaded 148 of 148 layers
[2026-01-26 11:24:56,653] [INFO] [DEBUG][SERVER] Model expects 148 layers
[2026-01-26 11:24:56,672] [INFO] [DEBUG] Loaded 148 of 148 layers
[2026-01-26 11:24:56,672] [INFO] [Server] Evaluating at round 9
[2026-01-26 11:24:56,672] [INFO] [SERVER][Round 9] Starting evaluation (mode=SH)...
[2026-01-26 11:25:14,648] [INFO] [Round 9] WT Dice: 0.9438 | Time: 17.98s
[2026-01-26 11:49:22,044] [INFO] [SERVER DEBUG] aggregate_fit called at round 10
[2026-01-26 11:49:22,045] [INFO] [DEBUG] aggregate_fit received 4 results at round 10
[2026-01-26 11:49:22,045] [INFO] [DEBUG] Decoding client response from fd7de0faebe449c58ec0687eb6c279d2...
[2026-01-26 11:49:22,866] [INFO] [DEBUG] Decoding client response from e95f1ab4532a4761802387bdc69dc126...
[2026-01-26 11:49:23,608] [INFO] [DEBUG] Decoding client response from d8b0d20ff0fc4eeeac5ed14fc25ba457...
[2026-01-26 11:49:24,289] [INFO] [DEBUG] Decoding client response from f46fc15802314fbe89d818a2e9b98238...
[2026-01-26 11:49:25,061] [INFO] [ENCODE] Starting encode_weights in aggregate_fit...
[2026-01-26 11:49:47,967] [INFO] [ENCODE] Finished encode_weights.
[2026-01-26 11:49:49,006] [INFO] [DEBUG][SERVER] Model expects 148 layers
[2026-01-26 11:49:49,026] [INFO] [DEBUG] Loaded 148 of 148 layers
[2026-01-26 11:49:50,887] [INFO] [DEBUG][SERVER] Model expects 148 layers
[2026-01-26 11:49:50,905] [INFO] [DEBUG] Loaded 148 of 148 layers
[2026-01-26 11:49:50,906] [INFO] [Server] Evaluating at round 10
[2026-01-26 11:49:50,906] [INFO] [SERVER][Round 10] Starting evaluation (mode=SH)...
[2026-01-26 11:50:08,941] [INFO] [Round 10] WT Dice: 0.9665 | Time: 18.04s
[2026-01-26 11:50:09,167] [INFO] [BEST MODEL] Saved: Revision2/Run_UNET_NonIID_SH_20260126/Server/best_model.pth
[2026-01-26 11:50:09,237] [INFO] [BEST MODEL] Saved: Revision2/Run_UNET_NonIID_SH_20260126/Server/best_model_round10.pth
[2026-01-26 11:50:09,237] [INFO] [BEST MODEL] New best at round 10: WT=0.9665
[2026-01-26 12:13:53,797] [INFO] [SERVER DEBUG] aggregate_fit called at round 11
[2026-01-26 12:13:53,798] [INFO] [DEBUG] aggregate_fit received 4 results at round 11
[2026-01-26 12:13:53,798] [INFO] [DEBUG] Decoding client response from d8b0d20ff0fc4eeeac5ed14fc25ba457...
[2026-01-26 12:13:54,682] [INFO] [DEBUG] Decoding client response from e95f1ab4532a4761802387bdc69dc126...
[2026-01-26 12:13:55,482] [INFO] [DEBUG] Decoding client response from fd7de0faebe449c58ec0687eb6c279d2...
[2026-01-26 12:13:56,340] [INFO] [DEBUG] Decoding client response from f46fc15802314fbe89d818a2e9b98238...
[2026-01-26 12:13:57,160] [INFO] [ENCODE] Starting encode_weights in aggregate_fit...
[2026-01-26 12:14:21,704] [INFO] [ENCODE] Finished encode_weights.
[2026-01-26 12:14:22,800] [INFO] [DEBUG][SERVER] Model expects 148 layers
[2026-01-26 12:14:22,815] [INFO] [DEBUG] Loaded 148 of 148 layers
[2026-01-26 12:14:24,657] [INFO] [DEBUG][SERVER] Model expects 148 layers
[2026-01-26 12:14:24,673] [INFO] [DEBUG] Loaded 148 of 148 layers
[2026-01-26 12:14:24,674] [INFO] [Server] Evaluating at round 11
[2026-01-26 12:14:24,674] [INFO] [SERVER][Round 11] Starting evaluation (mode=SH)...
[2026-01-26 12:14:42,593] [INFO] [Round 11] WT Dice: 0.9681 | Time: 17.92s
[2026-01-26 12:14:42,820] [INFO] [BEST MODEL] Saved: Revision2/Run_UNET_NonIID_SH_20260126/Server/best_model.pth
[2026-01-26 12:14:42,880] [INFO] [BEST MODEL] Saved: Revision2/Run_UNET_NonIID_SH_20260126/Server/best_model_round11.pth
[2026-01-26 12:14:42,881] [INFO] [BEST MODEL] New best at round 11: WT=0.9681
[2026-01-26 12:38:53,783] [INFO] [SERVER DEBUG] aggregate_fit called at round 12
[2026-01-26 12:38:53,784] [INFO] [DEBUG] aggregate_fit received 4 results at round 12
[2026-01-26 12:38:53,784] [INFO] [DEBUG] Decoding client response from f46fc15802314fbe89d818a2e9b98238...
[2026-01-26 12:38:54,518] [INFO] [DEBUG] Decoding client response from fd7de0faebe449c58ec0687eb6c279d2...
[2026-01-26 12:38:55,284] [INFO] [DEBUG] Decoding client response from d8b0d20ff0fc4eeeac5ed14fc25ba457...
[2026-01-26 12:38:55,998] [INFO] [DEBUG] Decoding client response from e95f1ab4532a4761802387bdc69dc126...
[2026-01-26 12:38:56,753] [INFO] [ENCODE] Starting encode_weights in aggregate_fit...
[2026-01-26 12:39:20,064] [INFO] [ENCODE] Finished encode_weights.
[2026-01-26 12:39:21,165] [INFO] [DEBUG][SERVER] Model expects 148 layers
[2026-01-26 12:39:21,184] [INFO] [DEBUG] Loaded 148 of 148 layers
[2026-01-26 12:39:23,094] [INFO] [DEBUG][SERVER] Model expects 148 layers
[2026-01-26 12:39:23,105] [INFO] [DEBUG] Loaded 148 of 148 layers
[2026-01-26 12:39:23,106] [INFO] [Server] Evaluating at round 12
[2026-01-26 12:39:23,106] [INFO] [SERVER][Round 12] Starting evaluation (mode=SH)...
[2026-01-26 12:39:40,899] [INFO] [Round 12] WT Dice: 0.9716 | Time: 17.79s
[2026-01-26 12:39:41,151] [INFO] [BEST MODEL] Saved: Revision2/Run_UNET_NonIID_SH_20260126/Server/best_model.pth
[2026-01-26 12:39:41,227] [INFO] [BEST MODEL] Saved: Revision2/Run_UNET_NonIID_SH_20260126/Server/best_model_round12.pth
[2026-01-26 12:39:41,227] [INFO] [BEST MODEL] New best at round 12: WT=0.9716
[2026-01-26 13:04:00,212] [INFO] [SERVER DEBUG] aggregate_fit called at round 13
[2026-01-26 13:04:00,213] [INFO] [DEBUG] aggregate_fit received 4 results at round 13
[2026-01-26 13:04:00,213] [INFO] [DEBUG] Decoding client response from fd7de0faebe449c58ec0687eb6c279d2...
[2026-01-26 13:04:01,030] [INFO] [DEBUG] Decoding client response from f46fc15802314fbe89d818a2e9b98238...
[2026-01-26 13:04:01,831] [INFO] [DEBUG] Decoding client response from e95f1ab4532a4761802387bdc69dc126...
[2026-01-26 13:04:02,755] [INFO] [DEBUG] Decoding client response from d8b0d20ff0fc4eeeac5ed14fc25ba457...
[2026-01-26 13:04:03,616] [INFO] [ENCODE] Starting encode_weights in aggregate_fit...
[2026-01-26 13:04:28,040] [INFO] [ENCODE] Finished encode_weights.
[2026-01-26 13:04:29,154] [INFO] [DEBUG][SERVER] Model expects 148 layers
[2026-01-26 13:04:29,172] [INFO] [DEBUG] Loaded 148 of 148 layers
[2026-01-26 13:04:31,057] [INFO] [DEBUG][SERVER] Model expects 148 layers
[2026-01-26 13:04:31,073] [INFO] [DEBUG] Loaded 148 of 148 layers
[2026-01-26 13:04:31,073] [INFO] [Server] Evaluating at round 13
[2026-01-26 13:04:31,073] [INFO] [SERVER][Round 13] Starting evaluation (mode=SH)...
[2026-01-26 13:04:48,943] [INFO] [Round 13] WT Dice: 0.9733 | Time: 17.87s
[2026-01-26 13:04:49,121] [INFO] [BEST MODEL] Saved: Revision2/Run_UNET_NonIID_SH_20260126/Server/best_model.pth
[2026-01-26 13:04:49,184] [INFO] [BEST MODEL] Saved: Revision2/Run_UNET_NonIID_SH_20260126/Server/best_model_round13.pth
[2026-01-26 13:04:49,184] [INFO] [BEST MODEL] New best at round 13: WT=0.9733
[2026-01-26 13:28:23,501] [INFO] [SERVER DEBUG] aggregate_fit called at round 14
[2026-01-26 13:28:23,502] [INFO] [DEBUG] aggregate_fit received 4 results at round 14
[2026-01-26 13:28:23,502] [INFO] [DEBUG] Decoding client response from f46fc15802314fbe89d818a2e9b98238...
[2026-01-26 13:28:24,323] [INFO] [DEBUG] Decoding client response from d8b0d20ff0fc4eeeac5ed14fc25ba457...
[2026-01-26 13:28:25,111] [INFO] [DEBUG] Decoding client response from fd7de0faebe449c58ec0687eb6c279d2...
[2026-01-26 13:28:25,847] [INFO] [DEBUG] Decoding client response from e95f1ab4532a4761802387bdc69dc126...
[2026-01-26 13:28:26,677] [INFO] [ENCODE] Starting encode_weights in aggregate_fit...
[2026-01-26 13:28:52,141] [INFO] [ENCODE] Finished encode_weights.
[2026-01-26 13:28:53,253] [INFO] [DEBUG][SERVER] Model expects 148 layers
[2026-01-26 13:28:53,274] [INFO] [DEBUG] Loaded 148 of 148 layers
[2026-01-26 13:28:55,260] [INFO] [DEBUG][SERVER] Model expects 148 layers
[2026-01-26 13:28:55,276] [INFO] [DEBUG] Loaded 148 of 148 layers
[2026-01-26 13:28:55,277] [INFO] [Server] Evaluating at round 14
[2026-01-26 13:28:55,277] [INFO] [SERVER][Round 14] Starting evaluation (mode=SH)...
[2026-01-26 13:29:13,381] [INFO] [Round 14] WT Dice: 0.0341 | Time: 18.10s
[2026-01-26 13:53:06,132] [INFO] [SERVER DEBUG] aggregate_fit called at round 15
[2026-01-26 13:53:06,132] [INFO] [DEBUG] aggregate_fit received 4 results at round 15
[2026-01-26 13:53:06,132] [INFO] [DEBUG] Decoding client response from fd7de0faebe449c58ec0687eb6c279d2...
[2026-01-26 13:53:06,948] [INFO] [DEBUG] Decoding client response from f46fc15802314fbe89d818a2e9b98238...
[2026-01-26 13:53:07,732] [INFO] [DEBUG] Decoding client response from d8b0d20ff0fc4eeeac5ed14fc25ba457...
[2026-01-26 13:53:08,430] [INFO] [DEBUG] Decoding client response from e95f1ab4532a4761802387bdc69dc126...
[2026-01-26 13:53:09,313] [INFO] [ENCODE] Starting encode_weights in aggregate_fit...
[2026-01-26 13:53:33,268] [INFO] [ENCODE] Finished encode_weights.
[2026-01-26 13:53:34,359] [INFO] [DEBUG][SERVER] Model expects 148 layers
[2026-01-26 13:53:34,379] [INFO] [DEBUG] Loaded 148 of 148 layers
[2026-01-26 13:53:36,230] [INFO] [DEBUG][SERVER] Model expects 148 layers
[2026-01-26 13:53:36,247] [INFO] [DEBUG] Loaded 148 of 148 layers
[2026-01-26 13:53:36,248] [INFO] [Server] Evaluating at round 15
[2026-01-26 13:53:36,248] [INFO] [SERVER][Round 15] Starting evaluation (mode=SH)...
[2026-01-26 13:53:54,176] [INFO] [Round 15] WT Dice: 0.1309 | Time: 17.93s
[2026-01-26 14:17:50,069] [INFO] [SERVER DEBUG] aggregate_fit called at round 16
[2026-01-26 14:17:50,069] [INFO] [DEBUG] aggregate_fit received 4 results at round 16
[2026-01-26 14:17:50,069] [INFO] [DEBUG] Decoding client response from fd7de0faebe449c58ec0687eb6c279d2...
[2026-01-26 14:17:50,895] [INFO] [DEBUG] Decoding client response from e95f1ab4532a4761802387bdc69dc126...
[2026-01-26 14:17:51,689] [INFO] [DEBUG] Decoding client response from d8b0d20ff0fc4eeeac5ed14fc25ba457...
[2026-01-26 14:17:52,451] [INFO] [DEBUG] Decoding client response from f46fc15802314fbe89d818a2e9b98238...
[2026-01-26 14:17:53,253] [INFO] [ENCODE] Starting encode_weights in aggregate_fit...
[2026-01-26 14:18:18,057] [INFO] [ENCODE] Finished encode_weights.
[2026-01-26 14:18:19,150] [INFO] [DEBUG][SERVER] Model expects 148 layers
[2026-01-26 14:18:19,164] [INFO] [DEBUG] Loaded 148 of 148 layers
[2026-01-26 14:18:21,098] [INFO] [DEBUG][SERVER] Model expects 148 layers
[2026-01-26 14:18:21,115] [INFO] [DEBUG] Loaded 148 of 148 layers
[2026-01-26 14:18:21,115] [INFO] [Server] Evaluating at round 16
[2026-01-26 14:18:21,115] [INFO] [SERVER][Round 16] Starting evaluation (mode=SH)...
[2026-01-26 14:18:39,263] [INFO] [Round 16] WT Dice: 0.9809 | Time: 18.15s
[2026-01-26 14:18:39,514] [INFO] [BEST MODEL] Saved: Revision2/Run_UNET_NonIID_SH_20260126/Server/best_model.pth
[2026-01-26 14:18:39,587] [INFO] [BEST MODEL] Saved: Revision2/Run_UNET_NonIID_SH_20260126/Server/best_model_round16.pth
[2026-01-26 14:18:39,587] [INFO] [BEST MODEL] New best at round 16: WT=0.9809
[2026-01-26 14:42:58,712] [INFO] [SERVER DEBUG] aggregate_fit called at round 17
[2026-01-26 14:42:58,712] [INFO] [DEBUG] aggregate_fit received 4 results at round 17
[2026-01-26 14:42:58,712] [INFO] [DEBUG] Decoding client response from f46fc15802314fbe89d818a2e9b98238...
[2026-01-26 14:42:59,582] [INFO] [DEBUG] Decoding client response from e95f1ab4532a4761802387bdc69dc126...
[2026-01-26 14:43:00,413] [INFO] [DEBUG] Decoding client response from d8b0d20ff0fc4eeeac5ed14fc25ba457...
[2026-01-26 14:43:01,179] [INFO] [DEBUG] Decoding client response from fd7de0faebe449c58ec0687eb6c279d2...
[2026-01-26 14:43:02,022] [INFO] [ENCODE] Starting encode_weights in aggregate_fit...
[2026-01-26 14:43:31,389] [INFO] [ENCODE] Finished encode_weights.
[2026-01-26 14:43:32,577] [INFO] [DEBUG][SERVER] Model expects 148 layers
[2026-01-26 14:43:32,598] [INFO] [DEBUG] Loaded 148 of 148 layers
[2026-01-26 14:43:35,137] [INFO] [DEBUG][SERVER] Model expects 148 layers
[2026-01-26 14:43:35,158] [INFO] [DEBUG] Loaded 148 of 148 layers
[2026-01-26 14:43:35,159] [INFO] [Server] Evaluating at round 17
[2026-01-26 14:43:35,159] [INFO] [SERVER][Round 17] Starting evaluation (mode=SH)...
[2026-01-26 14:43:53,651] [INFO] [Round 17] WT Dice: 0.1473 | Time: 18.49s
[2026-01-26 15:08:09,233] [INFO] [SERVER DEBUG] aggregate_fit called at round 18
[2026-01-26 15:08:09,234] [INFO] [DEBUG] aggregate_fit received 4 results at round 18
[2026-01-26 15:08:09,234] [INFO] [DEBUG] Decoding client response from f46fc15802314fbe89d818a2e9b98238...
[2026-01-26 15:08:10,137] [INFO] [DEBUG] Decoding client response from fd7de0faebe449c58ec0687eb6c279d2...
[2026-01-26 15:08:11,489] [INFO] [DEBUG] Decoding client response from d8b0d20ff0fc4eeeac5ed14fc25ba457...
[2026-01-26 15:08:12,418] [INFO] [DEBUG] Decoding client response from e95f1ab4532a4761802387bdc69dc126...
[2026-01-26 15:08:13,590] [INFO] [ENCODE] Starting encode_weights in aggregate_fit...
[2026-01-26 15:08:38,973] [INFO] [ENCODE] Finished encode_weights.
[2026-01-26 15:08:40,069] [INFO] [DEBUG][SERVER] Model expects 148 layers
[2026-01-26 15:08:40,084] [INFO] [DEBUG] Loaded 148 of 148 layers
[2026-01-26 15:08:42,134] [INFO] [DEBUG][SERVER] Model expects 148 layers
[2026-01-26 15:08:42,146] [INFO] [DEBUG] Loaded 148 of 148 layers
[2026-01-26 15:08:42,146] [INFO] [Server] Evaluating at round 18
[2026-01-26 15:08:42,146] [INFO] [SERVER][Round 18] Starting evaluation (mode=SH)...
[2026-01-26 15:09:00,407] [INFO] [Round 18] WT Dice: 0.9734 | Time: 18.26s
[2026-01-26 15:33:06,555] [INFO] [SERVER DEBUG] aggregate_fit called at round 19
[2026-01-26 15:33:06,555] [INFO] [DEBUG] aggregate_fit received 4 results at round 19
[2026-01-26 15:33:06,555] [INFO] [DEBUG] Decoding client response from fd7de0faebe449c58ec0687eb6c279d2...
[2026-01-26 15:33:07,425] [INFO] [DEBUG] Decoding client response from e95f1ab4532a4761802387bdc69dc126...
[2026-01-26 15:33:08,271] [INFO] [DEBUG] Decoding client response from d8b0d20ff0fc4eeeac5ed14fc25ba457...
[2026-01-26 15:33:09,107] [INFO] [DEBUG] Decoding client response from f46fc15802314fbe89d818a2e9b98238...
[2026-01-26 15:33:09,948] [INFO] [ENCODE] Starting encode_weights in aggregate_fit...
[2026-01-26 15:33:33,386] [INFO] [ENCODE] Finished encode_weights.
[2026-01-26 15:33:34,485] [INFO] [DEBUG][SERVER] Model expects 148 layers
[2026-01-26 15:33:34,497] [INFO] [DEBUG] Loaded 148 of 148 layers
[2026-01-26 15:33:36,465] [INFO] [DEBUG][SERVER] Model expects 148 layers
[2026-01-26 15:33:36,476] [INFO] [DEBUG] Loaded 148 of 148 layers
[2026-01-26 15:33:36,476] [INFO] [Server] Evaluating at round 19
[2026-01-26 15:33:36,476] [INFO] [SERVER][Round 19] Starting evaluation (mode=SH)...
[2026-01-26 15:33:54,427] [INFO] [Round 19] WT Dice: 0.9774 | Time: 17.95s
[2026-01-26 15:58:20,200] [INFO] [SERVER DEBUG] aggregate_fit called at round 20
[2026-01-26 15:58:20,201] [INFO] [DEBUG] aggregate_fit received 4 results at round 20
[2026-01-26 15:58:20,201] [INFO] [DEBUG] Decoding client response from fd7de0faebe449c58ec0687eb6c279d2...
[2026-01-26 15:58:21,082] [INFO] [DEBUG] Decoding client response from d8b0d20ff0fc4eeeac5ed14fc25ba457...
[2026-01-26 15:58:22,151] [INFO] [DEBUG] Decoding client response from f46fc15802314fbe89d818a2e9b98238...
[2026-01-26 15:58:23,006] [INFO] [DEBUG] Decoding client response from e95f1ab4532a4761802387bdc69dc126...
[2026-01-26 15:58:23,903] [INFO] [ENCODE] Starting encode_weights in aggregate_fit...
[2026-01-26 15:58:51,601] [INFO] [ENCODE] Finished encode_weights.
[2026-01-26 15:58:52,792] [INFO] [DEBUG][SERVER] Model expects 148 layers
[2026-01-26 15:58:52,804] [INFO] [DEBUG] Loaded 148 of 148 layers
[2026-01-26 15:58:55,025] [INFO] [DEBUG][SERVER] Model expects 148 layers
[2026-01-26 15:58:55,035] [INFO] [DEBUG] Loaded 148 of 148 layers
[2026-01-26 15:58:55,036] [INFO] [Server] Evaluating at round 20
[2026-01-26 15:58:55,036] [INFO] [SERVER][Round 20] Starting evaluation (mode=SH)...
[2026-01-26 15:59:13,307] [INFO] [Round 20] WT Dice: 0.9770 | Time: 18.27s
[2026-01-26 16:23:17,573] [INFO] [SERVER DEBUG] aggregate_fit called at round 21
[2026-01-26 16:23:17,574] [INFO] [DEBUG] aggregate_fit received 4 results at round 21
[2026-01-26 16:23:17,574] [INFO] [DEBUG] Decoding client response from d8b0d20ff0fc4eeeac5ed14fc25ba457...
[2026-01-26 16:23:18,489] [INFO] [DEBUG] Decoding client response from fd7de0faebe449c58ec0687eb6c279d2...
[2026-01-26 16:23:19,389] [INFO] [DEBUG] Decoding client response from e95f1ab4532a4761802387bdc69dc126...
[2026-01-26 16:23:20,164] [INFO] [DEBUG] Decoding client response from f46fc15802314fbe89d818a2e9b98238...
[2026-01-26 16:23:21,094] [INFO] [ENCODE] Starting encode_weights in aggregate_fit...
[2026-01-26 16:23:45,286] [INFO] [ENCODE] Finished encode_weights.
[2026-01-26 16:23:46,364] [INFO] [DEBUG][SERVER] Model expects 148 layers
[2026-01-26 16:23:46,378] [INFO] [DEBUG] Loaded 148 of 148 layers
[2026-01-26 16:23:48,334] [INFO] [DEBUG][SERVER] Model expects 148 layers
[2026-01-26 16:23:48,345] [INFO] [DEBUG] Loaded 148 of 148 layers
[2026-01-26 16:23:48,346] [INFO] [Server] Evaluating at round 21
[2026-01-26 16:23:48,346] [INFO] [SERVER][Round 21] Starting evaluation (mode=SH)...
[2026-01-26 16:24:06,156] [INFO] [Round 21] WT Dice: 0.9801 | Time: 17.81s
[2026-01-26 16:48:08,290] [INFO] [SERVER DEBUG] aggregate_fit called at round 22
[2026-01-26 16:48:08,290] [INFO] [DEBUG] aggregate_fit received 4 results at round 22
[2026-01-26 16:48:08,290] [INFO] [DEBUG] Decoding client response from d8b0d20ff0fc4eeeac5ed14fc25ba457...
[2026-01-26 16:48:09,250] [INFO] [DEBUG] Decoding client response from fd7de0faebe449c58ec0687eb6c279d2...
[2026-01-26 16:48:10,074] [INFO] [DEBUG] Decoding client response from e95f1ab4532a4761802387bdc69dc126...
[2026-01-26 16:48:11,023] [INFO] [DEBUG] Decoding client response from f46fc15802314fbe89d818a2e9b98238...
[2026-01-26 16:48:11,886] [INFO] [ENCODE] Starting encode_weights in aggregate_fit...
[2026-01-26 16:48:36,656] [INFO] [ENCODE] Finished encode_weights.
[2026-01-26 16:48:37,732] [INFO] [DEBUG][SERVER] Model expects 148 layers
[2026-01-26 16:48:37,745] [INFO] [DEBUG] Loaded 148 of 148 layers
[2026-01-26 16:48:39,943] [INFO] [DEBUG][SERVER] Model expects 148 layers
[2026-01-26 16:48:39,955] [INFO] [DEBUG] Loaded 148 of 148 layers
[2026-01-26 16:48:39,955] [INFO] [Server] Evaluating at round 22
[2026-01-26 16:48:39,955] [INFO] [SERVER][Round 22] Starting evaluation (mode=SH)...
[2026-01-26 16:48:57,821] [INFO] [Round 22] WT Dice: 0.9754 | Time: 17.87s
[2026-01-26 17:13:01,674] [INFO] [SERVER DEBUG] aggregate_fit called at round 23
[2026-01-26 17:13:01,674] [INFO] [DEBUG] aggregate_fit received 4 results at round 23
[2026-01-26 17:13:01,674] [INFO] [DEBUG] Decoding client response from f46fc15802314fbe89d818a2e9b98238...
[2026-01-26 17:13:02,642] [INFO] [DEBUG] Decoding client response from fd7de0faebe449c58ec0687eb6c279d2...
[2026-01-26 17:13:03,535] [INFO] [DEBUG] Decoding client response from e95f1ab4532a4761802387bdc69dc126...
[2026-01-26 17:13:04,320] [INFO] [DEBUG] Decoding client response from d8b0d20ff0fc4eeeac5ed14fc25ba457...
[2026-01-26 17:13:05,258] [INFO] [ENCODE] Starting encode_weights in aggregate_fit...
[2026-01-26 17:13:36,950] [INFO] [ENCODE] Finished encode_weights.
[2026-01-26 17:13:38,269] [INFO] [DEBUG][SERVER] Model expects 148 layers
[2026-01-26 17:13:38,285] [INFO] [DEBUG] Loaded 148 of 148 layers
[2026-01-26 17:13:40,686] [INFO] [DEBUG][SERVER] Model expects 148 layers
[2026-01-26 17:13:40,697] [INFO] [DEBUG] Loaded 148 of 148 layers
[2026-01-26 17:13:40,697] [INFO] [Server] Evaluating at round 23
[2026-01-26 17:13:40,697] [INFO] [SERVER][Round 23] Starting evaluation (mode=SH)...
[2026-01-26 17:13:58,585] [INFO] [Round 23] WT Dice: 0.0273 | Time: 17.89s
[2026-01-26 17:38:13,424] [INFO] [SERVER DEBUG] aggregate_fit called at round 24
[2026-01-26 17:38:13,424] [INFO] [DEBUG] aggregate_fit received 4 results at round 24
[2026-01-26 17:38:13,424] [INFO] [DEBUG] Decoding client response from e95f1ab4532a4761802387bdc69dc126...
[2026-01-26 17:38:14,342] [INFO] [DEBUG] Decoding client response from fd7de0faebe449c58ec0687eb6c279d2...
[2026-01-26 17:38:15,171] [INFO] [DEBUG] Decoding client response from d8b0d20ff0fc4eeeac5ed14fc25ba457...
[2026-01-26 17:38:16,035] [INFO] [DEBUG] Decoding client response from f46fc15802314fbe89d818a2e9b98238...
[2026-01-26 17:38:16,850] [INFO] [ENCODE] Starting encode_weights in aggregate_fit...
[2026-01-26 17:38:48,007] [INFO] [ENCODE] Finished encode_weights.
[2026-01-26 17:38:49,804] [INFO] [DEBUG][SERVER] Model expects 148 layers
[2026-01-26 17:38:49,819] [INFO] [DEBUG] Loaded 148 of 148 layers
[2026-01-26 17:38:52,056] [INFO] [DEBUG][SERVER] Model expects 148 layers
[2026-01-26 17:38:52,067] [INFO] [DEBUG] Loaded 148 of 148 layers
[2026-01-26 17:38:52,067] [INFO] [Server] Evaluating at round 24
[2026-01-26 17:38:52,067] [INFO] [SERVER][Round 24] Starting evaluation (mode=SH)...
[2026-01-26 17:39:10,159] [INFO] [Round 24] WT Dice: 0.9794 | Time: 18.09s
[2026-01-26 18:03:31,961] [INFO] [SERVER DEBUG] aggregate_fit called at round 25
[2026-01-26 18:03:31,961] [INFO] [DEBUG] aggregate_fit received 4 results at round 25
[2026-01-26 18:03:31,962] [INFO] [DEBUG] Decoding client response from e95f1ab4532a4761802387bdc69dc126...
[2026-01-26 18:03:32,881] [INFO] [DEBUG] Decoding client response from d8b0d20ff0fc4eeeac5ed14fc25ba457...
[2026-01-26 18:03:33,972] [INFO] [DEBUG] Decoding client response from fd7de0faebe449c58ec0687eb6c279d2...
[2026-01-26 18:03:34,749] [INFO] [DEBUG] Decoding client response from f46fc15802314fbe89d818a2e9b98238...
[2026-01-26 18:03:35,707] [INFO] [ENCODE] Starting encode_weights in aggregate_fit...
[2026-01-26 18:04:00,176] [INFO] [ENCODE] Finished encode_weights.
[2026-01-26 18:04:01,371] [INFO] [DEBUG][SERVER] Model expects 148 layers
[2026-01-26 18:04:01,384] [INFO] [DEBUG] Loaded 148 of 148 layers
[2026-01-26 18:04:03,371] [INFO] [DEBUG][SERVER] Model expects 148 layers
[2026-01-26 18:04:03,384] [INFO] [DEBUG] Loaded 148 of 148 layers
[2026-01-26 18:04:03,384] [INFO] [Server] Evaluating at round 25
[2026-01-26 18:04:03,384] [INFO] [SERVER][Round 25] Starting evaluation (mode=SH)...
[2026-01-26 18:04:21,339] [INFO] [Round 25] WT Dice: 0.9777 | Time: 17.95s
