[2026-01-27 23:31:56,574] [INFO] [SERVER INIT] EXPERIMENT_DIR=Revision2/Run_UNET_IID_SH30_20260127, LOG=Revision2/Run_UNET_IID_SH30_20260127/Server/ServerReport20260127.log
[2026-01-27 23:31:56,575] [INFO] [ENV] SERVER_ADDRESS=127.0.0.1, SERVER_PORT=8089, DATA_PATH=/home/jovyan/FeTS2022/MICCAI_FeTS2022_TrainingData, ENCODING_MODE=SH, N_CLUSTERS=32
[2026-01-27 23:31:56,689] [INFO] [DATA] Server test set loaded with 67 samples.
[2026-01-27 23:31:56,963] [INFO] [MODEL INIT] UNet with 148 layers initialized on cuda
[2026-01-27 23:31:57,003] [INFO] [STRATEGY INIT] mode=SH, UsedClusters=- (EnvNClusters=32), experiment_dir=Revision2/Run_UNET_IID_SH30_20260127 | BestMetricKey=WT
[2026-01-27 23:31:57,003] [INFO] [SERVER START] Address=127.0.0.1:8089, Rounds=25, Mode=SH, NClusters=32
[2026-01-27 23:31:57,041] [INFO] [DEBUG][SERVER] Model expects 148 layers
[2026-01-27 23:31:57,054] [INFO] [DEBUG] Loaded 148 of 148 layers
[2026-01-27 23:31:57,054] [INFO] [Server] Evaluating at round 0
[2026-01-27 23:31:57,054] [INFO] [SERVER][Round 0] Starting evaluation (mode=SH)...
[2026-01-27 23:32:21,834] [INFO] [Round 0] WT Dice: 0.1107 | Time: 24.78s
[2026-01-27 23:32:21,921] [INFO] [BEST MODEL] Saved: Revision2/Run_UNET_IID_SH30_20260127/Server/best_model.pth
[2026-01-27 23:32:21,996] [INFO] [BEST MODEL] Saved: Revision2/Run_UNET_IID_SH30_20260127/Server/best_model_round0.pth
[2026-01-27 23:32:21,996] [INFO] [BEST MODEL] New best at round 0: WT=0.1107
[2026-01-27 23:43:36,211] [INFO] [SERVER DEBUG] aggregate_fit called at round 1
[2026-01-27 23:43:36,212] [INFO] [DEBUG] aggregate_fit received 4 results at round 1
[2026-01-27 23:43:36,212] [INFO] [DEBUG] Decoding client response from ec08bc0a16a14482896c43b95d15a5d3...
[2026-01-27 23:43:36,854] [INFO] [DEBUG] Decoding client response from c55cb0a33a43496dac45f3b798964551...
[2026-01-27 23:43:37,369] [INFO] [DEBUG] Decoding client response from 50f9eb38766f47c9bd943c5ceb8c8435...
[2026-01-27 23:43:37,888] [INFO] [DEBUG] Decoding client response from 5957450d054e46a7b0e5822fd3e2e8cc...
[2026-01-27 23:43:38,389] [INFO] [ENCODE] Starting encode_weights in aggregate_fit...
[2026-01-27 23:43:50,874] [INFO] [ENCODE] Finished encode_weights.
[2026-01-27 23:43:51,689] [INFO] [DEBUG][SERVER] Model expects 148 layers
[2026-01-27 23:43:51,701] [INFO] [DEBUG] Loaded 148 of 148 layers
[2026-01-27 23:43:52,760] [INFO] [DEBUG][SERVER] Model expects 148 layers
[2026-01-27 23:43:52,770] [INFO] [DEBUG] Loaded 148 of 148 layers
[2026-01-27 23:43:52,771] [INFO] [Server] Evaluating at round 1
[2026-01-27 23:43:52,771] [INFO] [SERVER][Round 1] Starting evaluation (mode=SH)...
[2026-01-27 23:44:10,424] [INFO] [Round 1] WT Dice: 0.0220 | Time: 17.65s
[2026-01-27 23:56:57,431] [INFO] [SERVER DEBUG] aggregate_fit called at round 2
[2026-01-27 23:56:57,431] [INFO] [DEBUG] aggregate_fit received 4 results at round 2
[2026-01-27 23:56:57,431] [INFO] [DEBUG] Decoding client response from 50f9eb38766f47c9bd943c5ceb8c8435...
[2026-01-27 23:56:57,822] [INFO] [DEBUG] Decoding client response from ec08bc0a16a14482896c43b95d15a5d3...
[2026-01-27 23:56:58,207] [INFO] [DEBUG] Decoding client response from 5957450d054e46a7b0e5822fd3e2e8cc...
[2026-01-27 23:56:58,598] [INFO] [DEBUG] Decoding client response from c55cb0a33a43496dac45f3b798964551...
[2026-01-27 23:56:59,030] [INFO] [ENCODE] Starting encode_weights in aggregate_fit...
[2026-01-27 23:57:08,477] [INFO] [ENCODE] Finished encode_weights.
[2026-01-27 23:57:09,233] [INFO] [DEBUG][SERVER] Model expects 148 layers
[2026-01-27 23:57:09,247] [INFO] [DEBUG] Loaded 148 of 148 layers
[2026-01-27 23:57:10,197] [INFO] [DEBUG][SERVER] Model expects 148 layers
[2026-01-27 23:57:10,208] [INFO] [DEBUG] Loaded 148 of 148 layers
[2026-01-27 23:57:10,208] [INFO] [Server] Evaluating at round 2
[2026-01-27 23:57:10,208] [INFO] [SERVER][Round 2] Starting evaluation (mode=SH)...
[2026-01-27 23:57:27,546] [INFO] [Round 2] WT Dice: 0.2951 | Time: 17.34s
[2026-01-27 23:57:27,724] [INFO] [BEST MODEL] Saved: Revision2/Run_UNET_IID_SH30_20260127/Server/best_model.pth
[2026-01-27 23:57:27,799] [INFO] [BEST MODEL] Saved: Revision2/Run_UNET_IID_SH30_20260127/Server/best_model_round2.pth
[2026-01-27 23:57:27,799] [INFO] [BEST MODEL] New best at round 2: WT=0.2951
[2026-01-28 00:10:33,265] [INFO] [SERVER DEBUG] aggregate_fit called at round 3
[2026-01-28 00:10:33,266] [INFO] [DEBUG] aggregate_fit received 4 results at round 3
[2026-01-28 00:10:33,266] [INFO] [DEBUG] Decoding client response from ec08bc0a16a14482896c43b95d15a5d3...
[2026-01-28 00:10:33,778] [INFO] [DEBUG] Decoding client response from 50f9eb38766f47c9bd943c5ceb8c8435...
[2026-01-28 00:10:34,225] [INFO] [DEBUG] Decoding client response from 5957450d054e46a7b0e5822fd3e2e8cc...
[2026-01-28 00:10:34,607] [INFO] [DEBUG] Decoding client response from c55cb0a33a43496dac45f3b798964551...
[2026-01-28 00:10:35,050] [INFO] [ENCODE] Starting encode_weights in aggregate_fit...
[2026-01-28 00:10:44,765] [INFO] [ENCODE] Finished encode_weights.
[2026-01-28 00:10:45,474] [INFO] [DEBUG][SERVER] Model expects 148 layers
[2026-01-28 00:10:45,486] [INFO] [DEBUG] Loaded 148 of 148 layers
[2026-01-28 00:10:46,413] [INFO] [DEBUG][SERVER] Model expects 148 layers
[2026-01-28 00:10:46,423] [INFO] [DEBUG] Loaded 148 of 148 layers
[2026-01-28 00:10:46,423] [INFO] [Server] Evaluating at round 3
[2026-01-28 00:10:46,423] [INFO] [SERVER][Round 3] Starting evaluation (mode=SH)...
[2026-01-28 00:11:04,151] [INFO] [Round 3] WT Dice: 0.3420 | Time: 17.73s
[2026-01-28 00:11:04,334] [INFO] [BEST MODEL] Saved: Revision2/Run_UNET_IID_SH30_20260127/Server/best_model.pth
[2026-01-28 00:11:04,411] [INFO] [BEST MODEL] Saved: Revision2/Run_UNET_IID_SH30_20260127/Server/best_model_round3.pth
[2026-01-28 00:11:04,412] [INFO] [BEST MODEL] New best at round 3: WT=0.3420
[2026-01-28 00:24:20,785] [INFO] [SERVER DEBUG] aggregate_fit called at round 4
[2026-01-28 00:24:20,785] [INFO] [DEBUG] aggregate_fit received 4 results at round 4
[2026-01-28 00:24:20,785] [INFO] [DEBUG] Decoding client response from 5957450d054e46a7b0e5822fd3e2e8cc...
[2026-01-28 00:24:21,230] [INFO] [DEBUG] Decoding client response from ec08bc0a16a14482896c43b95d15a5d3...
[2026-01-28 00:24:21,661] [INFO] [DEBUG] Decoding client response from c55cb0a33a43496dac45f3b798964551...
[2026-01-28 00:24:22,029] [INFO] [DEBUG] Decoding client response from 50f9eb38766f47c9bd943c5ceb8c8435...
[2026-01-28 00:24:22,473] [INFO] [ENCODE] Starting encode_weights in aggregate_fit...
[2026-01-28 00:24:32,954] [INFO] [ENCODE] Finished encode_weights.
[2026-01-28 00:24:33,676] [INFO] [DEBUG][SERVER] Model expects 148 layers
[2026-01-28 00:24:33,687] [INFO] [DEBUG] Loaded 148 of 148 layers
[2026-01-28 00:24:34,658] [INFO] [DEBUG][SERVER] Model expects 148 layers
[2026-01-28 00:24:34,668] [INFO] [DEBUG] Loaded 148 of 148 layers
[2026-01-28 00:24:34,669] [INFO] [Server] Evaluating at round 4
[2026-01-28 00:24:34,669] [INFO] [SERVER][Round 4] Starting evaluation (mode=SH)...
[2026-01-28 00:24:52,305] [INFO] [Round 4] WT Dice: 0.3449 | Time: 17.64s
[2026-01-28 00:24:52,470] [INFO] [BEST MODEL] Saved: Revision2/Run_UNET_IID_SH30_20260127/Server/best_model.pth
[2026-01-28 00:24:52,546] [INFO] [BEST MODEL] Saved: Revision2/Run_UNET_IID_SH30_20260127/Server/best_model_round4.pth
[2026-01-28 00:24:52,546] [INFO] [BEST MODEL] New best at round 4: WT=0.3449
[2026-01-28 00:37:35,796] [INFO] [SERVER DEBUG] aggregate_fit called at round 5
[2026-01-28 00:37:35,797] [INFO] [DEBUG] aggregate_fit received 4 results at round 5
[2026-01-28 00:37:35,797] [INFO] [DEBUG] Decoding client response from 50f9eb38766f47c9bd943c5ceb8c8435...
[2026-01-28 00:37:36,209] [INFO] [DEBUG] Decoding client response from c55cb0a33a43496dac45f3b798964551...
[2026-01-28 00:37:36,679] [INFO] [DEBUG] Decoding client response from 5957450d054e46a7b0e5822fd3e2e8cc...
[2026-01-28 00:37:37,051] [INFO] [DEBUG] Decoding client response from ec08bc0a16a14482896c43b95d15a5d3...
[2026-01-28 00:37:37,479] [INFO] [ENCODE] Starting encode_weights in aggregate_fit...
[2026-01-28 00:37:49,134] [INFO] [ENCODE] Finished encode_weights.
[2026-01-28 00:37:49,921] [INFO] [DEBUG][SERVER] Model expects 148 layers
[2026-01-28 00:37:49,935] [INFO] [DEBUG] Loaded 148 of 148 layers
[2026-01-28 00:37:50,839] [INFO] [DEBUG][SERVER] Model expects 148 layers
[2026-01-28 00:37:50,849] [INFO] [DEBUG] Loaded 148 of 148 layers
[2026-01-28 00:37:50,849] [INFO] [Server] Evaluating at round 5
[2026-01-28 00:37:50,849] [INFO] [SERVER][Round 5] Starting evaluation (mode=SH)...
[2026-01-28 00:38:08,478] [INFO] [Round 5] WT Dice: 0.4927 | Time: 17.63s
[2026-01-28 00:38:08,657] [INFO] [BEST MODEL] Saved: Revision2/Run_UNET_IID_SH30_20260127/Server/best_model.pth
[2026-01-28 00:38:08,728] [INFO] [BEST MODEL] Saved: Revision2/Run_UNET_IID_SH30_20260127/Server/best_model_round5.pth
[2026-01-28 00:38:08,729] [INFO] [BEST MODEL] New best at round 5: WT=0.4927
[2026-01-28 00:50:27,296] [INFO] [SERVER DEBUG] aggregate_fit called at round 6
[2026-01-28 00:50:27,296] [INFO] [DEBUG] aggregate_fit received 4 results at round 6
[2026-01-28 00:50:27,297] [INFO] [DEBUG] Decoding client response from c55cb0a33a43496dac45f3b798964551...
[2026-01-28 00:50:27,649] [INFO] [DEBUG] Decoding client response from 5957450d054e46a7b0e5822fd3e2e8cc...
[2026-01-28 00:50:27,937] [INFO] [DEBUG] Decoding client response from 50f9eb38766f47c9bd943c5ceb8c8435...
[2026-01-28 00:50:28,185] [INFO] [DEBUG] Decoding client response from ec08bc0a16a14482896c43b95d15a5d3...
[2026-01-28 00:50:28,572] [INFO] [ENCODE] Starting encode_weights in aggregate_fit...
[2026-01-28 00:50:39,464] [INFO] [ENCODE] Finished encode_weights.
[2026-01-28 00:50:40,212] [INFO] [DEBUG][SERVER] Model expects 148 layers
[2026-01-28 00:50:40,224] [INFO] [DEBUG] Loaded 148 of 148 layers
[2026-01-28 00:50:41,241] [INFO] [DEBUG][SERVER] Model expects 148 layers
[2026-01-28 00:50:41,251] [INFO] [DEBUG] Loaded 148 of 148 layers
[2026-01-28 00:50:41,251] [INFO] [Server] Evaluating at round 6
[2026-01-28 00:50:41,251] [INFO] [SERVER][Round 6] Starting evaluation (mode=SH)...
[2026-01-28 00:50:58,683] [INFO] [Round 6] WT Dice: 0.3248 | Time: 17.43s
[2026-01-28 01:03:27,605] [INFO] [SERVER DEBUG] aggregate_fit called at round 7
[2026-01-28 01:03:27,606] [INFO] [DEBUG] aggregate_fit received 4 results at round 7
[2026-01-28 01:03:27,606] [INFO] [DEBUG] Decoding client response from 5957450d054e46a7b0e5822fd3e2e8cc...
[2026-01-28 01:03:28,059] [INFO] [DEBUG] Decoding client response from ec08bc0a16a14482896c43b95d15a5d3...
[2026-01-28 01:03:28,457] [INFO] [DEBUG] Decoding client response from 50f9eb38766f47c9bd943c5ceb8c8435...
[2026-01-28 01:03:28,840] [INFO] [DEBUG] Decoding client response from c55cb0a33a43496dac45f3b798964551...
[2026-01-28 01:03:29,251] [INFO] [ENCODE] Starting encode_weights in aggregate_fit...
[2026-01-28 01:03:41,305] [INFO] [ENCODE] Finished encode_weights.
[2026-01-28 01:03:42,070] [INFO] [DEBUG][SERVER] Model expects 148 layers
[2026-01-28 01:03:42,084] [INFO] [DEBUG] Loaded 148 of 148 layers
[2026-01-28 01:03:43,179] [INFO] [DEBUG][SERVER] Model expects 148 layers
[2026-01-28 01:03:43,190] [INFO] [DEBUG] Loaded 148 of 148 layers
[2026-01-28 01:03:43,190] [INFO] [Server] Evaluating at round 7
[2026-01-28 01:03:43,190] [INFO] [SERVER][Round 7] Starting evaluation (mode=SH)...
[2026-01-28 01:04:00,663] [INFO] [Round 7] WT Dice: 0.1860 | Time: 17.47s
[2026-01-28 01:16:23,763] [INFO] [SERVER DEBUG] aggregate_fit called at round 8
[2026-01-28 01:16:23,764] [INFO] [DEBUG] aggregate_fit received 4 results at round 8
[2026-01-28 01:16:23,764] [INFO] [DEBUG] Decoding client response from 5957450d054e46a7b0e5822fd3e2e8cc...
[2026-01-28 01:16:24,163] [INFO] [DEBUG] Decoding client response from 50f9eb38766f47c9bd943c5ceb8c8435...
[2026-01-28 01:16:24,496] [INFO] [DEBUG] Decoding client response from c55cb0a33a43496dac45f3b798964551...
[2026-01-28 01:16:24,799] [INFO] [DEBUG] Decoding client response from ec08bc0a16a14482896c43b95d15a5d3...
[2026-01-28 01:16:25,117] [INFO] [ENCODE] Starting encode_weights in aggregate_fit...
[2026-01-28 01:16:37,203] [INFO] [ENCODE] Finished encode_weights.
[2026-01-28 01:16:37,965] [INFO] [DEBUG][SERVER] Model expects 148 layers
[2026-01-28 01:16:37,977] [INFO] [DEBUG] Loaded 148 of 148 layers
[2026-01-28 01:16:38,989] [INFO] [DEBUG][SERVER] Model expects 148 layers
[2026-01-28 01:16:38,998] [INFO] [DEBUG] Loaded 148 of 148 layers
[2026-01-28 01:16:38,999] [INFO] [Server] Evaluating at round 8
[2026-01-28 01:16:38,999] [INFO] [SERVER][Round 8] Starting evaluation (mode=SH)...
[2026-01-28 01:16:56,345] [INFO] [Round 8] WT Dice: 0.0398 | Time: 17.35s
[2026-01-28 01:29:28,612] [INFO] [SERVER DEBUG] aggregate_fit called at round 9
[2026-01-28 01:29:28,612] [INFO] [DEBUG] aggregate_fit received 4 results at round 9
[2026-01-28 01:29:28,612] [INFO] [DEBUG] Decoding client response from c55cb0a33a43496dac45f3b798964551...
[2026-01-28 01:29:29,077] [INFO] [DEBUG] Decoding client response from ec08bc0a16a14482896c43b95d15a5d3...
[2026-01-28 01:29:29,503] [INFO] [DEBUG] Decoding client response from 50f9eb38766f47c9bd943c5ceb8c8435...
[2026-01-28 01:29:29,862] [INFO] [DEBUG] Decoding client response from 5957450d054e46a7b0e5822fd3e2e8cc...
[2026-01-28 01:29:30,249] [INFO] [ENCODE] Starting encode_weights in aggregate_fit...
[2026-01-28 01:29:41,958] [INFO] [ENCODE] Finished encode_weights.
[2026-01-28 01:29:42,697] [INFO] [DEBUG][SERVER] Model expects 148 layers
[2026-01-28 01:29:42,708] [INFO] [DEBUG] Loaded 148 of 148 layers
[2026-01-28 01:29:43,673] [INFO] [DEBUG][SERVER] Model expects 148 layers
[2026-01-28 01:29:43,684] [INFO] [DEBUG] Loaded 148 of 148 layers
[2026-01-28 01:29:43,685] [INFO] [Server] Evaluating at round 9
[2026-01-28 01:29:43,685] [INFO] [SERVER][Round 9] Starting evaluation (mode=SH)...
[2026-01-28 01:30:01,164] [INFO] [Round 9] WT Dice: 0.0472 | Time: 17.48s
[2026-01-28 01:42:08,831] [INFO] [SERVER DEBUG] aggregate_fit called at round 10
[2026-01-28 01:42:08,832] [INFO] [DEBUG] aggregate_fit received 4 results at round 10
[2026-01-28 01:42:08,832] [INFO] [DEBUG] Decoding client response from c55cb0a33a43496dac45f3b798964551...
[2026-01-28 01:42:09,263] [INFO] [DEBUG] Decoding client response from ec08bc0a16a14482896c43b95d15a5d3...
[2026-01-28 01:42:09,649] [INFO] [DEBUG] Decoding client response from 5957450d054e46a7b0e5822fd3e2e8cc...
[2026-01-28 01:42:09,990] [INFO] [DEBUG] Decoding client response from 50f9eb38766f47c9bd943c5ceb8c8435...
[2026-01-28 01:42:10,385] [INFO] [ENCODE] Starting encode_weights in aggregate_fit...
[2026-01-28 01:42:21,823] [INFO] [ENCODE] Finished encode_weights.
[2026-01-28 01:42:22,586] [INFO] [DEBUG][SERVER] Model expects 148 layers
[2026-01-28 01:42:22,597] [INFO] [DEBUG] Loaded 148 of 148 layers
[2026-01-28 01:42:23,569] [INFO] [DEBUG][SERVER] Model expects 148 layers
[2026-01-28 01:42:23,579] [INFO] [DEBUG] Loaded 148 of 148 layers
[2026-01-28 01:42:23,580] [INFO] [Server] Evaluating at round 10
[2026-01-28 01:42:23,580] [INFO] [SERVER][Round 10] Starting evaluation (mode=SH)...
[2026-01-28 01:42:40,912] [INFO] [Round 10] WT Dice: 0.0386 | Time: 17.33s
[2026-01-28 01:56:42,007] [INFO] [SERVER DEBUG] aggregate_fit called at round 11
[2026-01-28 01:56:42,007] [INFO] [DEBUG] aggregate_fit received 4 results at round 11
[2026-01-28 01:56:42,007] [INFO] [DEBUG] Decoding client response from 50f9eb38766f47c9bd943c5ceb8c8435...
[2026-01-28 01:56:42,350] [INFO] [DEBUG] Decoding client response from ec08bc0a16a14482896c43b95d15a5d3...
[2026-01-28 01:56:42,628] [INFO] [DEBUG] Decoding client response from 5957450d054e46a7b0e5822fd3e2e8cc...
[2026-01-28 01:56:42,877] [INFO] [DEBUG] Decoding client response from c55cb0a33a43496dac45f3b798964551...
[2026-01-28 01:56:43,147] [INFO] [ENCODE] Starting encode_weights in aggregate_fit...
[2026-01-28 01:56:53,998] [INFO] [ENCODE] Finished encode_weights.
[2026-01-28 01:56:54,706] [INFO] [DEBUG][SERVER] Model expects 148 layers
[2026-01-28 01:56:54,717] [INFO] [DEBUG] Loaded 148 of 148 layers
[2026-01-28 01:56:55,643] [INFO] [DEBUG][SERVER] Model expects 148 layers
[2026-01-28 01:56:55,654] [INFO] [DEBUG] Loaded 148 of 148 layers
[2026-01-28 01:56:55,654] [INFO] [Server] Evaluating at round 11
[2026-01-28 01:56:55,654] [INFO] [SERVER][Round 11] Starting evaluation (mode=SH)...
[2026-01-28 01:57:13,284] [INFO] [Round 11] WT Dice: 0.0280 | Time: 17.63s
[2026-01-28 02:10:04,823] [INFO] [SERVER DEBUG] aggregate_fit called at round 12
[2026-01-28 02:10:04,824] [INFO] [DEBUG] aggregate_fit received 4 results at round 12
[2026-01-28 02:10:04,824] [INFO] [DEBUG] Decoding client response from ec08bc0a16a14482896c43b95d15a5d3...
[2026-01-28 02:10:05,303] [INFO] [DEBUG] Decoding client response from 5957450d054e46a7b0e5822fd3e2e8cc...
[2026-01-28 02:10:05,764] [INFO] [DEBUG] Decoding client response from c55cb0a33a43496dac45f3b798964551...
[2026-01-28 02:10:06,159] [INFO] [DEBUG] Decoding client response from 50f9eb38766f47c9bd943c5ceb8c8435...
[2026-01-28 02:10:06,626] [INFO] [ENCODE] Starting encode_weights in aggregate_fit...
[2026-01-28 02:10:18,111] [INFO] [ENCODE] Finished encode_weights.
[2026-01-28 02:10:18,913] [INFO] [DEBUG][SERVER] Model expects 148 layers
[2026-01-28 02:10:18,925] [INFO] [DEBUG] Loaded 148 of 148 layers
[2026-01-28 02:10:19,956] [INFO] [DEBUG][SERVER] Model expects 148 layers
[2026-01-28 02:10:19,967] [INFO] [DEBUG] Loaded 148 of 148 layers
[2026-01-28 02:10:19,967] [INFO] [Server] Evaluating at round 12
[2026-01-28 02:10:19,967] [INFO] [SERVER][Round 12] Starting evaluation (mode=SH)...
[2026-01-28 02:10:37,366] [INFO] [Round 12] WT Dice: 0.2705 | Time: 17.40s
[2026-01-28 02:24:02,306] [INFO] [SERVER DEBUG] aggregate_fit called at round 13
[2026-01-28 02:24:02,307] [INFO] [DEBUG] aggregate_fit received 4 results at round 13
[2026-01-28 02:24:02,307] [INFO] [DEBUG] Decoding client response from ec08bc0a16a14482896c43b95d15a5d3...
[2026-01-28 02:24:02,641] [INFO] [DEBUG] Decoding client response from 50f9eb38766f47c9bd943c5ceb8c8435...
[2026-01-28 02:24:02,889] [INFO] [DEBUG] Decoding client response from c55cb0a33a43496dac45f3b798964551...
[2026-01-28 02:24:03,157] [INFO] [DEBUG] Decoding client response from 5957450d054e46a7b0e5822fd3e2e8cc...
[2026-01-28 02:24:03,493] [INFO] [ENCODE] Starting encode_weights in aggregate_fit...
[2026-01-28 02:24:13,504] [INFO] [ENCODE] Finished encode_weights.
[2026-01-28 02:24:14,200] [INFO] [DEBUG][SERVER] Model expects 148 layers
[2026-01-28 02:24:14,212] [INFO] [DEBUG] Loaded 148 of 148 layers
[2026-01-28 02:24:15,131] [INFO] [DEBUG][SERVER] Model expects 148 layers
[2026-01-28 02:24:15,141] [INFO] [DEBUG] Loaded 148 of 148 layers
[2026-01-28 02:24:15,142] [INFO] [Server] Evaluating at round 13
[2026-01-28 02:24:15,142] [INFO] [SERVER][Round 13] Starting evaluation (mode=SH)...
[2026-01-28 02:24:32,692] [INFO] [Round 13] WT Dice: 0.0258 | Time: 17.55s
[2026-01-28 02:36:21,854] [INFO] [SERVER DEBUG] aggregate_fit called at round 14
[2026-01-28 02:36:21,854] [INFO] [DEBUG] aggregate_fit received 4 results at round 14
[2026-01-28 02:36:21,854] [INFO] [DEBUG] Decoding client response from 5957450d054e46a7b0e5822fd3e2e8cc...
[2026-01-28 02:36:22,168] [INFO] [DEBUG] Decoding client response from c55cb0a33a43496dac45f3b798964551...
[2026-01-28 02:36:22,442] [INFO] [DEBUG] Decoding client response from ec08bc0a16a14482896c43b95d15a5d3...
[2026-01-28 02:36:22,681] [INFO] [DEBUG] Decoding client response from 50f9eb38766f47c9bd943c5ceb8c8435...
[2026-01-28 02:36:23,074] [INFO] [ENCODE] Starting encode_weights in aggregate_fit...
[2026-01-28 02:36:34,066] [INFO] [ENCODE] Finished encode_weights.
[2026-01-28 02:36:34,797] [INFO] [DEBUG][SERVER] Model expects 148 layers
[2026-01-28 02:36:34,808] [INFO] [DEBUG] Loaded 148 of 148 layers
[2026-01-28 02:36:35,781] [INFO] [DEBUG][SERVER] Model expects 148 layers
[2026-01-28 02:36:35,791] [INFO] [DEBUG] Loaded 148 of 148 layers
[2026-01-28 02:36:35,791] [INFO] [Server] Evaluating at round 14
[2026-01-28 02:36:35,791] [INFO] [SERVER][Round 14] Starting evaluation (mode=SH)...
[2026-01-28 02:36:53,103] [INFO] [Round 14] WT Dice: 0.0388 | Time: 17.31s
[2026-01-28 02:49:32,469] [INFO] [SERVER DEBUG] aggregate_fit called at round 15
[2026-01-28 02:49:32,469] [INFO] [DEBUG] aggregate_fit received 4 results at round 15
[2026-01-28 02:49:32,470] [INFO] [DEBUG] Decoding client response from c55cb0a33a43496dac45f3b798964551...
[2026-01-28 02:49:32,943] [INFO] [DEBUG] Decoding client response from 50f9eb38766f47c9bd943c5ceb8c8435...
[2026-01-28 02:49:33,381] [INFO] [DEBUG] Decoding client response from ec08bc0a16a14482896c43b95d15a5d3...
[2026-01-28 02:49:33,810] [INFO] [DEBUG] Decoding client response from 5957450d054e46a7b0e5822fd3e2e8cc...
[2026-01-28 02:49:34,252] [INFO] [ENCODE] Starting encode_weights in aggregate_fit...
[2026-01-28 02:49:45,446] [INFO] [ENCODE] Finished encode_weights.
[2026-01-28 02:49:46,226] [INFO] [DEBUG][SERVER] Model expects 148 layers
[2026-01-28 02:49:46,237] [INFO] [DEBUG] Loaded 148 of 148 layers
[2026-01-28 02:49:47,247] [INFO] [DEBUG][SERVER] Model expects 148 layers
[2026-01-28 02:49:47,257] [INFO] [DEBUG] Loaded 148 of 148 layers
[2026-01-28 02:49:47,257] [INFO] [Server] Evaluating at round 15
[2026-01-28 02:49:47,257] [INFO] [SERVER][Round 15] Starting evaluation (mode=SH)...
[2026-01-28 02:50:04,624] [INFO] [Round 15] WT Dice: 0.0591 | Time: 17.37s
[2026-01-28 03:03:12,036] [INFO] [SERVER DEBUG] aggregate_fit called at round 16
[2026-01-28 03:03:12,037] [INFO] [DEBUG] aggregate_fit received 4 results at round 16
[2026-01-28 03:03:12,037] [INFO] [DEBUG] Decoding client response from c55cb0a33a43496dac45f3b798964551...
[2026-01-28 03:03:12,344] [INFO] [DEBUG] Decoding client response from 5957450d054e46a7b0e5822fd3e2e8cc...
[2026-01-28 03:03:12,626] [INFO] [DEBUG] Decoding client response from ec08bc0a16a14482896c43b95d15a5d3...
[2026-01-28 03:03:12,875] [INFO] [DEBUG] Decoding client response from 50f9eb38766f47c9bd943c5ceb8c8435...
[2026-01-28 03:03:13,258] [INFO] [ENCODE] Starting encode_weights in aggregate_fit...
[2026-01-28 03:03:24,454] [INFO] [ENCODE] Finished encode_weights.
[2026-01-28 03:03:25,158] [INFO] [DEBUG][SERVER] Model expects 148 layers
[2026-01-28 03:03:25,169] [INFO] [DEBUG] Loaded 148 of 148 layers
[2026-01-28 03:03:26,030] [INFO] [DEBUG][SERVER] Model expects 148 layers
[2026-01-28 03:03:26,040] [INFO] [DEBUG] Loaded 148 of 148 layers
[2026-01-28 03:03:26,040] [INFO] [Server] Evaluating at round 16
[2026-01-28 03:03:26,040] [INFO] [SERVER][Round 16] Starting evaluation (mode=SH)...
[2026-01-28 03:03:43,449] [INFO] [Round 16] WT Dice: 0.0293 | Time: 17.41s
[2026-01-28 03:17:05,508] [INFO] [SERVER DEBUG] aggregate_fit called at round 17
[2026-01-28 03:17:05,509] [INFO] [DEBUG] aggregate_fit received 4 results at round 17
[2026-01-28 03:17:05,509] [INFO] [DEBUG] Decoding client response from c55cb0a33a43496dac45f3b798964551...
[2026-01-28 03:17:05,816] [INFO] [DEBUG] Decoding client response from 50f9eb38766f47c9bd943c5ceb8c8435...
[2026-01-28 03:17:06,061] [INFO] [DEBUG] Decoding client response from ec08bc0a16a14482896c43b95d15a5d3...
[2026-01-28 03:17:06,281] [INFO] [DEBUG] Decoding client response from 5957450d054e46a7b0e5822fd3e2e8cc...
[2026-01-28 03:17:06,600] [INFO] [ENCODE] Starting encode_weights in aggregate_fit...
[2026-01-28 03:17:18,332] [INFO] [ENCODE] Finished encode_weights.
[2026-01-28 03:17:19,079] [INFO] [DEBUG][SERVER] Model expects 148 layers
[2026-01-28 03:17:19,091] [INFO] [DEBUG] Loaded 148 of 148 layers
[2026-01-28 03:17:20,137] [INFO] [DEBUG][SERVER] Model expects 148 layers
[2026-01-28 03:17:20,148] [INFO] [DEBUG] Loaded 148 of 148 layers
[2026-01-28 03:17:20,148] [INFO] [Server] Evaluating at round 17
[2026-01-28 03:17:20,148] [INFO] [SERVER][Round 17] Starting evaluation (mode=SH)...
[2026-01-28 03:17:37,481] [INFO] [Round 17] WT Dice: 0.0357 | Time: 17.33s
[2026-01-28 03:29:54,094] [INFO] [SERVER DEBUG] aggregate_fit called at round 18
[2026-01-28 03:29:54,095] [INFO] [DEBUG] aggregate_fit received 4 results at round 18
[2026-01-28 03:29:54,095] [INFO] [DEBUG] Decoding client response from c55cb0a33a43496dac45f3b798964551...
[2026-01-28 03:29:54,561] [INFO] [DEBUG] Decoding client response from 5957450d054e46a7b0e5822fd3e2e8cc...
[2026-01-28 03:29:55,000] [INFO] [DEBUG] Decoding client response from ec08bc0a16a14482896c43b95d15a5d3...
[2026-01-28 03:29:55,394] [INFO] [DEBUG] Decoding client response from 50f9eb38766f47c9bd943c5ceb8c8435...
[2026-01-28 03:29:55,833] [INFO] [ENCODE] Starting encode_weights in aggregate_fit...
[2026-01-28 03:30:07,289] [INFO] [ENCODE] Finished encode_weights.
[2026-01-28 03:30:08,029] [INFO] [DEBUG][SERVER] Model expects 148 layers
[2026-01-28 03:30:08,040] [INFO] [DEBUG] Loaded 148 of 148 layers
[2026-01-28 03:30:09,029] [INFO] [DEBUG][SERVER] Model expects 148 layers
[2026-01-28 03:30:09,039] [INFO] [DEBUG] Loaded 148 of 148 layers
[2026-01-28 03:30:09,039] [INFO] [Server] Evaluating at round 18
[2026-01-28 03:30:09,039] [INFO] [SERVER][Round 18] Starting evaluation (mode=SH)...
[2026-01-28 03:30:26,583] [INFO] [Round 18] WT Dice: 0.0296 | Time: 17.54s
[2026-01-28 03:44:15,402] [INFO] [SERVER DEBUG] aggregate_fit called at round 19
[2026-01-28 03:44:15,403] [INFO] [DEBUG] aggregate_fit received 4 results at round 19
[2026-01-28 03:44:15,403] [INFO] [DEBUG] Decoding client response from c55cb0a33a43496dac45f3b798964551...
[2026-01-28 03:44:15,732] [INFO] [DEBUG] Decoding client response from 50f9eb38766f47c9bd943c5ceb8c8435...
[2026-01-28 03:44:15,991] [INFO] [DEBUG] Decoding client response from 5957450d054e46a7b0e5822fd3e2e8cc...
[2026-01-28 03:44:16,228] [INFO] [DEBUG] Decoding client response from ec08bc0a16a14482896c43b95d15a5d3...
[2026-01-28 03:44:16,607] [INFO] [ENCODE] Starting encode_weights in aggregate_fit...
[2026-01-28 03:44:28,006] [INFO] [ENCODE] Finished encode_weights.
[2026-01-28 03:44:28,774] [INFO] [DEBUG][SERVER] Model expects 148 layers
[2026-01-28 03:44:28,785] [INFO] [DEBUG] Loaded 148 of 148 layers
[2026-01-28 03:44:29,713] [INFO] [DEBUG][SERVER] Model expects 148 layers
[2026-01-28 03:44:29,723] [INFO] [DEBUG] Loaded 148 of 148 layers
[2026-01-28 03:44:29,723] [INFO] [Server] Evaluating at round 19
[2026-01-28 03:44:29,723] [INFO] [SERVER][Round 19] Starting evaluation (mode=SH)...
[2026-01-28 03:44:47,134] [INFO] [Round 19] WT Dice: 0.0298 | Time: 17.41s
[2026-01-28 03:57:27,821] [INFO] [SERVER DEBUG] aggregate_fit called at round 20
[2026-01-28 03:57:27,822] [INFO] [DEBUG] aggregate_fit received 4 results at round 20
[2026-01-28 03:57:27,822] [INFO] [DEBUG] Decoding client response from 50f9eb38766f47c9bd943c5ceb8c8435...
[2026-01-28 03:57:28,226] [INFO] [DEBUG] Decoding client response from 5957450d054e46a7b0e5822fd3e2e8cc...
[2026-01-28 03:57:28,560] [INFO] [DEBUG] Decoding client response from c55cb0a33a43496dac45f3b798964551...
[2026-01-28 03:57:28,859] [INFO] [DEBUG] Decoding client response from ec08bc0a16a14482896c43b95d15a5d3...
[2026-01-28 03:57:29,189] [INFO] [ENCODE] Starting encode_weights in aggregate_fit...
[2026-01-28 03:57:39,652] [INFO] [ENCODE] Finished encode_weights.
[2026-01-28 03:57:40,379] [INFO] [DEBUG][SERVER] Model expects 148 layers
[2026-01-28 03:57:40,389] [INFO] [DEBUG] Loaded 148 of 148 layers
[2026-01-28 03:57:41,292] [INFO] [DEBUG][SERVER] Model expects 148 layers
[2026-01-28 03:57:41,302] [INFO] [DEBUG] Loaded 148 of 148 layers
[2026-01-28 03:57:41,302] [INFO] [Server] Evaluating at round 20
[2026-01-28 03:57:41,303] [INFO] [SERVER][Round 20] Starting evaluation (mode=SH)...
[2026-01-28 03:57:58,805] [INFO] [Round 20] WT Dice: 0.0795 | Time: 17.50s
[2026-01-28 04:10:41,225] [INFO] [SERVER DEBUG] aggregate_fit called at round 21
[2026-01-28 04:10:41,225] [INFO] [DEBUG] aggregate_fit received 4 results at round 21
[2026-01-28 04:10:41,225] [INFO] [DEBUG] Decoding client response from 50f9eb38766f47c9bd943c5ceb8c8435...
[2026-01-28 04:10:41,809] [INFO] [DEBUG] Decoding client response from c55cb0a33a43496dac45f3b798964551...
[2026-01-28 04:10:42,301] [INFO] [DEBUG] Decoding client response from ec08bc0a16a14482896c43b95d15a5d3...
[2026-01-28 04:10:42,770] [INFO] [DEBUG] Decoding client response from 5957450d054e46a7b0e5822fd3e2e8cc...
[2026-01-28 04:10:43,269] [INFO] [ENCODE] Starting encode_weights in aggregate_fit...
[2026-01-28 04:10:55,384] [INFO] [ENCODE] Finished encode_weights.
[2026-01-28 04:10:56,346] [INFO] [DEBUG][SERVER] Model expects 148 layers
[2026-01-28 04:10:56,359] [INFO] [DEBUG] Loaded 148 of 148 layers
[2026-01-28 04:10:57,451] [INFO] [DEBUG][SERVER] Model expects 148 layers
[2026-01-28 04:10:57,462] [INFO] [DEBUG] Loaded 148 of 148 layers
[2026-01-28 04:10:57,463] [INFO] [Server] Evaluating at round 21
[2026-01-28 04:10:57,463] [INFO] [SERVER][Round 21] Starting evaluation (mode=SH)...
[2026-01-28 04:11:14,951] [INFO] [Round 21] WT Dice: 0.2032 | Time: 17.49s
[2026-01-28 04:24:04,201] [INFO] [SERVER DEBUG] aggregate_fit called at round 22
[2026-01-28 04:24:04,201] [INFO] [DEBUG] aggregate_fit received 4 results at round 22
[2026-01-28 04:24:04,201] [INFO] [DEBUG] Decoding client response from 50f9eb38766f47c9bd943c5ceb8c8435...
[2026-01-28 04:24:04,707] [INFO] [DEBUG] Decoding client response from ec08bc0a16a14482896c43b95d15a5d3...
[2026-01-28 04:24:05,191] [INFO] [DEBUG] Decoding client response from 5957450d054e46a7b0e5822fd3e2e8cc...
[2026-01-28 04:24:05,631] [INFO] [DEBUG] Decoding client response from c55cb0a33a43496dac45f3b798964551...
[2026-01-28 04:24:06,127] [INFO] [ENCODE] Starting encode_weights in aggregate_fit...
[2026-01-28 04:24:17,047] [INFO] [ENCODE] Finished encode_weights.
[2026-01-28 04:24:17,774] [INFO] [DEBUG][SERVER] Model expects 148 layers
[2026-01-28 04:24:17,787] [INFO] [DEBUG] Loaded 148 of 148 layers
[2026-01-28 04:24:18,812] [INFO] [DEBUG][SERVER] Model expects 148 layers
[2026-01-28 04:24:18,822] [INFO] [DEBUG] Loaded 148 of 148 layers
[2026-01-28 04:24:18,823] [INFO] [Server] Evaluating at round 22
[2026-01-28 04:24:18,823] [INFO] [SERVER][Round 22] Starting evaluation (mode=SH)...
[2026-01-28 04:24:36,331] [INFO] [Round 22] WT Dice: 0.1879 | Time: 17.51s
[2026-01-28 04:36:34,064] [INFO] [SERVER DEBUG] aggregate_fit called at round 23
[2026-01-28 04:36:34,064] [INFO] [DEBUG] aggregate_fit received 4 results at round 23
[2026-01-28 04:36:34,064] [INFO] [DEBUG] Decoding client response from c55cb0a33a43496dac45f3b798964551...
[2026-01-28 04:36:34,370] [INFO] [DEBUG] Decoding client response from 5957450d054e46a7b0e5822fd3e2e8cc...
[2026-01-28 04:36:34,635] [INFO] [DEBUG] Decoding client response from 50f9eb38766f47c9bd943c5ceb8c8435...
[2026-01-28 04:36:34,870] [INFO] [DEBUG] Decoding client response from ec08bc0a16a14482896c43b95d15a5d3...
[2026-01-28 04:36:35,154] [INFO] [ENCODE] Starting encode_weights in aggregate_fit...
[2026-01-28 04:36:45,808] [INFO] [ENCODE] Finished encode_weights.
[2026-01-28 04:36:46,526] [INFO] [DEBUG][SERVER] Model expects 148 layers
[2026-01-28 04:36:46,538] [INFO] [DEBUG] Loaded 148 of 148 layers
[2026-01-28 04:36:47,447] [INFO] [DEBUG][SERVER] Model expects 148 layers
[2026-01-28 04:36:47,458] [INFO] [DEBUG] Loaded 148 of 148 layers
[2026-01-28 04:36:47,458] [INFO] [Server] Evaluating at round 23
[2026-01-28 04:36:47,458] [INFO] [SERVER][Round 23] Starting evaluation (mode=SH)...
[2026-01-28 04:37:04,990] [INFO] [Round 23] WT Dice: 0.1655 | Time: 17.53s
[2026-01-28 04:50:38,397] [INFO] [SERVER DEBUG] aggregate_fit called at round 24
[2026-01-28 04:50:38,397] [INFO] [DEBUG] aggregate_fit received 4 results at round 24
[2026-01-28 04:50:38,397] [INFO] [DEBUG] Decoding client response from ec08bc0a16a14482896c43b95d15a5d3...
[2026-01-28 04:50:38,926] [INFO] [DEBUG] Decoding client response from 50f9eb38766f47c9bd943c5ceb8c8435...
[2026-01-28 04:50:39,391] [INFO] [DEBUG] Decoding client response from c55cb0a33a43496dac45f3b798964551...
[2026-01-28 04:50:39,826] [INFO] [DEBUG] Decoding client response from 5957450d054e46a7b0e5822fd3e2e8cc...
[2026-01-28 04:50:40,340] [INFO] [ENCODE] Starting encode_weights in aggregate_fit...
[2026-01-28 04:50:50,324] [INFO] [ENCODE] Finished encode_weights.
[2026-01-28 04:50:51,054] [INFO] [DEBUG][SERVER] Model expects 148 layers
[2026-01-28 04:50:51,065] [INFO] [DEBUG] Loaded 148 of 148 layers
[2026-01-28 04:50:52,049] [INFO] [DEBUG][SERVER] Model expects 148 layers
[2026-01-28 04:50:52,059] [INFO] [DEBUG] Loaded 148 of 148 layers
[2026-01-28 04:50:52,059] [INFO] [Server] Evaluating at round 24
[2026-01-28 04:50:52,059] [INFO] [SERVER][Round 24] Starting evaluation (mode=SH)...
[2026-01-28 04:51:09,532] [INFO] [Round 24] WT Dice: 0.3851 | Time: 17.47s
[2026-01-28 05:05:17,137] [INFO] [SERVER DEBUG] aggregate_fit called at round 25
[2026-01-28 05:05:17,137] [INFO] [DEBUG] aggregate_fit received 4 results at round 25
[2026-01-28 05:05:17,137] [INFO] [DEBUG] Decoding client response from c55cb0a33a43496dac45f3b798964551...
[2026-01-28 05:05:17,554] [INFO] [DEBUG] Decoding client response from 50f9eb38766f47c9bd943c5ceb8c8435...
[2026-01-28 05:05:17,937] [INFO] [DEBUG] Decoding client response from 5957450d054e46a7b0e5822fd3e2e8cc...
[2026-01-28 05:05:18,310] [INFO] [DEBUG] Decoding client response from ec08bc0a16a14482896c43b95d15a5d3...
[2026-01-28 05:05:18,683] [INFO] [ENCODE] Starting encode_weights in aggregate_fit...
[2026-01-28 05:05:27,635] [INFO] [ENCODE] Finished encode_weights.
[2026-01-28 05:05:28,336] [INFO] [DEBUG][SERVER] Model expects 148 layers
[2026-01-28 05:05:28,347] [INFO] [DEBUG] Loaded 148 of 148 layers
[2026-01-28 05:05:29,243] [INFO] [DEBUG][SERVER] Model expects 148 layers
[2026-01-28 05:05:29,254] [INFO] [DEBUG] Loaded 148 of 148 layers
[2026-01-28 05:05:29,254] [INFO] [Server] Evaluating at round 25
[2026-01-28 05:05:29,254] [INFO] [SERVER][Round 25] Starting evaluation (mode=SH)...
[2026-01-28 05:05:46,646] [INFO] [Round 25] WT Dice: 0.7353 | Time: 17.39s
[2026-01-28 05:06:39,157] [INFO] [BEST MODEL] Saved: Revision2/Run_UNET_IID_SH30_20260127/Server/best_model.pth
[2026-01-28 05:06:39,227] [INFO] [BEST MODEL] Saved: Revision2/Run_UNET_IID_SH30_20260127/Server/best_model_round25.pth
[2026-01-28 05:06:39,227] [INFO] [BEST MODEL] New best at round 25: WT=0.7353
