[2026-01-24 22:19:59,395] [INFO] [SERVER INIT] EXPERIMENT_DIR=Revision2/Run_UNET_NonIID_SKHC32S60_20260124, LOG=Revision2/Run_UNET_NonIID_SKHC32S60_20260124/Server/ServerReport20260124.log
[2026-01-24 22:19:59,397] [INFO] [ENV] SERVER_ADDRESS=127.0.0.1, SERVER_PORT=8089, DATA_PATH=/home/jovyan/FeTS2022/MICCAI_FeTS2022_TrainingData, ENCODING_MODE=SKH, N_CLUSTERS=32
[2026-01-24 22:19:59,503] [INFO] [DATA] Server test set loaded with 67 samples.
[2026-01-24 22:19:59,754] [INFO] [MODEL INIT] UNet with 148 layers initialized on cuda
[2026-01-24 22:19:59,791] [INFO] [STRATEGY INIT] mode=SKH, UsedClusters=32 (EnvNClusters=32), experiment_dir=Revision2/Run_UNET_NonIID_SKHC32S60_20260124 | BestMetricKey=WT
[2026-01-24 22:19:59,791] [INFO] [SERVER START] Address=127.0.0.1:8089, Rounds=25, Mode=SKH, NClusters=32
[2026-01-24 22:19:59,828] [INFO] [DEBUG][SERVER] Model expects 148 layers
[2026-01-24 22:19:59,841] [INFO] [DEBUG] Loaded 148 of 148 layers
[2026-01-24 22:19:59,842] [INFO] [Server] Evaluating at round 0
[2026-01-24 22:19:59,842] [INFO] [SERVER][Round 0] Starting evaluation (mode=SKH)...
[2026-01-24 22:20:20,757] [INFO] [Round 0] WT Dice: 0.1107 | Time: 20.92s
[2026-01-24 22:20:20,844] [INFO] [BEST MODEL] Saved: Revision2/Run_UNET_NonIID_SKHC32S60_20260124/Server/best_model.pth
[2026-01-24 22:20:20,921] [INFO] [BEST MODEL] Saved: Revision2/Run_UNET_NonIID_SKHC32S60_20260124/Server/best_model_round0.pth
[2026-01-24 22:20:20,921] [INFO] [BEST MODEL] New best at round 0: WT=0.1107
[2026-01-24 22:52:08,932] [INFO] [SERVER DEBUG] aggregate_fit called at round 1
[2026-01-24 22:52:08,933] [INFO] [DEBUG] aggregate_fit received 4 results at round 1
[2026-01-24 22:52:08,933] [INFO] [DEBUG] Decoding client response from 95e5d30cf37d436aabf208d74a0676b0...
[2026-01-24 22:52:09,168] [INFO] [DEBUG] Decoding client response from ac86a4640bcc4e75b6032019d0d8eaf1...
[2026-01-24 22:52:09,436] [INFO] [DEBUG] Decoding client response from 2d9f25feea054be580f5f954e9e7e284...
[2026-01-24 22:52:09,544] [INFO] [DEBUG] Decoding client response from 8b96e76b35454d87801f2b3361532c7b...
[2026-01-24 22:52:09,633] [INFO] [ENCODE] Starting encode_weights in aggregate_fit...
[2026-01-24 22:52:19,004] [INFO] [ENCODE] Finished encode_weights.
[2026-01-24 22:52:19,204] [INFO] [DEBUG][SERVER] Model expects 148 layers
[2026-01-24 22:52:19,219] [INFO] [DEBUG] Loaded 148 of 148 layers
[2026-01-24 22:52:19,589] [INFO] [DEBUG][SERVER] Model expects 148 layers
[2026-01-24 22:52:19,601] [INFO] [DEBUG] Loaded 148 of 148 layers
[2026-01-24 22:52:19,601] [INFO] [Server] Evaluating at round 1
[2026-01-24 22:52:19,601] [INFO] [SERVER][Round 1] Starting evaluation (mode=SKH)...
[2026-01-24 22:52:37,010] [INFO] [Round 1] WT Dice: 0.3103 | Time: 17.41s
[2026-01-24 22:52:37,105] [INFO] [BEST MODEL] Saved: Revision2/Run_UNET_NonIID_SKHC32S60_20260124/Server/best_model.pth
[2026-01-24 22:52:37,179] [INFO] [BEST MODEL] Saved: Revision2/Run_UNET_NonIID_SKHC32S60_20260124/Server/best_model_round1.pth
[2026-01-24 22:52:37,179] [INFO] [BEST MODEL] New best at round 1: WT=0.3103
[2026-01-24 23:16:15,937] [INFO] [SERVER DEBUG] aggregate_fit called at round 2
[2026-01-24 23:16:15,938] [INFO] [DEBUG] aggregate_fit received 4 results at round 2
[2026-01-24 23:16:15,938] [INFO] [DEBUG] Decoding client response from 2d9f25feea054be580f5f954e9e7e284...
[2026-01-24 23:16:16,090] [INFO] [DEBUG] Decoding client response from ac86a4640bcc4e75b6032019d0d8eaf1...
[2026-01-24 23:16:16,221] [INFO] [DEBUG] Decoding client response from 8b96e76b35454d87801f2b3361532c7b...
[2026-01-24 23:16:16,346] [INFO] [DEBUG] Decoding client response from 95e5d30cf37d436aabf208d74a0676b0...
[2026-01-24 23:16:16,459] [INFO] [ENCODE] Starting encode_weights in aggregate_fit...
[2026-01-24 23:16:26,290] [INFO] [ENCODE] Finished encode_weights.
[2026-01-24 23:16:26,493] [INFO] [DEBUG][SERVER] Model expects 148 layers
[2026-01-24 23:16:26,509] [INFO] [DEBUG] Loaded 148 of 148 layers
[2026-01-24 23:16:26,861] [INFO] [DEBUG][SERVER] Model expects 148 layers
[2026-01-24 23:16:26,872] [INFO] [DEBUG] Loaded 148 of 148 layers
[2026-01-24 23:16:26,872] [INFO] [Server] Evaluating at round 2
[2026-01-24 23:16:26,872] [INFO] [SERVER][Round 2] Starting evaluation (mode=SKH)...
[2026-01-24 23:16:44,405] [INFO] [Round 2] WT Dice: 0.6496 | Time: 17.53s
[2026-01-24 23:16:44,502] [INFO] [BEST MODEL] Saved: Revision2/Run_UNET_NonIID_SKHC32S60_20260124/Server/best_model.pth
[2026-01-24 23:16:44,578] [INFO] [BEST MODEL] Saved: Revision2/Run_UNET_NonIID_SKHC32S60_20260124/Server/best_model_round2.pth
[2026-01-24 23:16:44,578] [INFO] [BEST MODEL] New best at round 2: WT=0.6496
[2026-01-24 23:39:59,365] [INFO] [SERVER DEBUG] aggregate_fit called at round 3
[2026-01-24 23:39:59,365] [INFO] [DEBUG] aggregate_fit received 4 results at round 3
[2026-01-24 23:39:59,365] [INFO] [DEBUG] Decoding client response from 2d9f25feea054be580f5f954e9e7e284...
[2026-01-24 23:39:59,531] [INFO] [DEBUG] Decoding client response from 95e5d30cf37d436aabf208d74a0676b0...
[2026-01-24 23:39:59,687] [INFO] [DEBUG] Decoding client response from 8b96e76b35454d87801f2b3361532c7b...
[2026-01-24 23:39:59,854] [INFO] [DEBUG] Decoding client response from ac86a4640bcc4e75b6032019d0d8eaf1...
[2026-01-24 23:40:00,035] [INFO] [ENCODE] Starting encode_weights in aggregate_fit...
[2026-01-24 23:40:10,178] [INFO] [ENCODE] Finished encode_weights.
[2026-01-24 23:40:10,377] [INFO] [DEBUG][SERVER] Model expects 148 layers
[2026-01-24 23:40:10,392] [INFO] [DEBUG] Loaded 148 of 148 layers
[2026-01-24 23:40:10,753] [INFO] [DEBUG][SERVER] Model expects 148 layers
[2026-01-24 23:40:10,764] [INFO] [DEBUG] Loaded 148 of 148 layers
[2026-01-24 23:40:10,765] [INFO] [Server] Evaluating at round 3
[2026-01-24 23:40:10,765] [INFO] [SERVER][Round 3] Starting evaluation (mode=SKH)...
[2026-01-24 23:40:28,303] [INFO] [Round 3] WT Dice: 0.9600 | Time: 17.54s
[2026-01-24 23:40:28,426] [INFO] [BEST MODEL] Saved: Revision2/Run_UNET_NonIID_SKHC32S60_20260124/Server/best_model.pth
[2026-01-24 23:40:28,515] [INFO] [BEST MODEL] Saved: Revision2/Run_UNET_NonIID_SKHC32S60_20260124/Server/best_model_round3.pth
[2026-01-24 23:40:28,515] [INFO] [BEST MODEL] New best at round 3: WT=0.9600
[2026-01-25 00:04:17,045] [INFO] [SERVER DEBUG] aggregate_fit called at round 4
[2026-01-25 00:04:17,046] [INFO] [DEBUG] aggregate_fit received 4 results at round 4
[2026-01-25 00:04:17,047] [INFO] [DEBUG] Decoding client response from 2d9f25feea054be580f5f954e9e7e284...
[2026-01-25 00:04:17,174] [INFO] [DEBUG] Decoding client response from 95e5d30cf37d436aabf208d74a0676b0...
[2026-01-25 00:04:17,269] [INFO] [DEBUG] Decoding client response from ac86a4640bcc4e75b6032019d0d8eaf1...
[2026-01-25 00:04:17,363] [INFO] [DEBUG] Decoding client response from 8b96e76b35454d87801f2b3361532c7b...
[2026-01-25 00:04:17,464] [INFO] [ENCODE] Starting encode_weights in aggregate_fit...
[2026-01-25 00:04:26,818] [INFO] [ENCODE] Finished encode_weights.
[2026-01-25 00:04:27,037] [INFO] [DEBUG][SERVER] Model expects 148 layers
[2026-01-25 00:04:27,067] [INFO] [DEBUG] Loaded 148 of 148 layers
[2026-01-25 00:04:27,468] [INFO] [DEBUG][SERVER] Model expects 148 layers
[2026-01-25 00:04:27,483] [INFO] [DEBUG] Loaded 148 of 148 layers
[2026-01-25 00:04:27,484] [INFO] [Server] Evaluating at round 4
[2026-01-25 00:04:27,484] [INFO] [SERVER][Round 4] Starting evaluation (mode=SKH)...
[2026-01-25 00:04:45,006] [INFO] [Round 4] WT Dice: 0.9658 | Time: 17.52s
[2026-01-25 00:04:45,102] [INFO] [BEST MODEL] Saved: Revision2/Run_UNET_NonIID_SKHC32S60_20260124/Server/best_model.pth
[2026-01-25 00:04:45,182] [INFO] [BEST MODEL] Saved: Revision2/Run_UNET_NonIID_SKHC32S60_20260124/Server/best_model_round4.pth
[2026-01-25 00:04:45,182] [INFO] [BEST MODEL] New best at round 4: WT=0.9658
[2026-01-25 00:27:57,049] [INFO] [SERVER DEBUG] aggregate_fit called at round 5
[2026-01-25 00:27:57,049] [INFO] [DEBUG] aggregate_fit received 4 results at round 5
[2026-01-25 00:27:57,049] [INFO] [DEBUG] Decoding client response from 2d9f25feea054be580f5f954e9e7e284...
[2026-01-25 00:27:57,163] [INFO] [DEBUG] Decoding client response from 95e5d30cf37d436aabf208d74a0676b0...
[2026-01-25 00:27:57,249] [INFO] [DEBUG] Decoding client response from ac86a4640bcc4e75b6032019d0d8eaf1...
[2026-01-25 00:27:57,337] [INFO] [DEBUG] Decoding client response from 8b96e76b35454d87801f2b3361532c7b...
[2026-01-25 00:27:57,445] [INFO] [ENCODE] Starting encode_weights in aggregate_fit...
[2026-01-25 00:28:05,878] [INFO] [ENCODE] Finished encode_weights.
[2026-01-25 00:28:06,055] [INFO] [DEBUG][SERVER] Model expects 148 layers
[2026-01-25 00:28:06,073] [INFO] [DEBUG] Loaded 148 of 148 layers
[2026-01-25 00:28:06,432] [INFO] [DEBUG][SERVER] Model expects 148 layers
[2026-01-25 00:28:06,450] [INFO] [DEBUG] Loaded 148 of 148 layers
[2026-01-25 00:28:06,450] [INFO] [Server] Evaluating at round 5
[2026-01-25 00:28:06,450] [INFO] [SERVER][Round 5] Starting evaluation (mode=SKH)...
[2026-01-25 00:28:23,954] [INFO] [Round 5] WT Dice: 0.9762 | Time: 17.50s
[2026-01-25 00:28:24,053] [INFO] [BEST MODEL] Saved: Revision2/Run_UNET_NonIID_SKHC32S60_20260124/Server/best_model.pth
[2026-01-25 00:28:24,129] [INFO] [BEST MODEL] Saved: Revision2/Run_UNET_NonIID_SKHC32S60_20260124/Server/best_model_round5.pth
[2026-01-25 00:28:24,129] [INFO] [BEST MODEL] New best at round 5: WT=0.9762
[2026-01-25 00:51:27,831] [INFO] [SERVER DEBUG] aggregate_fit called at round 6
[2026-01-25 00:51:27,832] [INFO] [DEBUG] aggregate_fit received 4 results at round 6
[2026-01-25 00:51:27,832] [INFO] [DEBUG] Decoding client response from 8b96e76b35454d87801f2b3361532c7b...
[2026-01-25 00:51:28,022] [INFO] [DEBUG] Decoding client response from 2d9f25feea054be580f5f954e9e7e284...
[2026-01-25 00:51:28,214] [INFO] [DEBUG] Decoding client response from 95e5d30cf37d436aabf208d74a0676b0...
[2026-01-25 00:51:28,349] [INFO] [DEBUG] Decoding client response from ac86a4640bcc4e75b6032019d0d8eaf1...
[2026-01-25 00:51:28,515] [INFO] [ENCODE] Starting encode_weights in aggregate_fit...
[2026-01-25 00:51:37,073] [INFO] [ENCODE] Finished encode_weights.
[2026-01-25 00:51:37,270] [INFO] [DEBUG][SERVER] Model expects 148 layers
[2026-01-25 00:51:37,288] [INFO] [DEBUG] Loaded 148 of 148 layers
[2026-01-25 00:51:37,637] [INFO] [DEBUG][SERVER] Model expects 148 layers
[2026-01-25 00:51:37,649] [INFO] [DEBUG] Loaded 148 of 148 layers
[2026-01-25 00:51:37,650] [INFO] [Server] Evaluating at round 6
[2026-01-25 00:51:37,650] [INFO] [SERVER][Round 6] Starting evaluation (mode=SKH)...
[2026-01-25 00:51:55,092] [INFO] [Round 6] WT Dice: 0.9551 | Time: 17.44s
[2026-01-25 01:14:41,772] [INFO] [SERVER DEBUG] aggregate_fit called at round 7
[2026-01-25 01:14:41,772] [INFO] [DEBUG] aggregate_fit received 4 results at round 7
[2026-01-25 01:14:41,772] [INFO] [DEBUG] Decoding client response from ac86a4640bcc4e75b6032019d0d8eaf1...
[2026-01-25 01:14:41,929] [INFO] [DEBUG] Decoding client response from 95e5d30cf37d436aabf208d74a0676b0...
[2026-01-25 01:14:42,017] [INFO] [DEBUG] Decoding client response from 8b96e76b35454d87801f2b3361532c7b...
[2026-01-25 01:14:42,142] [INFO] [DEBUG] Decoding client response from 2d9f25feea054be580f5f954e9e7e284...
[2026-01-25 01:14:42,243] [INFO] [ENCODE] Starting encode_weights in aggregate_fit...
[2026-01-25 01:14:50,584] [INFO] [ENCODE] Finished encode_weights.
[2026-01-25 01:14:50,786] [INFO] [DEBUG][SERVER] Model expects 148 layers
[2026-01-25 01:14:50,802] [INFO] [DEBUG] Loaded 148 of 148 layers
[2026-01-25 01:14:51,155] [INFO] [DEBUG][SERVER] Model expects 148 layers
[2026-01-25 01:14:51,167] [INFO] [DEBUG] Loaded 148 of 148 layers
[2026-01-25 01:14:51,167] [INFO] [Server] Evaluating at round 7
[2026-01-25 01:14:51,167] [INFO] [SERVER][Round 7] Starting evaluation (mode=SKH)...
[2026-01-25 01:15:08,411] [INFO] [Round 7] WT Dice: 0.9607 | Time: 17.24s
[2026-01-25 01:37:41,714] [INFO] [SERVER DEBUG] aggregate_fit called at round 8
[2026-01-25 01:37:41,715] [INFO] [DEBUG] aggregate_fit received 4 results at round 8
[2026-01-25 01:37:41,715] [INFO] [DEBUG] Decoding client response from 2d9f25feea054be580f5f954e9e7e284...
[2026-01-25 01:37:41,914] [INFO] [DEBUG] Decoding client response from 95e5d30cf37d436aabf208d74a0676b0...
[2026-01-25 01:37:42,048] [INFO] [DEBUG] Decoding client response from 8b96e76b35454d87801f2b3361532c7b...
[2026-01-25 01:37:42,232] [INFO] [DEBUG] Decoding client response from ac86a4640bcc4e75b6032019d0d8eaf1...
[2026-01-25 01:37:42,395] [INFO] [ENCODE] Starting encode_weights in aggregate_fit...
[2026-01-25 01:37:50,826] [INFO] [ENCODE] Finished encode_weights.
[2026-01-25 01:37:50,999] [INFO] [DEBUG][SERVER] Model expects 148 layers
[2026-01-25 01:37:51,016] [INFO] [DEBUG] Loaded 148 of 148 layers
[2026-01-25 01:37:51,376] [INFO] [DEBUG][SERVER] Model expects 148 layers
[2026-01-25 01:37:51,392] [INFO] [DEBUG] Loaded 148 of 148 layers
[2026-01-25 01:37:51,392] [INFO] [Server] Evaluating at round 8
[2026-01-25 01:37:51,392] [INFO] [SERVER][Round 8] Starting evaluation (mode=SKH)...
[2026-01-25 01:38:08,803] [INFO] [Round 8] WT Dice: 0.9577 | Time: 17.41s
[2026-01-25 02:00:58,076] [INFO] [SERVER DEBUG] aggregate_fit called at round 9
[2026-01-25 02:00:58,077] [INFO] [DEBUG] aggregate_fit received 4 results at round 9
[2026-01-25 02:00:58,077] [INFO] [DEBUG] Decoding client response from 8b96e76b35454d87801f2b3361532c7b...
[2026-01-25 02:00:58,231] [INFO] [DEBUG] Decoding client response from 95e5d30cf37d436aabf208d74a0676b0...
[2026-01-25 02:00:58,334] [INFO] [DEBUG] Decoding client response from ac86a4640bcc4e75b6032019d0d8eaf1...
[2026-01-25 02:00:58,558] [INFO] [DEBUG] Decoding client response from 2d9f25feea054be580f5f954e9e7e284...
[2026-01-25 02:00:58,670] [INFO] [ENCODE] Starting encode_weights in aggregate_fit...
[2026-01-25 02:01:06,915] [INFO] [ENCODE] Finished encode_weights.
[2026-01-25 02:01:07,092] [INFO] [DEBUG][SERVER] Model expects 148 layers
[2026-01-25 02:01:07,114] [INFO] [DEBUG] Loaded 148 of 148 layers
[2026-01-25 02:01:07,470] [INFO] [DEBUG][SERVER] Model expects 148 layers
[2026-01-25 02:01:07,486] [INFO] [DEBUG] Loaded 148 of 148 layers
[2026-01-25 02:01:07,487] [INFO] [Server] Evaluating at round 9
[2026-01-25 02:01:07,487] [INFO] [SERVER][Round 9] Starting evaluation (mode=SKH)...
[2026-01-25 02:01:24,660] [INFO] [Round 9] WT Dice: 0.9659 | Time: 17.17s
[2026-01-25 02:24:19,714] [INFO] [SERVER DEBUG] aggregate_fit called at round 10
[2026-01-25 02:24:19,715] [INFO] [DEBUG] aggregate_fit received 4 results at round 10
[2026-01-25 02:24:19,715] [INFO] [DEBUG] Decoding client response from 8b96e76b35454d87801f2b3361532c7b...
[2026-01-25 02:24:19,954] [INFO] [DEBUG] Decoding client response from 2d9f25feea054be580f5f954e9e7e284...
[2026-01-25 02:24:20,092] [INFO] [DEBUG] Decoding client response from 95e5d30cf37d436aabf208d74a0676b0...
[2026-01-25 02:24:20,225] [INFO] [DEBUG] Decoding client response from ac86a4640bcc4e75b6032019d0d8eaf1...
[2026-01-25 02:24:20,388] [INFO] [ENCODE] Starting encode_weights in aggregate_fit...
[2026-01-25 02:24:29,271] [INFO] [ENCODE] Finished encode_weights.
[2026-01-25 02:24:29,457] [INFO] [DEBUG][SERVER] Model expects 148 layers
[2026-01-25 02:24:29,471] [INFO] [DEBUG] Loaded 148 of 148 layers
[2026-01-25 02:24:29,780] [INFO] [DEBUG][SERVER] Model expects 148 layers
[2026-01-25 02:24:29,798] [INFO] [DEBUG] Loaded 148 of 148 layers
[2026-01-25 02:24:29,798] [INFO] [Server] Evaluating at round 10
[2026-01-25 02:24:29,798] [INFO] [SERVER][Round 10] Starting evaluation (mode=SKH)...
[2026-01-25 02:24:46,865] [INFO] [Round 10] WT Dice: 0.9670 | Time: 17.07s
[2026-01-25 02:47:19,126] [INFO] [SERVER DEBUG] aggregate_fit called at round 11
[2026-01-25 02:47:19,126] [INFO] [DEBUG] aggregate_fit received 4 results at round 11
[2026-01-25 02:47:19,126] [INFO] [DEBUG] Decoding client response from ac86a4640bcc4e75b6032019d0d8eaf1...
[2026-01-25 02:47:19,190] [INFO] [DEBUG] Decoding client response from 95e5d30cf37d436aabf208d74a0676b0...
[2026-01-25 02:47:19,232] [INFO] [DEBUG] Decoding client response from 8b96e76b35454d87801f2b3361532c7b...
[2026-01-25 02:47:19,331] [INFO] [DEBUG] Decoding client response from 2d9f25feea054be580f5f954e9e7e284...
[2026-01-25 02:47:19,442] [INFO] [ENCODE] Starting encode_weights in aggregate_fit...
[2026-01-25 02:47:27,936] [INFO] [ENCODE] Finished encode_weights.
[2026-01-25 02:47:28,134] [INFO] [DEBUG][SERVER] Model expects 148 layers
[2026-01-25 02:47:28,153] [INFO] [DEBUG] Loaded 148 of 148 layers
[2026-01-25 02:47:28,508] [INFO] [DEBUG][SERVER] Model expects 148 layers
[2026-01-25 02:47:28,520] [INFO] [DEBUG] Loaded 148 of 148 layers
[2026-01-25 02:47:28,520] [INFO] [Server] Evaluating at round 11
[2026-01-25 02:47:28,520] [INFO] [SERVER][Round 11] Starting evaluation (mode=SKH)...
[2026-01-25 02:47:45,824] [INFO] [Round 11] WT Dice: 0.9731 | Time: 17.30s
[2026-01-25 03:10:32,376] [INFO] [SERVER DEBUG] aggregate_fit called at round 12
[2026-01-25 03:10:32,377] [INFO] [DEBUG] aggregate_fit received 4 results at round 12
[2026-01-25 03:10:32,377] [INFO] [DEBUG] Decoding client response from ac86a4640bcc4e75b6032019d0d8eaf1...
[2026-01-25 03:10:32,544] [INFO] [DEBUG] Decoding client response from 95e5d30cf37d436aabf208d74a0676b0...
[2026-01-25 03:10:32,693] [INFO] [DEBUG] Decoding client response from 8b96e76b35454d87801f2b3361532c7b...
[2026-01-25 03:10:32,836] [INFO] [DEBUG] Decoding client response from 2d9f25feea054be580f5f954e9e7e284...
[2026-01-25 03:10:32,989] [INFO] [ENCODE] Starting encode_weights in aggregate_fit...
[2026-01-25 03:10:41,293] [INFO] [ENCODE] Finished encode_weights.
[2026-01-25 03:10:41,480] [INFO] [DEBUG][SERVER] Model expects 148 layers
[2026-01-25 03:10:41,501] [INFO] [DEBUG] Loaded 148 of 148 layers
[2026-01-25 03:10:41,861] [INFO] [DEBUG][SERVER] Model expects 148 layers
[2026-01-25 03:10:41,878] [INFO] [DEBUG] Loaded 148 of 148 layers
[2026-01-25 03:10:41,878] [INFO] [Server] Evaluating at round 12
[2026-01-25 03:10:41,878] [INFO] [SERVER][Round 12] Starting evaluation (mode=SKH)...
[2026-01-25 03:10:59,123] [INFO] [Round 12] WT Dice: 0.9796 | Time: 17.24s
[2026-01-25 03:10:59,215] [INFO] [BEST MODEL] Saved: Revision2/Run_UNET_NonIID_SKHC32S60_20260124/Server/best_model.pth
[2026-01-25 03:10:59,293] [INFO] [BEST MODEL] Saved: Revision2/Run_UNET_NonIID_SKHC32S60_20260124/Server/best_model_round12.pth
[2026-01-25 03:10:59,293] [INFO] [BEST MODEL] New best at round 12: WT=0.9796
[2026-01-25 03:33:46,287] [INFO] [SERVER DEBUG] aggregate_fit called at round 13
[2026-01-25 03:33:46,288] [INFO] [DEBUG] aggregate_fit received 4 results at round 13
[2026-01-25 03:33:46,288] [INFO] [DEBUG] Decoding client response from ac86a4640bcc4e75b6032019d0d8eaf1...
[2026-01-25 03:33:46,380] [INFO] [DEBUG] Decoding client response from 2d9f25feea054be580f5f954e9e7e284...
[2026-01-25 03:33:46,418] [INFO] [DEBUG] Decoding client response from 95e5d30cf37d436aabf208d74a0676b0...
[2026-01-25 03:33:46,460] [INFO] [DEBUG] Decoding client response from 8b96e76b35454d87801f2b3361532c7b...
[2026-01-25 03:33:46,585] [INFO] [ENCODE] Starting encode_weights in aggregate_fit...
[2026-01-25 03:33:54,728] [INFO] [ENCODE] Finished encode_weights.
[2026-01-25 03:33:54,903] [INFO] [DEBUG][SERVER] Model expects 148 layers
[2026-01-25 03:33:54,922] [INFO] [DEBUG] Loaded 148 of 148 layers
[2026-01-25 03:33:55,259] [INFO] [DEBUG][SERVER] Model expects 148 layers
[2026-01-25 03:33:55,275] [INFO] [DEBUG] Loaded 148 of 148 layers
[2026-01-25 03:33:55,275] [INFO] [Server] Evaluating at round 13
[2026-01-25 03:33:55,275] [INFO] [SERVER][Round 13] Starting evaluation (mode=SKH)...
[2026-01-25 03:34:12,473] [INFO] [Round 13] WT Dice: 0.9819 | Time: 17.20s
[2026-01-25 03:34:12,568] [INFO] [BEST MODEL] Saved: Revision2/Run_UNET_NonIID_SKHC32S60_20260124/Server/best_model.pth
[2026-01-25 03:34:12,651] [INFO] [BEST MODEL] Saved: Revision2/Run_UNET_NonIID_SKHC32S60_20260124/Server/best_model_round13.pth
[2026-01-25 03:34:12,652] [INFO] [BEST MODEL] New best at round 13: WT=0.9819
[2026-01-25 03:56:56,137] [INFO] [SERVER DEBUG] aggregate_fit called at round 14
[2026-01-25 03:56:56,138] [INFO] [DEBUG] aggregate_fit received 4 results at round 14
[2026-01-25 03:56:56,138] [INFO] [DEBUG] Decoding client response from 2d9f25feea054be580f5f954e9e7e284...
[2026-01-25 03:56:56,298] [INFO] [DEBUG] Decoding client response from ac86a4640bcc4e75b6032019d0d8eaf1...
[2026-01-25 03:56:56,430] [INFO] [DEBUG] Decoding client response from 95e5d30cf37d436aabf208d74a0676b0...
[2026-01-25 03:56:56,570] [INFO] [DEBUG] Decoding client response from 8b96e76b35454d87801f2b3361532c7b...
[2026-01-25 03:56:56,765] [INFO] [ENCODE] Starting encode_weights in aggregate_fit...
[2026-01-25 03:57:04,852] [INFO] [ENCODE] Finished encode_weights.
[2026-01-25 03:57:05,027] [INFO] [DEBUG][SERVER] Model expects 148 layers
[2026-01-25 03:57:05,045] [INFO] [DEBUG] Loaded 148 of 148 layers
[2026-01-25 03:57:05,386] [INFO] [DEBUG][SERVER] Model expects 148 layers
[2026-01-25 03:57:05,402] [INFO] [DEBUG] Loaded 148 of 148 layers
[2026-01-25 03:57:05,403] [INFO] [Server] Evaluating at round 14
[2026-01-25 03:57:05,403] [INFO] [SERVER][Round 14] Starting evaluation (mode=SKH)...
[2026-01-25 03:57:22,733] [INFO] [Round 14] WT Dice: 0.9748 | Time: 17.33s
[2026-01-25 04:20:20,229] [INFO] [SERVER DEBUG] aggregate_fit called at round 15
[2026-01-25 04:20:20,230] [INFO] [DEBUG] aggregate_fit received 4 results at round 15
[2026-01-25 04:20:20,231] [INFO] [DEBUG] Decoding client response from 95e5d30cf37d436aabf208d74a0676b0...
[2026-01-25 04:20:20,352] [INFO] [DEBUG] Decoding client response from 8b96e76b35454d87801f2b3361532c7b...
[2026-01-25 04:20:20,456] [INFO] [DEBUG] Decoding client response from 2d9f25feea054be580f5f954e9e7e284...
[2026-01-25 04:20:20,568] [INFO] [DEBUG] Decoding client response from ac86a4640bcc4e75b6032019d0d8eaf1...
[2026-01-25 04:20:20,695] [INFO] [ENCODE] Starting encode_weights in aggregate_fit...
[2026-01-25 04:20:28,701] [INFO] [ENCODE] Finished encode_weights.
[2026-01-25 04:20:28,900] [INFO] [DEBUG][SERVER] Model expects 148 layers
[2026-01-25 04:20:28,918] [INFO] [DEBUG] Loaded 148 of 148 layers
[2026-01-25 04:20:29,266] [INFO] [DEBUG][SERVER] Model expects 148 layers
[2026-01-25 04:20:29,282] [INFO] [DEBUG] Loaded 148 of 148 layers
[2026-01-25 04:20:29,283] [INFO] [Server] Evaluating at round 15
[2026-01-25 04:20:29,283] [INFO] [SERVER][Round 15] Starting evaluation (mode=SKH)...
[2026-01-25 04:20:46,615] [INFO] [Round 15] WT Dice: 0.9763 | Time: 17.33s
[2026-01-25 04:43:34,296] [INFO] [SERVER DEBUG] aggregate_fit called at round 16
[2026-01-25 04:43:34,297] [INFO] [DEBUG] aggregate_fit received 4 results at round 16
[2026-01-25 04:43:34,297] [INFO] [DEBUG] Decoding client response from 8b96e76b35454d87801f2b3361532c7b...
[2026-01-25 04:43:34,426] [INFO] [DEBUG] Decoding client response from 2d9f25feea054be580f5f954e9e7e284...
[2026-01-25 04:43:34,510] [INFO] [DEBUG] Decoding client response from ac86a4640bcc4e75b6032019d0d8eaf1...
[2026-01-25 04:43:34,605] [INFO] [DEBUG] Decoding client response from 95e5d30cf37d436aabf208d74a0676b0...
[2026-01-25 04:43:34,706] [INFO] [ENCODE] Starting encode_weights in aggregate_fit...
[2026-01-25 04:43:42,902] [INFO] [ENCODE] Finished encode_weights.
[2026-01-25 04:43:43,082] [INFO] [DEBUG][SERVER] Model expects 148 layers
[2026-01-25 04:43:43,099] [INFO] [DEBUG] Loaded 148 of 148 layers
[2026-01-25 04:43:43,426] [INFO] [DEBUG][SERVER] Model expects 148 layers
[2026-01-25 04:43:43,437] [INFO] [DEBUG] Loaded 148 of 148 layers
[2026-01-25 04:43:43,437] [INFO] [Server] Evaluating at round 16
[2026-01-25 04:43:43,437] [INFO] [SERVER][Round 16] Starting evaluation (mode=SKH)...
[2026-01-25 04:44:00,650] [INFO] [Round 16] WT Dice: 0.9792 | Time: 17.21s
[2026-01-25 05:06:49,296] [INFO] [SERVER DEBUG] aggregate_fit called at round 17
[2026-01-25 05:06:49,296] [INFO] [DEBUG] aggregate_fit received 4 results at round 17
[2026-01-25 05:06:49,296] [INFO] [DEBUG] Decoding client response from 8b96e76b35454d87801f2b3361532c7b...
[2026-01-25 05:06:49,475] [INFO] [DEBUG] Decoding client response from 2d9f25feea054be580f5f954e9e7e284...
[2026-01-25 05:06:49,632] [INFO] [DEBUG] Decoding client response from ac86a4640bcc4e75b6032019d0d8eaf1...
[2026-01-25 05:06:49,782] [INFO] [DEBUG] Decoding client response from 95e5d30cf37d436aabf208d74a0676b0...
[2026-01-25 05:06:49,932] [INFO] [ENCODE] Starting encode_weights in aggregate_fit...
[2026-01-25 05:06:58,199] [INFO] [ENCODE] Finished encode_weights.
[2026-01-25 05:06:58,377] [INFO] [DEBUG][SERVER] Model expects 148 layers
[2026-01-25 05:06:58,395] [INFO] [DEBUG] Loaded 148 of 148 layers
[2026-01-25 05:06:58,750] [INFO] [DEBUG][SERVER] Model expects 148 layers
[2026-01-25 05:06:58,766] [INFO] [DEBUG] Loaded 148 of 148 layers
[2026-01-25 05:06:58,767] [INFO] [Server] Evaluating at round 17
[2026-01-25 05:06:58,767] [INFO] [SERVER][Round 17] Starting evaluation (mode=SKH)...
[2026-01-25 05:07:15,805] [INFO] [Round 17] WT Dice: 0.9705 | Time: 17.04s
[2026-01-25 05:30:01,369] [INFO] [SERVER DEBUG] aggregate_fit called at round 18
[2026-01-25 05:30:01,369] [INFO] [DEBUG] aggregate_fit received 4 results at round 18
[2026-01-25 05:30:01,369] [INFO] [DEBUG] Decoding client response from ac86a4640bcc4e75b6032019d0d8eaf1...
[2026-01-25 05:30:01,489] [INFO] [DEBUG] Decoding client response from 2d9f25feea054be580f5f954e9e7e284...
[2026-01-25 05:30:01,579] [INFO] [DEBUG] Decoding client response from 95e5d30cf37d436aabf208d74a0676b0...
[2026-01-25 05:30:01,672] [INFO] [DEBUG] Decoding client response from 8b96e76b35454d87801f2b3361532c7b...
[2026-01-25 05:30:01,777] [INFO] [ENCODE] Starting encode_weights in aggregate_fit...
[2026-01-25 05:30:09,836] [INFO] [ENCODE] Finished encode_weights.
[2026-01-25 05:30:10,024] [INFO] [DEBUG][SERVER] Model expects 148 layers
[2026-01-25 05:30:10,037] [INFO] [DEBUG] Loaded 148 of 148 layers
[2026-01-25 05:30:10,366] [INFO] [DEBUG][SERVER] Model expects 148 layers
[2026-01-25 05:30:10,382] [INFO] [DEBUG] Loaded 148 of 148 layers
[2026-01-25 05:30:10,382] [INFO] [Server] Evaluating at round 18
[2026-01-25 05:30:10,382] [INFO] [SERVER][Round 18] Starting evaluation (mode=SKH)...
[2026-01-25 05:30:27,638] [INFO] [Round 18] WT Dice: 0.9760 | Time: 17.26s
[2026-01-25 05:53:20,880] [INFO] [SERVER DEBUG] aggregate_fit called at round 19
[2026-01-25 05:53:20,880] [INFO] [DEBUG] aggregate_fit received 4 results at round 19
[2026-01-25 05:53:20,881] [INFO] [DEBUG] Decoding client response from ac86a4640bcc4e75b6032019d0d8eaf1...
[2026-01-25 05:53:21,041] [INFO] [DEBUG] Decoding client response from 2d9f25feea054be580f5f954e9e7e284...
[2026-01-25 05:53:21,167] [INFO] [DEBUG] Decoding client response from 95e5d30cf37d436aabf208d74a0676b0...
[2026-01-25 05:53:21,293] [INFO] [DEBUG] Decoding client response from 8b96e76b35454d87801f2b3361532c7b...
[2026-01-25 05:53:21,438] [INFO] [ENCODE] Starting encode_weights in aggregate_fit...
[2026-01-25 05:53:29,583] [INFO] [ENCODE] Finished encode_weights.
[2026-01-25 05:53:29,774] [INFO] [DEBUG][SERVER] Model expects 148 layers
[2026-01-25 05:53:29,792] [INFO] [DEBUG] Loaded 148 of 148 layers
[2026-01-25 05:53:30,159] [INFO] [DEBUG][SERVER] Model expects 148 layers
[2026-01-25 05:53:30,171] [INFO] [DEBUG] Loaded 148 of 148 layers
[2026-01-25 05:53:30,172] [INFO] [Server] Evaluating at round 19
[2026-01-25 05:53:30,172] [INFO] [SERVER][Round 19] Starting evaluation (mode=SKH)...
[2026-01-25 05:53:47,526] [INFO] [Round 19] WT Dice: 0.9788 | Time: 17.35s
[2026-01-25 06:16:30,655] [INFO] [SERVER DEBUG] aggregate_fit called at round 20
[2026-01-25 06:16:30,656] [INFO] [DEBUG] aggregate_fit received 4 results at round 20
[2026-01-25 06:16:30,656] [INFO] [DEBUG] Decoding client response from ac86a4640bcc4e75b6032019d0d8eaf1...
[2026-01-25 06:16:30,781] [INFO] [DEBUG] Decoding client response from 8b96e76b35454d87801f2b3361532c7b...
[2026-01-25 06:16:30,883] [INFO] [DEBUG] Decoding client response from 2d9f25feea054be580f5f954e9e7e284...
[2026-01-25 06:16:30,977] [INFO] [DEBUG] Decoding client response from 95e5d30cf37d436aabf208d74a0676b0...
[2026-01-25 06:16:31,075] [INFO] [ENCODE] Starting encode_weights in aggregate_fit...
[2026-01-25 06:16:39,765] [INFO] [ENCODE] Finished encode_weights.
[2026-01-25 06:16:39,963] [INFO] [DEBUG][SERVER] Model expects 148 layers
[2026-01-25 06:16:39,982] [INFO] [DEBUG] Loaded 148 of 148 layers
[2026-01-25 06:16:40,300] [INFO] [DEBUG][SERVER] Model expects 148 layers
[2026-01-25 06:16:40,316] [INFO] [DEBUG] Loaded 148 of 148 layers
[2026-01-25 06:16:40,316] [INFO] [Server] Evaluating at round 20
[2026-01-25 06:16:40,316] [INFO] [SERVER][Round 20] Starting evaluation (mode=SKH)...
[2026-01-25 06:16:57,390] [INFO] [Round 20] WT Dice: 0.9697 | Time: 17.07s
[2026-01-25 06:39:43,819] [INFO] [SERVER DEBUG] aggregate_fit called at round 21
[2026-01-25 06:39:43,819] [INFO] [DEBUG] aggregate_fit received 4 results at round 21
[2026-01-25 06:39:43,819] [INFO] [DEBUG] Decoding client response from 8b96e76b35454d87801f2b3361532c7b...
[2026-01-25 06:39:43,952] [INFO] [DEBUG] Decoding client response from 2d9f25feea054be580f5f954e9e7e284...
[2026-01-25 06:39:44,039] [INFO] [DEBUG] Decoding client response from 95e5d30cf37d436aabf208d74a0676b0...
[2026-01-25 06:39:44,131] [INFO] [DEBUG] Decoding client response from ac86a4640bcc4e75b6032019d0d8eaf1...
[2026-01-25 06:39:44,240] [INFO] [ENCODE] Starting encode_weights in aggregate_fit...
[2026-01-25 06:39:52,735] [INFO] [ENCODE] Finished encode_weights.
[2026-01-25 06:39:52,916] [INFO] [DEBUG][SERVER] Model expects 148 layers
[2026-01-25 06:39:52,933] [INFO] [DEBUG] Loaded 148 of 148 layers
[2026-01-25 06:39:53,276] [INFO] [DEBUG][SERVER] Model expects 148 layers
[2026-01-25 06:39:53,288] [INFO] [DEBUG] Loaded 148 of 148 layers
[2026-01-25 06:39:53,288] [INFO] [Server] Evaluating at round 21
[2026-01-25 06:39:53,288] [INFO] [SERVER][Round 21] Starting evaluation (mode=SKH)...
[2026-01-25 06:40:10,535] [INFO] [Round 21] WT Dice: 0.9703 | Time: 17.25s
[2026-01-25 07:02:58,498] [INFO] [SERVER DEBUG] aggregate_fit called at round 22
[2026-01-25 07:02:58,498] [INFO] [DEBUG] aggregate_fit received 4 results at round 22
[2026-01-25 07:02:58,499] [INFO] [DEBUG] Decoding client response from ac86a4640bcc4e75b6032019d0d8eaf1...
[2026-01-25 07:02:58,612] [INFO] [DEBUG] Decoding client response from 2d9f25feea054be580f5f954e9e7e284...
[2026-01-25 07:02:58,705] [INFO] [DEBUG] Decoding client response from 95e5d30cf37d436aabf208d74a0676b0...
[2026-01-25 07:02:58,797] [INFO] [DEBUG] Decoding client response from 8b96e76b35454d87801f2b3361532c7b...
[2026-01-25 07:02:58,905] [INFO] [ENCODE] Starting encode_weights in aggregate_fit...
[2026-01-25 07:03:07,239] [INFO] [ENCODE] Finished encode_weights.
[2026-01-25 07:03:07,425] [INFO] [DEBUG][SERVER] Model expects 148 layers
[2026-01-25 07:03:07,444] [INFO] [DEBUG] Loaded 148 of 148 layers
[2026-01-25 07:03:07,774] [INFO] [DEBUG][SERVER] Model expects 148 layers
[2026-01-25 07:03:07,790] [INFO] [DEBUG] Loaded 148 of 148 layers
[2026-01-25 07:03:07,791] [INFO] [Server] Evaluating at round 22
[2026-01-25 07:03:07,791] [INFO] [SERVER][Round 22] Starting evaluation (mode=SKH)...
[2026-01-25 07:03:25,001] [INFO] [Round 22] WT Dice: 0.9688 | Time: 17.21s
[2026-01-25 07:26:05,565] [INFO] [SERVER DEBUG] aggregate_fit called at round 23
[2026-01-25 07:26:05,566] [INFO] [DEBUG] aggregate_fit received 4 results at round 23
[2026-01-25 07:26:05,566] [INFO] [DEBUG] Decoding client response from 2d9f25feea054be580f5f954e9e7e284...
[2026-01-25 07:26:05,692] [INFO] [DEBUG] Decoding client response from 95e5d30cf37d436aabf208d74a0676b0...
[2026-01-25 07:26:05,791] [INFO] [DEBUG] Decoding client response from 8b96e76b35454d87801f2b3361532c7b...
[2026-01-25 07:26:05,894] [INFO] [DEBUG] Decoding client response from ac86a4640bcc4e75b6032019d0d8eaf1...
[2026-01-25 07:26:06,002] [INFO] [ENCODE] Starting encode_weights in aggregate_fit...
[2026-01-25 07:26:14,355] [INFO] [ENCODE] Finished encode_weights.
[2026-01-25 07:26:14,544] [INFO] [DEBUG][SERVER] Model expects 148 layers
[2026-01-25 07:26:14,562] [INFO] [DEBUG] Loaded 148 of 148 layers
[2026-01-25 07:26:14,924] [INFO] [DEBUG][SERVER] Model expects 148 layers
[2026-01-25 07:26:14,940] [INFO] [DEBUG] Loaded 148 of 148 layers
[2026-01-25 07:26:14,940] [INFO] [Server] Evaluating at round 23
[2026-01-25 07:26:14,940] [INFO] [SERVER][Round 23] Starting evaluation (mode=SKH)...
[2026-01-25 07:26:32,193] [INFO] [Round 23] WT Dice: 0.9706 | Time: 17.25s
[2026-01-25 07:49:01,507] [INFO] [SERVER DEBUG] aggregate_fit called at round 24
[2026-01-25 07:49:01,507] [INFO] [DEBUG] aggregate_fit received 4 results at round 24
[2026-01-25 07:49:01,507] [INFO] [DEBUG] Decoding client response from 8b96e76b35454d87801f2b3361532c7b...
[2026-01-25 07:49:01,635] [INFO] [DEBUG] Decoding client response from 2d9f25feea054be580f5f954e9e7e284...
[2026-01-25 07:49:01,743] [INFO] [DEBUG] Decoding client response from ac86a4640bcc4e75b6032019d0d8eaf1...
[2026-01-25 07:49:01,826] [INFO] [DEBUG] Decoding client response from 95e5d30cf37d436aabf208d74a0676b0...
[2026-01-25 07:49:01,923] [INFO] [ENCODE] Starting encode_weights in aggregate_fit...
[2026-01-25 07:49:09,917] [INFO] [ENCODE] Finished encode_weights.
[2026-01-25 07:49:10,108] [INFO] [DEBUG][SERVER] Model expects 148 layers
[2026-01-25 07:49:10,120] [INFO] [DEBUG] Loaded 148 of 148 layers
[2026-01-25 07:49:10,473] [INFO] [DEBUG][SERVER] Model expects 148 layers
[2026-01-25 07:49:10,491] [INFO] [DEBUG] Loaded 148 of 148 layers
[2026-01-25 07:49:10,491] [INFO] [Server] Evaluating at round 24
[2026-01-25 07:49:10,491] [INFO] [SERVER][Round 24] Starting evaluation (mode=SKH)...
[2026-01-25 07:49:27,638] [INFO] [Round 24] WT Dice: 0.9708 | Time: 17.15s
[2026-01-25 08:12:07,255] [INFO] [SERVER DEBUG] aggregate_fit called at round 25
[2026-01-25 08:12:07,255] [INFO] [DEBUG] aggregate_fit received 4 results at round 25
[2026-01-25 08:12:07,255] [INFO] [DEBUG] Decoding client response from 2d9f25feea054be580f5f954e9e7e284...
[2026-01-25 08:12:07,365] [INFO] [DEBUG] Decoding client response from 8b96e76b35454d87801f2b3361532c7b...
[2026-01-25 08:12:07,451] [INFO] [DEBUG] Decoding client response from ac86a4640bcc4e75b6032019d0d8eaf1...
[2026-01-25 08:12:07,536] [INFO] [DEBUG] Decoding client response from 95e5d30cf37d436aabf208d74a0676b0...
[2026-01-25 08:12:07,631] [INFO] [ENCODE] Starting encode_weights in aggregate_fit...
[2026-01-25 08:12:15,505] [INFO] [ENCODE] Finished encode_weights.
[2026-01-25 08:12:15,700] [INFO] [DEBUG][SERVER] Model expects 148 layers
[2026-01-25 08:12:15,713] [INFO] [DEBUG] Loaded 148 of 148 layers
[2026-01-25 08:12:16,063] [INFO] [DEBUG][SERVER] Model expects 148 layers
[2026-01-25 08:12:16,080] [INFO] [DEBUG] Loaded 148 of 148 layers
[2026-01-25 08:12:16,080] [INFO] [Server] Evaluating at round 25
[2026-01-25 08:12:16,080] [INFO] [SERVER][Round 25] Starting evaluation (mode=SKH)...
[2026-01-25 08:12:33,310] [INFO] [Round 25] WT Dice: 0.9727 | Time: 17.23s
