[2026-01-25 08:34:40,602] [INFO] [SERVER INIT] EXPERIMENT_DIR=Revision2/Run_UNET_NonIID_KH3_20260125, LOG=Revision2/Run_UNET_NonIID_KH3_20260125/Server/ServerReport20260125.log
[2026-01-25 08:34:40,604] [INFO] [ENV] SERVER_ADDRESS=127.0.0.1, SERVER_PORT=8089, DATA_PATH=/home/jovyan/FeTS2022/MICCAI_FeTS2022_TrainingData, ENCODING_MODE=KH, N_CLUSTERS=3
[2026-01-25 08:34:40,709] [INFO] [DATA] Server test set loaded with 67 samples.
[2026-01-25 08:34:40,976] [INFO] [MODEL INIT] UNet with 148 layers initialized on cuda
[2026-01-25 08:34:41,012] [INFO] [STRATEGY INIT] mode=KH, UsedClusters=3 (EnvNClusters=3), experiment_dir=Revision2/Run_UNET_NonIID_KH3_20260125 | BestMetricKey=WT
[2026-01-25 08:34:41,012] [INFO] [SERVER START] Address=127.0.0.1:8089, Rounds=25, Mode=KH, NClusters=3
[2026-01-25 08:34:41,047] [INFO] [DEBUG][SERVER] Model expects 148 layers
[2026-01-25 08:34:41,060] [INFO] [DEBUG] Loaded 148 of 148 layers
[2026-01-25 08:34:41,060] [INFO] [Server] Evaluating at round 0
[2026-01-25 08:34:41,061] [INFO] [SERVER][Round 0] Starting evaluation (mode=KH)...
[2026-01-25 08:35:02,579] [INFO] [Round 0] WT Dice: 0.1107 | Time: 21.52s
[2026-01-25 08:35:02,675] [INFO] [BEST MODEL] Saved: Revision2/Run_UNET_NonIID_KH3_20260125/Server/best_model.pth
[2026-01-25 08:35:02,765] [INFO] [BEST MODEL] Saved: Revision2/Run_UNET_NonIID_KH3_20260125/Server/best_model_round0.pth
[2026-01-25 08:35:02,765] [INFO] [BEST MODEL] New best at round 0: WT=0.1107
[2026-01-25 08:56:30,912] [INFO] [SERVER DEBUG] aggregate_fit called at round 1
[2026-01-25 08:56:30,913] [INFO] [DEBUG] aggregate_fit received 4 results at round 1
[2026-01-25 08:56:30,913] [INFO] [DEBUG] Decoding client response from b9178e75f85646ee94434e9f830ea36a...
[2026-01-25 08:56:31,180] [INFO] [DEBUG] Decoding client response from 3ddd7eb7c4a24b7c9d6d273ea73574be...
[2026-01-25 08:56:31,387] [INFO] [DEBUG] Decoding client response from 60ad53f6d67048e1a324badad782644a...
[2026-01-25 08:56:31,560] [INFO] [DEBUG] Decoding client response from 4c680dffe2d045b7afe93d2d6a325fdb...
[2026-01-25 08:56:31,629] [INFO] [ENCODE] Starting encode_weights in aggregate_fit...
[2026-01-25 08:56:33,150] [INFO] [ENCODE] Finished encode_weights.
[2026-01-25 08:56:33,337] [INFO] [DEBUG][SERVER] Model expects 148 layers
[2026-01-25 08:56:33,358] [INFO] [DEBUG] Loaded 148 of 148 layers
[2026-01-25 08:56:33,650] [INFO] [DEBUG][SERVER] Model expects 148 layers
[2026-01-25 08:56:33,666] [INFO] [DEBUG] Loaded 148 of 148 layers
[2026-01-25 08:56:33,667] [INFO] [Server] Evaluating at round 1
[2026-01-25 08:56:33,667] [INFO] [SERVER][Round 1] Starting evaluation (mode=KH)...
[2026-01-25 08:56:51,385] [INFO] [Round 1] WT Dice: 0.8509 | Time: 17.72s
[2026-01-25 08:56:51,474] [INFO] [BEST MODEL] Saved: Revision2/Run_UNET_NonIID_KH3_20260125/Server/best_model.pth
[2026-01-25 08:56:51,550] [INFO] [BEST MODEL] Saved: Revision2/Run_UNET_NonIID_KH3_20260125/Server/best_model_round1.pth
[2026-01-25 08:56:51,550] [INFO] [BEST MODEL] New best at round 1: WT=0.8509
[2026-01-25 09:19:38,001] [INFO] [SERVER DEBUG] aggregate_fit called at round 2
[2026-01-25 09:19:38,002] [INFO] [DEBUG] aggregate_fit received 4 results at round 2
[2026-01-25 09:19:38,002] [INFO] [DEBUG] Decoding client response from 4c680dffe2d045b7afe93d2d6a325fdb...
[2026-01-25 09:19:38,122] [INFO] [DEBUG] Decoding client response from 3ddd7eb7c4a24b7c9d6d273ea73574be...
[2026-01-25 09:19:38,239] [INFO] [DEBUG] Decoding client response from b9178e75f85646ee94434e9f830ea36a...
[2026-01-25 09:19:38,359] [INFO] [DEBUG] Decoding client response from 60ad53f6d67048e1a324badad782644a...
[2026-01-25 09:19:38,474] [INFO] [ENCODE] Starting encode_weights in aggregate_fit...
[2026-01-25 09:19:39,836] [INFO] [ENCODE] Finished encode_weights.
[2026-01-25 09:19:40,056] [INFO] [DEBUG][SERVER] Model expects 148 layers
[2026-01-25 09:19:40,073] [INFO] [DEBUG] Loaded 148 of 148 layers
[2026-01-25 09:19:40,404] [INFO] [DEBUG][SERVER] Model expects 148 layers
[2026-01-25 09:19:40,419] [INFO] [DEBUG] Loaded 148 of 148 layers
[2026-01-25 09:19:40,420] [INFO] [Server] Evaluating at round 2
[2026-01-25 09:19:40,420] [INFO] [SERVER][Round 2] Starting evaluation (mode=KH)...
[2026-01-25 09:19:57,894] [INFO] [Round 2] WT Dice: 0.3070 | Time: 17.47s
[2026-01-25 09:42:31,118] [INFO] [SERVER DEBUG] aggregate_fit called at round 3
[2026-01-25 09:42:31,119] [INFO] [DEBUG] aggregate_fit received 4 results at round 3
[2026-01-25 09:42:31,119] [INFO] [DEBUG] Decoding client response from b9178e75f85646ee94434e9f830ea36a...
[2026-01-25 09:42:31,298] [INFO] [DEBUG] Decoding client response from 4c680dffe2d045b7afe93d2d6a325fdb...
[2026-01-25 09:42:31,430] [INFO] [DEBUG] Decoding client response from 60ad53f6d67048e1a324badad782644a...
[2026-01-25 09:42:31,565] [INFO] [DEBUG] Decoding client response from 3ddd7eb7c4a24b7c9d6d273ea73574be...
[2026-01-25 09:42:31,733] [INFO] [ENCODE] Starting encode_weights in aggregate_fit...
[2026-01-25 09:42:33,003] [INFO] [ENCODE] Finished encode_weights.
[2026-01-25 09:42:33,199] [INFO] [DEBUG][SERVER] Model expects 148 layers
[2026-01-25 09:42:33,217] [INFO] [DEBUG] Loaded 148 of 148 layers
[2026-01-25 09:42:33,565] [INFO] [DEBUG][SERVER] Model expects 148 layers
[2026-01-25 09:42:33,582] [INFO] [DEBUG] Loaded 148 of 148 layers
[2026-01-25 09:42:33,583] [INFO] [Server] Evaluating at round 3
[2026-01-25 09:42:33,583] [INFO] [SERVER][Round 3] Starting evaluation (mode=KH)...
[2026-01-25 09:42:50,760] [INFO] [Round 3] WT Dice: 0.0386 | Time: 17.18s
[2026-01-25 10:05:37,714] [INFO] [SERVER DEBUG] aggregate_fit called at round 4
[2026-01-25 10:05:37,716] [INFO] [DEBUG] aggregate_fit received 4 results at round 4
[2026-01-25 10:05:37,716] [INFO] [DEBUG] Decoding client response from 60ad53f6d67048e1a324badad782644a...
[2026-01-25 10:05:37,895] [INFO] [DEBUG] Decoding client response from 4c680dffe2d045b7afe93d2d6a325fdb...
[2026-01-25 10:05:38,032] [INFO] [DEBUG] Decoding client response from 3ddd7eb7c4a24b7c9d6d273ea73574be...
[2026-01-25 10:05:38,181] [INFO] [DEBUG] Decoding client response from b9178e75f85646ee94434e9f830ea36a...
[2026-01-25 10:05:38,344] [INFO] [ENCODE] Starting encode_weights in aggregate_fit...
[2026-01-25 10:05:39,694] [INFO] [ENCODE] Finished encode_weights.
[2026-01-25 10:05:39,891] [INFO] [DEBUG][SERVER] Model expects 148 layers
[2026-01-25 10:05:39,909] [INFO] [DEBUG] Loaded 148 of 148 layers
[2026-01-25 10:05:40,254] [INFO] [DEBUG][SERVER] Model expects 148 layers
[2026-01-25 10:05:40,271] [INFO] [DEBUG] Loaded 148 of 148 layers
[2026-01-25 10:05:40,271] [INFO] [Server] Evaluating at round 4
[2026-01-25 10:05:40,271] [INFO] [SERVER][Round 4] Starting evaluation (mode=KH)...
[2026-01-25 10:05:57,447] [INFO] [Round 4] WT Dice: 0.0031 | Time: 17.18s
[2026-01-25 10:28:37,288] [INFO] [SERVER DEBUG] aggregate_fit called at round 5
[2026-01-25 10:28:37,289] [INFO] [DEBUG] aggregate_fit received 4 results at round 5
[2026-01-25 10:28:37,289] [INFO] [DEBUG] Decoding client response from 3ddd7eb7c4a24b7c9d6d273ea73574be...
[2026-01-25 10:28:37,521] [INFO] [DEBUG] Decoding client response from 4c680dffe2d045b7afe93d2d6a325fdb...
[2026-01-25 10:28:37,668] [INFO] [DEBUG] Decoding client response from b9178e75f85646ee94434e9f830ea36a...
[2026-01-25 10:28:37,835] [INFO] [DEBUG] Decoding client response from 60ad53f6d67048e1a324badad782644a...
[2026-01-25 10:28:38,017] [INFO] [ENCODE] Starting encode_weights in aggregate_fit...
[2026-01-25 10:28:39,355] [INFO] [ENCODE] Finished encode_weights.
[2026-01-25 10:28:39,557] [INFO] [DEBUG][SERVER] Model expects 148 layers
[2026-01-25 10:28:39,570] [INFO] [DEBUG] Loaded 148 of 148 layers
[2026-01-25 10:28:39,975] [INFO] [DEBUG][SERVER] Model expects 148 layers
[2026-01-25 10:28:39,986] [INFO] [DEBUG] Loaded 148 of 148 layers
[2026-01-25 10:28:39,987] [INFO] [Server] Evaluating at round 5
[2026-01-25 10:28:39,987] [INFO] [SERVER][Round 5] Starting evaluation (mode=KH)...
[2026-01-25 10:28:57,248] [INFO] [Round 5] WT Dice: 0.0087 | Time: 17.26s
[2026-01-25 10:51:36,647] [INFO] [SERVER DEBUG] aggregate_fit called at round 6
[2026-01-25 10:51:36,647] [INFO] [DEBUG] aggregate_fit received 4 results at round 6
[2026-01-25 10:51:36,647] [INFO] [DEBUG] Decoding client response from 4c680dffe2d045b7afe93d2d6a325fdb...
[2026-01-25 10:51:36,813] [INFO] [DEBUG] Decoding client response from 60ad53f6d67048e1a324badad782644a...
[2026-01-25 10:51:36,958] [INFO] [DEBUG] Decoding client response from 3ddd7eb7c4a24b7c9d6d273ea73574be...
[2026-01-25 10:51:37,106] [INFO] [DEBUG] Decoding client response from b9178e75f85646ee94434e9f830ea36a...
[2026-01-25 10:51:37,397] [INFO] [ENCODE] Starting encode_weights in aggregate_fit...
[2026-01-25 10:51:38,709] [INFO] [ENCODE] Finished encode_weights.
[2026-01-25 10:51:38,910] [INFO] [DEBUG][SERVER] Model expects 148 layers
[2026-01-25 10:51:38,927] [INFO] [DEBUG] Loaded 148 of 148 layers
[2026-01-25 10:51:39,296] [INFO] [DEBUG][SERVER] Model expects 148 layers
[2026-01-25 10:51:39,307] [INFO] [DEBUG] Loaded 148 of 148 layers
[2026-01-25 10:51:39,308] [INFO] [Server] Evaluating at round 6
[2026-01-25 10:51:39,308] [INFO] [SERVER][Round 6] Starting evaluation (mode=KH)...
[2026-01-25 10:51:56,549] [INFO] [Round 6] WT Dice: 0.0700 | Time: 17.24s
[2026-01-25 11:14:33,999] [INFO] [SERVER DEBUG] aggregate_fit called at round 7
[2026-01-25 11:14:33,999] [INFO] [DEBUG] aggregate_fit received 4 results at round 7
[2026-01-25 11:14:34,000] [INFO] [DEBUG] Decoding client response from 3ddd7eb7c4a24b7c9d6d273ea73574be...
[2026-01-25 11:14:34,193] [INFO] [DEBUG] Decoding client response from 60ad53f6d67048e1a324badad782644a...
[2026-01-25 11:14:34,336] [INFO] [DEBUG] Decoding client response from 4c680dffe2d045b7afe93d2d6a325fdb...
[2026-01-25 11:14:34,475] [INFO] [DEBUG] Decoding client response from b9178e75f85646ee94434e9f830ea36a...
[2026-01-25 11:14:34,644] [INFO] [ENCODE] Starting encode_weights in aggregate_fit...
[2026-01-25 11:14:35,920] [INFO] [ENCODE] Finished encode_weights.
[2026-01-25 11:14:36,110] [INFO] [DEBUG][SERVER] Model expects 148 layers
[2026-01-25 11:14:36,126] [INFO] [DEBUG] Loaded 148 of 148 layers
[2026-01-25 11:14:36,474] [INFO] [DEBUG][SERVER] Model expects 148 layers
[2026-01-25 11:14:36,490] [INFO] [DEBUG] Loaded 148 of 148 layers
[2026-01-25 11:14:36,491] [INFO] [Server] Evaluating at round 7
[2026-01-25 11:14:36,491] [INFO] [SERVER][Round 7] Starting evaluation (mode=KH)...
[2026-01-25 11:14:53,864] [INFO] [Round 7] WT Dice: 0.1641 | Time: 17.37s
[2026-01-25 11:38:05,452] [INFO] [SERVER DEBUG] aggregate_fit called at round 8
[2026-01-25 11:38:05,453] [INFO] [DEBUG] aggregate_fit received 4 results at round 8
[2026-01-25 11:38:05,453] [INFO] [DEBUG] Decoding client response from 4c680dffe2d045b7afe93d2d6a325fdb...
[2026-01-25 11:38:05,613] [INFO] [DEBUG] Decoding client response from 60ad53f6d67048e1a324badad782644a...
[2026-01-25 11:38:05,748] [INFO] [DEBUG] Decoding client response from b9178e75f85646ee94434e9f830ea36a...
[2026-01-25 11:38:05,882] [INFO] [DEBUG] Decoding client response from 3ddd7eb7c4a24b7c9d6d273ea73574be...
[2026-01-25 11:38:06,042] [INFO] [ENCODE] Starting encode_weights in aggregate_fit...
[2026-01-25 11:38:07,279] [INFO] [ENCODE] Finished encode_weights.
[2026-01-25 11:38:07,479] [INFO] [DEBUG][SERVER] Model expects 148 layers
[2026-01-25 11:38:07,496] [INFO] [DEBUG] Loaded 148 of 148 layers
[2026-01-25 11:38:07,942] [INFO] [DEBUG][SERVER] Model expects 148 layers
[2026-01-25 11:38:07,959] [INFO] [DEBUG] Loaded 148 of 148 layers
[2026-01-25 11:38:07,959] [INFO] [Server] Evaluating at round 8
[2026-01-25 11:38:07,960] [INFO] [SERVER][Round 8] Starting evaluation (mode=KH)...
[2026-01-25 11:38:25,422] [INFO] [Round 8] WT Dice: 0.5429 | Time: 17.46s
[2026-01-25 12:01:22,815] [INFO] [SERVER DEBUG] aggregate_fit called at round 9
[2026-01-25 12:01:22,815] [INFO] [DEBUG] aggregate_fit received 4 results at round 9
[2026-01-25 12:01:22,815] [INFO] [DEBUG] Decoding client response from 4c680dffe2d045b7afe93d2d6a325fdb...
[2026-01-25 12:01:22,981] [INFO] [DEBUG] Decoding client response from b9178e75f85646ee94434e9f830ea36a...
[2026-01-25 12:01:23,117] [INFO] [DEBUG] Decoding client response from 3ddd7eb7c4a24b7c9d6d273ea73574be...
[2026-01-25 12:01:23,384] [INFO] [DEBUG] Decoding client response from 60ad53f6d67048e1a324badad782644a...
[2026-01-25 12:01:23,535] [INFO] [ENCODE] Starting encode_weights in aggregate_fit...
[2026-01-25 12:01:24,768] [INFO] [ENCODE] Finished encode_weights.
[2026-01-25 12:01:24,964] [INFO] [DEBUG][SERVER] Model expects 148 layers
[2026-01-25 12:01:24,982] [INFO] [DEBUG] Loaded 148 of 148 layers
[2026-01-25 12:01:25,319] [INFO] [DEBUG][SERVER] Model expects 148 layers
[2026-01-25 12:01:25,330] [INFO] [DEBUG] Loaded 148 of 148 layers
[2026-01-25 12:01:25,330] [INFO] [Server] Evaluating at round 9
[2026-01-25 12:01:25,330] [INFO] [SERVER][Round 9] Starting evaluation (mode=KH)...
[2026-01-25 12:01:42,637] [INFO] [Round 9] WT Dice: 0.3258 | Time: 17.31s
[2026-01-25 12:24:07,941] [INFO] [SERVER DEBUG] aggregate_fit called at round 10
[2026-01-25 12:24:07,941] [INFO] [DEBUG] aggregate_fit received 4 results at round 10
[2026-01-25 12:24:07,941] [INFO] [DEBUG] Decoding client response from 3ddd7eb7c4a24b7c9d6d273ea73574be...
[2026-01-25 12:24:08,111] [INFO] [DEBUG] Decoding client response from b9178e75f85646ee94434e9f830ea36a...
[2026-01-25 12:24:08,249] [INFO] [DEBUG] Decoding client response from 4c680dffe2d045b7afe93d2d6a325fdb...
[2026-01-25 12:24:08,383] [INFO] [DEBUG] Decoding client response from 60ad53f6d67048e1a324badad782644a...
[2026-01-25 12:24:08,532] [INFO] [ENCODE] Starting encode_weights in aggregate_fit...
[2026-01-25 12:24:09,851] [INFO] [ENCODE] Finished encode_weights.
[2026-01-25 12:24:10,071] [INFO] [DEBUG][SERVER] Model expects 148 layers
[2026-01-25 12:24:10,083] [INFO] [DEBUG] Loaded 148 of 148 layers
[2026-01-25 12:24:10,424] [INFO] [DEBUG][SERVER] Model expects 148 layers
[2026-01-25 12:24:10,436] [INFO] [DEBUG] Loaded 148 of 148 layers
[2026-01-25 12:24:10,437] [INFO] [Server] Evaluating at round 10
[2026-01-25 12:24:10,437] [INFO] [SERVER][Round 10] Starting evaluation (mode=KH)...
[2026-01-25 12:24:27,644] [INFO] [Round 10] WT Dice: 0.3614 | Time: 17.21s
[2026-01-25 12:47:08,359] [INFO] [SERVER DEBUG] aggregate_fit called at round 11
[2026-01-25 12:47:08,360] [INFO] [DEBUG] aggregate_fit received 4 results at round 11
[2026-01-25 12:47:08,360] [INFO] [DEBUG] Decoding client response from 60ad53f6d67048e1a324badad782644a...
[2026-01-25 12:47:08,511] [INFO] [DEBUG] Decoding client response from 3ddd7eb7c4a24b7c9d6d273ea73574be...
[2026-01-25 12:47:08,652] [INFO] [DEBUG] Decoding client response from 4c680dffe2d045b7afe93d2d6a325fdb...
[2026-01-25 12:47:08,793] [INFO] [DEBUG] Decoding client response from b9178e75f85646ee94434e9f830ea36a...
[2026-01-25 12:47:08,950] [INFO] [ENCODE] Starting encode_weights in aggregate_fit...
[2026-01-25 12:47:10,298] [INFO] [ENCODE] Finished encode_weights.
[2026-01-25 12:47:10,500] [INFO] [DEBUG][SERVER] Model expects 148 layers
[2026-01-25 12:47:10,517] [INFO] [DEBUG] Loaded 148 of 148 layers
[2026-01-25 12:47:10,871] [INFO] [DEBUG][SERVER] Model expects 148 layers
[2026-01-25 12:47:10,887] [INFO] [DEBUG] Loaded 148 of 148 layers
[2026-01-25 12:47:10,887] [INFO] [Server] Evaluating at round 11
[2026-01-25 12:47:10,887] [INFO] [SERVER][Round 11] Starting evaluation (mode=KH)...
[2026-01-25 12:47:28,086] [INFO] [Round 11] WT Dice: 0.6515 | Time: 17.20s
[2026-01-25 13:10:14,288] [INFO] [SERVER DEBUG] aggregate_fit called at round 12
[2026-01-25 13:10:14,288] [INFO] [DEBUG] aggregate_fit received 4 results at round 12
[2026-01-25 13:10:14,288] [INFO] [DEBUG] Decoding client response from 4c680dffe2d045b7afe93d2d6a325fdb...
[2026-01-25 13:10:14,447] [INFO] [DEBUG] Decoding client response from b9178e75f85646ee94434e9f830ea36a...
[2026-01-25 13:10:14,587] [INFO] [DEBUG] Decoding client response from 3ddd7eb7c4a24b7c9d6d273ea73574be...
[2026-01-25 13:10:14,754] [INFO] [DEBUG] Decoding client response from 60ad53f6d67048e1a324badad782644a...
[2026-01-25 13:10:14,932] [INFO] [ENCODE] Starting encode_weights in aggregate_fit...
[2026-01-25 13:10:16,151] [INFO] [ENCODE] Finished encode_weights.
[2026-01-25 13:10:16,355] [INFO] [DEBUG][SERVER] Model expects 148 layers
[2026-01-25 13:10:16,367] [INFO] [DEBUG] Loaded 148 of 148 layers
[2026-01-25 13:10:16,706] [INFO] [DEBUG][SERVER] Model expects 148 layers
[2026-01-25 13:10:16,718] [INFO] [DEBUG] Loaded 148 of 148 layers
[2026-01-25 13:10:16,718] [INFO] [Server] Evaluating at round 12
[2026-01-25 13:10:16,718] [INFO] [SERVER][Round 12] Starting evaluation (mode=KH)...
[2026-01-25 13:10:33,975] [INFO] [Round 12] WT Dice: 0.4047 | Time: 17.26s
[2026-01-25 13:33:22,661] [INFO] [SERVER DEBUG] aggregate_fit called at round 13
[2026-01-25 13:33:22,661] [INFO] [DEBUG] aggregate_fit received 4 results at round 13
[2026-01-25 13:33:22,661] [INFO] [DEBUG] Decoding client response from 60ad53f6d67048e1a324badad782644a...
[2026-01-25 13:33:22,854] [INFO] [DEBUG] Decoding client response from 3ddd7eb7c4a24b7c9d6d273ea73574be...
[2026-01-25 13:33:23,018] [INFO] [DEBUG] Decoding client response from b9178e75f85646ee94434e9f830ea36a...
[2026-01-25 13:33:23,181] [INFO] [DEBUG] Decoding client response from 4c680dffe2d045b7afe93d2d6a325fdb...
[2026-01-25 13:33:23,367] [INFO] [ENCODE] Starting encode_weights in aggregate_fit...
[2026-01-25 13:33:24,699] [INFO] [ENCODE] Finished encode_weights.
[2026-01-25 13:33:24,918] [INFO] [DEBUG][SERVER] Model expects 148 layers
[2026-01-25 13:33:24,939] [INFO] [DEBUG] Loaded 148 of 148 layers
[2026-01-25 13:33:25,348] [INFO] [DEBUG][SERVER] Model expects 148 layers
[2026-01-25 13:33:25,358] [INFO] [DEBUG] Loaded 148 of 148 layers
[2026-01-25 13:33:25,358] [INFO] [Server] Evaluating at round 13
[2026-01-25 13:33:25,359] [INFO] [SERVER][Round 13] Starting evaluation (mode=KH)...
[2026-01-25 13:33:42,613] [INFO] [Round 13] WT Dice: 0.4393 | Time: 17.25s
[2026-01-25 13:56:49,789] [INFO] [SERVER DEBUG] aggregate_fit called at round 14
[2026-01-25 13:56:49,789] [INFO] [DEBUG] aggregate_fit received 4 results at round 14
[2026-01-25 13:56:49,789] [INFO] [DEBUG] Decoding client response from b9178e75f85646ee94434e9f830ea36a...
[2026-01-25 13:56:49,987] [INFO] [DEBUG] Decoding client response from 3ddd7eb7c4a24b7c9d6d273ea73574be...
[2026-01-25 13:56:50,162] [INFO] [DEBUG] Decoding client response from 60ad53f6d67048e1a324badad782644a...
[2026-01-25 13:56:50,309] [INFO] [DEBUG] Decoding client response from 4c680dffe2d045b7afe93d2d6a325fdb...
[2026-01-25 13:56:50,462] [INFO] [ENCODE] Starting encode_weights in aggregate_fit...
[2026-01-25 13:56:51,774] [INFO] [ENCODE] Finished encode_weights.
[2026-01-25 13:56:51,983] [INFO] [DEBUG][SERVER] Model expects 148 layers
[2026-01-25 13:56:52,003] [INFO] [DEBUG] Loaded 148 of 148 layers
[2026-01-25 13:56:52,390] [INFO] [DEBUG][SERVER] Model expects 148 layers
[2026-01-25 13:56:52,400] [INFO] [DEBUG] Loaded 148 of 148 layers
[2026-01-25 13:56:52,401] [INFO] [Server] Evaluating at round 14
[2026-01-25 13:56:52,401] [INFO] [SERVER][Round 14] Starting evaluation (mode=KH)...
[2026-01-25 13:57:09,650] [INFO] [Round 14] WT Dice: 0.3197 | Time: 17.25s
[2026-01-25 14:20:05,135] [INFO] [SERVER DEBUG] aggregate_fit called at round 15
[2026-01-25 14:20:05,136] [INFO] [DEBUG] aggregate_fit received 4 results at round 15
[2026-01-25 14:20:05,136] [INFO] [DEBUG] Decoding client response from 3ddd7eb7c4a24b7c9d6d273ea73574be...
[2026-01-25 14:20:05,317] [INFO] [DEBUG] Decoding client response from b9178e75f85646ee94434e9f830ea36a...
[2026-01-25 14:20:05,467] [INFO] [DEBUG] Decoding client response from 60ad53f6d67048e1a324badad782644a...
[2026-01-25 14:20:05,610] [INFO] [DEBUG] Decoding client response from 4c680dffe2d045b7afe93d2d6a325fdb...
[2026-01-25 14:20:05,774] [INFO] [ENCODE] Starting encode_weights in aggregate_fit...
[2026-01-25 14:20:06,951] [INFO] [ENCODE] Finished encode_weights.
[2026-01-25 14:20:07,144] [INFO] [DEBUG][SERVER] Model expects 148 layers
[2026-01-25 14:20:07,155] [INFO] [DEBUG] Loaded 148 of 148 layers
[2026-01-25 14:20:07,512] [INFO] [DEBUG][SERVER] Model expects 148 layers
[2026-01-25 14:20:07,522] [INFO] [DEBUG] Loaded 148 of 148 layers
[2026-01-25 14:20:07,522] [INFO] [Server] Evaluating at round 15
[2026-01-25 14:20:07,522] [INFO] [SERVER][Round 15] Starting evaluation (mode=KH)...
[2026-01-25 14:20:24,825] [INFO] [Round 15] WT Dice: 0.4953 | Time: 17.30s
[2026-01-25 14:43:16,586] [INFO] [SERVER DEBUG] aggregate_fit called at round 16
[2026-01-25 14:43:16,587] [INFO] [DEBUG] aggregate_fit received 4 results at round 16
[2026-01-25 14:43:16,587] [INFO] [DEBUG] Decoding client response from b9178e75f85646ee94434e9f830ea36a...
[2026-01-25 14:43:16,763] [INFO] [DEBUG] Decoding client response from 3ddd7eb7c4a24b7c9d6d273ea73574be...
[2026-01-25 14:43:17,016] [INFO] [DEBUG] Decoding client response from 4c680dffe2d045b7afe93d2d6a325fdb...
[2026-01-25 14:43:17,152] [INFO] [DEBUG] Decoding client response from 60ad53f6d67048e1a324badad782644a...
[2026-01-25 14:43:17,351] [INFO] [ENCODE] Starting encode_weights in aggregate_fit...
[2026-01-25 14:43:18,527] [INFO] [ENCODE] Finished encode_weights.
[2026-01-25 14:43:18,737] [INFO] [DEBUG][SERVER] Model expects 148 layers
[2026-01-25 14:43:18,747] [INFO] [DEBUG] Loaded 148 of 148 layers
[2026-01-25 14:43:19,162] [INFO] [DEBUG][SERVER] Model expects 148 layers
[2026-01-25 14:43:19,183] [INFO] [DEBUG] Loaded 148 of 148 layers
[2026-01-25 14:43:19,183] [INFO] [Server] Evaluating at round 16
[2026-01-25 14:43:19,183] [INFO] [SERVER][Round 16] Starting evaluation (mode=KH)...
[2026-01-25 14:43:36,697] [INFO] [Round 16] WT Dice: 0.3093 | Time: 17.51s
[2026-01-25 15:06:42,625] [INFO] [SERVER DEBUG] aggregate_fit called at round 17
[2026-01-25 15:06:42,625] [INFO] [DEBUG] aggregate_fit received 4 results at round 17
[2026-01-25 15:06:42,625] [INFO] [DEBUG] Decoding client response from 4c680dffe2d045b7afe93d2d6a325fdb...
[2026-01-25 15:06:42,785] [INFO] [DEBUG] Decoding client response from 3ddd7eb7c4a24b7c9d6d273ea73574be...
[2026-01-25 15:06:42,962] [INFO] [DEBUG] Decoding client response from b9178e75f85646ee94434e9f830ea36a...
[2026-01-25 15:06:43,215] [INFO] [DEBUG] Decoding client response from 60ad53f6d67048e1a324badad782644a...
[2026-01-25 15:06:43,392] [INFO] [ENCODE] Starting encode_weights in aggregate_fit...
[2026-01-25 15:06:44,634] [INFO] [ENCODE] Finished encode_weights.
[2026-01-25 15:06:44,823] [INFO] [DEBUG][SERVER] Model expects 148 layers
[2026-01-25 15:06:44,835] [INFO] [DEBUG] Loaded 148 of 148 layers
[2026-01-25 15:06:45,183] [INFO] [DEBUG][SERVER] Model expects 148 layers
[2026-01-25 15:06:45,193] [INFO] [DEBUG] Loaded 148 of 148 layers
[2026-01-25 15:06:45,194] [INFO] [Server] Evaluating at round 17
[2026-01-25 15:06:45,194] [INFO] [SERVER][Round 17] Starting evaluation (mode=KH)...
[2026-01-25 15:07:02,592] [INFO] [Round 17] WT Dice: 0.2240 | Time: 17.40s
[2026-01-25 15:30:06,413] [INFO] [SERVER DEBUG] aggregate_fit called at round 18
[2026-01-25 15:30:06,413] [INFO] [DEBUG] aggregate_fit received 4 results at round 18
[2026-01-25 15:30:06,413] [INFO] [DEBUG] Decoding client response from b9178e75f85646ee94434e9f830ea36a...
[2026-01-25 15:30:06,594] [INFO] [DEBUG] Decoding client response from 60ad53f6d67048e1a324badad782644a...
[2026-01-25 15:30:06,746] [INFO] [DEBUG] Decoding client response from 4c680dffe2d045b7afe93d2d6a325fdb...
[2026-01-25 15:30:06,882] [INFO] [DEBUG] Decoding client response from 3ddd7eb7c4a24b7c9d6d273ea73574be...
[2026-01-25 15:30:07,085] [INFO] [ENCODE] Starting encode_weights in aggregate_fit...
[2026-01-25 15:30:08,333] [INFO] [ENCODE] Finished encode_weights.
[2026-01-25 15:30:08,545] [INFO] [DEBUG][SERVER] Model expects 148 layers
[2026-01-25 15:30:08,556] [INFO] [DEBUG] Loaded 148 of 148 layers
[2026-01-25 15:30:08,919] [INFO] [DEBUG][SERVER] Model expects 148 layers
[2026-01-25 15:30:08,929] [INFO] [DEBUG] Loaded 148 of 148 layers
[2026-01-25 15:30:08,929] [INFO] [Server] Evaluating at round 18
[2026-01-25 15:30:08,929] [INFO] [SERVER][Round 18] Starting evaluation (mode=KH)...
[2026-01-25 15:30:26,295] [INFO] [Round 18] WT Dice: 0.3583 | Time: 17.37s
[2026-01-25 15:53:28,082] [INFO] [SERVER DEBUG] aggregate_fit called at round 19
[2026-01-25 15:53:28,082] [INFO] [DEBUG] aggregate_fit received 4 results at round 19
[2026-01-25 15:53:28,082] [INFO] [DEBUG] Decoding client response from 3ddd7eb7c4a24b7c9d6d273ea73574be...
[2026-01-25 15:53:28,380] [INFO] [DEBUG] Decoding client response from 4c680dffe2d045b7afe93d2d6a325fdb...
[2026-01-25 15:53:28,524] [INFO] [DEBUG] Decoding client response from b9178e75f85646ee94434e9f830ea36a...
[2026-01-25 15:53:28,689] [INFO] [DEBUG] Decoding client response from 60ad53f6d67048e1a324badad782644a...
[2026-01-25 15:53:28,909] [INFO] [ENCODE] Starting encode_weights in aggregate_fit...
[2026-01-25 15:53:30,209] [INFO] [ENCODE] Finished encode_weights.
[2026-01-25 15:53:30,409] [INFO] [DEBUG][SERVER] Model expects 148 layers
[2026-01-25 15:53:30,419] [INFO] [DEBUG] Loaded 148 of 148 layers
[2026-01-25 15:53:30,768] [INFO] [DEBUG][SERVER] Model expects 148 layers
[2026-01-25 15:53:30,779] [INFO] [DEBUG] Loaded 148 of 148 layers
[2026-01-25 15:53:30,779] [INFO] [Server] Evaluating at round 19
[2026-01-25 15:53:30,779] [INFO] [SERVER][Round 19] Starting evaluation (mode=KH)...
[2026-01-25 15:53:48,034] [INFO] [Round 19] WT Dice: 0.4828 | Time: 17.26s
[2026-01-25 16:16:25,886] [INFO] [SERVER DEBUG] aggregate_fit called at round 20
[2026-01-25 16:16:25,887] [INFO] [DEBUG] aggregate_fit received 4 results at round 20
[2026-01-25 16:16:25,887] [INFO] [DEBUG] Decoding client response from 60ad53f6d67048e1a324badad782644a...
[2026-01-25 16:16:26,052] [INFO] [DEBUG] Decoding client response from 3ddd7eb7c4a24b7c9d6d273ea73574be...
[2026-01-25 16:16:26,206] [INFO] [DEBUG] Decoding client response from b9178e75f85646ee94434e9f830ea36a...
[2026-01-25 16:16:26,408] [INFO] [DEBUG] Decoding client response from 4c680dffe2d045b7afe93d2d6a325fdb...
[2026-01-25 16:16:26,569] [INFO] [ENCODE] Starting encode_weights in aggregate_fit...
[2026-01-25 16:16:27,742] [INFO] [ENCODE] Finished encode_weights.
[2026-01-25 16:16:27,932] [INFO] [DEBUG][SERVER] Model expects 148 layers
[2026-01-25 16:16:27,942] [INFO] [DEBUG] Loaded 148 of 148 layers
[2026-01-25 16:16:28,291] [INFO] [DEBUG][SERVER] Model expects 148 layers
[2026-01-25 16:16:28,302] [INFO] [DEBUG] Loaded 148 of 148 layers
[2026-01-25 16:16:28,302] [INFO] [Server] Evaluating at round 20
[2026-01-25 16:16:28,303] [INFO] [SERVER][Round 20] Starting evaluation (mode=KH)...
[2026-01-25 16:16:45,712] [INFO] [Round 20] WT Dice: 0.4751 | Time: 17.41s
[2026-01-25 16:39:21,934] [INFO] [SERVER DEBUG] aggregate_fit called at round 21
[2026-01-25 16:39:21,935] [INFO] [DEBUG] aggregate_fit received 4 results at round 21
[2026-01-25 16:39:21,935] [INFO] [DEBUG] Decoding client response from 4c680dffe2d045b7afe93d2d6a325fdb...
[2026-01-25 16:39:22,100] [INFO] [DEBUG] Decoding client response from 60ad53f6d67048e1a324badad782644a...
[2026-01-25 16:39:22,274] [INFO] [DEBUG] Decoding client response from 3ddd7eb7c4a24b7c9d6d273ea73574be...
[2026-01-25 16:39:22,461] [INFO] [DEBUG] Decoding client response from b9178e75f85646ee94434e9f830ea36a...
[2026-01-25 16:39:22,612] [INFO] [ENCODE] Starting encode_weights in aggregate_fit...
[2026-01-25 16:39:23,807] [INFO] [ENCODE] Finished encode_weights.
[2026-01-25 16:39:24,009] [INFO] [DEBUG][SERVER] Model expects 148 layers
[2026-01-25 16:39:24,019] [INFO] [DEBUG] Loaded 148 of 148 layers
[2026-01-25 16:39:24,366] [INFO] [DEBUG][SERVER] Model expects 148 layers
[2026-01-25 16:39:24,380] [INFO] [DEBUG] Loaded 148 of 148 layers
[2026-01-25 16:39:24,381] [INFO] [Server] Evaluating at round 21
[2026-01-25 16:39:24,381] [INFO] [SERVER][Round 21] Starting evaluation (mode=KH)...
[2026-01-25 16:39:41,487] [INFO] [Round 21] WT Dice: 0.7527 | Time: 17.11s
[2026-01-25 17:03:12,268] [INFO] [SERVER DEBUG] aggregate_fit called at round 22
[2026-01-25 17:03:12,268] [INFO] [DEBUG] aggregate_fit received 4 results at round 22
[2026-01-25 17:03:12,269] [INFO] [DEBUG] Decoding client response from 3ddd7eb7c4a24b7c9d6d273ea73574be...
[2026-01-25 17:03:12,427] [INFO] [DEBUG] Decoding client response from 4c680dffe2d045b7afe93d2d6a325fdb...
[2026-01-25 17:03:12,575] [INFO] [DEBUG] Decoding client response from b9178e75f85646ee94434e9f830ea36a...
[2026-01-25 17:03:12,717] [INFO] [DEBUG] Decoding client response from 60ad53f6d67048e1a324badad782644a...
[2026-01-25 17:03:12,886] [INFO] [ENCODE] Starting encode_weights in aggregate_fit...
[2026-01-25 17:03:14,227] [INFO] [ENCODE] Finished encode_weights.
[2026-01-25 17:03:14,446] [INFO] [DEBUG][SERVER] Model expects 148 layers
[2026-01-25 17:03:14,457] [INFO] [DEBUG] Loaded 148 of 148 layers
[2026-01-25 17:03:14,843] [INFO] [DEBUG][SERVER] Model expects 148 layers
[2026-01-25 17:03:14,854] [INFO] [DEBUG] Loaded 148 of 148 layers
[2026-01-25 17:03:14,854] [INFO] [Server] Evaluating at round 22
[2026-01-25 17:03:14,854] [INFO] [SERVER][Round 22] Starting evaluation (mode=KH)...
[2026-01-25 17:03:32,416] [INFO] [Round 22] WT Dice: 0.6727 | Time: 17.56s
[2026-01-25 17:27:31,521] [INFO] [SERVER DEBUG] aggregate_fit called at round 23
[2026-01-25 17:27:31,521] [INFO] [DEBUG] aggregate_fit received 4 results at round 23
[2026-01-25 17:27:31,521] [INFO] [DEBUG] Decoding client response from 4c680dffe2d045b7afe93d2d6a325fdb...
[2026-01-25 17:27:31,735] [INFO] [DEBUG] Decoding client response from b9178e75f85646ee94434e9f830ea36a...
[2026-01-25 17:27:31,933] [INFO] [DEBUG] Decoding client response from 60ad53f6d67048e1a324badad782644a...
[2026-01-25 17:27:32,082] [INFO] [DEBUG] Decoding client response from 3ddd7eb7c4a24b7c9d6d273ea73574be...
[2026-01-25 17:27:32,264] [INFO] [ENCODE] Starting encode_weights in aggregate_fit...
[2026-01-25 17:27:33,675] [INFO] [ENCODE] Finished encode_weights.
[2026-01-25 17:27:33,912] [INFO] [DEBUG][SERVER] Model expects 148 layers
[2026-01-25 17:27:33,924] [INFO] [DEBUG] Loaded 148 of 148 layers
[2026-01-25 17:27:34,299] [INFO] [DEBUG][SERVER] Model expects 148 layers
[2026-01-25 17:27:34,309] [INFO] [DEBUG] Loaded 148 of 148 layers
[2026-01-25 17:27:34,309] [INFO] [Server] Evaluating at round 23
[2026-01-25 17:27:34,309] [INFO] [SERVER][Round 23] Starting evaluation (mode=KH)...
[2026-01-25 17:27:52,127] [INFO] [Round 23] WT Dice: 0.6832 | Time: 17.82s
[2026-01-25 17:52:29,878] [INFO] [SERVER DEBUG] aggregate_fit called at round 24
[2026-01-25 17:52:29,878] [INFO] [DEBUG] aggregate_fit received 4 results at round 24
[2026-01-25 17:52:29,878] [INFO] [DEBUG] Decoding client response from b9178e75f85646ee94434e9f830ea36a...
[2026-01-25 17:52:30,368] [INFO] [DEBUG] Decoding client response from 4c680dffe2d045b7afe93d2d6a325fdb...
[2026-01-25 17:52:30,829] [INFO] [DEBUG] Decoding client response from 60ad53f6d67048e1a324badad782644a...
[2026-01-25 17:52:31,183] [INFO] [DEBUG] Decoding client response from 3ddd7eb7c4a24b7c9d6d273ea73574be...
[2026-01-25 17:52:31,542] [INFO] [ENCODE] Starting encode_weights in aggregate_fit...
[2026-01-25 17:52:33,272] [INFO] [ENCODE] Finished encode_weights.
[2026-01-25 17:52:33,525] [INFO] [DEBUG][SERVER] Model expects 148 layers
[2026-01-25 17:52:33,541] [INFO] [DEBUG] Loaded 148 of 148 layers
[2026-01-25 17:52:34,693] [INFO] [DEBUG][SERVER] Model expects 148 layers
[2026-01-25 17:52:34,704] [INFO] [DEBUG] Loaded 148 of 148 layers
[2026-01-25 17:52:34,705] [INFO] [Server] Evaluating at round 24
[2026-01-25 17:52:34,705] [INFO] [SERVER][Round 24] Starting evaluation (mode=KH)...
[2026-01-25 17:52:53,073] [INFO] [Round 24] WT Dice: 0.5867 | Time: 18.37s
[2026-01-25 18:16:53,062] [INFO] [SERVER DEBUG] aggregate_fit called at round 25
[2026-01-25 18:16:53,063] [INFO] [DEBUG] aggregate_fit received 4 results at round 25
[2026-01-25 18:16:53,063] [INFO] [DEBUG] Decoding client response from 60ad53f6d67048e1a324badad782644a...
[2026-01-25 18:16:53,245] [INFO] [DEBUG] Decoding client response from 4c680dffe2d045b7afe93d2d6a325fdb...
[2026-01-25 18:16:53,398] [INFO] [DEBUG] Decoding client response from 3ddd7eb7c4a24b7c9d6d273ea73574be...
[2026-01-25 18:16:53,548] [INFO] [DEBUG] Decoding client response from b9178e75f85646ee94434e9f830ea36a...
[2026-01-25 18:16:53,716] [INFO] [ENCODE] Starting encode_weights in aggregate_fit...
[2026-01-25 18:16:55,056] [INFO] [ENCODE] Finished encode_weights.
[2026-01-25 18:16:55,271] [INFO] [DEBUG][SERVER] Model expects 148 layers
[2026-01-25 18:16:55,282] [INFO] [DEBUG] Loaded 148 of 148 layers
[2026-01-25 18:16:55,732] [INFO] [DEBUG][SERVER] Model expects 148 layers
[2026-01-25 18:16:55,743] [INFO] [DEBUG] Loaded 148 of 148 layers
[2026-01-25 18:16:55,743] [INFO] [Server] Evaluating at round 25
[2026-01-25 18:16:55,743] [INFO] [SERVER][Round 25] Starting evaluation (mode=KH)...
[2026-01-25 18:17:13,501] [INFO] [Round 25] WT Dice: 0.6909 | Time: 17.76s
