[2026-01-26 18:14:01,741] [INFO] [SERVER INIT] EXPERIMENT_DIR=Revision2/Run_UNET_IID_SH_20260126, LOG=Revision2/Run_UNET_IID_SH_20260126/Server/ServerReport20260126.log
[2026-01-26 18:14:01,743] [INFO] [ENV] SERVER_ADDRESS=127.0.0.1, SERVER_PORT=8089, DATA_PATH=/home/jovyan/FeTS2022/MICCAI_FeTS2022_TrainingData, ENCODING_MODE=SH, N_CLUSTERS=32
[2026-01-26 18:14:01,952] [INFO] [DATA] Server test set loaded with 67 samples.
[2026-01-26 18:14:02,242] [INFO] [MODEL INIT] UNet with 148 layers initialized on cuda
[2026-01-26 18:14:02,285] [INFO] [STRATEGY INIT] mode=SH, UsedClusters=- (EnvNClusters=32), experiment_dir=Revision2/Run_UNET_IID_SH_20260126 | BestMetricKey=WT
[2026-01-26 18:14:02,285] [INFO] [SERVER START] Address=127.0.0.1:8089, Rounds=25, Mode=SH, NClusters=32
[2026-01-26 18:14:02,322] [INFO] [DEBUG][SERVER] Model expects 148 layers
[2026-01-26 18:14:02,335] [INFO] [DEBUG] Loaded 148 of 148 layers
[2026-01-26 18:14:02,336] [INFO] [Server] Evaluating at round 0
[2026-01-26 18:14:02,336] [INFO] [SERVER][Round 0] Starting evaluation (mode=SH)...
[2026-01-26 18:14:24,237] [INFO] [Round 0] WT Dice: 0.1107 | Time: 21.90s
[2026-01-26 18:14:24,316] [INFO] [BEST MODEL] Saved: Revision2/Run_UNET_IID_SH_20260126/Server/best_model.pth
[2026-01-26 18:14:24,391] [INFO] [BEST MODEL] Saved: Revision2/Run_UNET_IID_SH_20260126/Server/best_model_round0.pth
[2026-01-26 18:14:24,391] [INFO] [BEST MODEL] New best at round 0: WT=0.1107
[2026-01-26 18:27:22,684] [INFO] [SERVER DEBUG] aggregate_fit called at round 1
[2026-01-26 18:27:22,684] [INFO] [DEBUG] aggregate_fit received 4 results at round 1
[2026-01-26 18:27:22,684] [INFO] [DEBUG] Decoding client response from 2e138d1c17ff433dba59ce148092a310...
[2026-01-26 18:27:23,975] [INFO] [DEBUG] Decoding client response from 33369197285d4f1b96370b42240b9db8...
[2026-01-26 18:27:25,296] [INFO] [DEBUG] Decoding client response from 8b43796f18424f888fd7d64e0ea459ea...
[2026-01-26 18:27:26,534] [INFO] [DEBUG] Decoding client response from 1f5f3865cd344c6795de1f471b33c967...
[2026-01-26 18:27:27,813] [INFO] [ENCODE] Starting encode_weights in aggregate_fit...
[2026-01-26 18:27:57,846] [INFO] [ENCODE] Finished encode_weights.
[2026-01-26 18:27:59,004] [INFO] [DEBUG][SERVER] Model expects 148 layers
[2026-01-26 18:27:59,031] [INFO] [DEBUG] Loaded 148 of 148 layers
[2026-01-26 18:28:00,894] [INFO] [DEBUG][SERVER] Model expects 148 layers
[2026-01-26 18:28:00,915] [INFO] [DEBUG] Loaded 148 of 148 layers
[2026-01-26 18:28:00,915] [INFO] [Server] Evaluating at round 1
[2026-01-26 18:28:00,915] [INFO] [SERVER][Round 1] Starting evaluation (mode=SH)...
[2026-01-26 18:28:19,129] [INFO] [Round 1] WT Dice: 0.0221 | Time: 18.21s
[2026-01-26 18:42:11,818] [INFO] [SERVER DEBUG] aggregate_fit called at round 2
[2026-01-26 18:42:11,818] [INFO] [DEBUG] aggregate_fit received 4 results at round 2
[2026-01-26 18:42:11,819] [INFO] [DEBUG] Decoding client response from 33369197285d4f1b96370b42240b9db8...
[2026-01-26 18:42:12,836] [INFO] [DEBUG] Decoding client response from 2e138d1c17ff433dba59ce148092a310...
[2026-01-26 18:42:13,706] [INFO] [DEBUG] Decoding client response from 8b43796f18424f888fd7d64e0ea459ea...
[2026-01-26 18:42:14,536] [INFO] [DEBUG] Decoding client response from 1f5f3865cd344c6795de1f471b33c967...
[2026-01-26 18:42:15,398] [INFO] [ENCODE] Starting encode_weights in aggregate_fit...
[2026-01-26 18:42:33,799] [INFO] [ENCODE] Finished encode_weights.
[2026-01-26 18:42:34,742] [INFO] [DEBUG][SERVER] Model expects 148 layers
[2026-01-26 18:42:34,763] [INFO] [DEBUG] Loaded 148 of 148 layers
[2026-01-26 18:42:36,300] [INFO] [DEBUG][SERVER] Model expects 148 layers
[2026-01-26 18:42:36,319] [INFO] [DEBUG] Loaded 148 of 148 layers
[2026-01-26 18:42:36,319] [INFO] [Server] Evaluating at round 2
[2026-01-26 18:42:36,319] [INFO] [SERVER][Round 2] Starting evaluation (mode=SH)...
[2026-01-26 18:42:54,198] [INFO] [Round 2] WT Dice: 0.3639 | Time: 17.88s
[2026-01-26 18:42:54,415] [INFO] [BEST MODEL] Saved: Revision2/Run_UNET_IID_SH_20260126/Server/best_model.pth
[2026-01-26 18:42:54,478] [INFO] [BEST MODEL] Saved: Revision2/Run_UNET_IID_SH_20260126/Server/best_model_round2.pth
[2026-01-26 18:42:54,478] [INFO] [BEST MODEL] New best at round 2: WT=0.3639
[2026-01-26 18:55:49,876] [INFO] [SERVER DEBUG] aggregate_fit called at round 3
[2026-01-26 18:55:49,877] [INFO] [DEBUG] aggregate_fit received 4 results at round 3
[2026-01-26 18:55:49,877] [INFO] [DEBUG] Decoding client response from 1f5f3865cd344c6795de1f471b33c967...
[2026-01-26 18:55:50,792] [INFO] [DEBUG] Decoding client response from 8b43796f18424f888fd7d64e0ea459ea...
[2026-01-26 18:55:51,756] [INFO] [DEBUG] Decoding client response from 33369197285d4f1b96370b42240b9db8...
[2026-01-26 18:55:52,669] [INFO] [DEBUG] Decoding client response from 2e138d1c17ff433dba59ce148092a310...
[2026-01-26 18:55:53,529] [INFO] [ENCODE] Starting encode_weights in aggregate_fit...
[2026-01-26 18:56:13,612] [INFO] [ENCODE] Finished encode_weights.
[2026-01-26 18:56:14,654] [INFO] [DEBUG][SERVER] Model expects 148 layers
[2026-01-26 18:56:14,674] [INFO] [DEBUG] Loaded 148 of 148 layers
[2026-01-26 18:56:16,306] [INFO] [DEBUG][SERVER] Model expects 148 layers
[2026-01-26 18:56:16,327] [INFO] [DEBUG] Loaded 148 of 148 layers
[2026-01-26 18:56:16,327] [INFO] [Server] Evaluating at round 3
[2026-01-26 18:56:16,327] [INFO] [SERVER][Round 3] Starting evaluation (mode=SH)...
[2026-01-26 18:56:34,210] [INFO] [Round 3] WT Dice: 0.2846 | Time: 17.88s
[2026-01-26 19:09:31,813] [INFO] [SERVER DEBUG] aggregate_fit called at round 4
[2026-01-26 19:09:31,814] [INFO] [DEBUG] aggregate_fit received 4 results at round 4
[2026-01-26 19:09:31,814] [INFO] [DEBUG] Decoding client response from 8b43796f18424f888fd7d64e0ea459ea...
[2026-01-26 19:09:32,765] [INFO] [DEBUG] Decoding client response from 2e138d1c17ff433dba59ce148092a310...
[2026-01-26 19:09:33,906] [INFO] [DEBUG] Decoding client response from 33369197285d4f1b96370b42240b9db8...
[2026-01-26 19:09:34,779] [INFO] [DEBUG] Decoding client response from 1f5f3865cd344c6795de1f471b33c967...
[2026-01-26 19:09:35,850] [INFO] [ENCODE] Starting encode_weights in aggregate_fit...
[2026-01-26 19:09:56,806] [INFO] [ENCODE] Finished encode_weights.
[2026-01-26 19:09:57,796] [INFO] [DEBUG][SERVER] Model expects 148 layers
[2026-01-26 19:09:57,811] [INFO] [DEBUG] Loaded 148 of 148 layers
[2026-01-26 19:09:59,310] [INFO] [DEBUG][SERVER] Model expects 148 layers
[2026-01-26 19:09:59,328] [INFO] [DEBUG] Loaded 148 of 148 layers
[2026-01-26 19:09:59,328] [INFO] [Server] Evaluating at round 4
[2026-01-26 19:09:59,328] [INFO] [SERVER][Round 4] Starting evaluation (mode=SH)...
[2026-01-26 19:10:17,432] [INFO] [Round 4] WT Dice: 0.2982 | Time: 18.10s
[2026-01-26 19:23:00,643] [INFO] [SERVER DEBUG] aggregate_fit called at round 5
[2026-01-26 19:23:00,644] [INFO] [DEBUG] aggregate_fit received 4 results at round 5
[2026-01-26 19:23:00,644] [INFO] [DEBUG] Decoding client response from 2e138d1c17ff433dba59ce148092a310...
[2026-01-26 19:23:01,548] [INFO] [DEBUG] Decoding client response from 8b43796f18424f888fd7d64e0ea459ea...
[2026-01-26 19:23:02,471] [INFO] [DEBUG] Decoding client response from 33369197285d4f1b96370b42240b9db8...
[2026-01-26 19:23:03,339] [INFO] [DEBUG] Decoding client response from 1f5f3865cd344c6795de1f471b33c967...
[2026-01-26 19:23:04,299] [INFO] [ENCODE] Starting encode_weights in aggregate_fit...
[2026-01-26 19:23:27,291] [INFO] [ENCODE] Finished encode_weights.
[2026-01-26 19:23:28,321] [INFO] [DEBUG][SERVER] Model expects 148 layers
[2026-01-26 19:23:28,335] [INFO] [DEBUG] Loaded 148 of 148 layers
[2026-01-26 19:23:30,146] [INFO] [DEBUG][SERVER] Model expects 148 layers
[2026-01-26 19:23:30,158] [INFO] [DEBUG] Loaded 148 of 148 layers
[2026-01-26 19:23:30,159] [INFO] [Server] Evaluating at round 5
[2026-01-26 19:23:30,159] [INFO] [SERVER][Round 5] Starting evaluation (mode=SH)...
[2026-01-26 19:23:48,593] [INFO] [Round 5] WT Dice: 0.3127 | Time: 18.43s
[2026-01-26 19:37:10,211] [INFO] [SERVER DEBUG] aggregate_fit called at round 6
[2026-01-26 19:37:10,212] [INFO] [DEBUG] aggregate_fit received 4 results at round 6
[2026-01-26 19:37:10,212] [INFO] [DEBUG] Decoding client response from 33369197285d4f1b96370b42240b9db8...
[2026-01-26 19:37:10,992] [INFO] [DEBUG] Decoding client response from 2e138d1c17ff433dba59ce148092a310...
[2026-01-26 19:37:11,781] [INFO] [DEBUG] Decoding client response from 1f5f3865cd344c6795de1f471b33c967...
[2026-01-26 19:37:12,561] [INFO] [DEBUG] Decoding client response from 8b43796f18424f888fd7d64e0ea459ea...
[2026-01-26 19:37:13,431] [INFO] [ENCODE] Starting encode_weights in aggregate_fit...
[2026-01-26 19:37:36,635] [INFO] [ENCODE] Finished encode_weights.
[2026-01-26 19:37:37,683] [INFO] [DEBUG][SERVER] Model expects 148 layers
[2026-01-26 19:37:37,704] [INFO] [DEBUG] Loaded 148 of 148 layers
[2026-01-26 19:37:39,495] [INFO] [DEBUG][SERVER] Model expects 148 layers
[2026-01-26 19:37:39,514] [INFO] [DEBUG] Loaded 148 of 148 layers
[2026-01-26 19:37:39,514] [INFO] [Server] Evaluating at round 6
[2026-01-26 19:37:39,514] [INFO] [SERVER][Round 6] Starting evaluation (mode=SH)...
[2026-01-26 19:37:57,570] [INFO] [Round 6] WT Dice: 0.2898 | Time: 18.06s
[2026-01-26 19:51:23,852] [INFO] [SERVER DEBUG] aggregate_fit called at round 7
[2026-01-26 19:51:23,853] [INFO] [DEBUG] aggregate_fit received 4 results at round 7
[2026-01-26 19:51:23,853] [INFO] [DEBUG] Decoding client response from 1f5f3865cd344c6795de1f471b33c967...
[2026-01-26 19:51:25,271] [INFO] [DEBUG] Decoding client response from 8b43796f18424f888fd7d64e0ea459ea...
[2026-01-26 19:51:26,418] [INFO] [DEBUG] Decoding client response from 2e138d1c17ff433dba59ce148092a310...
[2026-01-26 19:51:27,366] [INFO] [DEBUG] Decoding client response from 33369197285d4f1b96370b42240b9db8...
[2026-01-26 19:51:28,390] [INFO] [ENCODE] Starting encode_weights in aggregate_fit...
[2026-01-26 19:51:53,186] [INFO] [ENCODE] Finished encode_weights.
[2026-01-26 19:51:54,282] [INFO] [DEBUG][SERVER] Model expects 148 layers
[2026-01-26 19:51:54,303] [INFO] [DEBUG] Loaded 148 of 148 layers
[2026-01-26 19:51:56,175] [INFO] [DEBUG][SERVER] Model expects 148 layers
[2026-01-26 19:51:56,194] [INFO] [DEBUG] Loaded 148 of 148 layers
[2026-01-26 19:51:56,195] [INFO] [Server] Evaluating at round 7
[2026-01-26 19:51:56,195] [INFO] [SERVER][Round 7] Starting evaluation (mode=SH)...
[2026-01-26 19:52:14,326] [INFO] [Round 7] WT Dice: 0.2764 | Time: 18.13s
[2026-01-26 20:06:16,695] [INFO] [SERVER DEBUG] aggregate_fit called at round 8
[2026-01-26 20:06:16,696] [INFO] [DEBUG] aggregate_fit received 4 results at round 8
[2026-01-26 20:06:16,696] [INFO] [DEBUG] Decoding client response from 2e138d1c17ff433dba59ce148092a310...
[2026-01-26 20:06:17,737] [INFO] [DEBUG] Decoding client response from 33369197285d4f1b96370b42240b9db8...
[2026-01-26 20:06:18,614] [INFO] [DEBUG] Decoding client response from 1f5f3865cd344c6795de1f471b33c967...
[2026-01-26 20:06:19,598] [INFO] [DEBUG] Decoding client response from 8b43796f18424f888fd7d64e0ea459ea...
[2026-01-26 20:06:20,597] [INFO] [ENCODE] Starting encode_weights in aggregate_fit...
[2026-01-26 20:06:48,551] [INFO] [ENCODE] Finished encode_weights.
[2026-01-26 20:06:49,742] [INFO] [DEBUG][SERVER] Model expects 148 layers
[2026-01-26 20:06:49,758] [INFO] [DEBUG] Loaded 148 of 148 layers
[2026-01-26 20:06:51,922] [INFO] [DEBUG][SERVER] Model expects 148 layers
[2026-01-26 20:06:51,935] [INFO] [DEBUG] Loaded 148 of 148 layers
[2026-01-26 20:06:51,935] [INFO] [Server] Evaluating at round 8
[2026-01-26 20:06:51,935] [INFO] [SERVER][Round 8] Starting evaluation (mode=SH)...
[2026-01-26 20:07:09,907] [INFO] [Round 8] WT Dice: 0.2772 | Time: 17.97s
[2026-01-26 20:20:42,615] [INFO] [SERVER DEBUG] aggregate_fit called at round 9
[2026-01-26 20:20:42,615] [INFO] [DEBUG] aggregate_fit received 4 results at round 9
[2026-01-26 20:20:42,615] [INFO] [DEBUG] Decoding client response from 8b43796f18424f888fd7d64e0ea459ea...
[2026-01-26 20:20:43,519] [INFO] [DEBUG] Decoding client response from 33369197285d4f1b96370b42240b9db8...
[2026-01-26 20:20:44,352] [INFO] [DEBUG] Decoding client response from 2e138d1c17ff433dba59ce148092a310...
[2026-01-26 20:20:45,151] [INFO] [DEBUG] Decoding client response from 1f5f3865cd344c6795de1f471b33c967...
[2026-01-26 20:20:46,060] [INFO] [ENCODE] Starting encode_weights in aggregate_fit...
[2026-01-26 20:21:17,411] [INFO] [ENCODE] Finished encode_weights.
[2026-01-26 20:21:19,096] [INFO] [DEBUG][SERVER] Model expects 148 layers
[2026-01-26 20:21:19,112] [INFO] [DEBUG] Loaded 148 of 148 layers
[2026-01-26 20:21:21,411] [INFO] [DEBUG][SERVER] Model expects 148 layers
[2026-01-26 20:21:21,429] [INFO] [DEBUG] Loaded 148 of 148 layers
[2026-01-26 20:21:21,430] [INFO] [Server] Evaluating at round 9
[2026-01-26 20:21:21,430] [INFO] [SERVER][Round 9] Starting evaluation (mode=SH)...
[2026-01-26 20:21:39,643] [INFO] [Round 9] WT Dice: 0.3249 | Time: 18.21s
[2026-01-26 20:35:01,331] [INFO] [SERVER DEBUG] aggregate_fit called at round 10
[2026-01-26 20:35:01,331] [INFO] [DEBUG] aggregate_fit received 4 results at round 10
[2026-01-26 20:35:01,331] [INFO] [DEBUG] Decoding client response from 2e138d1c17ff433dba59ce148092a310...
[2026-01-26 20:35:02,285] [INFO] [DEBUG] Decoding client response from 33369197285d4f1b96370b42240b9db8...
[2026-01-26 20:35:03,174] [INFO] [DEBUG] Decoding client response from 1f5f3865cd344c6795de1f471b33c967...
[2026-01-26 20:35:03,983] [INFO] [DEBUG] Decoding client response from 8b43796f18424f888fd7d64e0ea459ea...
[2026-01-26 20:35:04,860] [INFO] [ENCODE] Starting encode_weights in aggregate_fit...
[2026-01-26 20:35:32,770] [INFO] [ENCODE] Finished encode_weights.
[2026-01-26 20:35:33,874] [INFO] [DEBUG][SERVER] Model expects 148 layers
[2026-01-26 20:35:33,888] [INFO] [DEBUG] Loaded 148 of 148 layers
[2026-01-26 20:35:36,047] [INFO] [DEBUG][SERVER] Model expects 148 layers
[2026-01-26 20:35:36,067] [INFO] [DEBUG] Loaded 148 of 148 layers
[2026-01-26 20:35:36,067] [INFO] [Server] Evaluating at round 10
[2026-01-26 20:35:36,067] [INFO] [SERVER][Round 10] Starting evaluation (mode=SH)...
[2026-01-26 20:35:54,104] [INFO] [Round 10] WT Dice: 0.2973 | Time: 18.04s
[2026-01-26 20:48:35,175] [INFO] [SERVER DEBUG] aggregate_fit called at round 11
[2026-01-26 20:48:35,175] [INFO] [DEBUG] aggregate_fit received 4 results at round 11
[2026-01-26 20:48:35,175] [INFO] [DEBUG] Decoding client response from 33369197285d4f1b96370b42240b9db8...
[2026-01-26 20:48:36,012] [INFO] [DEBUG] Decoding client response from 1f5f3865cd344c6795de1f471b33c967...
[2026-01-26 20:48:36,892] [INFO] [DEBUG] Decoding client response from 2e138d1c17ff433dba59ce148092a310...
[2026-01-26 20:48:37,615] [INFO] [DEBUG] Decoding client response from 8b43796f18424f888fd7d64e0ea459ea...
[2026-01-26 20:48:38,423] [INFO] [ENCODE] Starting encode_weights in aggregate_fit...
[2026-01-26 20:49:07,006] [INFO] [ENCODE] Finished encode_weights.
[2026-01-26 20:49:08,772] [INFO] [DEBUG][SERVER] Model expects 148 layers
[2026-01-26 20:49:08,803] [INFO] [DEBUG] Loaded 148 of 148 layers
[2026-01-26 20:49:11,423] [INFO] [DEBUG][SERVER] Model expects 148 layers
[2026-01-26 20:49:11,440] [INFO] [DEBUG] Loaded 148 of 148 layers
[2026-01-26 20:49:11,440] [INFO] [Server] Evaluating at round 11
[2026-01-26 20:49:11,440] [INFO] [SERVER][Round 11] Starting evaluation (mode=SH)...
[2026-01-26 20:49:29,749] [INFO] [Round 11] WT Dice: 0.3815 | Time: 18.31s
[2026-01-26 20:49:30,007] [INFO] [BEST MODEL] Saved: Revision2/Run_UNET_IID_SH_20260126/Server/best_model.pth
[2026-01-26 20:49:30,083] [INFO] [BEST MODEL] Saved: Revision2/Run_UNET_IID_SH_20260126/Server/best_model_round11.pth
[2026-01-26 20:49:30,083] [INFO] [BEST MODEL] New best at round 11: WT=0.3815
[2026-01-26 21:02:22,598] [INFO] [SERVER DEBUG] aggregate_fit called at round 12
[2026-01-26 21:02:22,599] [INFO] [DEBUG] aggregate_fit received 4 results at round 12
[2026-01-26 21:02:22,599] [INFO] [DEBUG] Decoding client response from 2e138d1c17ff433dba59ce148092a310...
[2026-01-26 21:02:23,400] [INFO] [DEBUG] Decoding client response from 8b43796f18424f888fd7d64e0ea459ea...
[2026-01-26 21:02:24,166] [INFO] [DEBUG] Decoding client response from 1f5f3865cd344c6795de1f471b33c967...
[2026-01-26 21:02:24,867] [INFO] [DEBUG] Decoding client response from 33369197285d4f1b96370b42240b9db8...
[2026-01-26 21:02:25,598] [INFO] [ENCODE] Starting encode_weights in aggregate_fit...
[2026-01-26 21:02:55,637] [INFO] [ENCODE] Finished encode_weights.
[2026-01-26 21:02:56,793] [INFO] [DEBUG][SERVER] Model expects 148 layers
[2026-01-26 21:02:56,807] [INFO] [DEBUG] Loaded 148 of 148 layers
[2026-01-26 21:02:59,024] [INFO] [DEBUG][SERVER] Model expects 148 layers
[2026-01-26 21:02:59,037] [INFO] [DEBUG] Loaded 148 of 148 layers
[2026-01-26 21:02:59,038] [INFO] [Server] Evaluating at round 12
[2026-01-26 21:02:59,038] [INFO] [SERVER][Round 12] Starting evaluation (mode=SH)...
[2026-01-26 21:03:17,274] [INFO] [Round 12] WT Dice: 0.0646 | Time: 18.24s
[2026-01-26 21:17:08,802] [INFO] [SERVER DEBUG] aggregate_fit called at round 13
[2026-01-26 21:17:08,803] [INFO] [DEBUG] aggregate_fit received 4 results at round 13
[2026-01-26 21:17:08,803] [INFO] [DEBUG] Decoding client response from 33369197285d4f1b96370b42240b9db8...
[2026-01-26 21:17:09,694] [INFO] [DEBUG] Decoding client response from 1f5f3865cd344c6795de1f471b33c967...
[2026-01-26 21:17:10,434] [INFO] [DEBUG] Decoding client response from 2e138d1c17ff433dba59ce148092a310...
[2026-01-26 21:17:11,222] [INFO] [DEBUG] Decoding client response from 8b43796f18424f888fd7d64e0ea459ea...
[2026-01-26 21:17:11,965] [INFO] [ENCODE] Starting encode_weights in aggregate_fit...
[2026-01-26 21:17:40,943] [INFO] [ENCODE] Finished encode_weights.
[2026-01-26 21:17:42,113] [INFO] [DEBUG][SERVER] Model expects 148 layers
[2026-01-26 21:17:42,128] [INFO] [DEBUG] Loaded 148 of 148 layers
[2026-01-26 21:17:44,380] [INFO] [DEBUG][SERVER] Model expects 148 layers
[2026-01-26 21:17:44,399] [INFO] [DEBUG] Loaded 148 of 148 layers
[2026-01-26 21:17:44,400] [INFO] [Server] Evaluating at round 13
[2026-01-26 21:17:44,400] [INFO] [SERVER][Round 13] Starting evaluation (mode=SH)...
[2026-01-26 21:18:02,654] [INFO] [Round 13] WT Dice: 0.0856 | Time: 18.25s
[2026-01-26 21:30:56,528] [INFO] [SERVER DEBUG] aggregate_fit called at round 14
[2026-01-26 21:30:56,528] [INFO] [DEBUG] aggregate_fit received 4 results at round 14
[2026-01-26 21:30:56,528] [INFO] [DEBUG] Decoding client response from 2e138d1c17ff433dba59ce148092a310...
[2026-01-26 21:30:57,391] [INFO] [DEBUG] Decoding client response from 33369197285d4f1b96370b42240b9db8...
[2026-01-26 21:30:58,237] [INFO] [DEBUG] Decoding client response from 8b43796f18424f888fd7d64e0ea459ea...
[2026-01-26 21:30:59,081] [INFO] [DEBUG] Decoding client response from 1f5f3865cd344c6795de1f471b33c967...
[2026-01-26 21:31:00,023] [INFO] [ENCODE] Starting encode_weights in aggregate_fit...
[2026-01-26 21:31:28,024] [INFO] [ENCODE] Finished encode_weights.
[2026-01-26 21:31:29,122] [INFO] [DEBUG][SERVER] Model expects 148 layers
[2026-01-26 21:31:29,144] [INFO] [DEBUG] Loaded 148 of 148 layers
[2026-01-26 21:31:31,198] [INFO] [DEBUG][SERVER] Model expects 148 layers
[2026-01-26 21:31:31,210] [INFO] [DEBUG] Loaded 148 of 148 layers
[2026-01-26 21:31:31,210] [INFO] [Server] Evaluating at round 14
[2026-01-26 21:31:31,210] [INFO] [SERVER][Round 14] Starting evaluation (mode=SH)...
[2026-01-26 21:31:49,389] [INFO] [Round 14] WT Dice: 0.0580 | Time: 18.18s
[2026-01-26 21:44:56,324] [INFO] [SERVER DEBUG] aggregate_fit called at round 15
[2026-01-26 21:44:56,325] [INFO] [DEBUG] aggregate_fit received 4 results at round 15
[2026-01-26 21:44:56,325] [INFO] [DEBUG] Decoding client response from 33369197285d4f1b96370b42240b9db8...
[2026-01-26 21:44:57,208] [INFO] [DEBUG] Decoding client response from 1f5f3865cd344c6795de1f471b33c967...
[2026-01-26 21:44:58,052] [INFO] [DEBUG] Decoding client response from 8b43796f18424f888fd7d64e0ea459ea...
[2026-01-26 21:44:58,818] [INFO] [DEBUG] Decoding client response from 2e138d1c17ff433dba59ce148092a310...
[2026-01-26 21:44:59,693] [INFO] [ENCODE] Starting encode_weights in aggregate_fit...
[2026-01-26 21:45:28,630] [INFO] [ENCODE] Finished encode_weights.
[2026-01-26 21:45:29,822] [INFO] [DEBUG][SERVER] Model expects 148 layers
[2026-01-26 21:45:29,846] [INFO] [DEBUG] Loaded 148 of 148 layers
[2026-01-26 21:45:31,927] [INFO] [DEBUG][SERVER] Model expects 148 layers
[2026-01-26 21:45:31,946] [INFO] [DEBUG] Loaded 148 of 148 layers
[2026-01-26 21:45:31,946] [INFO] [Server] Evaluating at round 15
[2026-01-26 21:45:31,946] [INFO] [SERVER][Round 15] Starting evaluation (mode=SH)...
[2026-01-26 21:45:50,105] [INFO] [Round 15] WT Dice: 0.0387 | Time: 18.16s
[2026-01-26 21:58:14,503] [INFO] [SERVER DEBUG] aggregate_fit called at round 16
[2026-01-26 21:58:14,504] [INFO] [DEBUG] aggregate_fit received 4 results at round 16
[2026-01-26 21:58:14,504] [INFO] [DEBUG] Decoding client response from 8b43796f18424f888fd7d64e0ea459ea...
[2026-01-26 21:58:15,300] [INFO] [DEBUG] Decoding client response from 1f5f3865cd344c6795de1f471b33c967...
[2026-01-26 21:58:16,171] [INFO] [DEBUG] Decoding client response from 33369197285d4f1b96370b42240b9db8...
[2026-01-26 21:58:17,000] [INFO] [DEBUG] Decoding client response from 2e138d1c17ff433dba59ce148092a310...
[2026-01-26 21:58:17,903] [INFO] [ENCODE] Starting encode_weights in aggregate_fit...
[2026-01-26 21:58:46,993] [INFO] [ENCODE] Finished encode_weights.
[2026-01-26 21:58:48,134] [INFO] [DEBUG][SERVER] Model expects 148 layers
[2026-01-26 21:58:48,158] [INFO] [DEBUG] Loaded 148 of 148 layers
[2026-01-26 21:58:50,205] [INFO] [DEBUG][SERVER] Model expects 148 layers
[2026-01-26 21:58:50,217] [INFO] [DEBUG] Loaded 148 of 148 layers
[2026-01-26 21:58:50,217] [INFO] [Server] Evaluating at round 16
[2026-01-26 21:58:50,217] [INFO] [SERVER][Round 16] Starting evaluation (mode=SH)...
[2026-01-26 21:59:08,347] [INFO] [Round 16] WT Dice: 0.0399 | Time: 18.13s
[2026-01-26 22:11:33,356] [INFO] [SERVER DEBUG] aggregate_fit called at round 17
[2026-01-26 22:11:33,356] [INFO] [DEBUG] aggregate_fit received 4 results at round 17
[2026-01-26 22:11:33,357] [INFO] [DEBUG] Decoding client response from 33369197285d4f1b96370b42240b9db8...
[2026-01-26 22:11:34,142] [INFO] [DEBUG] Decoding client response from 1f5f3865cd344c6795de1f471b33c967...
[2026-01-26 22:11:34,886] [INFO] [DEBUG] Decoding client response from 8b43796f18424f888fd7d64e0ea459ea...
[2026-01-26 22:11:35,589] [INFO] [DEBUG] Decoding client response from 2e138d1c17ff433dba59ce148092a310...
[2026-01-26 22:11:36,429] [INFO] [ENCODE] Starting encode_weights in aggregate_fit...
[2026-01-26 22:12:02,608] [INFO] [ENCODE] Finished encode_weights.
[2026-01-26 22:12:03,652] [INFO] [DEBUG][SERVER] Model expects 148 layers
[2026-01-26 22:12:03,675] [INFO] [DEBUG] Loaded 148 of 148 layers
[2026-01-26 22:12:05,589] [INFO] [DEBUG][SERVER] Model expects 148 layers
[2026-01-26 22:12:05,607] [INFO] [DEBUG] Loaded 148 of 148 layers
[2026-01-26 22:12:05,607] [INFO] [Server] Evaluating at round 17
[2026-01-26 22:12:05,607] [INFO] [SERVER][Round 17] Starting evaluation (mode=SH)...
[2026-01-26 22:12:23,440] [INFO] [Round 17] WT Dice: 0.0371 | Time: 17.83s
[2026-01-26 22:26:27,770] [INFO] [SERVER DEBUG] aggregate_fit called at round 18
[2026-01-26 22:26:27,771] [INFO] [DEBUG] aggregate_fit received 4 results at round 18
[2026-01-26 22:26:27,771] [INFO] [DEBUG] Decoding client response from 1f5f3865cd344c6795de1f471b33c967...
[2026-01-26 22:26:28,614] [INFO] [DEBUG] Decoding client response from 8b43796f18424f888fd7d64e0ea459ea...
[2026-01-26 22:26:29,431] [INFO] [DEBUG] Decoding client response from 33369197285d4f1b96370b42240b9db8...
[2026-01-26 22:26:30,204] [INFO] [DEBUG] Decoding client response from 2e138d1c17ff433dba59ce148092a310...
[2026-01-26 22:26:31,149] [INFO] [ENCODE] Starting encode_weights in aggregate_fit...
[2026-01-26 22:26:56,213] [INFO] [ENCODE] Finished encode_weights.
[2026-01-26 22:26:57,334] [INFO] [DEBUG][SERVER] Model expects 148 layers
[2026-01-26 22:26:57,355] [INFO] [DEBUG] Loaded 148 of 148 layers
[2026-01-26 22:26:59,323] [INFO] [DEBUG][SERVER] Model expects 148 layers
[2026-01-26 22:26:59,335] [INFO] [DEBUG] Loaded 148 of 148 layers
[2026-01-26 22:26:59,336] [INFO] [Server] Evaluating at round 18
[2026-01-26 22:26:59,336] [INFO] [SERVER][Round 18] Starting evaluation (mode=SH)...
[2026-01-26 22:27:17,412] [INFO] [Round 18] WT Dice: 0.0395 | Time: 18.08s
[2026-01-26 22:41:33,480] [INFO] [SERVER DEBUG] aggregate_fit called at round 19
[2026-01-26 22:41:33,481] [INFO] [DEBUG] aggregate_fit received 4 results at round 19
[2026-01-26 22:41:33,481] [INFO] [DEBUG] Decoding client response from 8b43796f18424f888fd7d64e0ea459ea...
[2026-01-26 22:41:34,388] [INFO] [DEBUG] Decoding client response from 2e138d1c17ff433dba59ce148092a310...
[2026-01-26 22:41:35,416] [INFO] [DEBUG] Decoding client response from 33369197285d4f1b96370b42240b9db8...
[2026-01-26 22:41:36,318] [INFO] [DEBUG] Decoding client response from 1f5f3865cd344c6795de1f471b33c967...
[2026-01-26 22:41:37,245] [INFO] [ENCODE] Starting encode_weights in aggregate_fit...
[2026-01-26 22:42:04,388] [INFO] [ENCODE] Finished encode_weights.
[2026-01-26 22:42:05,479] [INFO] [DEBUG][SERVER] Model expects 148 layers
[2026-01-26 22:42:05,500] [INFO] [DEBUG] Loaded 148 of 148 layers
[2026-01-26 22:42:07,640] [INFO] [DEBUG][SERVER] Model expects 148 layers
[2026-01-26 22:42:07,660] [INFO] [DEBUG] Loaded 148 of 148 layers
[2026-01-26 22:42:07,660] [INFO] [Server] Evaluating at round 19
[2026-01-26 22:42:07,660] [INFO] [SERVER][Round 19] Starting evaluation (mode=SH)...
[2026-01-26 22:42:25,489] [INFO] [Round 19] WT Dice: 0.0466 | Time: 17.83s
[2026-01-26 22:55:08,505] [INFO] [SERVER DEBUG] aggregate_fit called at round 20
[2026-01-26 22:55:08,506] [INFO] [DEBUG] aggregate_fit received 4 results at round 20
[2026-01-26 22:55:08,506] [INFO] [DEBUG] Decoding client response from 2e138d1c17ff433dba59ce148092a310...
[2026-01-26 22:55:09,265] [INFO] [DEBUG] Decoding client response from 33369197285d4f1b96370b42240b9db8...
[2026-01-26 22:55:10,152] [INFO] [DEBUG] Decoding client response from 8b43796f18424f888fd7d64e0ea459ea...
[2026-01-26 22:55:10,878] [INFO] [DEBUG] Decoding client response from 1f5f3865cd344c6795de1f471b33c967...
[2026-01-26 22:55:11,708] [INFO] [ENCODE] Starting encode_weights in aggregate_fit...
[2026-01-26 22:55:35,709] [INFO] [ENCODE] Finished encode_weights.
[2026-01-26 22:55:36,744] [INFO] [DEBUG][SERVER] Model expects 148 layers
[2026-01-26 22:55:36,766] [INFO] [DEBUG] Loaded 148 of 148 layers
[2026-01-26 22:55:38,588] [INFO] [DEBUG][SERVER] Model expects 148 layers
[2026-01-26 22:55:38,601] [INFO] [DEBUG] Loaded 148 of 148 layers
[2026-01-26 22:55:38,601] [INFO] [Server] Evaluating at round 20
[2026-01-26 22:55:38,601] [INFO] [SERVER][Round 20] Starting evaluation (mode=SH)...
[2026-01-26 22:55:56,441] [INFO] [Round 20] WT Dice: 0.0284 | Time: 17.84s
[2026-01-26 23:08:56,475] [INFO] [SERVER DEBUG] aggregate_fit called at round 21
[2026-01-26 23:08:56,475] [INFO] [DEBUG] aggregate_fit received 4 results at round 21
[2026-01-26 23:08:56,475] [INFO] [DEBUG] Decoding client response from 1f5f3865cd344c6795de1f471b33c967...
[2026-01-26 23:08:57,382] [INFO] [DEBUG] Decoding client response from 2e138d1c17ff433dba59ce148092a310...
[2026-01-26 23:08:58,281] [INFO] [DEBUG] Decoding client response from 8b43796f18424f888fd7d64e0ea459ea...
[2026-01-26 23:08:59,203] [INFO] [DEBUG] Decoding client response from 33369197285d4f1b96370b42240b9db8...
[2026-01-26 23:09:00,192] [INFO] [ENCODE] Starting encode_weights in aggregate_fit...
[2026-01-26 23:09:26,703] [INFO] [ENCODE] Finished encode_weights.
[2026-01-26 23:09:27,788] [INFO] [DEBUG][SERVER] Model expects 148 layers
[2026-01-26 23:09:27,810] [INFO] [DEBUG] Loaded 148 of 148 layers
[2026-01-26 23:09:29,714] [INFO] [DEBUG][SERVER] Model expects 148 layers
[2026-01-26 23:09:29,726] [INFO] [DEBUG] Loaded 148 of 148 layers
[2026-01-26 23:09:29,726] [INFO] [Server] Evaluating at round 21
[2026-01-26 23:09:29,726] [INFO] [SERVER][Round 21] Starting evaluation (mode=SH)...
[2026-01-26 23:09:47,696] [INFO] [Round 21] WT Dice: 0.2873 | Time: 17.97s
[2026-01-26 23:23:00,242] [INFO] [SERVER DEBUG] aggregate_fit called at round 22
[2026-01-26 23:23:00,242] [INFO] [DEBUG] aggregate_fit received 4 results at round 22
[2026-01-26 23:23:00,242] [INFO] [DEBUG] Decoding client response from 8b43796f18424f888fd7d64e0ea459ea...
[2026-01-26 23:23:01,055] [INFO] [DEBUG] Decoding client response from 1f5f3865cd344c6795de1f471b33c967...
[2026-01-26 23:23:01,787] [INFO] [DEBUG] Decoding client response from 2e138d1c17ff433dba59ce148092a310...
[2026-01-26 23:23:02,449] [INFO] [DEBUG] Decoding client response from 33369197285d4f1b96370b42240b9db8...
[2026-01-26 23:23:03,218] [INFO] [ENCODE] Starting encode_weights in aggregate_fit...
[2026-01-26 23:23:25,942] [INFO] [ENCODE] Finished encode_weights.
[2026-01-26 23:23:26,960] [INFO] [DEBUG][SERVER] Model expects 148 layers
[2026-01-26 23:23:26,982] [INFO] [DEBUG] Loaded 148 of 148 layers
[2026-01-26 23:23:28,720] [INFO] [DEBUG][SERVER] Model expects 148 layers
[2026-01-26 23:23:28,733] [INFO] [DEBUG] Loaded 148 of 148 layers
[2026-01-26 23:23:28,734] [INFO] [Server] Evaluating at round 22
[2026-01-26 23:23:28,734] [INFO] [SERVER][Round 22] Starting evaluation (mode=SH)...
[2026-01-26 23:23:46,724] [INFO] [Round 22] WT Dice: 0.0444 | Time: 17.99s
[2026-01-26 23:37:00,765] [INFO] [SERVER DEBUG] aggregate_fit called at round 23
[2026-01-26 23:37:00,765] [INFO] [DEBUG] aggregate_fit received 4 results at round 23
[2026-01-26 23:37:00,765] [INFO] [DEBUG] Decoding client response from 33369197285d4f1b96370b42240b9db8...
[2026-01-26 23:37:01,699] [INFO] [DEBUG] Decoding client response from 2e138d1c17ff433dba59ce148092a310...
[2026-01-26 23:37:02,580] [INFO] [DEBUG] Decoding client response from 1f5f3865cd344c6795de1f471b33c967...
[2026-01-26 23:37:03,382] [INFO] [DEBUG] Decoding client response from 8b43796f18424f888fd7d64e0ea459ea...
[2026-01-26 23:37:04,271] [INFO] [ENCODE] Starting encode_weights in aggregate_fit...
[2026-01-26 23:37:27,788] [INFO] [ENCODE] Finished encode_weights.
[2026-01-26 23:37:28,842] [INFO] [DEBUG][SERVER] Model expects 148 layers
[2026-01-26 23:37:28,856] [INFO] [DEBUG] Loaded 148 of 148 layers
[2026-01-26 23:37:30,647] [INFO] [DEBUG][SERVER] Model expects 148 layers
[2026-01-26 23:37:30,660] [INFO] [DEBUG] Loaded 148 of 148 layers
[2026-01-26 23:37:30,660] [INFO] [Server] Evaluating at round 23
[2026-01-26 23:37:30,660] [INFO] [SERVER][Round 23] Starting evaluation (mode=SH)...
[2026-01-26 23:37:48,665] [INFO] [Round 23] WT Dice: 0.9241 | Time: 18.00s
[2026-01-26 23:37:48,880] [INFO] [BEST MODEL] Saved: Revision2/Run_UNET_IID_SH_20260126/Server/best_model.pth
[2026-01-26 23:37:48,949] [INFO] [BEST MODEL] Saved: Revision2/Run_UNET_IID_SH_20260126/Server/best_model_round23.pth
[2026-01-26 23:37:48,949] [INFO] [BEST MODEL] New best at round 23: WT=0.9241
[2026-01-26 23:50:29,681] [INFO] [SERVER DEBUG] aggregate_fit called at round 24
[2026-01-26 23:50:29,682] [INFO] [DEBUG] aggregate_fit received 4 results at round 24
[2026-01-26 23:50:29,682] [INFO] [DEBUG] Decoding client response from 1f5f3865cd344c6795de1f471b33c967...
[2026-01-26 23:50:30,591] [INFO] [DEBUG] Decoding client response from 2e138d1c17ff433dba59ce148092a310...
[2026-01-26 23:50:31,444] [INFO] [DEBUG] Decoding client response from 33369197285d4f1b96370b42240b9db8...
[2026-01-26 23:50:32,240] [INFO] [DEBUG] Decoding client response from 8b43796f18424f888fd7d64e0ea459ea...
[2026-01-26 23:50:33,106] [INFO] [ENCODE] Starting encode_weights in aggregate_fit...
[2026-01-26 23:50:55,368] [INFO] [ENCODE] Finished encode_weights.
[2026-01-26 23:50:56,367] [INFO] [DEBUG][SERVER] Model expects 148 layers
[2026-01-26 23:50:56,388] [INFO] [DEBUG] Loaded 148 of 148 layers
[2026-01-26 23:50:58,044] [INFO] [DEBUG][SERVER] Model expects 148 layers
[2026-01-26 23:50:58,063] [INFO] [DEBUG] Loaded 148 of 148 layers
[2026-01-26 23:50:58,063] [INFO] [Server] Evaluating at round 24
[2026-01-26 23:50:58,063] [INFO] [SERVER][Round 24] Starting evaluation (mode=SH)...
[2026-01-26 23:51:16,009] [INFO] [Round 24] WT Dice: 0.9391 | Time: 17.95s
[2026-01-26 23:51:16,232] [INFO] [BEST MODEL] Saved: Revision2/Run_UNET_IID_SH_20260126/Server/best_model.pth
[2026-01-26 23:51:16,313] [INFO] [BEST MODEL] Saved: Revision2/Run_UNET_IID_SH_20260126/Server/best_model_round24.pth
[2026-01-26 23:51:16,313] [INFO] [BEST MODEL] New best at round 24: WT=0.9391
[2026-01-27 00:03:30,947] [INFO] [SERVER DEBUG] aggregate_fit called at round 25
[2026-01-27 00:03:30,947] [INFO] [DEBUG] aggregate_fit received 4 results at round 25
[2026-01-27 00:03:30,947] [INFO] [DEBUG] Decoding client response from 1f5f3865cd344c6795de1f471b33c967...
[2026-01-27 00:03:31,819] [INFO] [DEBUG] Decoding client response from 8b43796f18424f888fd7d64e0ea459ea...
[2026-01-27 00:03:32,600] [INFO] [DEBUG] Decoding client response from 33369197285d4f1b96370b42240b9db8...
[2026-01-27 00:03:33,259] [INFO] [DEBUG] Decoding client response from 2e138d1c17ff433dba59ce148092a310...
[2026-01-27 00:03:34,002] [INFO] [ENCODE] Starting encode_weights in aggregate_fit...
[2026-01-27 00:03:56,636] [INFO] [ENCODE] Finished encode_weights.
[2026-01-27 00:03:57,617] [INFO] [DEBUG][SERVER] Model expects 148 layers
[2026-01-27 00:03:57,632] [INFO] [DEBUG] Loaded 148 of 148 layers
[2026-01-27 00:03:59,141] [INFO] [DEBUG][SERVER] Model expects 148 layers
[2026-01-27 00:03:59,160] [INFO] [DEBUG] Loaded 148 of 148 layers
[2026-01-27 00:03:59,160] [INFO] [Server] Evaluating at round 25
[2026-01-27 00:03:59,160] [INFO] [SERVER][Round 25] Starting evaluation (mode=SH)...
[2026-01-27 00:04:17,067] [INFO] [Round 25] WT Dice: 0.0356 | Time: 17.91s
