[2026-01-24 05:13:50,367] [INFO] [SERVER INIT] EXPERIMENT_DIR=Revision2/Run_UNET_IID_KH3_20260124, LOG=Revision2/Run_UNET_IID_KH3_20260124/Server/ServerReport20260124.log
[2026-01-24 05:13:50,369] [INFO] [ENV] SERVER_ADDRESS=127.0.0.1, SERVER_PORT=8089, DATA_PATH=/home/jovyan/FeTS2022/MICCAI_FeTS2022_TrainingData, ENCODING_MODE=KH, N_CLUSTERS=3
[2026-01-24 05:13:50,491] [INFO] [DATA] Server test set loaded with 67 samples.
[2026-01-24 05:13:50,782] [INFO] [MODEL INIT] UNet with 148 layers initialized on cuda
[2026-01-24 05:13:50,825] [INFO] [STRATEGY INIT] mode=KH, UsedClusters=3 (EnvNClusters=3), experiment_dir=Revision2/Run_UNET_IID_KH3_20260124 | BestMetricKey=WT
[2026-01-24 05:13:50,825] [INFO] [SERVER START] Address=127.0.0.1:8089, Rounds=25, Mode=KH, NClusters=3
[2026-01-24 05:13:50,861] [INFO] [DEBUG][SERVER] Model expects 148 layers
[2026-01-24 05:13:50,878] [INFO] [DEBUG] Loaded 148 of 148 layers
[2026-01-24 05:13:50,878] [INFO] [Server] Evaluating at round 0
[2026-01-24 05:13:50,879] [INFO] [SERVER][Round 0] Starting evaluation (mode=KH)...
[2026-01-24 05:14:12,918] [INFO] [Round 0] WT Dice: 0.1107 | Time: 22.04s
[2026-01-24 05:14:13,005] [INFO] [BEST MODEL] Saved: Revision2/Run_UNET_IID_KH3_20260124/Server/best_model.pth
[2026-01-24 05:14:13,082] [INFO] [BEST MODEL] Saved: Revision2/Run_UNET_IID_KH3_20260124/Server/best_model_round0.pth
[2026-01-24 05:14:13,083] [INFO] [BEST MODEL] New best at round 0: WT=0.1107
[2026-01-24 05:24:57,962] [INFO] [SERVER DEBUG] aggregate_fit called at round 1
[2026-01-24 05:24:57,963] [INFO] [DEBUG] aggregate_fit received 4 results at round 1
[2026-01-24 05:24:57,963] [INFO] [DEBUG] Decoding client response from 0fef2483b28648d48e77a3e8b6c11e1d...
[2026-01-24 05:24:58,195] [INFO] [DEBUG] Decoding client response from 7cf151d109a24c5d8d384313b30b373f...
[2026-01-24 05:24:58,374] [INFO] [DEBUG] Decoding client response from 98cbc5ebfce94c82831f885c5610c538...
[2026-01-24 05:24:58,488] [INFO] [DEBUG] Decoding client response from 235cb077112b42beba074df1ae1a786c...
[2026-01-24 05:24:58,558] [INFO] [ENCODE] Starting encode_weights in aggregate_fit...
[2026-01-24 05:25:00,147] [INFO] [ENCODE] Finished encode_weights.
[2026-01-24 05:25:00,346] [INFO] [DEBUG][SERVER] Model expects 148 layers
[2026-01-24 05:25:00,361] [INFO] [DEBUG] Loaded 148 of 148 layers
[2026-01-24 05:25:00,677] [INFO] [DEBUG][SERVER] Model expects 148 layers
[2026-01-24 05:25:00,694] [INFO] [DEBUG] Loaded 148 of 148 layers
[2026-01-24 05:25:00,694] [INFO] [Server] Evaluating at round 1
[2026-01-24 05:25:00,694] [INFO] [SERVER][Round 1] Starting evaluation (mode=KH)...
[2026-01-24 05:25:18,743] [INFO] [Round 1] WT Dice: 0.4677 | Time: 18.05s
[2026-01-24 05:25:18,873] [INFO] [BEST MODEL] Saved: Revision2/Run_UNET_IID_KH3_20260124/Server/best_model.pth
[2026-01-24 05:25:18,949] [INFO] [BEST MODEL] Saved: Revision2/Run_UNET_IID_KH3_20260124/Server/best_model_round1.pth
[2026-01-24 05:25:18,950] [INFO] [BEST MODEL] New best at round 1: WT=0.4677
[2026-01-24 05:39:46,685] [INFO] [SERVER DEBUG] aggregate_fit called at round 2
[2026-01-24 05:39:46,685] [INFO] [DEBUG] aggregate_fit received 4 results at round 2
[2026-01-24 05:39:46,685] [INFO] [DEBUG] Decoding client response from 7cf151d109a24c5d8d384313b30b373f...
[2026-01-24 05:39:46,802] [INFO] [DEBUG] Decoding client response from 98cbc5ebfce94c82831f885c5610c538...
[2026-01-24 05:39:46,921] [INFO] [DEBUG] Decoding client response from 0fef2483b28648d48e77a3e8b6c11e1d...
[2026-01-24 05:39:47,049] [INFO] [DEBUG] Decoding client response from 235cb077112b42beba074df1ae1a786c...
[2026-01-24 05:39:47,174] [INFO] [ENCODE] Starting encode_weights in aggregate_fit...
[2026-01-24 05:39:48,502] [INFO] [ENCODE] Finished encode_weights.
[2026-01-24 05:39:48,717] [INFO] [DEBUG][SERVER] Model expects 148 layers
[2026-01-24 05:39:48,742] [INFO] [DEBUG] Loaded 148 of 148 layers
[2026-01-24 05:39:49,100] [INFO] [DEBUG][SERVER] Model expects 148 layers
[2026-01-24 05:39:49,114] [INFO] [DEBUG] Loaded 148 of 148 layers
[2026-01-24 05:39:49,115] [INFO] [Server] Evaluating at round 2
[2026-01-24 05:39:49,115] [INFO] [SERVER][Round 2] Starting evaluation (mode=KH)...
[2026-01-24 05:40:06,495] [INFO] [Round 2] WT Dice: 0.4496 | Time: 17.38s
[2026-01-24 05:52:21,405] [INFO] [SERVER DEBUG] aggregate_fit called at round 3
[2026-01-24 05:52:21,406] [INFO] [DEBUG] aggregate_fit received 4 results at round 3
[2026-01-24 05:52:21,406] [INFO] [DEBUG] Decoding client response from 7cf151d109a24c5d8d384313b30b373f...
[2026-01-24 05:52:21,614] [INFO] [DEBUG] Decoding client response from 0fef2483b28648d48e77a3e8b6c11e1d...
[2026-01-24 05:52:21,773] [INFO] [DEBUG] Decoding client response from 98cbc5ebfce94c82831f885c5610c538...
[2026-01-24 05:52:22,023] [INFO] [DEBUG] Decoding client response from 235cb077112b42beba074df1ae1a786c...
[2026-01-24 05:52:22,253] [INFO] [ENCODE] Starting encode_weights in aggregate_fit...
[2026-01-24 05:52:23,939] [INFO] [ENCODE] Finished encode_weights.
[2026-01-24 05:52:24,181] [INFO] [DEBUG][SERVER] Model expects 148 layers
[2026-01-24 05:52:24,196] [INFO] [DEBUG] Loaded 148 of 148 layers
[2026-01-24 05:52:24,662] [INFO] [DEBUG][SERVER] Model expects 148 layers
[2026-01-24 05:52:24,677] [INFO] [DEBUG] Loaded 148 of 148 layers
[2026-01-24 05:52:24,677] [INFO] [Server] Evaluating at round 3
[2026-01-24 05:52:24,677] [INFO] [SERVER][Round 3] Starting evaluation (mode=KH)...
[2026-01-24 05:52:42,044] [INFO] [Round 3] WT Dice: 0.5171 | Time: 17.37s
[2026-01-24 05:52:42,133] [INFO] [BEST MODEL] Saved: Revision2/Run_UNET_IID_KH3_20260124/Server/best_model.pth
[2026-01-24 05:52:42,203] [INFO] [BEST MODEL] Saved: Revision2/Run_UNET_IID_KH3_20260124/Server/best_model_round3.pth
[2026-01-24 05:52:42,203] [INFO] [BEST MODEL] New best at round 3: WT=0.5171
[2026-01-24 06:04:22,631] [INFO] [SERVER DEBUG] aggregate_fit called at round 4
[2026-01-24 06:04:22,631] [INFO] [DEBUG] aggregate_fit received 4 results at round 4
[2026-01-24 06:04:22,631] [INFO] [DEBUG] Decoding client response from 0fef2483b28648d48e77a3e8b6c11e1d...
[2026-01-24 06:04:22,736] [INFO] [DEBUG] Decoding client response from 7cf151d109a24c5d8d384313b30b373f...
[2026-01-24 06:04:22,819] [INFO] [DEBUG] Decoding client response from 235cb077112b42beba074df1ae1a786c...
[2026-01-24 06:04:22,904] [INFO] [DEBUG] Decoding client response from 98cbc5ebfce94c82831f885c5610c538...
[2026-01-24 06:04:23,001] [INFO] [ENCODE] Starting encode_weights in aggregate_fit...
[2026-01-24 06:04:24,273] [INFO] [ENCODE] Finished encode_weights.
[2026-01-24 06:04:24,462] [INFO] [DEBUG][SERVER] Model expects 148 layers
[2026-01-24 06:04:24,476] [INFO] [DEBUG] Loaded 148 of 148 layers
[2026-01-24 06:04:24,803] [INFO] [DEBUG][SERVER] Model expects 148 layers
[2026-01-24 06:04:24,817] [INFO] [DEBUG] Loaded 148 of 148 layers
[2026-01-24 06:04:24,817] [INFO] [Server] Evaluating at round 4
[2026-01-24 06:04:24,817] [INFO] [SERVER][Round 4] Starting evaluation (mode=KH)...
[2026-01-24 06:04:42,189] [INFO] [Round 4] WT Dice: 0.5910 | Time: 17.37s
[2026-01-24 06:04:42,296] [INFO] [BEST MODEL] Saved: Revision2/Run_UNET_IID_KH3_20260124/Server/best_model.pth
[2026-01-24 06:04:42,369] [INFO] [BEST MODEL] Saved: Revision2/Run_UNET_IID_KH3_20260124/Server/best_model_round4.pth
[2026-01-24 06:04:42,369] [INFO] [BEST MODEL] New best at round 4: WT=0.5910
[2026-01-24 06:17:00,539] [INFO] [SERVER DEBUG] aggregate_fit called at round 5
[2026-01-24 06:17:00,540] [INFO] [DEBUG] aggregate_fit received 4 results at round 5
[2026-01-24 06:17:00,540] [INFO] [DEBUG] Decoding client response from 7cf151d109a24c5d8d384313b30b373f...
[2026-01-24 06:17:00,695] [INFO] [DEBUG] Decoding client response from 235cb077112b42beba074df1ae1a786c...
[2026-01-24 06:17:00,844] [INFO] [DEBUG] Decoding client response from 98cbc5ebfce94c82831f885c5610c538...
[2026-01-24 06:17:01,032] [INFO] [DEBUG] Decoding client response from 0fef2483b28648d48e77a3e8b6c11e1d...
[2026-01-24 06:17:01,242] [INFO] [ENCODE] Starting encode_weights in aggregate_fit...
[2026-01-24 06:17:02,644] [INFO] [ENCODE] Finished encode_weights.
[2026-01-24 06:17:02,868] [INFO] [DEBUG][SERVER] Model expects 148 layers
[2026-01-24 06:17:02,883] [INFO] [DEBUG] Loaded 148 of 148 layers
[2026-01-24 06:17:03,251] [INFO] [DEBUG][SERVER] Model expects 148 layers
[2026-01-24 06:17:03,265] [INFO] [DEBUG] Loaded 148 of 148 layers
[2026-01-24 06:17:03,265] [INFO] [Server] Evaluating at round 5
[2026-01-24 06:17:03,265] [INFO] [SERVER][Round 5] Starting evaluation (mode=KH)...
[2026-01-24 06:17:20,676] [INFO] [Round 5] WT Dice: 0.4672 | Time: 17.41s
[2026-01-24 06:29:37,563] [INFO] [SERVER DEBUG] aggregate_fit called at round 6
[2026-01-24 06:29:37,564] [INFO] [DEBUG] aggregate_fit received 4 results at round 6
[2026-01-24 06:29:37,564] [INFO] [DEBUG] Decoding client response from 7cf151d109a24c5d8d384313b30b373f...
[2026-01-24 06:29:37,686] [INFO] [DEBUG] Decoding client response from 0fef2483b28648d48e77a3e8b6c11e1d...
[2026-01-24 06:29:37,787] [INFO] [DEBUG] Decoding client response from 98cbc5ebfce94c82831f885c5610c538...
[2026-01-24 06:29:37,901] [INFO] [DEBUG] Decoding client response from 235cb077112b42beba074df1ae1a786c...
[2026-01-24 06:29:38,022] [INFO] [ENCODE] Starting encode_weights in aggregate_fit...
[2026-01-24 06:29:39,446] [INFO] [ENCODE] Finished encode_weights.
[2026-01-24 06:29:39,665] [INFO] [DEBUG][SERVER] Model expects 148 layers
[2026-01-24 06:29:39,685] [INFO] [DEBUG] Loaded 148 of 148 layers
[2026-01-24 06:29:40,064] [INFO] [DEBUG][SERVER] Model expects 148 layers
[2026-01-24 06:29:40,081] [INFO] [DEBUG] Loaded 148 of 148 layers
[2026-01-24 06:29:40,081] [INFO] [Server] Evaluating at round 6
[2026-01-24 06:29:40,081] [INFO] [SERVER][Round 6] Starting evaluation (mode=KH)...
[2026-01-24 06:29:57,478] [INFO] [Round 6] WT Dice: 0.1718 | Time: 17.40s
[2026-01-24 06:42:04,614] [INFO] [SERVER DEBUG] aggregate_fit called at round 7
[2026-01-24 06:42:04,614] [INFO] [DEBUG] aggregate_fit received 4 results at round 7
[2026-01-24 06:42:04,614] [INFO] [DEBUG] Decoding client response from 235cb077112b42beba074df1ae1a786c...
[2026-01-24 06:42:04,816] [INFO] [DEBUG] Decoding client response from 98cbc5ebfce94c82831f885c5610c538...
[2026-01-24 06:42:04,991] [INFO] [DEBUG] Decoding client response from 0fef2483b28648d48e77a3e8b6c11e1d...
[2026-01-24 06:42:05,186] [INFO] [DEBUG] Decoding client response from 7cf151d109a24c5d8d384313b30b373f...
[2026-01-24 06:42:05,400] [INFO] [ENCODE] Starting encode_weights in aggregate_fit...
[2026-01-24 06:42:06,761] [INFO] [ENCODE] Finished encode_weights.
[2026-01-24 06:42:06,950] [INFO] [DEBUG][SERVER] Model expects 148 layers
[2026-01-24 06:42:06,971] [INFO] [DEBUG] Loaded 148 of 148 layers
[2026-01-24 06:42:07,357] [INFO] [DEBUG][SERVER] Model expects 148 layers
[2026-01-24 06:42:07,376] [INFO] [DEBUG] Loaded 148 of 148 layers
[2026-01-24 06:42:07,376] [INFO] [Server] Evaluating at round 7
[2026-01-24 06:42:07,376] [INFO] [SERVER][Round 7] Starting evaluation (mode=KH)...
[2026-01-24 06:42:24,577] [INFO] [Round 7] WT Dice: 0.0445 | Time: 17.20s
[2026-01-24 06:55:00,088] [INFO] [SERVER DEBUG] aggregate_fit called at round 8
[2026-01-24 06:55:00,089] [INFO] [DEBUG] aggregate_fit received 4 results at round 8
[2026-01-24 06:55:00,089] [INFO] [DEBUG] Decoding client response from 235cb077112b42beba074df1ae1a786c...
[2026-01-24 06:55:00,153] [INFO] [DEBUG] Decoding client response from 7cf151d109a24c5d8d384313b30b373f...
[2026-01-24 06:55:00,245] [INFO] [DEBUG] Decoding client response from 98cbc5ebfce94c82831f885c5610c538...
[2026-01-24 06:55:00,345] [INFO] [DEBUG] Decoding client response from 0fef2483b28648d48e77a3e8b6c11e1d...
[2026-01-24 06:55:00,446] [INFO] [ENCODE] Starting encode_weights in aggregate_fit...
[2026-01-24 06:55:01,747] [INFO] [ENCODE] Finished encode_weights.
[2026-01-24 06:55:01,929] [INFO] [DEBUG][SERVER] Model expects 148 layers
[2026-01-24 06:55:01,948] [INFO] [DEBUG] Loaded 148 of 148 layers
[2026-01-24 06:55:02,273] [INFO] [DEBUG][SERVER] Model expects 148 layers
[2026-01-24 06:55:02,291] [INFO] [DEBUG] Loaded 148 of 148 layers
[2026-01-24 06:55:02,291] [INFO] [Server] Evaluating at round 8
[2026-01-24 06:55:02,291] [INFO] [SERVER][Round 8] Starting evaluation (mode=KH)...
[2026-01-24 06:55:19,494] [INFO] [Round 8] WT Dice: 0.0861 | Time: 17.20s
[2026-01-24 07:08:16,044] [INFO] [SERVER DEBUG] aggregate_fit called at round 9
[2026-01-24 07:08:16,045] [INFO] [DEBUG] aggregate_fit received 4 results at round 9
[2026-01-24 07:08:16,045] [INFO] [DEBUG] Decoding client response from 98cbc5ebfce94c82831f885c5610c538...
[2026-01-24 07:08:16,200] [INFO] [DEBUG] Decoding client response from 0fef2483b28648d48e77a3e8b6c11e1d...
[2026-01-24 07:08:16,332] [INFO] [DEBUG] Decoding client response from 7cf151d109a24c5d8d384313b30b373f...
[2026-01-24 07:08:16,510] [INFO] [DEBUG] Decoding client response from 235cb077112b42beba074df1ae1a786c...
[2026-01-24 07:08:16,701] [INFO] [ENCODE] Starting encode_weights in aggregate_fit...
[2026-01-24 07:08:18,017] [INFO] [ENCODE] Finished encode_weights.
[2026-01-24 07:08:18,197] [INFO] [DEBUG][SERVER] Model expects 148 layers
[2026-01-24 07:08:18,217] [INFO] [DEBUG] Loaded 148 of 148 layers
[2026-01-24 07:08:18,592] [INFO] [DEBUG][SERVER] Model expects 148 layers
[2026-01-24 07:08:18,603] [INFO] [DEBUG] Loaded 148 of 148 layers
[2026-01-24 07:08:18,604] [INFO] [Server] Evaluating at round 9
[2026-01-24 07:08:18,604] [INFO] [SERVER][Round 9] Starting evaluation (mode=KH)...
[2026-01-24 07:08:36,043] [INFO] [Round 9] WT Dice: 0.0716 | Time: 17.44s
[2026-01-24 07:20:43,082] [INFO] [SERVER DEBUG] aggregate_fit called at round 10
[2026-01-24 07:20:43,083] [INFO] [DEBUG] aggregate_fit received 4 results at round 10
[2026-01-24 07:20:43,083] [INFO] [DEBUG] Decoding client response from 98cbc5ebfce94c82831f885c5610c538...
[2026-01-24 07:20:43,193] [INFO] [DEBUG] Decoding client response from 7cf151d109a24c5d8d384313b30b373f...
[2026-01-24 07:20:43,294] [INFO] [DEBUG] Decoding client response from 0fef2483b28648d48e77a3e8b6c11e1d...
[2026-01-24 07:20:43,387] [INFO] [DEBUG] Decoding client response from 235cb077112b42beba074df1ae1a786c...
[2026-01-24 07:20:43,485] [INFO] [ENCODE] Starting encode_weights in aggregate_fit...
[2026-01-24 07:20:44,821] [INFO] [ENCODE] Finished encode_weights.
[2026-01-24 07:20:45,020] [INFO] [DEBUG][SERVER] Model expects 148 layers
[2026-01-24 07:20:45,039] [INFO] [DEBUG] Loaded 148 of 148 layers
[2026-01-24 07:20:45,356] [INFO] [DEBUG][SERVER] Model expects 148 layers
[2026-01-24 07:20:45,374] [INFO] [DEBUG] Loaded 148 of 148 layers
[2026-01-24 07:20:45,374] [INFO] [Server] Evaluating at round 10
[2026-01-24 07:20:45,374] [INFO] [SERVER][Round 10] Starting evaluation (mode=KH)...
[2026-01-24 07:21:02,607] [INFO] [Round 10] WT Dice: 0.1033 | Time: 17.23s
[2026-01-24 07:33:03,996] [INFO] [SERVER DEBUG] aggregate_fit called at round 11
[2026-01-24 07:33:03,996] [INFO] [DEBUG] aggregate_fit received 4 results at round 11
[2026-01-24 07:33:03,996] [INFO] [DEBUG] Decoding client response from 0fef2483b28648d48e77a3e8b6c11e1d...
[2026-01-24 07:33:04,156] [INFO] [DEBUG] Decoding client response from 98cbc5ebfce94c82831f885c5610c538...
[2026-01-24 07:33:04,288] [INFO] [DEBUG] Decoding client response from 7cf151d109a24c5d8d384313b30b373f...
[2026-01-24 07:33:04,459] [INFO] [DEBUG] Decoding client response from 235cb077112b42beba074df1ae1a786c...
[2026-01-24 07:33:04,652] [INFO] [ENCODE] Starting encode_weights in aggregate_fit...
[2026-01-24 07:33:05,943] [INFO] [ENCODE] Finished encode_weights.
[2026-01-24 07:33:06,127] [INFO] [DEBUG][SERVER] Model expects 148 layers
[2026-01-24 07:33:06,144] [INFO] [DEBUG] Loaded 148 of 148 layers
[2026-01-24 07:33:06,510] [INFO] [DEBUG][SERVER] Model expects 148 layers
[2026-01-24 07:33:06,528] [INFO] [DEBUG] Loaded 148 of 148 layers
[2026-01-24 07:33:06,528] [INFO] [Server] Evaluating at round 11
[2026-01-24 07:33:06,528] [INFO] [SERVER][Round 11] Starting evaluation (mode=KH)...
[2026-01-24 07:33:23,782] [INFO] [Round 11] WT Dice: 0.0298 | Time: 17.25s
[2026-01-24 07:46:44,366] [INFO] [SERVER DEBUG] aggregate_fit called at round 12
[2026-01-24 07:46:44,366] [INFO] [DEBUG] aggregate_fit received 4 results at round 12
[2026-01-24 07:46:44,366] [INFO] [DEBUG] Decoding client response from 98cbc5ebfce94c82831f885c5610c538...
[2026-01-24 07:46:44,487] [INFO] [DEBUG] Decoding client response from 0fef2483b28648d48e77a3e8b6c11e1d...
[2026-01-24 07:46:44,582] [INFO] [DEBUG] Decoding client response from 7cf151d109a24c5d8d384313b30b373f...
[2026-01-24 07:46:44,683] [INFO] [DEBUG] Decoding client response from 235cb077112b42beba074df1ae1a786c...
[2026-01-24 07:46:44,805] [INFO] [ENCODE] Starting encode_weights in aggregate_fit...
[2026-01-24 07:46:46,129] [INFO] [ENCODE] Finished encode_weights.
[2026-01-24 07:46:46,319] [INFO] [DEBUG][SERVER] Model expects 148 layers
[2026-01-24 07:46:46,337] [INFO] [DEBUG] Loaded 148 of 148 layers
[2026-01-24 07:46:46,688] [INFO] [DEBUG][SERVER] Model expects 148 layers
[2026-01-24 07:46:46,700] [INFO] [DEBUG] Loaded 148 of 148 layers
[2026-01-24 07:46:46,700] [INFO] [Server] Evaluating at round 12
[2026-01-24 07:46:46,700] [INFO] [SERVER][Round 12] Starting evaluation (mode=KH)...
[2026-01-24 07:47:03,905] [INFO] [Round 12] WT Dice: 0.0387 | Time: 17.20s
[2026-01-24 08:00:03,144] [INFO] [SERVER DEBUG] aggregate_fit called at round 13
[2026-01-24 08:00:03,144] [INFO] [DEBUG] aggregate_fit received 4 results at round 13
[2026-01-24 08:00:03,144] [INFO] [DEBUG] Decoding client response from 98cbc5ebfce94c82831f885c5610c538...
[2026-01-24 08:00:03,341] [INFO] [DEBUG] Decoding client response from 235cb077112b42beba074df1ae1a786c...
[2026-01-24 08:00:03,625] [INFO] [DEBUG] Decoding client response from 0fef2483b28648d48e77a3e8b6c11e1d...
[2026-01-24 08:00:03,818] [INFO] [DEBUG] Decoding client response from 7cf151d109a24c5d8d384313b30b373f...
[2026-01-24 08:00:04,009] [INFO] [ENCODE] Starting encode_weights in aggregate_fit...
[2026-01-24 08:00:05,387] [INFO] [ENCODE] Finished encode_weights.
[2026-01-24 08:00:05,583] [INFO] [DEBUG][SERVER] Model expects 148 layers
[2026-01-24 08:00:05,603] [INFO] [DEBUG] Loaded 148 of 148 layers
[2026-01-24 08:00:05,962] [INFO] [DEBUG][SERVER] Model expects 148 layers
[2026-01-24 08:00:05,980] [INFO] [DEBUG] Loaded 148 of 148 layers
[2026-01-24 08:00:05,980] [INFO] [Server] Evaluating at round 13
[2026-01-24 08:00:05,980] [INFO] [SERVER][Round 13] Starting evaluation (mode=KH)...
[2026-01-24 08:00:23,172] [INFO] [Round 13] WT Dice: 0.0156 | Time: 17.19s
[2026-01-24 08:13:28,586] [INFO] [SERVER DEBUG] aggregate_fit called at round 14
[2026-01-24 08:13:28,592] [INFO] [DEBUG] aggregate_fit received 4 results at round 14
[2026-01-24 08:13:28,592] [INFO] [DEBUG] Decoding client response from 98cbc5ebfce94c82831f885c5610c538...
[2026-01-24 08:13:28,745] [INFO] [DEBUG] Decoding client response from 235cb077112b42beba074df1ae1a786c...
[2026-01-24 08:13:28,881] [INFO] [DEBUG] Decoding client response from 0fef2483b28648d48e77a3e8b6c11e1d...
[2026-01-24 08:13:29,012] [INFO] [DEBUG] Decoding client response from 7cf151d109a24c5d8d384313b30b373f...
[2026-01-24 08:13:29,170] [INFO] [ENCODE] Starting encode_weights in aggregate_fit...
[2026-01-24 08:13:30,599] [INFO] [ENCODE] Finished encode_weights.
[2026-01-24 08:13:30,794] [INFO] [DEBUG][SERVER] Model expects 148 layers
[2026-01-24 08:13:30,814] [INFO] [DEBUG] Loaded 148 of 148 layers
[2026-01-24 08:13:31,139] [INFO] [DEBUG][SERVER] Model expects 148 layers
[2026-01-24 08:13:31,157] [INFO] [DEBUG] Loaded 148 of 148 layers
[2026-01-24 08:13:31,158] [INFO] [Server] Evaluating at round 14
[2026-01-24 08:13:31,158] [INFO] [SERVER][Round 14] Starting evaluation (mode=KH)...
[2026-01-24 08:13:48,306] [INFO] [Round 14] WT Dice: 0.0000 | Time: 17.15s
[2026-01-24 08:26:44,509] [INFO] [SERVER DEBUG] aggregate_fit called at round 15
[2026-01-24 08:26:44,509] [INFO] [DEBUG] aggregate_fit received 4 results at round 15
[2026-01-24 08:26:44,509] [INFO] [DEBUG] Decoding client response from 0fef2483b28648d48e77a3e8b6c11e1d...
[2026-01-24 08:26:44,661] [INFO] [DEBUG] Decoding client response from 98cbc5ebfce94c82831f885c5610c538...
[2026-01-24 08:26:44,798] [INFO] [DEBUG] Decoding client response from 7cf151d109a24c5d8d384313b30b373f...
[2026-01-24 08:26:44,977] [INFO] [DEBUG] Decoding client response from 235cb077112b42beba074df1ae1a786c...
[2026-01-24 08:26:45,167] [INFO] [ENCODE] Starting encode_weights in aggregate_fit...
[2026-01-24 08:26:46,511] [INFO] [ENCODE] Finished encode_weights.
[2026-01-24 08:26:46,711] [INFO] [DEBUG][SERVER] Model expects 148 layers
[2026-01-24 08:26:46,722] [INFO] [DEBUG] Loaded 148 of 148 layers
[2026-01-24 08:26:47,071] [INFO] [DEBUG][SERVER] Model expects 148 layers
[2026-01-24 08:26:47,083] [INFO] [DEBUG] Loaded 148 of 148 layers
[2026-01-24 08:26:47,083] [INFO] [Server] Evaluating at round 15
[2026-01-24 08:26:47,083] [INFO] [SERVER][Round 15] Starting evaluation (mode=KH)...
[2026-01-24 08:27:04,348] [INFO] [Round 15] WT Dice: 0.0000 | Time: 17.26s
[2026-01-24 08:39:16,927] [INFO] [SERVER DEBUG] aggregate_fit called at round 16
[2026-01-24 08:39:16,928] [INFO] [DEBUG] aggregate_fit received 4 results at round 16
[2026-01-24 08:39:16,928] [INFO] [DEBUG] Decoding client response from 98cbc5ebfce94c82831f885c5610c538...
[2026-01-24 08:39:17,048] [INFO] [DEBUG] Decoding client response from 0fef2483b28648d48e77a3e8b6c11e1d...
[2026-01-24 08:39:17,140] [INFO] [DEBUG] Decoding client response from 7cf151d109a24c5d8d384313b30b373f...
[2026-01-24 08:39:17,269] [INFO] [DEBUG] Decoding client response from 235cb077112b42beba074df1ae1a786c...
[2026-01-24 08:39:17,409] [INFO] [ENCODE] Starting encode_weights in aggregate_fit...
[2026-01-24 08:39:18,714] [INFO] [ENCODE] Finished encode_weights.
[2026-01-24 08:39:18,919] [INFO] [DEBUG][SERVER] Model expects 148 layers
[2026-01-24 08:39:18,938] [INFO] [DEBUG] Loaded 148 of 148 layers
[2026-01-24 08:39:19,278] [INFO] [DEBUG][SERVER] Model expects 148 layers
[2026-01-24 08:39:19,297] [INFO] [DEBUG] Loaded 148 of 148 layers
[2026-01-24 08:39:19,297] [INFO] [Server] Evaluating at round 16
[2026-01-24 08:39:19,297] [INFO] [SERVER][Round 16] Starting evaluation (mode=KH)...
[2026-01-24 08:39:36,593] [INFO] [Round 16] WT Dice: 0.0001 | Time: 17.30s
[2026-01-24 08:51:45,063] [INFO] [SERVER DEBUG] aggregate_fit called at round 17
[2026-01-24 08:51:45,064] [INFO] [DEBUG] aggregate_fit received 4 results at round 17
[2026-01-24 08:51:45,064] [INFO] [DEBUG] Decoding client response from 235cb077112b42beba074df1ae1a786c...
[2026-01-24 08:51:45,230] [INFO] [DEBUG] Decoding client response from 0fef2483b28648d48e77a3e8b6c11e1d...
[2026-01-24 08:51:45,356] [INFO] [DEBUG] Decoding client response from 7cf151d109a24c5d8d384313b30b373f...
[2026-01-24 08:51:45,488] [INFO] [DEBUG] Decoding client response from 98cbc5ebfce94c82831f885c5610c538...
[2026-01-24 08:51:45,630] [INFO] [ENCODE] Starting encode_weights in aggregate_fit...
[2026-01-24 08:51:46,958] [INFO] [ENCODE] Finished encode_weights.
[2026-01-24 08:51:47,148] [INFO] [DEBUG][SERVER] Model expects 148 layers
[2026-01-24 08:51:47,166] [INFO] [DEBUG] Loaded 148 of 148 layers
[2026-01-24 08:51:47,512] [INFO] [DEBUG][SERVER] Model expects 148 layers
[2026-01-24 08:51:47,530] [INFO] [DEBUG] Loaded 148 of 148 layers
[2026-01-24 08:51:47,530] [INFO] [Server] Evaluating at round 17
[2026-01-24 08:51:47,531] [INFO] [SERVER][Round 17] Starting evaluation (mode=KH)...
[2026-01-24 08:52:04,945] [INFO] [Round 17] WT Dice: 0.0000 | Time: 17.41s
[2026-01-24 09:04:22,432] [INFO] [SERVER DEBUG] aggregate_fit called at round 18
[2026-01-24 09:04:22,433] [INFO] [DEBUG] aggregate_fit received 4 results at round 18
[2026-01-24 09:04:22,433] [INFO] [DEBUG] Decoding client response from 0fef2483b28648d48e77a3e8b6c11e1d...
[2026-01-24 09:04:22,646] [INFO] [DEBUG] Decoding client response from 98cbc5ebfce94c82831f885c5610c538...
[2026-01-24 09:04:22,830] [INFO] [DEBUG] Decoding client response from 235cb077112b42beba074df1ae1a786c...
[2026-01-24 09:04:23,015] [INFO] [DEBUG] Decoding client response from 7cf151d109a24c5d8d384313b30b373f...
[2026-01-24 09:04:23,218] [INFO] [ENCODE] Starting encode_weights in aggregate_fit...
[2026-01-24 09:04:24,644] [INFO] [ENCODE] Finished encode_weights.
[2026-01-24 09:04:24,839] [INFO] [DEBUG][SERVER] Model expects 148 layers
[2026-01-24 09:04:24,858] [INFO] [DEBUG] Loaded 148 of 148 layers
[2026-01-24 09:04:25,262] [INFO] [DEBUG][SERVER] Model expects 148 layers
[2026-01-24 09:04:25,273] [INFO] [DEBUG] Loaded 148 of 148 layers
[2026-01-24 09:04:25,273] [INFO] [Server] Evaluating at round 18
[2026-01-24 09:04:25,273] [INFO] [SERVER][Round 18] Starting evaluation (mode=KH)...
[2026-01-24 09:04:42,552] [INFO] [Round 18] WT Dice: 0.0000 | Time: 17.28s
[2026-01-24 09:17:45,005] [INFO] [SERVER DEBUG] aggregate_fit called at round 19
[2026-01-24 09:17:45,005] [INFO] [DEBUG] aggregate_fit received 4 results at round 19
[2026-01-24 09:17:45,005] [INFO] [DEBUG] Decoding client response from 235cb077112b42beba074df1ae1a786c...
[2026-01-24 09:17:45,128] [INFO] [DEBUG] Decoding client response from 0fef2483b28648d48e77a3e8b6c11e1d...
[2026-01-24 09:17:45,238] [INFO] [DEBUG] Decoding client response from 7cf151d109a24c5d8d384313b30b373f...
[2026-01-24 09:17:45,395] [INFO] [DEBUG] Decoding client response from 98cbc5ebfce94c82831f885c5610c538...
[2026-01-24 09:17:45,549] [INFO] [ENCODE] Starting encode_weights in aggregate_fit...
[2026-01-24 09:17:46,881] [INFO] [ENCODE] Finished encode_weights.
[2026-01-24 09:17:47,075] [INFO] [DEBUG][SERVER] Model expects 148 layers
[2026-01-24 09:17:47,093] [INFO] [DEBUG] Loaded 148 of 148 layers
[2026-01-24 09:17:47,452] [INFO] [DEBUG][SERVER] Model expects 148 layers
[2026-01-24 09:17:47,470] [INFO] [DEBUG] Loaded 148 of 148 layers
[2026-01-24 09:17:47,470] [INFO] [Server] Evaluating at round 19
[2026-01-24 09:17:47,470] [INFO] [SERVER][Round 19] Starting evaluation (mode=KH)...
[2026-01-24 09:18:04,743] [INFO] [Round 19] WT Dice: 0.0000 | Time: 17.27s
[2026-01-24 09:29:58,167] [INFO] [SERVER DEBUG] aggregate_fit called at round 20
[2026-01-24 09:29:58,168] [INFO] [DEBUG] aggregate_fit received 4 results at round 20
[2026-01-24 09:29:58,168] [INFO] [DEBUG] Decoding client response from 98cbc5ebfce94c82831f885c5610c538...
[2026-01-24 09:29:58,301] [INFO] [DEBUG] Decoding client response from 235cb077112b42beba074df1ae1a786c...
[2026-01-24 09:29:58,399] [INFO] [DEBUG] Decoding client response from 7cf151d109a24c5d8d384313b30b373f...
[2026-01-24 09:29:58,561] [INFO] [DEBUG] Decoding client response from 0fef2483b28648d48e77a3e8b6c11e1d...
[2026-01-24 09:29:58,710] [INFO] [ENCODE] Starting encode_weights in aggregate_fit...
[2026-01-24 09:30:00,120] [INFO] [ENCODE] Finished encode_weights.
[2026-01-24 09:30:00,334] [INFO] [DEBUG][SERVER] Model expects 148 layers
[2026-01-24 09:30:00,351] [INFO] [DEBUG] Loaded 148 of 148 layers
[2026-01-24 09:30:00,718] [INFO] [DEBUG][SERVER] Model expects 148 layers
[2026-01-24 09:30:00,731] [INFO] [DEBUG] Loaded 148 of 148 layers
[2026-01-24 09:30:00,731] [INFO] [Server] Evaluating at round 20
[2026-01-24 09:30:00,731] [INFO] [SERVER][Round 20] Starting evaluation (mode=KH)...
[2026-01-24 09:30:17,998] [INFO] [Round 20] WT Dice: 0.0000 | Time: 17.27s
[2026-01-24 09:42:41,775] [INFO] [SERVER DEBUG] aggregate_fit called at round 21
[2026-01-24 09:42:41,776] [INFO] [DEBUG] aggregate_fit received 4 results at round 21
[2026-01-24 09:42:41,776] [INFO] [DEBUG] Decoding client response from 0fef2483b28648d48e77a3e8b6c11e1d...
[2026-01-24 09:42:41,882] [INFO] [DEBUG] Decoding client response from 235cb077112b42beba074df1ae1a786c...
[2026-01-24 09:42:41,977] [INFO] [DEBUG] Decoding client response from 7cf151d109a24c5d8d384313b30b373f...
[2026-01-24 09:42:42,111] [INFO] [DEBUG] Decoding client response from 98cbc5ebfce94c82831f885c5610c538...
[2026-01-24 09:42:42,251] [INFO] [ENCODE] Starting encode_weights in aggregate_fit...
[2026-01-24 09:42:43,612] [INFO] [ENCODE] Finished encode_weights.
[2026-01-24 09:42:43,814] [INFO] [DEBUG][SERVER] Model expects 148 layers
[2026-01-24 09:42:43,834] [INFO] [DEBUG] Loaded 148 of 148 layers
[2026-01-24 09:42:44,171] [INFO] [DEBUG][SERVER] Model expects 148 layers
[2026-01-24 09:42:44,190] [INFO] [DEBUG] Loaded 148 of 148 layers
[2026-01-24 09:42:44,190] [INFO] [Server] Evaluating at round 21
[2026-01-24 09:42:44,190] [INFO] [SERVER][Round 21] Starting evaluation (mode=KH)...
[2026-01-24 09:43:01,521] [INFO] [Round 21] WT Dice: 0.0122 | Time: 17.33s
[2026-01-24 09:55:31,519] [INFO] [SERVER DEBUG] aggregate_fit called at round 22
[2026-01-24 09:55:31,520] [INFO] [DEBUG] aggregate_fit received 4 results at round 22
[2026-01-24 09:55:31,520] [INFO] [DEBUG] Decoding client response from 98cbc5ebfce94c82831f885c5610c538...
[2026-01-24 09:55:31,675] [INFO] [DEBUG] Decoding client response from 0fef2483b28648d48e77a3e8b6c11e1d...
[2026-01-24 09:55:31,802] [INFO] [DEBUG] Decoding client response from 235cb077112b42beba074df1ae1a786c...
[2026-01-24 09:55:31,931] [INFO] [DEBUG] Decoding client response from 7cf151d109a24c5d8d384313b30b373f...
[2026-01-24 09:55:32,070] [INFO] [ENCODE] Starting encode_weights in aggregate_fit...
[2026-01-24 09:55:33,328] [INFO] [ENCODE] Finished encode_weights.
[2026-01-24 09:55:33,537] [INFO] [DEBUG][SERVER] Model expects 148 layers
[2026-01-24 09:55:33,557] [INFO] [DEBUG] Loaded 148 of 148 layers
[2026-01-24 09:55:33,876] [INFO] [DEBUG][SERVER] Model expects 148 layers
[2026-01-24 09:55:33,894] [INFO] [DEBUG] Loaded 148 of 148 layers
[2026-01-24 09:55:33,895] [INFO] [Server] Evaluating at round 22
[2026-01-24 09:55:33,895] [INFO] [SERVER][Round 22] Starting evaluation (mode=KH)...
[2026-01-24 09:55:51,166] [INFO] [Round 22] WT Dice: 0.0001 | Time: 17.27s
[2026-01-24 10:08:03,376] [INFO] [SERVER DEBUG] aggregate_fit called at round 23
[2026-01-24 10:08:03,376] [INFO] [DEBUG] aggregate_fit received 4 results at round 23
[2026-01-24 10:08:03,376] [INFO] [DEBUG] Decoding client response from 235cb077112b42beba074df1ae1a786c...
[2026-01-24 10:08:03,541] [INFO] [DEBUG] Decoding client response from 7cf151d109a24c5d8d384313b30b373f...
[2026-01-24 10:08:03,678] [INFO] [DEBUG] Decoding client response from 0fef2483b28648d48e77a3e8b6c11e1d...
[2026-01-24 10:08:03,813] [INFO] [DEBUG] Decoding client response from 98cbc5ebfce94c82831f885c5610c538...
[2026-01-24 10:08:03,963] [INFO] [ENCODE] Starting encode_weights in aggregate_fit...
[2026-01-24 10:08:05,336] [INFO] [ENCODE] Finished encode_weights.
[2026-01-24 10:08:05,558] [INFO] [DEBUG][SERVER] Model expects 148 layers
[2026-01-24 10:08:05,578] [INFO] [DEBUG] Loaded 148 of 148 layers
[2026-01-24 10:08:05,923] [INFO] [DEBUG][SERVER] Model expects 148 layers
[2026-01-24 10:08:05,942] [INFO] [DEBUG] Loaded 148 of 148 layers
[2026-01-24 10:08:05,942] [INFO] [Server] Evaluating at round 23
[2026-01-24 10:08:05,942] [INFO] [SERVER][Round 23] Starting evaluation (mode=KH)...
[2026-01-24 10:08:23,600] [INFO] [Round 23] WT Dice: 0.0012 | Time: 17.66s
[2026-01-24 10:21:25,855] [INFO] [SERVER DEBUG] aggregate_fit called at round 24
[2026-01-24 10:21:25,856] [INFO] [DEBUG] aggregate_fit received 4 results at round 24
[2026-01-24 10:21:25,856] [INFO] [DEBUG] Decoding client response from 98cbc5ebfce94c82831f885c5610c538...
[2026-01-24 10:21:25,955] [INFO] [DEBUG] Decoding client response from 235cb077112b42beba074df1ae1a786c...
[2026-01-24 10:21:26,059] [INFO] [DEBUG] Decoding client response from 0fef2483b28648d48e77a3e8b6c11e1d...
[2026-01-24 10:21:26,196] [INFO] [DEBUG] Decoding client response from 7cf151d109a24c5d8d384313b30b373f...
[2026-01-24 10:21:26,341] [INFO] [ENCODE] Starting encode_weights in aggregate_fit...
[2026-01-24 10:21:27,730] [INFO] [ENCODE] Finished encode_weights.
[2026-01-24 10:21:27,951] [INFO] [DEBUG][SERVER] Model expects 148 layers
[2026-01-24 10:21:27,969] [INFO] [DEBUG] Loaded 148 of 148 layers
[2026-01-24 10:21:28,321] [INFO] [DEBUG][SERVER] Model expects 148 layers
[2026-01-24 10:21:28,340] [INFO] [DEBUG] Loaded 148 of 148 layers
[2026-01-24 10:21:28,341] [INFO] [Server] Evaluating at round 24
[2026-01-24 10:21:28,341] [INFO] [SERVER][Round 24] Starting evaluation (mode=KH)...
[2026-01-24 10:21:45,842] [INFO] [Round 24] WT Dice: 0.0006 | Time: 17.50s
[2026-01-24 10:34:29,012] [INFO] [SERVER DEBUG] aggregate_fit called at round 25
[2026-01-24 10:34:29,013] [INFO] [DEBUG] aggregate_fit received 4 results at round 25
[2026-01-24 10:34:29,013] [INFO] [DEBUG] Decoding client response from 0fef2483b28648d48e77a3e8b6c11e1d...
[2026-01-24 10:34:29,124] [INFO] [DEBUG] Decoding client response from 235cb077112b42beba074df1ae1a786c...
[2026-01-24 10:34:29,237] [INFO] [DEBUG] Decoding client response from 7cf151d109a24c5d8d384313b30b373f...
[2026-01-24 10:34:29,378] [INFO] [DEBUG] Decoding client response from 98cbc5ebfce94c82831f885c5610c538...
[2026-01-24 10:34:29,591] [INFO] [ENCODE] Starting encode_weights in aggregate_fit...
[2026-01-24 10:34:30,957] [INFO] [ENCODE] Finished encode_weights.
[2026-01-24 10:34:31,155] [INFO] [DEBUG][SERVER] Model expects 148 layers
[2026-01-24 10:34:31,172] [INFO] [DEBUG] Loaded 148 of 148 layers
[2026-01-24 10:34:31,527] [INFO] [DEBUG][SERVER] Model expects 148 layers
[2026-01-24 10:34:31,547] [INFO] [DEBUG] Loaded 148 of 148 layers
[2026-01-24 10:34:31,547] [INFO] [Server] Evaluating at round 25
[2026-01-24 10:34:31,547] [INFO] [SERVER][Round 25] Starting evaluation (mode=KH)...
[2026-01-24 10:34:49,003] [INFO] [Round 25] WT Dice: 0.0002 | Time: 17.46s
