[2026-01-29 09:53:16,781] [INFO] [SERVER INIT] EXPERIMENT_DIR=Revision2/Run_UNET_IID_SH20_20260129, LOG=Revision2/Run_UNET_IID_SH20_20260129/Server/ServerReport20260129.log
[2026-01-29 09:53:16,783] [INFO] [ENV] SERVER_ADDRESS=127.0.0.1, SERVER_PORT=8089, DATA_PATH=/home/jovyan/FeTS2022/MICCAI_FeTS2022_TrainingData, ENCODING_MODE=SH, N_CLUSTERS=32
[2026-01-29 09:53:16,909] [INFO] [DATA] Server test set loaded with 67 samples.
[2026-01-29 09:53:17,176] [INFO] [MODEL INIT] UNet with 148 layers initialized on cuda
[2026-01-29 09:53:17,216] [INFO] [STRATEGY INIT] mode=SH, UsedClusters=- (EnvNClusters=32), experiment_dir=Revision2/Run_UNET_IID_SH20_20260129 | BestMetricKey=WT
[2026-01-29 09:53:17,217] [INFO] [SERVER START] Address=127.0.0.1:8089, Rounds=25, Mode=SH, NClusters=32
[2026-01-29 09:53:17,254] [INFO] [DEBUG][SERVER] Model expects 148 layers
[2026-01-29 09:53:17,268] [INFO] [DEBUG] Loaded 148 of 148 layers
[2026-01-29 09:53:17,268] [INFO] [Server] Evaluating at round 0
[2026-01-29 09:53:17,268] [INFO] [SERVER][Round 0] Starting evaluation (mode=SH)...
[2026-01-29 09:53:40,198] [INFO] [Round 0] WT Dice: 0.1107 | Time: 22.93s
[2026-01-29 09:53:40,282] [INFO] [BEST MODEL] Saved: Revision2/Run_UNET_IID_SH20_20260129/Server/best_model.pth
[2026-01-29 09:53:40,350] [INFO] [BEST MODEL] Saved: Revision2/Run_UNET_IID_SH20_20260129/Server/best_model_round0.pth
[2026-01-29 09:53:40,351] [INFO] [BEST MODEL] New best at round 0: WT=0.1107
[2026-01-29 10:15:23,426] [INFO] [SERVER DEBUG] aggregate_fit called at round 1
[2026-01-29 10:15:23,426] [INFO] [DEBUG] aggregate_fit received 4 results at round 1
[2026-01-29 10:15:23,426] [INFO] [DEBUG] Decoding client response from 01014f228a2e4c54859b1b6a38f4e29c...
[2026-01-29 10:15:23,968] [INFO] [DEBUG] Decoding client response from 2b00b36a5d5b46c09d5ae4fbda863be0...
[2026-01-29 10:15:24,406] [INFO] [DEBUG] Decoding client response from 9c537c54cdc14d50ac6d366598041fcc...
[2026-01-29 10:15:24,781] [INFO] [DEBUG] Decoding client response from b409a5c022d946128d79404d260b1c1c...
[2026-01-29 10:15:25,187] [INFO] [ENCODE] Starting encode_weights in aggregate_fit...
[2026-01-29 10:15:31,720] [INFO] [ENCODE] Finished encode_weights.
[2026-01-29 10:15:32,407] [INFO] [DEBUG][SERVER] Model expects 148 layers
[2026-01-29 10:15:32,424] [INFO] [DEBUG] Loaded 148 of 148 layers
[2026-01-29 10:15:33,220] [INFO] [DEBUG][SERVER] Model expects 148 layers
[2026-01-29 10:15:33,237] [INFO] [DEBUG] Loaded 148 of 148 layers
[2026-01-29 10:15:33,237] [INFO] [Server] Evaluating at round 1
[2026-01-29 10:15:33,237] [INFO] [SERVER][Round 1] Starting evaluation (mode=SH)...
[2026-01-29 10:15:52,612] [INFO] [Round 1] WT Dice: 0.0220 | Time: 19.37s
[2026-01-29 10:39:26,463] [INFO] [SERVER DEBUG] aggregate_fit called at round 2
[2026-01-29 10:39:26,464] [INFO] [DEBUG] aggregate_fit received 4 results at round 2
[2026-01-29 10:39:26,464] [INFO] [DEBUG] Decoding client response from b409a5c022d946128d79404d260b1c1c...
[2026-01-29 10:39:26,827] [INFO] [DEBUG] Decoding client response from 9c537c54cdc14d50ac6d366598041fcc...
[2026-01-29 10:39:27,182] [INFO] [DEBUG] Decoding client response from 01014f228a2e4c54859b1b6a38f4e29c...
[2026-01-29 10:39:27,587] [INFO] [DEBUG] Decoding client response from 2b00b36a5d5b46c09d5ae4fbda863be0...
[2026-01-29 10:39:28,090] [INFO] [ENCODE] Starting encode_weights in aggregate_fit...
[2026-01-29 10:39:34,764] [INFO] [ENCODE] Finished encode_weights.
[2026-01-29 10:39:35,384] [INFO] [DEBUG][SERVER] Model expects 148 layers
[2026-01-29 10:39:35,395] [INFO] [DEBUG] Loaded 148 of 148 layers
[2026-01-29 10:39:36,232] [INFO] [DEBUG][SERVER] Model expects 148 layers
[2026-01-29 10:39:36,242] [INFO] [DEBUG] Loaded 148 of 148 layers
[2026-01-29 10:39:36,243] [INFO] [Server] Evaluating at round 2
[2026-01-29 10:39:36,243] [INFO] [SERVER][Round 2] Starting evaluation (mode=SH)...
[2026-01-29 10:39:53,813] [INFO] [Round 2] WT Dice: 0.0236 | Time: 17.57s
[2026-01-29 11:03:34,871] [INFO] [SERVER DEBUG] aggregate_fit called at round 3
[2026-01-29 11:03:34,872] [INFO] [DEBUG] aggregate_fit received 4 results at round 3
[2026-01-29 11:03:34,872] [INFO] [DEBUG] Decoding client response from 01014f228a2e4c54859b1b6a38f4e29c...
[2026-01-29 11:03:35,469] [INFO] [DEBUG] Decoding client response from b409a5c022d946128d79404d260b1c1c...
[2026-01-29 11:03:35,970] [INFO] [DEBUG] Decoding client response from 9c537c54cdc14d50ac6d366598041fcc...
[2026-01-29 11:03:36,430] [INFO] [DEBUG] Decoding client response from 2b00b36a5d5b46c09d5ae4fbda863be0...
[2026-01-29 11:03:36,952] [INFO] [ENCODE] Starting encode_weights in aggregate_fit...
[2026-01-29 11:03:48,725] [INFO] [ENCODE] Finished encode_weights.
[2026-01-29 11:03:49,536] [INFO] [DEBUG][SERVER] Model expects 148 layers
[2026-01-29 11:03:49,552] [INFO] [DEBUG] Loaded 148 of 148 layers
[2026-01-29 11:03:50,350] [INFO] [DEBUG][SERVER] Model expects 148 layers
[2026-01-29 11:03:50,361] [INFO] [DEBUG] Loaded 148 of 148 layers
[2026-01-29 11:03:50,361] [INFO] [Server] Evaluating at round 3
[2026-01-29 11:03:50,361] [INFO] [SERVER][Round 3] Starting evaluation (mode=SH)...
[2026-01-29 11:04:07,925] [INFO] [Round 3] WT Dice: 0.7445 | Time: 17.56s
[2026-01-29 11:04:08,067] [INFO] [BEST MODEL] Saved: Revision2/Run_UNET_IID_SH20_20260129/Server/best_model.pth
[2026-01-29 11:04:08,139] [INFO] [BEST MODEL] Saved: Revision2/Run_UNET_IID_SH20_20260129/Server/best_model_round3.pth
[2026-01-29 11:04:08,140] [INFO] [BEST MODEL] New best at round 3: WT=0.7445
[2026-01-29 11:28:00,224] [INFO] [SERVER DEBUG] aggregate_fit called at round 4
[2026-01-29 11:28:00,224] [INFO] [DEBUG] aggregate_fit received 4 results at round 4
[2026-01-29 11:28:00,225] [INFO] [DEBUG] Decoding client response from 9c537c54cdc14d50ac6d366598041fcc...
[2026-01-29 11:28:00,510] [INFO] [DEBUG] Decoding client response from 01014f228a2e4c54859b1b6a38f4e29c...
[2026-01-29 11:28:00,744] [INFO] [DEBUG] Decoding client response from 2b00b36a5d5b46c09d5ae4fbda863be0...
[2026-01-29 11:28:01,037] [INFO] [DEBUG] Decoding client response from b409a5c022d946128d79404d260b1c1c...
[2026-01-29 11:28:01,327] [INFO] [ENCODE] Starting encode_weights in aggregate_fit...
[2026-01-29 11:28:09,111] [INFO] [ENCODE] Finished encode_weights.
[2026-01-29 11:28:09,963] [INFO] [DEBUG][SERVER] Model expects 148 layers
[2026-01-29 11:28:09,980] [INFO] [DEBUG] Loaded 148 of 148 layers
[2026-01-29 11:28:10,885] [INFO] [DEBUG][SERVER] Model expects 148 layers
[2026-01-29 11:28:10,901] [INFO] [DEBUG] Loaded 148 of 148 layers
[2026-01-29 11:28:10,901] [INFO] [Server] Evaluating at round 4
[2026-01-29 11:28:10,901] [INFO] [SERVER][Round 4] Starting evaluation (mode=SH)...
[2026-01-29 11:28:28,714] [INFO] [Round 4] WT Dice: 0.0266 | Time: 17.81s
[2026-01-29 11:51:46,047] [INFO] [SERVER DEBUG] aggregate_fit called at round 5
[2026-01-29 11:51:46,048] [INFO] [DEBUG] aggregate_fit received 4 results at round 5
[2026-01-29 11:51:46,048] [INFO] [DEBUG] Decoding client response from 9c537c54cdc14d50ac6d366598041fcc...
[2026-01-29 11:51:46,413] [INFO] [DEBUG] Decoding client response from 01014f228a2e4c54859b1b6a38f4e29c...
[2026-01-29 11:51:46,725] [INFO] [DEBUG] Decoding client response from 2b00b36a5d5b46c09d5ae4fbda863be0...
[2026-01-29 11:51:47,040] [INFO] [DEBUG] Decoding client response from b409a5c022d946128d79404d260b1c1c...
[2026-01-29 11:51:47,362] [INFO] [ENCODE] Starting encode_weights in aggregate_fit...
[2026-01-29 11:51:54,274] [INFO] [ENCODE] Finished encode_weights.
[2026-01-29 11:51:54,945] [INFO] [DEBUG][SERVER] Model expects 148 layers
[2026-01-29 11:51:54,957] [INFO] [DEBUG] Loaded 148 of 148 layers
[2026-01-29 11:51:55,720] [INFO] [DEBUG][SERVER] Model expects 148 layers
[2026-01-29 11:51:55,731] [INFO] [DEBUG] Loaded 148 of 148 layers
[2026-01-29 11:51:55,732] [INFO] [Server] Evaluating at round 5
[2026-01-29 11:51:55,732] [INFO] [SERVER][Round 5] Starting evaluation (mode=SH)...
[2026-01-29 11:52:13,461] [INFO] [Round 5] WT Dice: 0.3837 | Time: 17.73s
[2026-01-29 12:16:11,465] [INFO] [SERVER DEBUG] aggregate_fit called at round 6
[2026-01-29 12:16:11,465] [INFO] [DEBUG] aggregate_fit received 4 results at round 6
[2026-01-29 12:16:11,465] [INFO] [DEBUG] Decoding client response from 01014f228a2e4c54859b1b6a38f4e29c...
[2026-01-29 12:16:11,814] [INFO] [DEBUG] Decoding client response from 9c537c54cdc14d50ac6d366598041fcc...
[2026-01-29 12:16:12,177] [INFO] [DEBUG] Decoding client response from b409a5c022d946128d79404d260b1c1c...
[2026-01-29 12:16:12,493] [INFO] [DEBUG] Decoding client response from 2b00b36a5d5b46c09d5ae4fbda863be0...
[2026-01-29 12:16:12,857] [INFO] [ENCODE] Starting encode_weights in aggregate_fit...
[2026-01-29 12:16:20,056] [INFO] [ENCODE] Finished encode_weights.
[2026-01-29 12:16:20,774] [INFO] [DEBUG][SERVER] Model expects 148 layers
[2026-01-29 12:16:20,789] [INFO] [DEBUG] Loaded 148 of 148 layers
[2026-01-29 12:16:21,609] [INFO] [DEBUG][SERVER] Model expects 148 layers
[2026-01-29 12:16:21,626] [INFO] [DEBUG] Loaded 148 of 148 layers
[2026-01-29 12:16:21,626] [INFO] [Server] Evaluating at round 6
[2026-01-29 12:16:21,626] [INFO] [SERVER][Round 6] Starting evaluation (mode=SH)...
[2026-01-29 12:16:40,609] [INFO] [Round 6] WT Dice: 0.7806 | Time: 18.98s
[2026-01-29 12:16:40,731] [INFO] [BEST MODEL] Saved: Revision2/Run_UNET_IID_SH20_20260129/Server/best_model.pth
[2026-01-29 12:16:40,793] [INFO] [BEST MODEL] Saved: Revision2/Run_UNET_IID_SH20_20260129/Server/best_model_round6.pth
[2026-01-29 12:16:40,794] [INFO] [BEST MODEL] New best at round 6: WT=0.7806
[2026-01-29 12:40:48,007] [INFO] [SERVER DEBUG] aggregate_fit called at round 7
[2026-01-29 12:40:48,007] [INFO] [DEBUG] aggregate_fit received 4 results at round 7
[2026-01-29 12:40:48,008] [INFO] [DEBUG] Decoding client response from b409a5c022d946128d79404d260b1c1c...
[2026-01-29 12:40:48,701] [INFO] [DEBUG] Decoding client response from 01014f228a2e4c54859b1b6a38f4e29c...
[2026-01-29 12:40:49,101] [INFO] [DEBUG] Decoding client response from 2b00b36a5d5b46c09d5ae4fbda863be0...
[2026-01-29 12:40:49,489] [INFO] [DEBUG] Decoding client response from 9c537c54cdc14d50ac6d366598041fcc...
[2026-01-29 12:40:49,933] [INFO] [ENCODE] Starting encode_weights in aggregate_fit...
[2026-01-29 12:40:57,579] [INFO] [ENCODE] Finished encode_weights.
[2026-01-29 12:40:58,214] [INFO] [DEBUG][SERVER] Model expects 148 layers
[2026-01-29 12:40:58,227] [INFO] [DEBUG] Loaded 148 of 148 layers
[2026-01-29 12:40:59,031] [INFO] [DEBUG][SERVER] Model expects 148 layers
[2026-01-29 12:40:59,042] [INFO] [DEBUG] Loaded 148 of 148 layers
[2026-01-29 12:40:59,043] [INFO] [Server] Evaluating at round 7
[2026-01-29 12:40:59,043] [INFO] [SERVER][Round 7] Starting evaluation (mode=SH)...
[2026-01-29 12:41:17,158] [INFO] [Round 7] WT Dice: 0.5319 | Time: 18.11s
[2026-01-29 13:05:01,379] [INFO] [SERVER DEBUG] aggregate_fit called at round 8
[2026-01-29 13:05:01,379] [INFO] [DEBUG] aggregate_fit received 4 results at round 8
[2026-01-29 13:05:01,379] [INFO] [DEBUG] Decoding client response from 01014f228a2e4c54859b1b6a38f4e29c...
[2026-01-29 13:05:01,629] [INFO] [DEBUG] Decoding client response from 9c537c54cdc14d50ac6d366598041fcc...
[2026-01-29 13:05:01,864] [INFO] [DEBUG] Decoding client response from 2b00b36a5d5b46c09d5ae4fbda863be0...
[2026-01-29 13:05:02,075] [INFO] [DEBUG] Decoding client response from b409a5c022d946128d79404d260b1c1c...
[2026-01-29 13:05:02,368] [INFO] [ENCODE] Starting encode_weights in aggregate_fit...
[2026-01-29 13:05:09,472] [INFO] [ENCODE] Finished encode_weights.
[2026-01-29 13:05:10,300] [INFO] [DEBUG][SERVER] Model expects 148 layers
[2026-01-29 13:05:10,313] [INFO] [DEBUG] Loaded 148 of 148 layers
[2026-01-29 13:05:11,098] [INFO] [DEBUG][SERVER] Model expects 148 layers
[2026-01-29 13:05:11,109] [INFO] [DEBUG] Loaded 148 of 148 layers
[2026-01-29 13:05:11,109] [INFO] [Server] Evaluating at round 8
[2026-01-29 13:05:11,109] [INFO] [SERVER][Round 8] Starting evaluation (mode=SH)...
[2026-01-29 13:05:29,343] [INFO] [Round 8] WT Dice: 0.6697 | Time: 18.23s
[2026-01-29 13:29:39,626] [INFO] [SERVER DEBUG] aggregate_fit called at round 9
[2026-01-29 13:29:39,626] [INFO] [DEBUG] aggregate_fit received 4 results at round 9
[2026-01-29 13:29:39,626] [INFO] [DEBUG] Decoding client response from 2b00b36a5d5b46c09d5ae4fbda863be0...
[2026-01-29 13:29:39,951] [INFO] [DEBUG] Decoding client response from b409a5c022d946128d79404d260b1c1c...
[2026-01-29 13:29:40,205] [INFO] [DEBUG] Decoding client response from 9c537c54cdc14d50ac6d366598041fcc...
[2026-01-29 13:29:40,449] [INFO] [DEBUG] Decoding client response from 01014f228a2e4c54859b1b6a38f4e29c...
[2026-01-29 13:29:40,730] [INFO] [ENCODE] Starting encode_weights in aggregate_fit...
[2026-01-29 13:29:49,261] [INFO] [ENCODE] Finished encode_weights.
[2026-01-29 13:29:50,201] [INFO] [DEBUG][SERVER] Model expects 148 layers
[2026-01-29 13:29:50,222] [INFO] [DEBUG] Loaded 148 of 148 layers
[2026-01-29 13:29:51,236] [INFO] [DEBUG][SERVER] Model expects 148 layers
[2026-01-29 13:29:51,248] [INFO] [DEBUG] Loaded 148 of 148 layers
[2026-01-29 13:29:51,248] [INFO] [Server] Evaluating at round 9
[2026-01-29 13:29:51,248] [INFO] [SERVER][Round 9] Starting evaluation (mode=SH)...
[2026-01-29 13:30:08,922] [INFO] [Round 9] WT Dice: 0.5864 | Time: 17.67s
[2026-01-29 13:54:07,832] [INFO] [SERVER DEBUG] aggregate_fit called at round 10
[2026-01-29 13:54:07,832] [INFO] [DEBUG] aggregate_fit received 4 results at round 10
[2026-01-29 13:54:07,832] [INFO] [DEBUG] Decoding client response from 2b00b36a5d5b46c09d5ae4fbda863be0...
[2026-01-29 13:54:08,187] [INFO] [DEBUG] Decoding client response from 9c537c54cdc14d50ac6d366598041fcc...
[2026-01-29 13:54:08,492] [INFO] [DEBUG] Decoding client response from 01014f228a2e4c54859b1b6a38f4e29c...
[2026-01-29 13:54:08,768] [INFO] [DEBUG] Decoding client response from b409a5c022d946128d79404d260b1c1c...
[2026-01-29 13:54:09,078] [INFO] [ENCODE] Starting encode_weights in aggregate_fit...
[2026-01-29 13:54:15,625] [INFO] [ENCODE] Finished encode_weights.
[2026-01-29 13:54:16,298] [INFO] [DEBUG][SERVER] Model expects 148 layers
[2026-01-29 13:54:16,310] [INFO] [DEBUG] Loaded 148 of 148 layers
[2026-01-29 13:54:17,034] [INFO] [DEBUG][SERVER] Model expects 148 layers
[2026-01-29 13:54:17,046] [INFO] [DEBUG] Loaded 148 of 148 layers
[2026-01-29 13:54:17,046] [INFO] [Server] Evaluating at round 10
[2026-01-29 13:54:17,046] [INFO] [SERVER][Round 10] Starting evaluation (mode=SH)...
[2026-01-29 13:54:34,924] [INFO] [Round 10] WT Dice: 0.4683 | Time: 17.88s
[2026-01-29 14:18:32,659] [INFO] [SERVER DEBUG] aggregate_fit called at round 11
[2026-01-29 14:18:32,660] [INFO] [DEBUG] aggregate_fit received 4 results at round 11
[2026-01-29 14:18:32,660] [INFO] [DEBUG] Decoding client response from 2b00b36a5d5b46c09d5ae4fbda863be0...
[2026-01-29 14:18:32,971] [INFO] [DEBUG] Decoding client response from b409a5c022d946128d79404d260b1c1c...
[2026-01-29 14:18:33,225] [INFO] [DEBUG] Decoding client response from 9c537c54cdc14d50ac6d366598041fcc...
[2026-01-29 14:18:33,511] [INFO] [DEBUG] Decoding client response from 01014f228a2e4c54859b1b6a38f4e29c...
[2026-01-29 14:18:33,818] [INFO] [ENCODE] Starting encode_weights in aggregate_fit...
[2026-01-29 14:18:39,839] [INFO] [ENCODE] Finished encode_weights.
[2026-01-29 14:18:40,465] [INFO] [DEBUG][SERVER] Model expects 148 layers
[2026-01-29 14:18:40,477] [INFO] [DEBUG] Loaded 148 of 148 layers
[2026-01-29 14:18:41,180] [INFO] [DEBUG][SERVER] Model expects 148 layers
[2026-01-29 14:18:41,190] [INFO] [DEBUG] Loaded 148 of 148 layers
[2026-01-29 14:18:41,191] [INFO] [Server] Evaluating at round 11
[2026-01-29 14:18:41,191] [INFO] [SERVER][Round 11] Starting evaluation (mode=SH)...
[2026-01-29 14:18:59,031] [INFO] [Round 11] WT Dice: 0.5650 | Time: 17.84s
[2026-01-29 14:43:02,012] [INFO] [SERVER DEBUG] aggregate_fit called at round 12
[2026-01-29 14:43:02,013] [INFO] [DEBUG] aggregate_fit received 4 results at round 12
[2026-01-29 14:43:02,013] [INFO] [DEBUG] Decoding client response from 2b00b36a5d5b46c09d5ae4fbda863be0...
[2026-01-29 14:43:02,318] [INFO] [DEBUG] Decoding client response from 01014f228a2e4c54859b1b6a38f4e29c...
[2026-01-29 14:43:02,555] [INFO] [DEBUG] Decoding client response from 9c537c54cdc14d50ac6d366598041fcc...
[2026-01-29 14:43:02,777] [INFO] [DEBUG] Decoding client response from b409a5c022d946128d79404d260b1c1c...
[2026-01-29 14:43:03,020] [INFO] [ENCODE] Starting encode_weights in aggregate_fit...
[2026-01-29 14:43:09,137] [INFO] [ENCODE] Finished encode_weights.
[2026-01-29 14:43:09,760] [INFO] [DEBUG][SERVER] Model expects 148 layers
[2026-01-29 14:43:09,771] [INFO] [DEBUG] Loaded 148 of 148 layers
[2026-01-29 14:43:10,330] [INFO] [DEBUG][SERVER] Model expects 148 layers
[2026-01-29 14:43:10,341] [INFO] [DEBUG] Loaded 148 of 148 layers
[2026-01-29 14:43:10,341] [INFO] [Server] Evaluating at round 12
[2026-01-29 14:43:10,341] [INFO] [SERVER][Round 12] Starting evaluation (mode=SH)...
[2026-01-29 14:43:27,818] [INFO] [Round 12] WT Dice: 0.5878 | Time: 17.48s
[2026-01-29 15:07:06,158] [INFO] [SERVER DEBUG] aggregate_fit called at round 13
[2026-01-29 15:07:06,158] [INFO] [DEBUG] aggregate_fit received 4 results at round 13
[2026-01-29 15:07:06,158] [INFO] [DEBUG] Decoding client response from 9c537c54cdc14d50ac6d366598041fcc...
[2026-01-29 15:07:06,403] [INFO] [DEBUG] Decoding client response from b409a5c022d946128d79404d260b1c1c...
[2026-01-29 15:07:06,616] [INFO] [DEBUG] Decoding client response from 01014f228a2e4c54859b1b6a38f4e29c...
[2026-01-29 15:07:06,852] [INFO] [DEBUG] Decoding client response from 2b00b36a5d5b46c09d5ae4fbda863be0...
[2026-01-29 15:07:07,132] [INFO] [ENCODE] Starting encode_weights in aggregate_fit...
[2026-01-29 15:07:13,901] [INFO] [ENCODE] Finished encode_weights.
[2026-01-29 15:07:14,596] [INFO] [DEBUG][SERVER] Model expects 148 layers
[2026-01-29 15:07:14,608] [INFO] [DEBUG] Loaded 148 of 148 layers
[2026-01-29 15:07:15,323] [INFO] [DEBUG][SERVER] Model expects 148 layers
[2026-01-29 15:07:15,334] [INFO] [DEBUG] Loaded 148 of 148 layers
[2026-01-29 15:07:15,335] [INFO] [Server] Evaluating at round 13
[2026-01-29 15:07:15,335] [INFO] [SERVER][Round 13] Starting evaluation (mode=SH)...
[2026-01-29 15:07:33,523] [INFO] [Round 13] WT Dice: 0.6927 | Time: 18.19s
[2026-01-29 15:31:19,488] [INFO] [SERVER DEBUG] aggregate_fit called at round 14
[2026-01-29 15:31:19,488] [INFO] [DEBUG] aggregate_fit received 4 results at round 14
[2026-01-29 15:31:19,488] [INFO] [DEBUG] Decoding client response from 2b00b36a5d5b46c09d5ae4fbda863be0...
[2026-01-29 15:31:19,833] [INFO] [DEBUG] Decoding client response from 01014f228a2e4c54859b1b6a38f4e29c...
[2026-01-29 15:31:20,129] [INFO] [DEBUG] Decoding client response from b409a5c022d946128d79404d260b1c1c...
[2026-01-29 15:31:20,408] [INFO] [DEBUG] Decoding client response from 9c537c54cdc14d50ac6d366598041fcc...
[2026-01-29 15:31:20,733] [INFO] [ENCODE] Starting encode_weights in aggregate_fit...
[2026-01-29 15:31:27,597] [INFO] [ENCODE] Finished encode_weights.
[2026-01-29 15:31:28,217] [INFO] [DEBUG][SERVER] Model expects 148 layers
[2026-01-29 15:31:28,229] [INFO] [DEBUG] Loaded 148 of 148 layers
[2026-01-29 15:31:28,947] [INFO] [DEBUG][SERVER] Model expects 148 layers
[2026-01-29 15:31:28,958] [INFO] [DEBUG] Loaded 148 of 148 layers
[2026-01-29 15:31:28,958] [INFO] [Server] Evaluating at round 14
[2026-01-29 15:31:28,959] [INFO] [SERVER][Round 14] Starting evaluation (mode=SH)...
[2026-01-29 15:31:46,408] [INFO] [Round 14] WT Dice: 0.5847 | Time: 17.45s
[2026-01-29 15:55:13,737] [INFO] [SERVER DEBUG] aggregate_fit called at round 15
[2026-01-29 15:55:13,737] [INFO] [DEBUG] aggregate_fit received 4 results at round 15
[2026-01-29 15:55:13,738] [INFO] [DEBUG] Decoding client response from b409a5c022d946128d79404d260b1c1c...
[2026-01-29 15:55:14,208] [INFO] [DEBUG] Decoding client response from 2b00b36a5d5b46c09d5ae4fbda863be0...
[2026-01-29 15:55:14,653] [INFO] [DEBUG] Decoding client response from 01014f228a2e4c54859b1b6a38f4e29c...
[2026-01-29 15:55:15,085] [INFO] [DEBUG] Decoding client response from 9c537c54cdc14d50ac6d366598041fcc...
[2026-01-29 15:55:15,723] [INFO] [ENCODE] Starting encode_weights in aggregate_fit...
[2026-01-29 15:55:23,481] [INFO] [ENCODE] Finished encode_weights.
[2026-01-29 15:55:24,235] [INFO] [DEBUG][SERVER] Model expects 148 layers
[2026-01-29 15:55:24,248] [INFO] [DEBUG] Loaded 148 of 148 layers
[2026-01-29 15:55:24,968] [INFO] [DEBUG][SERVER] Model expects 148 layers
[2026-01-29 15:55:24,979] [INFO] [DEBUG] Loaded 148 of 148 layers
[2026-01-29 15:55:24,979] [INFO] [Server] Evaluating at round 15
[2026-01-29 15:55:24,979] [INFO] [SERVER][Round 15] Starting evaluation (mode=SH)...
[2026-01-29 15:55:42,563] [INFO] [Round 15] WT Dice: 0.7513 | Time: 17.58s
[2026-01-29 16:20:23,984] [INFO] [SERVER DEBUG] aggregate_fit called at round 16
[2026-01-29 16:20:23,984] [INFO] [DEBUG] aggregate_fit received 4 results at round 16
[2026-01-29 16:20:23,984] [INFO] [DEBUG] Decoding client response from b409a5c022d946128d79404d260b1c1c...
[2026-01-29 16:20:24,382] [INFO] [DEBUG] Decoding client response from 9c537c54cdc14d50ac6d366598041fcc...
[2026-01-29 16:20:24,732] [INFO] [DEBUG] Decoding client response from 01014f228a2e4c54859b1b6a38f4e29c...
[2026-01-29 16:20:25,052] [INFO] [DEBUG] Decoding client response from 2b00b36a5d5b46c09d5ae4fbda863be0...
[2026-01-29 16:20:25,405] [INFO] [ENCODE] Starting encode_weights in aggregate_fit...
[2026-01-29 16:20:32,048] [INFO] [ENCODE] Finished encode_weights.
[2026-01-29 16:20:32,704] [INFO] [DEBUG][SERVER] Model expects 148 layers
[2026-01-29 16:20:32,718] [INFO] [DEBUG] Loaded 148 of 148 layers
[2026-01-29 16:20:34,362] [INFO] [DEBUG][SERVER] Model expects 148 layers
[2026-01-29 16:20:34,373] [INFO] [DEBUG] Loaded 148 of 148 layers
[2026-01-29 16:20:34,373] [INFO] [Server] Evaluating at round 16
[2026-01-29 16:20:34,373] [INFO] [SERVER][Round 16] Starting evaluation (mode=SH)...
[2026-01-29 16:20:56,252] [INFO] [Round 16] WT Dice: 0.7668 | Time: 21.88s
[2026-01-29 16:45:03,828] [INFO] [SERVER DEBUG] aggregate_fit called at round 17
[2026-01-29 16:45:03,828] [INFO] [DEBUG] aggregate_fit received 4 results at round 17
[2026-01-29 16:45:03,828] [INFO] [DEBUG] Decoding client response from 01014f228a2e4c54859b1b6a38f4e29c...
[2026-01-29 16:45:04,332] [INFO] [DEBUG] Decoding client response from 2b00b36a5d5b46c09d5ae4fbda863be0...
[2026-01-29 16:45:04,854] [INFO] [DEBUG] Decoding client response from 9c537c54cdc14d50ac6d366598041fcc...
[2026-01-29 16:45:05,288] [INFO] [DEBUG] Decoding client response from b409a5c022d946128d79404d260b1c1c...
[2026-01-29 16:45:05,677] [INFO] [ENCODE] Starting encode_weights in aggregate_fit...
[2026-01-29 16:45:14,327] [INFO] [ENCODE] Finished encode_weights.
[2026-01-29 16:45:15,253] [INFO] [DEBUG][SERVER] Model expects 148 layers
[2026-01-29 16:45:15,277] [INFO] [DEBUG] Loaded 148 of 148 layers
[2026-01-29 16:45:16,446] [INFO] [DEBUG][SERVER] Model expects 148 layers
[2026-01-29 16:45:16,477] [INFO] [DEBUG] Loaded 148 of 148 layers
[2026-01-29 16:45:16,478] [INFO] [Server] Evaluating at round 17
[2026-01-29 16:45:16,478] [INFO] [SERVER][Round 17] Starting evaluation (mode=SH)...
[2026-01-29 16:45:34,916] [INFO] [Round 17] WT Dice: 0.6693 | Time: 18.44s
[2026-01-29 17:09:12,212] [INFO] [SERVER DEBUG] aggregate_fit called at round 18
[2026-01-29 17:09:12,213] [INFO] [DEBUG] aggregate_fit received 4 results at round 18
[2026-01-29 17:09:12,213] [INFO] [DEBUG] Decoding client response from 01014f228a2e4c54859b1b6a38f4e29c...
[2026-01-29 17:09:12,536] [INFO] [DEBUG] Decoding client response from 2b00b36a5d5b46c09d5ae4fbda863be0...
[2026-01-29 17:09:12,919] [INFO] [DEBUG] Decoding client response from 9c537c54cdc14d50ac6d366598041fcc...
[2026-01-29 17:09:13,159] [INFO] [DEBUG] Decoding client response from b409a5c022d946128d79404d260b1c1c...
[2026-01-29 17:09:13,420] [INFO] [ENCODE] Starting encode_weights in aggregate_fit...
[2026-01-29 17:09:20,003] [INFO] [ENCODE] Finished encode_weights.
[2026-01-29 17:09:20,647] [INFO] [DEBUG][SERVER] Model expects 148 layers
[2026-01-29 17:09:20,660] [INFO] [DEBUG] Loaded 148 of 148 layers
[2026-01-29 17:09:21,387] [INFO] [DEBUG][SERVER] Model expects 148 layers
[2026-01-29 17:09:21,402] [INFO] [DEBUG] Loaded 148 of 148 layers
[2026-01-29 17:09:21,403] [INFO] [Server] Evaluating at round 18
[2026-01-29 17:09:21,403] [INFO] [SERVER][Round 18] Starting evaluation (mode=SH)...
[2026-01-29 17:09:38,913] [INFO] [Round 18] WT Dice: 0.7299 | Time: 17.51s
[2026-01-29 17:33:41,824] [INFO] [SERVER DEBUG] aggregate_fit called at round 19
[2026-01-29 17:33:41,824] [INFO] [DEBUG] aggregate_fit received 4 results at round 19
[2026-01-29 17:33:41,824] [INFO] [DEBUG] Decoding client response from 2b00b36a5d5b46c09d5ae4fbda863be0...
[2026-01-29 17:33:42,196] [INFO] [DEBUG] Decoding client response from 01014f228a2e4c54859b1b6a38f4e29c...
[2026-01-29 17:33:42,500] [INFO] [DEBUG] Decoding client response from 9c537c54cdc14d50ac6d366598041fcc...
[2026-01-29 17:33:42,952] [INFO] [DEBUG] Decoding client response from b409a5c022d946128d79404d260b1c1c...
[2026-01-29 17:33:43,332] [INFO] [ENCODE] Starting encode_weights in aggregate_fit...
[2026-01-29 17:33:49,208] [INFO] [ENCODE] Finished encode_weights.
[2026-01-29 17:33:49,831] [INFO] [DEBUG][SERVER] Model expects 148 layers
[2026-01-29 17:33:49,846] [INFO] [DEBUG] Loaded 148 of 148 layers
[2026-01-29 17:33:50,574] [INFO] [DEBUG][SERVER] Model expects 148 layers
[2026-01-29 17:33:50,592] [INFO] [DEBUG] Loaded 148 of 148 layers
[2026-01-29 17:33:50,592] [INFO] [Server] Evaluating at round 19
[2026-01-29 17:33:50,592] [INFO] [SERVER][Round 19] Starting evaluation (mode=SH)...
[2026-01-29 17:34:08,336] [INFO] [Round 19] WT Dice: 0.7481 | Time: 17.74s
[2026-01-29 17:57:51,240] [INFO] [SERVER DEBUG] aggregate_fit called at round 20
[2026-01-29 17:57:51,241] [INFO] [DEBUG] aggregate_fit received 4 results at round 20
[2026-01-29 17:57:51,241] [INFO] [DEBUG] Decoding client response from 2b00b36a5d5b46c09d5ae4fbda863be0...
[2026-01-29 17:57:51,578] [INFO] [DEBUG] Decoding client response from b409a5c022d946128d79404d260b1c1c...
[2026-01-29 17:57:51,921] [INFO] [DEBUG] Decoding client response from 9c537c54cdc14d50ac6d366598041fcc...
[2026-01-29 17:57:52,193] [INFO] [DEBUG] Decoding client response from 01014f228a2e4c54859b1b6a38f4e29c...
[2026-01-29 17:57:52,518] [INFO] [ENCODE] Starting encode_weights in aggregate_fit...
[2026-01-29 17:57:59,670] [INFO] [ENCODE] Finished encode_weights.
[2026-01-29 17:58:00,312] [INFO] [DEBUG][SERVER] Model expects 148 layers
[2026-01-29 17:58:00,325] [INFO] [DEBUG] Loaded 148 of 148 layers
[2026-01-29 17:58:01,047] [INFO] [DEBUG][SERVER] Model expects 148 layers
[2026-01-29 17:58:01,064] [INFO] [DEBUG] Loaded 148 of 148 layers
[2026-01-29 17:58:01,064] [INFO] [Server] Evaluating at round 20
[2026-01-29 17:58:01,065] [INFO] [SERVER][Round 20] Starting evaluation (mode=SH)...
[2026-01-29 17:58:19,026] [INFO] [Round 20] WT Dice: 0.6729 | Time: 17.96s
[2026-01-29 18:21:57,486] [INFO] [SERVER DEBUG] aggregate_fit called at round 21
[2026-01-29 18:21:57,511] [INFO] [DEBUG] aggregate_fit received 4 results at round 21
[2026-01-29 18:21:57,511] [INFO] [DEBUG] Decoding client response from b409a5c022d946128d79404d260b1c1c...
[2026-01-29 18:21:57,798] [INFO] [DEBUG] Decoding client response from 9c537c54cdc14d50ac6d366598041fcc...
[2026-01-29 18:21:58,044] [INFO] [DEBUG] Decoding client response from 01014f228a2e4c54859b1b6a38f4e29c...
[2026-01-29 18:21:58,263] [INFO] [DEBUG] Decoding client response from 2b00b36a5d5b46c09d5ae4fbda863be0...
[2026-01-29 18:21:58,516] [INFO] [ENCODE] Starting encode_weights in aggregate_fit...
[2026-01-29 18:22:05,224] [INFO] [ENCODE] Finished encode_weights.
[2026-01-29 18:22:05,910] [INFO] [DEBUG][SERVER] Model expects 148 layers
[2026-01-29 18:22:05,923] [INFO] [DEBUG] Loaded 148 of 148 layers
[2026-01-29 18:22:06,609] [INFO] [DEBUG][SERVER] Model expects 148 layers
[2026-01-29 18:22:06,625] [INFO] [DEBUG] Loaded 148 of 148 layers
[2026-01-29 18:22:06,625] [INFO] [Server] Evaluating at round 21
[2026-01-29 18:22:06,625] [INFO] [SERVER][Round 21] Starting evaluation (mode=SH)...
[2026-01-29 18:22:24,350] [INFO] [Round 21] WT Dice: 0.8263 | Time: 17.73s
[2026-01-29 18:22:24,475] [INFO] [BEST MODEL] Saved: Revision2/Run_UNET_IID_SH20_20260129/Server/best_model.pth
[2026-01-29 18:22:24,544] [INFO] [BEST MODEL] Saved: Revision2/Run_UNET_IID_SH20_20260129/Server/best_model_round21.pth
[2026-01-29 18:22:24,544] [INFO] [BEST MODEL] New best at round 21: WT=0.8263
[2026-01-29 18:46:00,706] [INFO] [SERVER DEBUG] aggregate_fit called at round 22
[2026-01-29 18:46:00,707] [INFO] [DEBUG] aggregate_fit received 4 results at round 22
[2026-01-29 18:46:00,707] [INFO] [DEBUG] Decoding client response from b409a5c022d946128d79404d260b1c1c...
[2026-01-29 18:46:01,255] [INFO] [DEBUG] Decoding client response from 2b00b36a5d5b46c09d5ae4fbda863be0...
[2026-01-29 18:46:01,516] [INFO] [DEBUG] Decoding client response from 9c537c54cdc14d50ac6d366598041fcc...
[2026-01-29 18:46:01,860] [INFO] [DEBUG] Decoding client response from 01014f228a2e4c54859b1b6a38f4e29c...
[2026-01-29 18:46:02,131] [INFO] [ENCODE] Starting encode_weights in aggregate_fit...
[2026-01-29 18:46:08,837] [INFO] [ENCODE] Finished encode_weights.
[2026-01-29 18:46:09,480] [INFO] [DEBUG][SERVER] Model expects 148 layers
[2026-01-29 18:46:09,497] [INFO] [DEBUG] Loaded 148 of 148 layers
[2026-01-29 18:46:10,193] [INFO] [DEBUG][SERVER] Model expects 148 layers
[2026-01-29 18:46:10,207] [INFO] [DEBUG] Loaded 148 of 148 layers
[2026-01-29 18:46:10,208] [INFO] [Server] Evaluating at round 22
[2026-01-29 18:46:10,208] [INFO] [SERVER][Round 22] Starting evaluation (mode=SH)...
[2026-01-29 18:46:27,679] [INFO] [Round 22] WT Dice: 0.8873 | Time: 17.47s
[2026-01-29 18:46:27,828] [INFO] [BEST MODEL] Saved: Revision2/Run_UNET_IID_SH20_20260129/Server/best_model.pth
[2026-01-29 18:46:27,900] [INFO] [BEST MODEL] Saved: Revision2/Run_UNET_IID_SH20_20260129/Server/best_model_round22.pth
[2026-01-29 18:46:27,900] [INFO] [BEST MODEL] New best at round 22: WT=0.8873
[2026-01-29 19:10:02,676] [INFO] [SERVER DEBUG] aggregate_fit called at round 23
[2026-01-29 19:10:02,677] [INFO] [DEBUG] aggregate_fit received 4 results at round 23
[2026-01-29 19:10:02,677] [INFO] [DEBUG] Decoding client response from 01014f228a2e4c54859b1b6a38f4e29c...
[2026-01-29 19:10:03,081] [INFO] [DEBUG] Decoding client response from 2b00b36a5d5b46c09d5ae4fbda863be0...
[2026-01-29 19:10:03,447] [INFO] [DEBUG] Decoding client response from 9c537c54cdc14d50ac6d366598041fcc...
[2026-01-29 19:10:03,814] [INFO] [DEBUG] Decoding client response from b409a5c022d946128d79404d260b1c1c...
[2026-01-29 19:10:04,159] [INFO] [ENCODE] Starting encode_weights in aggregate_fit...
[2026-01-29 19:10:13,939] [INFO] [ENCODE] Finished encode_weights.
[2026-01-29 19:10:14,948] [INFO] [DEBUG][SERVER] Model expects 148 layers
[2026-01-29 19:10:14,974] [INFO] [DEBUG] Loaded 148 of 148 layers
[2026-01-29 19:10:16,157] [INFO] [DEBUG][SERVER] Model expects 148 layers
[2026-01-29 19:10:16,169] [INFO] [DEBUG] Loaded 148 of 148 layers
[2026-01-29 19:10:16,169] [INFO] [Server] Evaluating at round 23
[2026-01-29 19:10:16,169] [INFO] [SERVER][Round 23] Starting evaluation (mode=SH)...
[2026-01-29 19:10:34,422] [INFO] [Round 23] WT Dice: 0.8497 | Time: 18.25s
[2026-01-29 19:34:31,332] [INFO] [SERVER DEBUG] aggregate_fit called at round 24
[2026-01-29 19:34:31,333] [INFO] [DEBUG] aggregate_fit received 4 results at round 24
[2026-01-29 19:34:31,333] [INFO] [DEBUG] Decoding client response from b409a5c022d946128d79404d260b1c1c...
[2026-01-29 19:34:31,707] [INFO] [DEBUG] Decoding client response from 01014f228a2e4c54859b1b6a38f4e29c...
[2026-01-29 19:34:32,040] [INFO] [DEBUG] Decoding client response from 9c537c54cdc14d50ac6d366598041fcc...
[2026-01-29 19:34:32,363] [INFO] [DEBUG] Decoding client response from 2b00b36a5d5b46c09d5ae4fbda863be0...
[2026-01-29 19:34:32,723] [INFO] [ENCODE] Starting encode_weights in aggregate_fit...
[2026-01-29 19:34:37,903] [INFO] [ENCODE] Finished encode_weights.
[2026-01-29 19:34:38,476] [INFO] [DEBUG][SERVER] Model expects 148 layers
[2026-01-29 19:34:38,488] [INFO] [DEBUG] Loaded 148 of 148 layers
[2026-01-29 19:34:39,143] [INFO] [DEBUG][SERVER] Model expects 148 layers
[2026-01-29 19:34:39,155] [INFO] [DEBUG] Loaded 148 of 148 layers
[2026-01-29 19:34:39,156] [INFO] [Server] Evaluating at round 24
[2026-01-29 19:34:39,156] [INFO] [SERVER][Round 24] Starting evaluation (mode=SH)...
[2026-01-29 19:34:56,592] [INFO] [Round 24] WT Dice: 0.7435 | Time: 17.44s
[2026-01-29 19:58:41,388] [INFO] [SERVER DEBUG] aggregate_fit called at round 25
[2026-01-29 19:58:41,388] [INFO] [DEBUG] aggregate_fit received 4 results at round 25
[2026-01-29 19:58:41,388] [INFO] [DEBUG] Decoding client response from 2b00b36a5d5b46c09d5ae4fbda863be0...
[2026-01-29 19:58:41,743] [INFO] [DEBUG] Decoding client response from 9c537c54cdc14d50ac6d366598041fcc...
[2026-01-29 19:58:42,085] [INFO] [DEBUG] Decoding client response from b409a5c022d946128d79404d260b1c1c...
[2026-01-29 19:58:42,352] [INFO] [DEBUG] Decoding client response from 01014f228a2e4c54859b1b6a38f4e29c...
[2026-01-29 19:58:42,673] [INFO] [ENCODE] Starting encode_weights in aggregate_fit...
[2026-01-29 19:58:48,179] [INFO] [ENCODE] Finished encode_weights.
[2026-01-29 19:58:48,794] [INFO] [DEBUG][SERVER] Model expects 148 layers
[2026-01-29 19:58:48,809] [INFO] [DEBUG] Loaded 148 of 148 layers
[2026-01-29 19:58:49,485] [INFO] [DEBUG][SERVER] Model expects 148 layers
[2026-01-29 19:58:49,502] [INFO] [DEBUG] Loaded 148 of 148 layers
[2026-01-29 19:58:49,502] [INFO] [Server] Evaluating at round 25
[2026-01-29 19:58:49,502] [INFO] [SERVER][Round 25] Starting evaluation (mode=SH)...
[2026-01-29 19:59:06,991] [INFO] [Round 25] WT Dice: 0.8308 | Time: 17.49s
