[2026-01-29 20:52:16,041] [INFO] [SERVER INIT] EXPERIMENT_DIR=Revision2/Run_UNET_IID_SH20_20260129, LOG=Revision2/Run_UNET_IID_SH20_20260129/Server/ServerReport20260129.log
[2026-01-29 20:52:16,042] [INFO] [ENV] SERVER_ADDRESS=127.0.0.1, SERVER_PORT=8089, DATA_PATH=/home/jovyan/FeTS2022/MICCAI_FeTS2022_TrainingData, ENCODING_MODE=SH, N_CLUSTERS=32
[2026-01-29 20:52:16,178] [INFO] [DATA] Server test set loaded with 67 samples.
[2026-01-29 20:52:16,457] [INFO] [MODEL INIT] UNet with 148 layers initialized on cuda
[2026-01-29 20:52:16,506] [INFO] [STRATEGY INIT] mode=SH, UsedClusters=- (EnvNClusters=32), experiment_dir=Revision2/Run_UNET_IID_SH20_20260129 | BestMetricKey=WT
[2026-01-29 20:52:16,506] [INFO] [SERVER START] Address=127.0.0.1:8089, Rounds=25, Mode=SH, NClusters=32
[2026-01-29 20:52:16,547] [INFO] [DEBUG][SERVER] Model expects 148 layers
[2026-01-29 20:52:16,561] [INFO] [DEBUG] Loaded 148 of 148 layers
[2026-01-29 20:52:16,561] [INFO] [Server] Evaluating at round 0
[2026-01-29 20:52:16,562] [INFO] [SERVER][Round 0] Starting evaluation (mode=SH)...
[2026-01-29 20:52:38,555] [INFO] [Round 0] WT Dice: 0.1107 | Time: 21.99s
[2026-01-29 20:52:38,650] [INFO] [BEST MODEL] Saved: Revision2/Run_UNET_IID_SH20_20260129/Server/best_model.pth
[2026-01-29 20:52:38,716] [INFO] [BEST MODEL] Saved: Revision2/Run_UNET_IID_SH20_20260129/Server/best_model_round0.pth
[2026-01-29 20:52:38,717] [INFO] [BEST MODEL] New best at round 0: WT=0.1107
[2026-01-29 21:04:43,385] [INFO] [SERVER DEBUG] aggregate_fit called at round 1
[2026-01-29 21:04:43,386] [INFO] [DEBUG] aggregate_fit received 4 results at round 1
[2026-01-29 21:04:43,386] [INFO] [DEBUG] Decoding client response from 362ba6427a4c409fa67ed628090d9377...
[2026-01-29 21:04:43,884] [INFO] [DEBUG] Decoding client response from b10fcede358446289a05f5fe35138dcb...
[2026-01-29 21:04:44,286] [INFO] [DEBUG] Decoding client response from 382e2319370d43a0be934fee5117dcb9...
[2026-01-29 21:04:44,666] [INFO] [DEBUG] Decoding client response from f893ae9dab244d38af3e443b9079b9d3...
[2026-01-29 21:04:45,050] [INFO] [ENCODE] Starting encode_weights in aggregate_fit...
[2026-01-29 21:04:57,359] [INFO] [ENCODE] Finished encode_weights.
[2026-01-29 21:04:58,297] [INFO] [DEBUG][SERVER] Model expects 148 layers
[2026-01-29 21:04:58,324] [INFO] [DEBUG] Loaded 148 of 148 layers
[2026-01-29 21:04:59,499] [INFO] [DEBUG][SERVER] Model expects 148 layers
[2026-01-29 21:04:59,519] [INFO] [DEBUG] Loaded 148 of 148 layers
[2026-01-29 21:04:59,520] [INFO] [Server] Evaluating at round 1
[2026-01-29 21:04:59,520] [INFO] [SERVER][Round 1] Starting evaluation (mode=SH)...
[2026-01-29 21:05:20,423] [INFO] [Round 1] WT Dice: 0.0220 | Time: 20.90s
[2026-01-29 21:18:26,501] [INFO] [SERVER DEBUG] aggregate_fit called at round 2
[2026-01-29 21:18:26,501] [INFO] [DEBUG] aggregate_fit received 4 results at round 2
[2026-01-29 21:18:26,501] [INFO] [DEBUG] Decoding client response from b10fcede358446289a05f5fe35138dcb...
[2026-01-29 21:18:26,876] [INFO] [DEBUG] Decoding client response from f893ae9dab244d38af3e443b9079b9d3...
[2026-01-29 21:18:27,247] [INFO] [DEBUG] Decoding client response from 362ba6427a4c409fa67ed628090d9377...
[2026-01-29 21:18:27,583] [INFO] [DEBUG] Decoding client response from 382e2319370d43a0be934fee5117dcb9...
[2026-01-29 21:18:27,973] [INFO] [ENCODE] Starting encode_weights in aggregate_fit...
[2026-01-29 21:18:35,831] [INFO] [ENCODE] Finished encode_weights.
[2026-01-29 21:18:36,498] [INFO] [DEBUG][SERVER] Model expects 148 layers
[2026-01-29 21:18:36,521] [INFO] [DEBUG] Loaded 148 of 148 layers
[2026-01-29 21:18:37,304] [INFO] [DEBUG][SERVER] Model expects 148 layers
[2026-01-29 21:18:37,320] [INFO] [DEBUG] Loaded 148 of 148 layers
[2026-01-29 21:18:37,320] [INFO] [Server] Evaluating at round 2
[2026-01-29 21:18:37,320] [INFO] [SERVER][Round 2] Starting evaluation (mode=SH)...
[2026-01-29 21:18:54,895] [INFO] [Round 2] WT Dice: 0.0328 | Time: 17.57s
[2026-01-29 21:32:23,137] [INFO] [SERVER DEBUG] aggregate_fit called at round 3
[2026-01-29 21:32:23,138] [INFO] [DEBUG] aggregate_fit received 4 results at round 3
[2026-01-29 21:32:23,138] [INFO] [DEBUG] Decoding client response from 382e2319370d43a0be934fee5117dcb9...
[2026-01-29 21:32:23,535] [INFO] [DEBUG] Decoding client response from f893ae9dab244d38af3e443b9079b9d3...
[2026-01-29 21:32:23,896] [INFO] [DEBUG] Decoding client response from 362ba6427a4c409fa67ed628090d9377...
[2026-01-29 21:32:24,231] [INFO] [DEBUG] Decoding client response from b10fcede358446289a05f5fe35138dcb...
[2026-01-29 21:32:24,605] [INFO] [ENCODE] Starting encode_weights in aggregate_fit...
[2026-01-29 21:32:32,426] [INFO] [ENCODE] Finished encode_weights.
[2026-01-29 21:32:33,066] [INFO] [DEBUG][SERVER] Model expects 148 layers
[2026-01-29 21:32:33,085] [INFO] [DEBUG] Loaded 148 of 148 layers
[2026-01-29 21:32:33,854] [INFO] [DEBUG][SERVER] Model expects 148 layers
[2026-01-29 21:32:33,866] [INFO] [DEBUG] Loaded 148 of 148 layers
[2026-01-29 21:32:33,866] [INFO] [Server] Evaluating at round 3
[2026-01-29 21:32:33,866] [INFO] [SERVER][Round 3] Starting evaluation (mode=SH)...
[2026-01-29 21:32:51,604] [INFO] [Round 3] WT Dice: 0.2562 | Time: 17.74s
[2026-01-29 21:32:51,733] [INFO] [BEST MODEL] Saved: Revision2/Run_UNET_IID_SH20_20260129/Server/best_model.pth
[2026-01-29 21:32:51,807] [INFO] [BEST MODEL] Saved: Revision2/Run_UNET_IID_SH20_20260129/Server/best_model_round3.pth
[2026-01-29 21:32:51,807] [INFO] [BEST MODEL] New best at round 3: WT=0.2562
[2026-01-29 21:45:39,474] [INFO] [SERVER DEBUG] aggregate_fit called at round 4
[2026-01-29 21:45:39,474] [INFO] [DEBUG] aggregate_fit received 4 results at round 4
[2026-01-29 21:45:39,474] [INFO] [DEBUG] Decoding client response from b10fcede358446289a05f5fe35138dcb...
[2026-01-29 21:45:39,818] [INFO] [DEBUG] Decoding client response from 362ba6427a4c409fa67ed628090d9377...
[2026-01-29 21:45:40,191] [INFO] [DEBUG] Decoding client response from f893ae9dab244d38af3e443b9079b9d3...
[2026-01-29 21:45:40,546] [INFO] [DEBUG] Decoding client response from 382e2319370d43a0be934fee5117dcb9...
[2026-01-29 21:45:40,937] [INFO] [ENCODE] Starting encode_weights in aggregate_fit...
[2026-01-29 21:45:48,180] [INFO] [ENCODE] Finished encode_weights.
[2026-01-29 21:45:49,054] [INFO] [DEBUG][SERVER] Model expects 148 layers
[2026-01-29 21:45:49,067] [INFO] [DEBUG] Loaded 148 of 148 layers
[2026-01-29 21:45:49,888] [INFO] [DEBUG][SERVER] Model expects 148 layers
[2026-01-29 21:45:49,899] [INFO] [DEBUG] Loaded 148 of 148 layers
[2026-01-29 21:45:49,900] [INFO] [Server] Evaluating at round 4
[2026-01-29 21:45:49,900] [INFO] [SERVER][Round 4] Starting evaluation (mode=SH)...
[2026-01-29 21:46:07,520] [INFO] [Round 4] WT Dice: 0.3270 | Time: 17.62s
[2026-01-29 21:46:07,652] [INFO] [BEST MODEL] Saved: Revision2/Run_UNET_IID_SH20_20260129/Server/best_model.pth
[2026-01-29 21:46:07,713] [INFO] [BEST MODEL] Saved: Revision2/Run_UNET_IID_SH20_20260129/Server/best_model_round4.pth
[2026-01-29 21:46:07,713] [INFO] [BEST MODEL] New best at round 4: WT=0.3270
[2026-01-29 21:59:01,330] [INFO] [SERVER DEBUG] aggregate_fit called at round 5
[2026-01-29 21:59:01,330] [INFO] [DEBUG] aggregate_fit received 4 results at round 5
[2026-01-29 21:59:01,330] [INFO] [DEBUG] Decoding client response from 362ba6427a4c409fa67ed628090d9377...
[2026-01-29 21:59:01,563] [INFO] [DEBUG] Decoding client response from f893ae9dab244d38af3e443b9079b9d3...
[2026-01-29 21:59:01,784] [INFO] [DEBUG] Decoding client response from 382e2319370d43a0be934fee5117dcb9...
[2026-01-29 21:59:01,961] [INFO] [DEBUG] Decoding client response from b10fcede358446289a05f5fe35138dcb...
[2026-01-29 21:59:02,201] [INFO] [ENCODE] Starting encode_weights in aggregate_fit...
[2026-01-29 21:59:08,045] [INFO] [ENCODE] Finished encode_weights.
[2026-01-29 21:59:08,637] [INFO] [DEBUG][SERVER] Model expects 148 layers
[2026-01-29 21:59:08,650] [INFO] [DEBUG] Loaded 148 of 148 layers
[2026-01-29 21:59:09,353] [INFO] [DEBUG][SERVER] Model expects 148 layers
[2026-01-29 21:59:09,364] [INFO] [DEBUG] Loaded 148 of 148 layers
[2026-01-29 21:59:09,364] [INFO] [Server] Evaluating at round 5
[2026-01-29 21:59:09,364] [INFO] [SERVER][Round 5] Starting evaluation (mode=SH)...
[2026-01-29 21:59:28,295] [INFO] [Round 5] WT Dice: 0.2746 | Time: 18.93s
[2026-01-29 22:12:26,427] [INFO] [SERVER DEBUG] aggregate_fit called at round 6
[2026-01-29 22:12:26,427] [INFO] [DEBUG] aggregate_fit received 4 results at round 6
[2026-01-29 22:12:26,427] [INFO] [DEBUG] Decoding client response from b10fcede358446289a05f5fe35138dcb...
[2026-01-29 22:12:26,724] [INFO] [DEBUG] Decoding client response from 362ba6427a4c409fa67ed628090d9377...
[2026-01-29 22:12:26,996] [INFO] [DEBUG] Decoding client response from 382e2319370d43a0be934fee5117dcb9...
[2026-01-29 22:12:27,246] [INFO] [DEBUG] Decoding client response from f893ae9dab244d38af3e443b9079b9d3...
[2026-01-29 22:12:27,529] [INFO] [ENCODE] Starting encode_weights in aggregate_fit...
[2026-01-29 22:12:35,396] [INFO] [ENCODE] Finished encode_weights.
[2026-01-29 22:12:36,117] [INFO] [DEBUG][SERVER] Model expects 148 layers
[2026-01-29 22:12:36,131] [INFO] [DEBUG] Loaded 148 of 148 layers
[2026-01-29 22:12:36,837] [INFO] [DEBUG][SERVER] Model expects 148 layers
[2026-01-29 22:12:36,848] [INFO] [DEBUG] Loaded 148 of 148 layers
[2026-01-29 22:12:36,849] [INFO] [Server] Evaluating at round 6
[2026-01-29 22:12:36,849] [INFO] [SERVER][Round 6] Starting evaluation (mode=SH)...
[2026-01-29 22:12:54,530] [INFO] [Round 6] WT Dice: 0.3148 | Time: 17.68s
[2026-01-29 22:25:43,234] [INFO] [SERVER DEBUG] aggregate_fit called at round 7
[2026-01-29 22:25:43,235] [INFO] [DEBUG] aggregate_fit received 4 results at round 7
[2026-01-29 22:25:43,235] [INFO] [DEBUG] Decoding client response from 362ba6427a4c409fa67ed628090d9377...
[2026-01-29 22:25:43,665] [INFO] [DEBUG] Decoding client response from b10fcede358446289a05f5fe35138dcb...
[2026-01-29 22:25:44,056] [INFO] [DEBUG] Decoding client response from f893ae9dab244d38af3e443b9079b9d3...
[2026-01-29 22:25:44,431] [INFO] [DEBUG] Decoding client response from 382e2319370d43a0be934fee5117dcb9...
[2026-01-29 22:25:44,775] [INFO] [ENCODE] Starting encode_weights in aggregate_fit...
[2026-01-29 22:25:53,735] [INFO] [ENCODE] Finished encode_weights.
[2026-01-29 22:25:54,511] [INFO] [DEBUG][SERVER] Model expects 148 layers
[2026-01-29 22:25:54,526] [INFO] [DEBUG] Loaded 148 of 148 layers
[2026-01-29 22:25:55,400] [INFO] [DEBUG][SERVER] Model expects 148 layers
[2026-01-29 22:25:55,415] [INFO] [DEBUG] Loaded 148 of 148 layers
[2026-01-29 22:25:55,416] [INFO] [Server] Evaluating at round 7
[2026-01-29 22:25:55,416] [INFO] [SERVER][Round 7] Starting evaluation (mode=SH)...
[2026-01-29 22:26:13,776] [INFO] [Round 7] WT Dice: 0.1635 | Time: 18.36s
[2026-01-29 22:39:03,657] [INFO] [SERVER DEBUG] aggregate_fit called at round 8
[2026-01-29 22:39:03,657] [INFO] [DEBUG] aggregate_fit received 4 results at round 8
[2026-01-29 22:39:03,657] [INFO] [DEBUG] Decoding client response from f893ae9dab244d38af3e443b9079b9d3...
[2026-01-29 22:39:03,975] [INFO] [DEBUG] Decoding client response from 382e2319370d43a0be934fee5117dcb9...
[2026-01-29 22:39:04,278] [INFO] [DEBUG] Decoding client response from 362ba6427a4c409fa67ed628090d9377...
[2026-01-29 22:39:04,521] [INFO] [DEBUG] Decoding client response from b10fcede358446289a05f5fe35138dcb...
[2026-01-29 22:39:04,790] [INFO] [ENCODE] Starting encode_weights in aggregate_fit...
[2026-01-29 22:39:12,359] [INFO] [ENCODE] Finished encode_weights.
[2026-01-29 22:39:12,997] [INFO] [DEBUG][SERVER] Model expects 148 layers
[2026-01-29 22:39:13,010] [INFO] [DEBUG] Loaded 148 of 148 layers
[2026-01-29 22:39:13,775] [INFO] [DEBUG][SERVER] Model expects 148 layers
[2026-01-29 22:39:13,786] [INFO] [DEBUG] Loaded 148 of 148 layers
[2026-01-29 22:39:13,786] [INFO] [Server] Evaluating at round 8
[2026-01-29 22:39:13,786] [INFO] [SERVER][Round 8] Starting evaluation (mode=SH)...
[2026-01-29 22:39:31,973] [INFO] [Round 8] WT Dice: 0.0535 | Time: 18.19s
[2026-01-29 22:52:33,580] [INFO] [SERVER DEBUG] aggregate_fit called at round 9
[2026-01-29 22:52:33,581] [INFO] [DEBUG] aggregate_fit received 4 results at round 9
[2026-01-29 22:52:33,581] [INFO] [DEBUG] Decoding client response from 382e2319370d43a0be934fee5117dcb9...
[2026-01-29 22:52:33,849] [INFO] [DEBUG] Decoding client response from b10fcede358446289a05f5fe35138dcb...
[2026-01-29 22:52:34,107] [INFO] [DEBUG] Decoding client response from f893ae9dab244d38af3e443b9079b9d3...
[2026-01-29 22:52:34,365] [INFO] [DEBUG] Decoding client response from 362ba6427a4c409fa67ed628090d9377...
[2026-01-29 22:52:34,636] [INFO] [ENCODE] Starting encode_weights in aggregate_fit...
[2026-01-29 22:52:42,073] [INFO] [ENCODE] Finished encode_weights.
[2026-01-29 22:52:42,777] [INFO] [DEBUG][SERVER] Model expects 148 layers
[2026-01-29 22:52:42,789] [INFO] [DEBUG] Loaded 148 of 148 layers
[2026-01-29 22:52:43,506] [INFO] [DEBUG][SERVER] Model expects 148 layers
[2026-01-29 22:52:43,517] [INFO] [DEBUG] Loaded 148 of 148 layers
[2026-01-29 22:52:43,517] [INFO] [Server] Evaluating at round 9
[2026-01-29 22:52:43,517] [INFO] [SERVER][Round 9] Starting evaluation (mode=SH)...
[2026-01-29 22:53:01,599] [INFO] [Round 9] WT Dice: 0.1050 | Time: 18.08s
[2026-01-29 23:05:47,741] [INFO] [SERVER DEBUG] aggregate_fit called at round 10
[2026-01-29 23:05:47,741] [INFO] [DEBUG] aggregate_fit received 4 results at round 10
[2026-01-29 23:05:47,741] [INFO] [DEBUG] Decoding client response from f893ae9dab244d38af3e443b9079b9d3...
[2026-01-29 23:05:48,211] [INFO] [DEBUG] Decoding client response from b10fcede358446289a05f5fe35138dcb...
[2026-01-29 23:05:48,611] [INFO] [DEBUG] Decoding client response from 382e2319370d43a0be934fee5117dcb9...
[2026-01-29 23:05:48,966] [INFO] [DEBUG] Decoding client response from 362ba6427a4c409fa67ed628090d9377...
[2026-01-29 23:05:49,389] [INFO] [ENCODE] Starting encode_weights in aggregate_fit...
[2026-01-29 23:05:57,064] [INFO] [ENCODE] Finished encode_weights.
[2026-01-29 23:05:57,700] [INFO] [DEBUG][SERVER] Model expects 148 layers
[2026-01-29 23:05:57,711] [INFO] [DEBUG] Loaded 148 of 148 layers
[2026-01-29 23:05:58,457] [INFO] [DEBUG][SERVER] Model expects 148 layers
[2026-01-29 23:05:58,468] [INFO] [DEBUG] Loaded 148 of 148 layers
[2026-01-29 23:05:58,468] [INFO] [Server] Evaluating at round 10
[2026-01-29 23:05:58,468] [INFO] [SERVER][Round 10] Starting evaluation (mode=SH)...
[2026-01-29 23:06:16,107] [INFO] [Round 10] WT Dice: 0.3371 | Time: 17.64s
[2026-01-29 23:06:16,389] [INFO] [BEST MODEL] Saved: Revision2/Run_UNET_IID_SH20_20260129/Server/best_model.pth
[2026-01-29 23:06:16,463] [INFO] [BEST MODEL] Saved: Revision2/Run_UNET_IID_SH20_20260129/Server/best_model_round10.pth
[2026-01-29 23:06:16,464] [INFO] [BEST MODEL] New best at round 10: WT=0.3371
[2026-01-29 23:18:53,992] [INFO] [SERVER DEBUG] aggregate_fit called at round 11
[2026-01-29 23:18:53,992] [INFO] [DEBUG] aggregate_fit received 4 results at round 11
[2026-01-29 23:18:53,992] [INFO] [DEBUG] Decoding client response from f893ae9dab244d38af3e443b9079b9d3...
[2026-01-29 23:18:54,408] [INFO] [DEBUG] Decoding client response from 382e2319370d43a0be934fee5117dcb9...
[2026-01-29 23:18:54,769] [INFO] [DEBUG] Decoding client response from 362ba6427a4c409fa67ed628090d9377...
[2026-01-29 23:18:55,124] [INFO] [DEBUG] Decoding client response from b10fcede358446289a05f5fe35138dcb...
[2026-01-29 23:18:55,479] [INFO] [ENCODE] Starting encode_weights in aggregate_fit...
[2026-01-29 23:19:03,972] [INFO] [ENCODE] Finished encode_weights.
[2026-01-29 23:19:04,836] [INFO] [DEBUG][SERVER] Model expects 148 layers
[2026-01-29 23:19:04,852] [INFO] [DEBUG] Loaded 148 of 148 layers
[2026-01-29 23:19:05,690] [INFO] [DEBUG][SERVER] Model expects 148 layers
[2026-01-29 23:19:05,702] [INFO] [DEBUG] Loaded 148 of 148 layers
[2026-01-29 23:19:05,702] [INFO] [Server] Evaluating at round 11
[2026-01-29 23:19:05,702] [INFO] [SERVER][Round 11] Starting evaluation (mode=SH)...
[2026-01-29 23:19:23,333] [INFO] [Round 11] WT Dice: 0.0388 | Time: 17.63s
[2026-01-29 23:32:39,784] [INFO] [SERVER DEBUG] aggregate_fit called at round 12
[2026-01-29 23:32:39,785] [INFO] [DEBUG] aggregate_fit received 4 results at round 12
[2026-01-29 23:32:39,785] [INFO] [DEBUG] Decoding client response from 382e2319370d43a0be934fee5117dcb9...
[2026-01-29 23:32:40,097] [INFO] [DEBUG] Decoding client response from f893ae9dab244d38af3e443b9079b9d3...
[2026-01-29 23:32:40,336] [INFO] [DEBUG] Decoding client response from 362ba6427a4c409fa67ed628090d9377...
[2026-01-29 23:32:40,648] [INFO] [DEBUG] Decoding client response from b10fcede358446289a05f5fe35138dcb...
[2026-01-29 23:32:40,947] [INFO] [ENCODE] Starting encode_weights in aggregate_fit...
[2026-01-29 23:32:48,125] [INFO] [ENCODE] Finished encode_weights.
[2026-01-29 23:32:48,760] [INFO] [DEBUG][SERVER] Model expects 148 layers
[2026-01-29 23:32:48,771] [INFO] [DEBUG] Loaded 148 of 148 layers
[2026-01-29 23:32:49,454] [INFO] [DEBUG][SERVER] Model expects 148 layers
[2026-01-29 23:32:49,465] [INFO] [DEBUG] Loaded 148 of 148 layers
[2026-01-29 23:32:49,465] [INFO] [Server] Evaluating at round 12
[2026-01-29 23:32:49,465] [INFO] [SERVER][Round 12] Starting evaluation (mode=SH)...
[2026-01-29 23:33:07,136] [INFO] [Round 12] WT Dice: 0.3538 | Time: 17.67s
[2026-01-29 23:33:07,263] [INFO] [BEST MODEL] Saved: Revision2/Run_UNET_IID_SH20_20260129/Server/best_model.pth
[2026-01-29 23:33:07,332] [INFO] [BEST MODEL] Saved: Revision2/Run_UNET_IID_SH20_20260129/Server/best_model_round12.pth
[2026-01-29 23:33:07,333] [INFO] [BEST MODEL] New best at round 12: WT=0.3538
[2026-01-29 23:45:37,060] [INFO] [SERVER DEBUG] aggregate_fit called at round 13
[2026-01-29 23:45:37,060] [INFO] [DEBUG] aggregate_fit received 4 results at round 13
[2026-01-29 23:45:37,060] [INFO] [DEBUG] Decoding client response from 382e2319370d43a0be934fee5117dcb9...
[2026-01-29 23:45:37,549] [INFO] [DEBUG] Decoding client response from f893ae9dab244d38af3e443b9079b9d3...
[2026-01-29 23:45:37,959] [INFO] [DEBUG] Decoding client response from 362ba6427a4c409fa67ed628090d9377...
[2026-01-29 23:45:38,371] [INFO] [DEBUG] Decoding client response from b10fcede358446289a05f5fe35138dcb...
[2026-01-29 23:45:38,825] [INFO] [ENCODE] Starting encode_weights in aggregate_fit...
[2026-01-29 23:45:47,580] [INFO] [ENCODE] Finished encode_weights.
[2026-01-29 23:45:48,352] [INFO] [DEBUG][SERVER] Model expects 148 layers
[2026-01-29 23:45:48,365] [INFO] [DEBUG] Loaded 148 of 148 layers
[2026-01-29 23:45:49,288] [INFO] [DEBUG][SERVER] Model expects 148 layers
[2026-01-29 23:45:49,299] [INFO] [DEBUG] Loaded 148 of 148 layers
[2026-01-29 23:45:49,299] [INFO] [Server] Evaluating at round 13
[2026-01-29 23:45:49,299] [INFO] [SERVER][Round 13] Starting evaluation (mode=SH)...
[2026-01-29 23:46:07,000] [INFO] [Round 13] WT Dice: 0.3937 | Time: 17.70s
[2026-01-29 23:46:07,130] [INFO] [BEST MODEL] Saved: Revision2/Run_UNET_IID_SH20_20260129/Server/best_model.pth
[2026-01-29 23:46:07,190] [INFO] [BEST MODEL] Saved: Revision2/Run_UNET_IID_SH20_20260129/Server/best_model_round13.pth
[2026-01-29 23:46:07,191] [INFO] [BEST MODEL] New best at round 13: WT=0.3937
[2026-01-29 23:58:53,110] [INFO] [SERVER DEBUG] aggregate_fit called at round 14
[2026-01-29 23:58:53,110] [INFO] [DEBUG] aggregate_fit received 4 results at round 14
[2026-01-29 23:58:53,110] [INFO] [DEBUG] Decoding client response from 362ba6427a4c409fa67ed628090d9377...
[2026-01-29 23:58:53,706] [INFO] [DEBUG] Decoding client response from f893ae9dab244d38af3e443b9079b9d3...
[2026-01-29 23:58:54,038] [INFO] [DEBUG] Decoding client response from 382e2319370d43a0be934fee5117dcb9...
[2026-01-29 23:58:54,342] [INFO] [DEBUG] Decoding client response from b10fcede358446289a05f5fe35138dcb...
[2026-01-29 23:58:54,663] [INFO] [ENCODE] Starting encode_weights in aggregate_fit...
[2026-01-29 23:59:01,778] [INFO] [ENCODE] Finished encode_weights.
[2026-01-29 23:59:02,406] [INFO] [DEBUG][SERVER] Model expects 148 layers
[2026-01-29 23:59:02,418] [INFO] [DEBUG] Loaded 148 of 148 layers
[2026-01-29 23:59:03,116] [INFO] [DEBUG][SERVER] Model expects 148 layers
[2026-01-29 23:59:03,126] [INFO] [DEBUG] Loaded 148 of 148 layers
[2026-01-29 23:59:03,127] [INFO] [Server] Evaluating at round 14
[2026-01-29 23:59:03,127] [INFO] [SERVER][Round 14] Starting evaluation (mode=SH)...
[2026-01-29 23:59:20,825] [INFO] [Round 14] WT Dice: 0.3991 | Time: 17.70s
[2026-01-29 23:59:20,943] [INFO] [BEST MODEL] Saved: Revision2/Run_UNET_IID_SH20_20260129/Server/best_model.pth
[2026-01-29 23:59:21,002] [INFO] [BEST MODEL] Saved: Revision2/Run_UNET_IID_SH20_20260129/Server/best_model_round14.pth
[2026-01-29 23:59:21,003] [INFO] [BEST MODEL] New best at round 14: WT=0.3991
[2026-01-30 00:11:47,898] [INFO] [SERVER DEBUG] aggregate_fit called at round 15
[2026-01-30 00:11:47,898] [INFO] [DEBUG] aggregate_fit received 4 results at round 15
[2026-01-30 00:11:47,898] [INFO] [DEBUG] Decoding client response from b10fcede358446289a05f5fe35138dcb...
[2026-01-30 00:11:48,231] [INFO] [DEBUG] Decoding client response from 382e2319370d43a0be934fee5117dcb9...
[2026-01-30 00:11:48,518] [INFO] [DEBUG] Decoding client response from 362ba6427a4c409fa67ed628090d9377...
[2026-01-30 00:11:48,795] [INFO] [DEBUG] Decoding client response from f893ae9dab244d38af3e443b9079b9d3...
[2026-01-30 00:11:49,106] [INFO] [ENCODE] Starting encode_weights in aggregate_fit...
[2026-01-30 00:11:55,652] [INFO] [ENCODE] Finished encode_weights.
[2026-01-30 00:11:56,250] [INFO] [DEBUG][SERVER] Model expects 148 layers
[2026-01-30 00:11:56,263] [INFO] [DEBUG] Loaded 148 of 148 layers
[2026-01-30 00:11:56,984] [INFO] [DEBUG][SERVER] Model expects 148 layers
[2026-01-30 00:11:56,994] [INFO] [DEBUG] Loaded 148 of 148 layers
[2026-01-30 00:11:56,995] [INFO] [Server] Evaluating at round 15
[2026-01-30 00:11:56,995] [INFO] [SERVER][Round 15] Starting evaluation (mode=SH)...
[2026-01-30 00:12:14,555] [INFO] [Round 15] WT Dice: 0.5773 | Time: 17.56s
[2026-01-30 00:12:14,695] [INFO] [BEST MODEL] Saved: Revision2/Run_UNET_IID_SH20_20260129/Server/best_model.pth
[2026-01-30 00:12:14,757] [INFO] [BEST MODEL] Saved: Revision2/Run_UNET_IID_SH20_20260129/Server/best_model_round15.pth
[2026-01-30 00:12:14,757] [INFO] [BEST MODEL] New best at round 15: WT=0.5773
[2026-01-30 00:25:17,401] [INFO] [SERVER DEBUG] aggregate_fit called at round 16
[2026-01-30 00:25:17,401] [INFO] [DEBUG] aggregate_fit received 4 results at round 16
[2026-01-30 00:25:17,401] [INFO] [DEBUG] Decoding client response from b10fcede358446289a05f5fe35138dcb...
[2026-01-30 00:25:17,848] [INFO] [DEBUG] Decoding client response from f893ae9dab244d38af3e443b9079b9d3...
[2026-01-30 00:25:18,226] [INFO] [DEBUG] Decoding client response from 362ba6427a4c409fa67ed628090d9377...
[2026-01-30 00:25:18,576] [INFO] [DEBUG] Decoding client response from 382e2319370d43a0be934fee5117dcb9...
[2026-01-30 00:25:18,975] [INFO] [ENCODE] Starting encode_weights in aggregate_fit...
[2026-01-30 00:25:28,932] [INFO] [ENCODE] Finished encode_weights.
[2026-01-30 00:25:29,679] [INFO] [DEBUG][SERVER] Model expects 148 layers
[2026-01-30 00:25:29,690] [INFO] [DEBUG] Loaded 148 of 148 layers
[2026-01-30 00:25:30,608] [INFO] [DEBUG][SERVER] Model expects 148 layers
[2026-01-30 00:25:30,619] [INFO] [DEBUG] Loaded 148 of 148 layers
[2026-01-30 00:25:30,619] [INFO] [Server] Evaluating at round 16
[2026-01-30 00:25:30,619] [INFO] [SERVER][Round 16] Starting evaluation (mode=SH)...
[2026-01-30 00:25:48,546] [INFO] [Round 16] WT Dice: 0.5895 | Time: 17.93s
[2026-01-30 00:25:48,658] [INFO] [BEST MODEL] Saved: Revision2/Run_UNET_IID_SH20_20260129/Server/best_model.pth
[2026-01-30 00:25:48,723] [INFO] [BEST MODEL] Saved: Revision2/Run_UNET_IID_SH20_20260129/Server/best_model_round16.pth
[2026-01-30 00:25:48,723] [INFO] [BEST MODEL] New best at round 16: WT=0.5895
[2026-01-30 00:38:43,533] [INFO] [SERVER DEBUG] aggregate_fit called at round 17
[2026-01-30 00:38:43,533] [INFO] [DEBUG] aggregate_fit received 4 results at round 17
[2026-01-30 00:38:43,533] [INFO] [DEBUG] Decoding client response from b10fcede358446289a05f5fe35138dcb...
[2026-01-30 00:38:43,797] [INFO] [DEBUG] Decoding client response from f893ae9dab244d38af3e443b9079b9d3...
[2026-01-30 00:38:44,002] [INFO] [DEBUG] Decoding client response from 362ba6427a4c409fa67ed628090d9377...
[2026-01-30 00:38:44,183] [INFO] [DEBUG] Decoding client response from 382e2319370d43a0be934fee5117dcb9...
[2026-01-30 00:38:44,400] [INFO] [ENCODE] Starting encode_weights in aggregate_fit...
[2026-01-30 00:38:50,780] [INFO] [ENCODE] Finished encode_weights.
[2026-01-30 00:38:51,471] [INFO] [DEBUG][SERVER] Model expects 148 layers
[2026-01-30 00:38:51,483] [INFO] [DEBUG] Loaded 148 of 148 layers
[2026-01-30 00:38:52,175] [INFO] [DEBUG][SERVER] Model expects 148 layers
[2026-01-30 00:38:52,186] [INFO] [DEBUG] Loaded 148 of 148 layers
[2026-01-30 00:38:52,187] [INFO] [Server] Evaluating at round 17
[2026-01-30 00:38:52,187] [INFO] [SERVER][Round 17] Starting evaluation (mode=SH)...
[2026-01-30 00:39:09,719] [INFO] [Round 17] WT Dice: 0.4564 | Time: 17.53s
[2026-01-30 00:51:49,611] [INFO] [SERVER DEBUG] aggregate_fit called at round 18
[2026-01-30 00:51:49,612] [INFO] [DEBUG] aggregate_fit received 4 results at round 18
[2026-01-30 00:51:49,612] [INFO] [DEBUG] Decoding client response from b10fcede358446289a05f5fe35138dcb...
[2026-01-30 00:51:49,999] [INFO] [DEBUG] Decoding client response from 362ba6427a4c409fa67ed628090d9377...
[2026-01-30 00:51:50,338] [INFO] [DEBUG] Decoding client response from f893ae9dab244d38af3e443b9079b9d3...
[2026-01-30 00:51:50,667] [INFO] [DEBUG] Decoding client response from 382e2319370d43a0be934fee5117dcb9...
[2026-01-30 00:51:51,019] [INFO] [ENCODE] Starting encode_weights in aggregate_fit...
[2026-01-30 00:51:57,417] [INFO] [ENCODE] Finished encode_weights.
[2026-01-30 00:51:58,031] [INFO] [DEBUG][SERVER] Model expects 148 layers
[2026-01-30 00:51:58,044] [INFO] [DEBUG] Loaded 148 of 148 layers
[2026-01-30 00:51:58,773] [INFO] [DEBUG][SERVER] Model expects 148 layers
[2026-01-30 00:51:58,783] [INFO] [DEBUG] Loaded 148 of 148 layers
[2026-01-30 00:51:58,784] [INFO] [Server] Evaluating at round 18
[2026-01-30 00:51:58,784] [INFO] [SERVER][Round 18] Starting evaluation (mode=SH)...
[2026-01-30 00:52:16,520] [INFO] [Round 18] WT Dice: 0.4400 | Time: 17.74s
[2026-01-30 01:06:06,102] [INFO] [SERVER DEBUG] aggregate_fit called at round 19
[2026-01-30 01:06:06,102] [INFO] [DEBUG] aggregate_fit received 4 results at round 19
[2026-01-30 01:06:06,102] [INFO] [DEBUG] Decoding client response from 362ba6427a4c409fa67ed628090d9377...
[2026-01-30 01:06:06,777] [INFO] [DEBUG] Decoding client response from f893ae9dab244d38af3e443b9079b9d3...
[2026-01-30 01:06:07,181] [INFO] [DEBUG] Decoding client response from 382e2319370d43a0be934fee5117dcb9...
[2026-01-30 01:06:07,824] [INFO] [DEBUG] Decoding client response from b10fcede358446289a05f5fe35138dcb...
[2026-01-30 01:06:08,238] [INFO] [ENCODE] Starting encode_weights in aggregate_fit...
[2026-01-30 01:06:16,336] [INFO] [ENCODE] Finished encode_weights.
[2026-01-30 01:06:17,133] [INFO] [DEBUG][SERVER] Model expects 148 layers
[2026-01-30 01:06:17,148] [INFO] [DEBUG] Loaded 148 of 148 layers
[2026-01-30 01:06:17,964] [INFO] [DEBUG][SERVER] Model expects 148 layers
[2026-01-30 01:06:17,975] [INFO] [DEBUG] Loaded 148 of 148 layers
[2026-01-30 01:06:17,975] [INFO] [Server] Evaluating at round 19
[2026-01-30 01:06:17,975] [INFO] [SERVER][Round 19] Starting evaluation (mode=SH)...
[2026-01-30 01:06:35,839] [INFO] [Round 19] WT Dice: 0.5608 | Time: 17.86s
[2026-01-30 01:19:38,149] [INFO] [SERVER DEBUG] aggregate_fit called at round 20
[2026-01-30 01:19:38,150] [INFO] [DEBUG] aggregate_fit received 4 results at round 20
[2026-01-30 01:19:38,150] [INFO] [DEBUG] Decoding client response from b10fcede358446289a05f5fe35138dcb...
[2026-01-30 01:19:38,510] [INFO] [DEBUG] Decoding client response from 362ba6427a4c409fa67ed628090d9377...
[2026-01-30 01:19:38,803] [INFO] [DEBUG] Decoding client response from f893ae9dab244d38af3e443b9079b9d3...
[2026-01-30 01:19:39,082] [INFO] [DEBUG] Decoding client response from 382e2319370d43a0be934fee5117dcb9...
[2026-01-30 01:19:39,384] [INFO] [ENCODE] Starting encode_weights in aggregate_fit...
[2026-01-30 01:19:46,827] [INFO] [ENCODE] Finished encode_weights.
[2026-01-30 01:19:47,495] [INFO] [DEBUG][SERVER] Model expects 148 layers
[2026-01-30 01:19:47,506] [INFO] [DEBUG] Loaded 148 of 148 layers
[2026-01-30 01:19:48,259] [INFO] [DEBUG][SERVER] Model expects 148 layers
[2026-01-30 01:19:48,269] [INFO] [DEBUG] Loaded 148 of 148 layers
[2026-01-30 01:19:48,270] [INFO] [Server] Evaluating at round 20
[2026-01-30 01:19:48,270] [INFO] [SERVER][Round 20] Starting evaluation (mode=SH)...
[2026-01-30 01:20:06,046] [INFO] [Round 20] WT Dice: 0.5082 | Time: 17.78s
[2026-01-30 01:34:06,337] [INFO] [SERVER DEBUG] aggregate_fit called at round 21
[2026-01-30 01:34:06,338] [INFO] [DEBUG] aggregate_fit received 4 results at round 21
[2026-01-30 01:34:06,338] [INFO] [DEBUG] Decoding client response from 362ba6427a4c409fa67ed628090d9377...
[2026-01-30 01:34:06,671] [INFO] [DEBUG] Decoding client response from b10fcede358446289a05f5fe35138dcb...
[2026-01-30 01:34:06,961] [INFO] [DEBUG] Decoding client response from f893ae9dab244d38af3e443b9079b9d3...
[2026-01-30 01:34:07,240] [INFO] [DEBUG] Decoding client response from 382e2319370d43a0be934fee5117dcb9...
[2026-01-30 01:34:07,543] [INFO] [ENCODE] Starting encode_weights in aggregate_fit...
[2026-01-30 01:34:13,229] [INFO] [ENCODE] Finished encode_weights.
[2026-01-30 01:34:13,818] [INFO] [DEBUG][SERVER] Model expects 148 layers
[2026-01-30 01:34:13,830] [INFO] [DEBUG] Loaded 148 of 148 layers
[2026-01-30 01:34:14,383] [INFO] [DEBUG][SERVER] Model expects 148 layers
[2026-01-30 01:34:14,394] [INFO] [DEBUG] Loaded 148 of 148 layers
[2026-01-30 01:34:14,394] [INFO] [Server] Evaluating at round 21
[2026-01-30 01:34:14,394] [INFO] [SERVER][Round 21] Starting evaluation (mode=SH)...
[2026-01-30 01:34:31,838] [INFO] [Round 21] WT Dice: 0.7380 | Time: 17.44s
[2026-01-30 01:34:31,965] [INFO] [BEST MODEL] Saved: Revision2/Run_UNET_IID_SH20_20260129/Server/best_model.pth
[2026-01-30 01:34:32,034] [INFO] [BEST MODEL] Saved: Revision2/Run_UNET_IID_SH20_20260129/Server/best_model_round21.pth
[2026-01-30 01:34:32,034] [INFO] [BEST MODEL] New best at round 21: WT=0.7380
[2026-01-30 01:48:13,873] [INFO] [SERVER DEBUG] aggregate_fit called at round 22
[2026-01-30 01:48:13,873] [INFO] [DEBUG] aggregate_fit received 4 results at round 22
[2026-01-30 01:48:13,874] [INFO] [DEBUG] Decoding client response from f893ae9dab244d38af3e443b9079b9d3...
[2026-01-30 01:48:14,252] [INFO] [DEBUG] Decoding client response from 382e2319370d43a0be934fee5117dcb9...
[2026-01-30 01:48:14,583] [INFO] [DEBUG] Decoding client response from 362ba6427a4c409fa67ed628090d9377...
[2026-01-30 01:48:14,893] [INFO] [DEBUG] Decoding client response from b10fcede358446289a05f5fe35138dcb...
[2026-01-30 01:48:15,263] [INFO] [ENCODE] Starting encode_weights in aggregate_fit...
[2026-01-30 01:48:21,001] [INFO] [ENCODE] Finished encode_weights.
[2026-01-30 01:48:21,603] [INFO] [DEBUG][SERVER] Model expects 148 layers
[2026-01-30 01:48:21,614] [INFO] [DEBUG] Loaded 148 of 148 layers
[2026-01-30 01:48:22,274] [INFO] [DEBUG][SERVER] Model expects 148 layers
[2026-01-30 01:48:22,284] [INFO] [DEBUG] Loaded 148 of 148 layers
[2026-01-30 01:48:22,284] [INFO] [Server] Evaluating at round 22
[2026-01-30 01:48:22,284] [INFO] [SERVER][Round 22] Starting evaluation (mode=SH)...
[2026-01-30 01:48:40,025] [INFO] [Round 22] WT Dice: 0.6122 | Time: 17.74s
[2026-01-30 02:01:30,244] [INFO] [SERVER DEBUG] aggregate_fit called at round 23
[2026-01-30 02:01:30,244] [INFO] [DEBUG] aggregate_fit received 4 results at round 23
[2026-01-30 02:01:30,244] [INFO] [DEBUG] Decoding client response from 382e2319370d43a0be934fee5117dcb9...
[2026-01-30 02:01:30,519] [INFO] [DEBUG] Decoding client response from b10fcede358446289a05f5fe35138dcb...
[2026-01-30 02:01:30,772] [INFO] [DEBUG] Decoding client response from 362ba6427a4c409fa67ed628090d9377...
[2026-01-30 02:01:31,000] [INFO] [DEBUG] Decoding client response from f893ae9dab244d38af3e443b9079b9d3...
[2026-01-30 02:01:31,263] [INFO] [ENCODE] Starting encode_weights in aggregate_fit...
[2026-01-30 02:01:37,152] [INFO] [ENCODE] Finished encode_weights.
[2026-01-30 02:01:37,770] [INFO] [DEBUG][SERVER] Model expects 148 layers
[2026-01-30 02:01:37,781] [INFO] [DEBUG] Loaded 148 of 148 layers
[2026-01-30 02:01:38,447] [INFO] [DEBUG][SERVER] Model expects 148 layers
[2026-01-30 02:01:38,458] [INFO] [DEBUG] Loaded 148 of 148 layers
[2026-01-30 02:01:38,458] [INFO] [Server] Evaluating at round 23
[2026-01-30 02:01:38,458] [INFO] [SERVER][Round 23] Starting evaluation (mode=SH)...
[2026-01-30 02:01:55,913] [INFO] [Round 23] WT Dice: 0.6577 | Time: 17.45s
[2026-01-30 02:14:18,907] [INFO] [SERVER DEBUG] aggregate_fit called at round 24
[2026-01-30 02:14:18,908] [INFO] [DEBUG] aggregate_fit received 4 results at round 24
[2026-01-30 02:14:18,908] [INFO] [DEBUG] Decoding client response from f893ae9dab244d38af3e443b9079b9d3...
[2026-01-30 02:14:19,150] [INFO] [DEBUG] Decoding client response from 382e2319370d43a0be934fee5117dcb9...
[2026-01-30 02:14:19,344] [INFO] [DEBUG] Decoding client response from b10fcede358446289a05f5fe35138dcb...
[2026-01-30 02:14:19,518] [INFO] [DEBUG] Decoding client response from 362ba6427a4c409fa67ed628090d9377...
[2026-01-30 02:14:19,775] [INFO] [ENCODE] Starting encode_weights in aggregate_fit...
[2026-01-30 02:14:25,175] [INFO] [ENCODE] Finished encode_weights.
[2026-01-30 02:14:25,767] [INFO] [DEBUG][SERVER] Model expects 148 layers
[2026-01-30 02:14:25,778] [INFO] [DEBUG] Loaded 148 of 148 layers
[2026-01-30 02:14:26,429] [INFO] [DEBUG][SERVER] Model expects 148 layers
[2026-01-30 02:14:26,439] [INFO] [DEBUG] Loaded 148 of 148 layers
[2026-01-30 02:14:26,439] [INFO] [Server] Evaluating at round 24
[2026-01-30 02:14:26,439] [INFO] [SERVER][Round 24] Starting evaluation (mode=SH)...
[2026-01-30 02:14:44,677] [INFO] [Round 24] WT Dice: 0.6135 | Time: 18.24s
[2026-01-30 02:27:20,128] [INFO] [SERVER DEBUG] aggregate_fit called at round 25
[2026-01-30 02:27:20,129] [INFO] [DEBUG] aggregate_fit received 4 results at round 25
[2026-01-30 02:27:20,129] [INFO] [DEBUG] Decoding client response from b10fcede358446289a05f5fe35138dcb...
[2026-01-30 02:27:20,451] [INFO] [DEBUG] Decoding client response from 382e2319370d43a0be934fee5117dcb9...
[2026-01-30 02:27:20,791] [INFO] [DEBUG] Decoding client response from 362ba6427a4c409fa67ed628090d9377...
[2026-01-30 02:27:21,075] [INFO] [DEBUG] Decoding client response from f893ae9dab244d38af3e443b9079b9d3...
[2026-01-30 02:27:21,422] [INFO] [ENCODE] Starting encode_weights in aggregate_fit...
[2026-01-30 02:27:29,546] [INFO] [ENCODE] Finished encode_weights.
[2026-01-30 02:27:30,424] [INFO] [DEBUG][SERVER] Model expects 148 layers
[2026-01-30 02:27:30,440] [INFO] [DEBUG] Loaded 148 of 148 layers
[2026-01-30 02:27:31,244] [INFO] [DEBUG][SERVER] Model expects 148 layers
[2026-01-30 02:27:31,255] [INFO] [DEBUG] Loaded 148 of 148 layers
[2026-01-30 02:27:31,256] [INFO] [Server] Evaluating at round 25
[2026-01-30 02:27:31,256] [INFO] [SERVER][Round 25] Starting evaluation (mode=SH)...
[2026-01-30 02:27:48,830] [INFO] [Round 25] WT Dice: 0.6309 | Time: 17.57s
