[2026-01-22 17:48:07,950] [INFO] [SERVER INIT] EXPERIMENT_DIR=Revision2/Run_UNET_NonIID_KH64_20260122, LOG=Revision2/Run_UNET_NonIID_KH64_20260122/Server/ServerReport20260122.log
[2026-01-22 17:48:07,952] [INFO] [ENV] SERVER_ADDRESS=127.0.0.1, SERVER_PORT=8089, DATA_PATH=/home/jovyan/FeTS2022/MICCAI_FeTS2022_TrainingData, ENCODING_MODE=KH, N_CLUSTERS=64
[2026-01-22 17:48:08,085] [INFO] [DATA] Server test set loaded with 67 samples.
[2026-01-22 17:48:08,368] [INFO] [MODEL INIT] UNet with 148 layers initialized on cuda
[2026-01-22 17:48:08,404] [INFO] [STRATEGY INIT] mode=KH, UsedClusters=64 (EnvNClusters=64), experiment_dir=Revision2/Run_UNET_NonIID_KH64_20260122 | BestMetricKey=WT
[2026-01-22 17:48:08,404] [INFO] [SERVER START] Address=127.0.0.1:8089, Rounds=25, Mode=KH, NClusters=64
[2026-01-22 17:48:08,444] [INFO] [DEBUG][SERVER] Model expects 148 layers
[2026-01-22 17:48:08,458] [INFO] [DEBUG] Loaded 148 of 148 layers
[2026-01-22 17:48:08,458] [INFO] [Server] Evaluating at round 0
[2026-01-22 17:48:08,458] [INFO] [SERVER][Round 0] Starting evaluation (mode=KH)...
[2026-01-22 17:48:30,162] [INFO] [Round 0] WT Dice: 0.1107 | Time: 21.70s
[2026-01-22 17:48:30,243] [INFO] [BEST MODEL] Saved: Revision2/Run_UNET_NonIID_KH64_20260122/Server/best_model.pth
[2026-01-22 17:48:30,306] [INFO] [BEST MODEL] Saved: Revision2/Run_UNET_NonIID_KH64_20260122/Server/best_model_round0.pth
[2026-01-22 17:48:30,306] [INFO] [BEST MODEL] New best at round 0: WT=0.1107
[2026-01-22 18:10:37,741] [INFO] [SERVER DEBUG] aggregate_fit called at round 1
[2026-01-22 18:10:37,741] [INFO] [DEBUG] aggregate_fit received 4 results at round 1
[2026-01-22 18:10:37,742] [INFO] [DEBUG] Decoding client response from fabba9746e08435eaf40f56072e061f0...
[2026-01-22 18:10:37,981] [INFO] [DEBUG] Decoding client response from da2a9cbe2c8e454caa5f7bc32541c9fd...
[2026-01-22 18:10:38,154] [INFO] [DEBUG] Decoding client response from b47e0f29789d442fa014d4e8414ce4ac...
[2026-01-22 18:10:38,263] [INFO] [DEBUG] Decoding client response from 2f17585871084933a4b43f05f6dc0e79...
[2026-01-22 18:10:38,356] [INFO] [ENCODE] Starting encode_weights in aggregate_fit...
[2026-01-22 18:10:55,828] [INFO] [ENCODE] Finished encode_weights.
[2026-01-22 18:10:56,036] [INFO] [DEBUG][SERVER] Model expects 148 layers
[2026-01-22 18:10:56,050] [INFO] [DEBUG] Loaded 148 of 148 layers
[2026-01-22 18:10:56,379] [INFO] [DEBUG][SERVER] Model expects 148 layers
[2026-01-22 18:10:56,389] [INFO] [DEBUG] Loaded 148 of 148 layers
[2026-01-22 18:10:56,390] [INFO] [Server] Evaluating at round 1
[2026-01-22 18:10:56,390] [INFO] [SERVER][Round 1] Starting evaluation (mode=KH)...
[2026-01-22 18:11:13,773] [INFO] [Round 1] WT Dice: 0.3489 | Time: 17.38s
[2026-01-22 18:11:13,886] [INFO] [BEST MODEL] Saved: Revision2/Run_UNET_NonIID_KH64_20260122/Server/best_model.pth
[2026-01-22 18:11:13,963] [INFO] [BEST MODEL] Saved: Revision2/Run_UNET_NonIID_KH64_20260122/Server/best_model_round1.pth
[2026-01-22 18:11:13,963] [INFO] [BEST MODEL] New best at round 1: WT=0.3489
[2026-01-22 18:34:02,900] [INFO] [SERVER DEBUG] aggregate_fit called at round 2
[2026-01-22 18:34:02,900] [INFO] [DEBUG] aggregate_fit received 4 results at round 2
[2026-01-22 18:34:02,900] [INFO] [DEBUG] Decoding client response from da2a9cbe2c8e454caa5f7bc32541c9fd...
[2026-01-22 18:34:03,122] [INFO] [DEBUG] Decoding client response from 2f17585871084933a4b43f05f6dc0e79...
[2026-01-22 18:34:03,248] [INFO] [DEBUG] Decoding client response from fabba9746e08435eaf40f56072e061f0...
[2026-01-22 18:34:03,348] [INFO] [DEBUG] Decoding client response from b47e0f29789d442fa014d4e8414ce4ac...
[2026-01-22 18:34:03,458] [INFO] [ENCODE] Starting encode_weights in aggregate_fit...
[2026-01-22 18:34:21,166] [INFO] [ENCODE] Finished encode_weights.
[2026-01-22 18:34:21,348] [INFO] [DEBUG][SERVER] Model expects 148 layers
[2026-01-22 18:34:21,362] [INFO] [DEBUG] Loaded 148 of 148 layers
[2026-01-22 18:34:21,770] [INFO] [DEBUG][SERVER] Model expects 148 layers
[2026-01-22 18:34:21,783] [INFO] [DEBUG] Loaded 148 of 148 layers
[2026-01-22 18:34:21,783] [INFO] [Server] Evaluating at round 2
[2026-01-22 18:34:21,783] [INFO] [SERVER][Round 2] Starting evaluation (mode=KH)...
[2026-01-22 18:34:39,189] [INFO] [Round 2] WT Dice: 0.2853 | Time: 17.41s
[2026-01-22 18:57:30,861] [INFO] [SERVER DEBUG] aggregate_fit called at round 3
[2026-01-22 18:57:30,861] [INFO] [DEBUG] aggregate_fit received 4 results at round 3
[2026-01-22 18:57:30,862] [INFO] [DEBUG] Decoding client response from b47e0f29789d442fa014d4e8414ce4ac...
[2026-01-22 18:57:31,079] [INFO] [DEBUG] Decoding client response from da2a9cbe2c8e454caa5f7bc32541c9fd...
[2026-01-22 18:57:31,162] [INFO] [DEBUG] Decoding client response from fabba9746e08435eaf40f56072e061f0...
[2026-01-22 18:57:31,253] [INFO] [DEBUG] Decoding client response from 2f17585871084933a4b43f05f6dc0e79...
[2026-01-22 18:57:31,492] [INFO] [ENCODE] Starting encode_weights in aggregate_fit...
[2026-01-22 18:57:49,922] [INFO] [ENCODE] Finished encode_weights.
[2026-01-22 18:57:50,122] [INFO] [DEBUG][SERVER] Model expects 148 layers
[2026-01-22 18:57:50,145] [INFO] [DEBUG] Loaded 148 of 148 layers
[2026-01-22 18:57:50,536] [INFO] [DEBUG][SERVER] Model expects 148 layers
[2026-01-22 18:57:50,553] [INFO] [DEBUG] Loaded 148 of 148 layers
[2026-01-22 18:57:50,553] [INFO] [Server] Evaluating at round 3
[2026-01-22 18:57:50,554] [INFO] [SERVER][Round 3] Starting evaluation (mode=KH)...
[2026-01-22 18:58:07,919] [INFO] [Round 3] WT Dice: 0.5527 | Time: 17.37s
[2026-01-22 18:58:08,008] [INFO] [BEST MODEL] Saved: Revision2/Run_UNET_NonIID_KH64_20260122/Server/best_model.pth
[2026-01-22 18:58:08,092] [INFO] [BEST MODEL] Saved: Revision2/Run_UNET_NonIID_KH64_20260122/Server/best_model_round3.pth
[2026-01-22 18:58:08,092] [INFO] [BEST MODEL] New best at round 3: WT=0.5527
[2026-01-22 19:20:37,546] [INFO] [SERVER DEBUG] aggregate_fit called at round 4
[2026-01-22 19:20:37,546] [INFO] [DEBUG] aggregate_fit received 4 results at round 4
[2026-01-22 19:20:37,547] [INFO] [DEBUG] Decoding client response from 2f17585871084933a4b43f05f6dc0e79...
[2026-01-22 19:20:37,797] [INFO] [DEBUG] Decoding client response from b47e0f29789d442fa014d4e8414ce4ac...
[2026-01-22 19:20:37,898] [INFO] [DEBUG] Decoding client response from fabba9746e08435eaf40f56072e061f0...
[2026-01-22 19:20:37,999] [INFO] [DEBUG] Decoding client response from da2a9cbe2c8e454caa5f7bc32541c9fd...
[2026-01-22 19:20:38,130] [INFO] [ENCODE] Starting encode_weights in aggregate_fit...
[2026-01-22 19:20:56,216] [INFO] [ENCODE] Finished encode_weights.
[2026-01-22 19:20:56,397] [INFO] [DEBUG][SERVER] Model expects 148 layers
[2026-01-22 19:20:56,418] [INFO] [DEBUG] Loaded 148 of 148 layers
[2026-01-22 19:20:56,766] [INFO] [DEBUG][SERVER] Model expects 148 layers
[2026-01-22 19:20:56,783] [INFO] [DEBUG] Loaded 148 of 148 layers
[2026-01-22 19:20:56,783] [INFO] [Server] Evaluating at round 4
[2026-01-22 19:20:56,783] [INFO] [SERVER][Round 4] Starting evaluation (mode=KH)...
[2026-01-22 19:21:14,144] [INFO] [Round 4] WT Dice: 0.9231 | Time: 17.36s
[2026-01-22 19:21:14,247] [INFO] [BEST MODEL] Saved: Revision2/Run_UNET_NonIID_KH64_20260122/Server/best_model.pth
[2026-01-22 19:21:14,331] [INFO] [BEST MODEL] Saved: Revision2/Run_UNET_NonIID_KH64_20260122/Server/best_model_round4.pth
[2026-01-22 19:21:14,331] [INFO] [BEST MODEL] New best at round 4: WT=0.9231
[2026-01-22 19:43:56,603] [INFO] [SERVER DEBUG] aggregate_fit called at round 5
[2026-01-22 19:43:56,604] [INFO] [DEBUG] aggregate_fit received 4 results at round 5
[2026-01-22 19:43:56,604] [INFO] [DEBUG] Decoding client response from da2a9cbe2c8e454caa5f7bc32541c9fd...
[2026-01-22 19:43:56,756] [INFO] [DEBUG] Decoding client response from fabba9746e08435eaf40f56072e061f0...
[2026-01-22 19:43:56,882] [INFO] [DEBUG] Decoding client response from 2f17585871084933a4b43f05f6dc0e79...
[2026-01-22 19:43:57,014] [INFO] [DEBUG] Decoding client response from b47e0f29789d442fa014d4e8414ce4ac...
[2026-01-22 19:43:57,274] [INFO] [ENCODE] Starting encode_weights in aggregate_fit...
[2026-01-22 19:44:15,217] [INFO] [ENCODE] Finished encode_weights.
[2026-01-22 19:44:15,392] [INFO] [DEBUG][SERVER] Model expects 148 layers
[2026-01-22 19:44:15,412] [INFO] [DEBUG] Loaded 148 of 148 layers
[2026-01-22 19:44:15,754] [INFO] [DEBUG][SERVER] Model expects 148 layers
[2026-01-22 19:44:15,772] [INFO] [DEBUG] Loaded 148 of 148 layers
[2026-01-22 19:44:15,772] [INFO] [Server] Evaluating at round 5
[2026-01-22 19:44:15,772] [INFO] [SERVER][Round 5] Starting evaluation (mode=KH)...
[2026-01-22 19:44:32,816] [INFO] [Round 5] WT Dice: 0.9746 | Time: 17.04s
[2026-01-22 19:44:32,912] [INFO] [BEST MODEL] Saved: Revision2/Run_UNET_NonIID_KH64_20260122/Server/best_model.pth
[2026-01-22 19:44:32,996] [INFO] [BEST MODEL] Saved: Revision2/Run_UNET_NonIID_KH64_20260122/Server/best_model_round5.pth
[2026-01-22 19:44:32,996] [INFO] [BEST MODEL] New best at round 5: WT=0.9746
[2026-01-22 20:07:25,360] [INFO] [SERVER DEBUG] aggregate_fit called at round 6
[2026-01-22 20:07:25,361] [INFO] [DEBUG] aggregate_fit received 4 results at round 6
[2026-01-22 20:07:25,361] [INFO] [DEBUG] Decoding client response from da2a9cbe2c8e454caa5f7bc32541c9fd...
[2026-01-22 20:07:25,426] [INFO] [DEBUG] Decoding client response from b47e0f29789d442fa014d4e8414ce4ac...
[2026-01-22 20:07:25,528] [INFO] [DEBUG] Decoding client response from fabba9746e08435eaf40f56072e061f0...
[2026-01-22 20:07:25,634] [INFO] [DEBUG] Decoding client response from 2f17585871084933a4b43f05f6dc0e79...
[2026-01-22 20:07:25,762] [INFO] [ENCODE] Starting encode_weights in aggregate_fit...
[2026-01-22 20:07:43,443] [INFO] [ENCODE] Finished encode_weights.
[2026-01-22 20:07:43,645] [INFO] [DEBUG][SERVER] Model expects 148 layers
[2026-01-22 20:07:43,663] [INFO] [DEBUG] Loaded 148 of 148 layers
[2026-01-22 20:07:44,006] [INFO] [DEBUG][SERVER] Model expects 148 layers
[2026-01-22 20:07:44,023] [INFO] [DEBUG] Loaded 148 of 148 layers
[2026-01-22 20:07:44,023] [INFO] [Server] Evaluating at round 6
[2026-01-22 20:07:44,023] [INFO] [SERVER][Round 6] Starting evaluation (mode=KH)...
[2026-01-22 20:08:01,172] [INFO] [Round 6] WT Dice: 0.9756 | Time: 17.15s
[2026-01-22 20:08:01,265] [INFO] [BEST MODEL] Saved: Revision2/Run_UNET_NonIID_KH64_20260122/Server/best_model.pth
[2026-01-22 20:08:01,343] [INFO] [BEST MODEL] Saved: Revision2/Run_UNET_NonIID_KH64_20260122/Server/best_model_round6.pth
[2026-01-22 20:08:01,344] [INFO] [BEST MODEL] New best at round 6: WT=0.9756
[2026-01-22 20:30:49,017] [INFO] [SERVER DEBUG] aggregate_fit called at round 7
[2026-01-22 20:30:49,018] [INFO] [DEBUG] aggregate_fit received 4 results at round 7
[2026-01-22 20:30:49,018] [INFO] [DEBUG] Decoding client response from b47e0f29789d442fa014d4e8414ce4ac...
[2026-01-22 20:30:49,143] [INFO] [DEBUG] Decoding client response from fabba9746e08435eaf40f56072e061f0...
[2026-01-22 20:30:49,247] [INFO] [DEBUG] Decoding client response from 2f17585871084933a4b43f05f6dc0e79...
[2026-01-22 20:30:49,408] [INFO] [DEBUG] Decoding client response from da2a9cbe2c8e454caa5f7bc32541c9fd...
[2026-01-22 20:30:49,653] [INFO] [ENCODE] Starting encode_weights in aggregate_fit...
[2026-01-22 20:31:07,063] [INFO] [ENCODE] Finished encode_weights.
[2026-01-22 20:31:07,256] [INFO] [DEBUG][SERVER] Model expects 148 layers
[2026-01-22 20:31:07,268] [INFO] [DEBUG] Loaded 148 of 148 layers
[2026-01-22 20:31:07,613] [INFO] [DEBUG][SERVER] Model expects 148 layers
[2026-01-22 20:31:07,629] [INFO] [DEBUG] Loaded 148 of 148 layers
[2026-01-22 20:31:07,629] [INFO] [Server] Evaluating at round 7
[2026-01-22 20:31:07,629] [INFO] [SERVER][Round 7] Starting evaluation (mode=KH)...
[2026-01-22 20:31:24,851] [INFO] [Round 7] WT Dice: 0.9833 | Time: 17.22s
[2026-01-22 20:31:24,948] [INFO] [BEST MODEL] Saved: Revision2/Run_UNET_NonIID_KH64_20260122/Server/best_model.pth
[2026-01-22 20:31:25,030] [INFO] [BEST MODEL] Saved: Revision2/Run_UNET_NonIID_KH64_20260122/Server/best_model_round7.pth
[2026-01-22 20:31:25,030] [INFO] [BEST MODEL] New best at round 7: WT=0.9833
[2026-01-22 20:54:17,638] [INFO] [SERVER DEBUG] aggregate_fit called at round 8
[2026-01-22 20:54:17,639] [INFO] [DEBUG] aggregate_fit received 4 results at round 8
[2026-01-22 20:54:17,639] [INFO] [DEBUG] Decoding client response from 2f17585871084933a4b43f05f6dc0e79...
[2026-01-22 20:54:17,706] [INFO] [DEBUG] Decoding client response from b47e0f29789d442fa014d4e8414ce4ac...
[2026-01-22 20:54:17,919] [INFO] [DEBUG] Decoding client response from da2a9cbe2c8e454caa5f7bc32541c9fd...
[2026-01-22 20:54:18,027] [INFO] [DEBUG] Decoding client response from fabba9746e08435eaf40f56072e061f0...
[2026-01-22 20:54:18,135] [INFO] [ENCODE] Starting encode_weights in aggregate_fit...
[2026-01-22 20:54:35,228] [INFO] [ENCODE] Finished encode_weights.
[2026-01-22 20:54:35,415] [INFO] [DEBUG][SERVER] Model expects 148 layers
[2026-01-22 20:54:35,435] [INFO] [DEBUG] Loaded 148 of 148 layers
[2026-01-22 20:54:35,780] [INFO] [DEBUG][SERVER] Model expects 148 layers
[2026-01-22 20:54:35,797] [INFO] [DEBUG] Loaded 148 of 148 layers
[2026-01-22 20:54:35,798] [INFO] [Server] Evaluating at round 8
[2026-01-22 20:54:35,798] [INFO] [SERVER][Round 8] Starting evaluation (mode=KH)...
[2026-01-22 20:54:53,103] [INFO] [Round 8] WT Dice: 0.9820 | Time: 17.30s
[2026-01-22 21:17:37,743] [INFO] [SERVER DEBUG] aggregate_fit called at round 9
[2026-01-22 21:17:37,744] [INFO] [DEBUG] aggregate_fit received 4 results at round 9
[2026-01-22 21:17:37,744] [INFO] [DEBUG] Decoding client response from 2f17585871084933a4b43f05f6dc0e79...
[2026-01-22 21:17:37,903] [INFO] [DEBUG] Decoding client response from b47e0f29789d442fa014d4e8414ce4ac...
[2026-01-22 21:17:38,023] [INFO] [DEBUG] Decoding client response from fabba9746e08435eaf40f56072e061f0...
[2026-01-22 21:17:38,130] [INFO] [DEBUG] Decoding client response from da2a9cbe2c8e454caa5f7bc32541c9fd...
[2026-01-22 21:17:38,245] [INFO] [ENCODE] Starting encode_weights in aggregate_fit...
[2026-01-22 21:17:55,467] [INFO] [ENCODE] Finished encode_weights.
[2026-01-22 21:17:55,648] [INFO] [DEBUG][SERVER] Model expects 148 layers
[2026-01-22 21:17:55,667] [INFO] [DEBUG] Loaded 148 of 148 layers
[2026-01-22 21:17:56,002] [INFO] [DEBUG][SERVER] Model expects 148 layers
[2026-01-22 21:17:56,020] [INFO] [DEBUG] Loaded 148 of 148 layers
[2026-01-22 21:17:56,020] [INFO] [Server] Evaluating at round 9
[2026-01-22 21:17:56,020] [INFO] [SERVER][Round 9] Starting evaluation (mode=KH)...
[2026-01-22 21:18:13,281] [INFO] [Round 9] WT Dice: 0.9804 | Time: 17.26s
[2026-01-22 21:41:09,296] [INFO] [SERVER DEBUG] aggregate_fit called at round 10
[2026-01-22 21:41:09,297] [INFO] [DEBUG] aggregate_fit received 4 results at round 10
[2026-01-22 21:41:09,297] [INFO] [DEBUG] Decoding client response from da2a9cbe2c8e454caa5f7bc32541c9fd...
[2026-01-22 21:41:09,429] [INFO] [DEBUG] Decoding client response from fabba9746e08435eaf40f56072e061f0...
[2026-01-22 21:41:09,535] [INFO] [DEBUG] Decoding client response from b47e0f29789d442fa014d4e8414ce4ac...
[2026-01-22 21:41:09,643] [INFO] [DEBUG] Decoding client response from 2f17585871084933a4b43f05f6dc0e79...
[2026-01-22 21:41:09,811] [INFO] [ENCODE] Starting encode_weights in aggregate_fit...
[2026-01-22 21:41:27,088] [INFO] [ENCODE] Finished encode_weights.
[2026-01-22 21:41:27,283] [INFO] [DEBUG][SERVER] Model expects 148 layers
[2026-01-22 21:41:27,304] [INFO] [DEBUG] Loaded 148 of 148 layers
[2026-01-22 21:41:27,637] [INFO] [DEBUG][SERVER] Model expects 148 layers
[2026-01-22 21:41:27,654] [INFO] [DEBUG] Loaded 148 of 148 layers
[2026-01-22 21:41:27,655] [INFO] [Server] Evaluating at round 10
[2026-01-22 21:41:27,655] [INFO] [SERVER][Round 10] Starting evaluation (mode=KH)...
[2026-01-22 21:41:45,104] [INFO] [Round 10] WT Dice: 0.9872 | Time: 17.45s
[2026-01-22 21:41:45,203] [INFO] [BEST MODEL] Saved: Revision2/Run_UNET_NonIID_KH64_20260122/Server/best_model.pth
[2026-01-22 21:41:45,291] [INFO] [BEST MODEL] Saved: Revision2/Run_UNET_NonIID_KH64_20260122/Server/best_model_round10.pth
[2026-01-22 21:41:45,292] [INFO] [BEST MODEL] New best at round 10: WT=0.9872
[2026-01-22 22:04:37,634] [INFO] [SERVER DEBUG] aggregate_fit called at round 11
[2026-01-22 22:04:37,635] [INFO] [DEBUG] aggregate_fit received 4 results at round 11
[2026-01-22 22:04:37,635] [INFO] [DEBUG] Decoding client response from 2f17585871084933a4b43f05f6dc0e79...
[2026-01-22 22:04:37,748] [INFO] [DEBUG] Decoding client response from fabba9746e08435eaf40f56072e061f0...
[2026-01-22 22:04:37,841] [INFO] [DEBUG] Decoding client response from da2a9cbe2c8e454caa5f7bc32541c9fd...
[2026-01-22 22:04:37,938] [INFO] [DEBUG] Decoding client response from b47e0f29789d442fa014d4e8414ce4ac...
[2026-01-22 22:04:38,044] [INFO] [ENCODE] Starting encode_weights in aggregate_fit...
[2026-01-22 22:04:55,222] [INFO] [ENCODE] Finished encode_weights.
[2026-01-22 22:04:55,412] [INFO] [DEBUG][SERVER] Model expects 148 layers
[2026-01-22 22:04:55,425] [INFO] [DEBUG] Loaded 148 of 148 layers
[2026-01-22 22:04:55,764] [INFO] [DEBUG][SERVER] Model expects 148 layers
[2026-01-22 22:04:55,781] [INFO] [DEBUG] Loaded 148 of 148 layers
[2026-01-22 22:04:55,781] [INFO] [Server] Evaluating at round 11
[2026-01-22 22:04:55,782] [INFO] [SERVER][Round 11] Starting evaluation (mode=KH)...
[2026-01-22 22:05:13,195] [INFO] [Round 11] WT Dice: 0.9900 | Time: 17.41s
[2026-01-22 22:05:13,293] [INFO] [BEST MODEL] Saved: Revision2/Run_UNET_NonIID_KH64_20260122/Server/best_model.pth
[2026-01-22 22:05:13,374] [INFO] [BEST MODEL] Saved: Revision2/Run_UNET_NonIID_KH64_20260122/Server/best_model_round11.pth
[2026-01-22 22:05:13,374] [INFO] [BEST MODEL] New best at round 11: WT=0.9900
[2026-01-22 22:28:18,044] [INFO] [SERVER DEBUG] aggregate_fit called at round 12
[2026-01-22 22:28:18,045] [INFO] [DEBUG] aggregate_fit received 4 results at round 12
[2026-01-22 22:28:18,045] [INFO] [DEBUG] Decoding client response from da2a9cbe2c8e454caa5f7bc32541c9fd...
[2026-01-22 22:28:18,144] [INFO] [DEBUG] Decoding client response from 2f17585871084933a4b43f05f6dc0e79...
[2026-01-22 22:28:18,237] [INFO] [DEBUG] Decoding client response from b47e0f29789d442fa014d4e8414ce4ac...
[2026-01-22 22:28:18,328] [INFO] [DEBUG] Decoding client response from fabba9746e08435eaf40f56072e061f0...
[2026-01-22 22:28:18,437] [INFO] [ENCODE] Starting encode_weights in aggregate_fit...
[2026-01-22 22:28:35,509] [INFO] [ENCODE] Finished encode_weights.
[2026-01-22 22:28:35,696] [INFO] [DEBUG][SERVER] Model expects 148 layers
[2026-01-22 22:28:35,716] [INFO] [DEBUG] Loaded 148 of 148 layers
[2026-01-22 22:28:36,048] [INFO] [DEBUG][SERVER] Model expects 148 layers
[2026-01-22 22:28:36,064] [INFO] [DEBUG] Loaded 148 of 148 layers
[2026-01-22 22:28:36,064] [INFO] [Server] Evaluating at round 12
[2026-01-22 22:28:36,064] [INFO] [SERVER][Round 12] Starting evaluation (mode=KH)...
[2026-01-22 22:28:53,468] [INFO] [Round 12] WT Dice: 0.9830 | Time: 17.40s
[2026-01-22 22:51:47,490] [INFO] [SERVER DEBUG] aggregate_fit called at round 13
[2026-01-22 22:51:47,490] [INFO] [DEBUG] aggregate_fit received 4 results at round 13
[2026-01-22 22:51:47,490] [INFO] [DEBUG] Decoding client response from 2f17585871084933a4b43f05f6dc0e79...
[2026-01-22 22:51:47,549] [INFO] [DEBUG] Decoding client response from da2a9cbe2c8e454caa5f7bc32541c9fd...
[2026-01-22 22:51:47,594] [INFO] [DEBUG] Decoding client response from fabba9746e08435eaf40f56072e061f0...
[2026-01-22 22:51:47,691] [INFO] [DEBUG] Decoding client response from b47e0f29789d442fa014d4e8414ce4ac...
[2026-01-22 22:51:47,803] [INFO] [ENCODE] Starting encode_weights in aggregate_fit...
[2026-01-22 22:52:05,310] [INFO] [ENCODE] Finished encode_weights.
[2026-01-22 22:52:05,502] [INFO] [DEBUG][SERVER] Model expects 148 layers
[2026-01-22 22:52:05,521] [INFO] [DEBUG] Loaded 148 of 148 layers
[2026-01-22 22:52:05,884] [INFO] [DEBUG][SERVER] Model expects 148 layers
[2026-01-22 22:52:05,899] [INFO] [DEBUG] Loaded 148 of 148 layers
[2026-01-22 22:52:05,900] [INFO] [Server] Evaluating at round 13
[2026-01-22 22:52:05,900] [INFO] [SERVER][Round 13] Starting evaluation (mode=KH)...
[2026-01-22 22:52:23,316] [INFO] [Round 13] WT Dice: 0.9797 | Time: 17.42s
[2026-01-22 23:15:28,569] [INFO] [SERVER DEBUG] aggregate_fit called at round 14
[2026-01-22 23:15:28,570] [INFO] [DEBUG] aggregate_fit received 4 results at round 14
[2026-01-22 23:15:28,570] [INFO] [DEBUG] Decoding client response from da2a9cbe2c8e454caa5f7bc32541c9fd...
[2026-01-22 23:15:28,711] [INFO] [DEBUG] Decoding client response from 2f17585871084933a4b43f05f6dc0e79...
[2026-01-22 23:15:28,822] [INFO] [DEBUG] Decoding client response from fabba9746e08435eaf40f56072e061f0...
[2026-01-22 23:15:28,936] [INFO] [DEBUG] Decoding client response from b47e0f29789d442fa014d4e8414ce4ac...
[2026-01-22 23:15:29,078] [INFO] [ENCODE] Starting encode_weights in aggregate_fit...
[2026-01-22 23:15:46,630] [INFO] [ENCODE] Finished encode_weights.
[2026-01-22 23:15:46,816] [INFO] [DEBUG][SERVER] Model expects 148 layers
[2026-01-22 23:15:46,834] [INFO] [DEBUG] Loaded 148 of 148 layers
[2026-01-22 23:15:47,169] [INFO] [DEBUG][SERVER] Model expects 148 layers
[2026-01-22 23:15:47,185] [INFO] [DEBUG] Loaded 148 of 148 layers
[2026-01-22 23:15:47,185] [INFO] [Server] Evaluating at round 14
[2026-01-22 23:15:47,185] [INFO] [SERVER][Round 14] Starting evaluation (mode=KH)...
[2026-01-22 23:16:04,520] [INFO] [Round 14] WT Dice: 0.9747 | Time: 17.33s
[2026-01-22 23:38:56,416] [INFO] [SERVER DEBUG] aggregate_fit called at round 15
[2026-01-22 23:38:56,417] [INFO] [DEBUG] aggregate_fit received 4 results at round 15
[2026-01-22 23:38:56,417] [INFO] [DEBUG] Decoding client response from fabba9746e08435eaf40f56072e061f0...
[2026-01-22 23:38:56,485] [INFO] [DEBUG] Decoding client response from da2a9cbe2c8e454caa5f7bc32541c9fd...
[2026-01-22 23:38:56,522] [INFO] [DEBUG] Decoding client response from 2f17585871084933a4b43f05f6dc0e79...
[2026-01-22 23:38:56,638] [INFO] [DEBUG] Decoding client response from b47e0f29789d442fa014d4e8414ce4ac...
[2026-01-22 23:38:56,749] [INFO] [ENCODE] Starting encode_weights in aggregate_fit...
[2026-01-22 23:39:13,981] [INFO] [ENCODE] Finished encode_weights.
[2026-01-22 23:39:14,158] [INFO] [DEBUG][SERVER] Model expects 148 layers
[2026-01-22 23:39:14,176] [INFO] [DEBUG] Loaded 148 of 148 layers
[2026-01-22 23:39:14,530] [INFO] [DEBUG][SERVER] Model expects 148 layers
[2026-01-22 23:39:14,542] [INFO] [DEBUG] Loaded 148 of 148 layers
[2026-01-22 23:39:14,542] [INFO] [Server] Evaluating at round 15
[2026-01-22 23:39:14,542] [INFO] [SERVER][Round 15] Starting evaluation (mode=KH)...
[2026-01-22 23:39:31,765] [INFO] [Round 15] WT Dice: 0.9735 | Time: 17.22s
[2026-01-23 00:02:16,703] [INFO] [SERVER DEBUG] aggregate_fit called at round 16
[2026-01-23 00:02:16,703] [INFO] [DEBUG] aggregate_fit received 4 results at round 16
[2026-01-23 00:02:16,703] [INFO] [DEBUG] Decoding client response from da2a9cbe2c8e454caa5f7bc32541c9fd...
[2026-01-23 00:02:16,825] [INFO] [DEBUG] Decoding client response from 2f17585871084933a4b43f05f6dc0e79...
[2026-01-23 00:02:16,924] [INFO] [DEBUG] Decoding client response from b47e0f29789d442fa014d4e8414ce4ac...
[2026-01-23 00:02:17,027] [INFO] [DEBUG] Decoding client response from fabba9746e08435eaf40f56072e061f0...
[2026-01-23 00:02:17,147] [INFO] [ENCODE] Starting encode_weights in aggregate_fit...
[2026-01-23 00:02:34,036] [INFO] [ENCODE] Finished encode_weights.
[2026-01-23 00:02:34,219] [INFO] [DEBUG][SERVER] Model expects 148 layers
[2026-01-23 00:02:34,237] [INFO] [DEBUG] Loaded 148 of 148 layers
[2026-01-23 00:02:34,594] [INFO] [DEBUG][SERVER] Model expects 148 layers
[2026-01-23 00:02:34,612] [INFO] [DEBUG] Loaded 148 of 148 layers
[2026-01-23 00:02:34,612] [INFO] [Server] Evaluating at round 16
[2026-01-23 00:02:34,612] [INFO] [SERVER][Round 16] Starting evaluation (mode=KH)...
[2026-01-23 00:02:51,828] [INFO] [Round 16] WT Dice: 0.9704 | Time: 17.22s
[2026-01-23 00:25:49,039] [INFO] [SERVER DEBUG] aggregate_fit called at round 17
[2026-01-23 00:25:49,039] [INFO] [DEBUG] aggregate_fit received 4 results at round 17
[2026-01-23 00:25:49,039] [INFO] [DEBUG] Decoding client response from b47e0f29789d442fa014d4e8414ce4ac...
[2026-01-23 00:25:49,166] [INFO] [DEBUG] Decoding client response from da2a9cbe2c8e454caa5f7bc32541c9fd...
[2026-01-23 00:25:49,271] [INFO] [DEBUG] Decoding client response from 2f17585871084933a4b43f05f6dc0e79...
[2026-01-23 00:25:49,374] [INFO] [DEBUG] Decoding client response from fabba9746e08435eaf40f56072e061f0...
[2026-01-23 00:25:49,490] [INFO] [ENCODE] Starting encode_weights in aggregate_fit...
[2026-01-23 00:26:06,776] [INFO] [ENCODE] Finished encode_weights.
[2026-01-23 00:26:06,973] [INFO] [DEBUG][SERVER] Model expects 148 layers
[2026-01-23 00:26:06,990] [INFO] [DEBUG] Loaded 148 of 148 layers
[2026-01-23 00:26:07,309] [INFO] [DEBUG][SERVER] Model expects 148 layers
[2026-01-23 00:26:07,325] [INFO] [DEBUG] Loaded 148 of 148 layers
[2026-01-23 00:26:07,326] [INFO] [Server] Evaluating at round 17
[2026-01-23 00:26:07,326] [INFO] [SERVER][Round 17] Starting evaluation (mode=KH)...
[2026-01-23 00:26:24,729] [INFO] [Round 17] WT Dice: 0.9719 | Time: 17.40s
[2026-01-23 00:49:03,022] [INFO] [SERVER DEBUG] aggregate_fit called at round 18
[2026-01-23 00:49:03,023] [INFO] [DEBUG] aggregate_fit received 4 results at round 18
[2026-01-23 00:49:03,023] [INFO] [DEBUG] Decoding client response from da2a9cbe2c8e454caa5f7bc32541c9fd...
[2026-01-23 00:49:03,088] [INFO] [DEBUG] Decoding client response from fabba9746e08435eaf40f56072e061f0...
[2026-01-23 00:49:03,134] [INFO] [DEBUG] Decoding client response from 2f17585871084933a4b43f05f6dc0e79...
[2026-01-23 00:49:03,231] [INFO] [DEBUG] Decoding client response from b47e0f29789d442fa014d4e8414ce4ac...
[2026-01-23 00:49:03,365] [INFO] [ENCODE] Starting encode_weights in aggregate_fit...
[2026-01-23 00:49:19,564] [INFO] [ENCODE] Finished encode_weights.
[2026-01-23 00:49:19,761] [INFO] [DEBUG][SERVER] Model expects 148 layers
[2026-01-23 00:49:19,777] [INFO] [DEBUG] Loaded 148 of 148 layers
[2026-01-23 00:49:20,117] [INFO] [DEBUG][SERVER] Model expects 148 layers
[2026-01-23 00:49:20,134] [INFO] [DEBUG] Loaded 148 of 148 layers
[2026-01-23 00:49:20,134] [INFO] [Server] Evaluating at round 18
[2026-01-23 00:49:20,134] [INFO] [SERVER][Round 18] Starting evaluation (mode=KH)...
[2026-01-23 00:49:37,531] [INFO] [Round 18] WT Dice: 0.9731 | Time: 17.40s
[2026-01-23 01:12:13,394] [INFO] [SERVER DEBUG] aggregate_fit called at round 19
[2026-01-23 01:12:13,394] [INFO] [DEBUG] aggregate_fit received 4 results at round 19
[2026-01-23 01:12:13,394] [INFO] [DEBUG] Decoding client response from fabba9746e08435eaf40f56072e061f0...
[2026-01-23 01:12:13,515] [INFO] [DEBUG] Decoding client response from b47e0f29789d442fa014d4e8414ce4ac...
[2026-01-23 01:12:13,621] [INFO] [DEBUG] Decoding client response from 2f17585871084933a4b43f05f6dc0e79...
[2026-01-23 01:12:13,780] [INFO] [DEBUG] Decoding client response from da2a9cbe2c8e454caa5f7bc32541c9fd...
[2026-01-23 01:12:13,887] [INFO] [ENCODE] Starting encode_weights in aggregate_fit...
[2026-01-23 01:12:30,556] [INFO] [ENCODE] Finished encode_weights.
[2026-01-23 01:12:30,757] [INFO] [DEBUG][SERVER] Model expects 148 layers
[2026-01-23 01:12:30,776] [INFO] [DEBUG] Loaded 148 of 148 layers
[2026-01-23 01:12:31,101] [INFO] [DEBUG][SERVER] Model expects 148 layers
[2026-01-23 01:12:31,118] [INFO] [DEBUG] Loaded 148 of 148 layers
[2026-01-23 01:12:31,119] [INFO] [Server] Evaluating at round 19
[2026-01-23 01:12:31,119] [INFO] [SERVER][Round 19] Starting evaluation (mode=KH)...
[2026-01-23 01:12:48,365] [INFO] [Round 19] WT Dice: 0.9748 | Time: 17.25s
[2026-01-23 01:35:31,947] [INFO] [SERVER DEBUG] aggregate_fit called at round 20
[2026-01-23 01:35:31,948] [INFO] [DEBUG] aggregate_fit received 4 results at round 20
[2026-01-23 01:35:31,948] [INFO] [DEBUG] Decoding client response from fabba9746e08435eaf40f56072e061f0...
[2026-01-23 01:35:32,147] [INFO] [DEBUG] Decoding client response from b47e0f29789d442fa014d4e8414ce4ac...
[2026-01-23 01:35:32,322] [INFO] [DEBUG] Decoding client response from da2a9cbe2c8e454caa5f7bc32541c9fd...
[2026-01-23 01:35:32,485] [INFO] [DEBUG] Decoding client response from 2f17585871084933a4b43f05f6dc0e79...
[2026-01-23 01:35:32,677] [INFO] [ENCODE] Starting encode_weights in aggregate_fit...
[2026-01-23 01:35:49,900] [INFO] [ENCODE] Finished encode_weights.
[2026-01-23 01:35:50,099] [INFO] [DEBUG][SERVER] Model expects 148 layers
[2026-01-23 01:35:50,111] [INFO] [DEBUG] Loaded 148 of 148 layers
[2026-01-23 01:35:50,420] [INFO] [DEBUG][SERVER] Model expects 148 layers
[2026-01-23 01:35:50,436] [INFO] [DEBUG] Loaded 148 of 148 layers
[2026-01-23 01:35:50,436] [INFO] [Server] Evaluating at round 20
[2026-01-23 01:35:50,436] [INFO] [SERVER][Round 20] Starting evaluation (mode=KH)...
[2026-01-23 01:36:07,714] [INFO] [Round 20] WT Dice: 0.9729 | Time: 17.28s
[2026-01-23 01:58:51,911] [INFO] [SERVER DEBUG] aggregate_fit called at round 21
[2026-01-23 01:58:51,911] [INFO] [DEBUG] aggregate_fit received 4 results at round 21
[2026-01-23 01:58:51,911] [INFO] [DEBUG] Decoding client response from b47e0f29789d442fa014d4e8414ce4ac...
[2026-01-23 01:58:51,972] [INFO] [DEBUG] Decoding client response from da2a9cbe2c8e454caa5f7bc32541c9fd...
[2026-01-23 01:58:52,009] [INFO] [DEBUG] Decoding client response from 2f17585871084933a4b43f05f6dc0e79...
[2026-01-23 01:58:52,108] [INFO] [DEBUG] Decoding client response from fabba9746e08435eaf40f56072e061f0...
[2026-01-23 01:58:52,228] [INFO] [ENCODE] Starting encode_weights in aggregate_fit...
[2026-01-23 01:59:08,913] [INFO] [ENCODE] Finished encode_weights.
[2026-01-23 01:59:09,097] [INFO] [DEBUG][SERVER] Model expects 148 layers
[2026-01-23 01:59:09,114] [INFO] [DEBUG] Loaded 148 of 148 layers
[2026-01-23 01:59:09,466] [INFO] [DEBUG][SERVER] Model expects 148 layers
[2026-01-23 01:59:09,481] [INFO] [DEBUG] Loaded 148 of 148 layers
[2026-01-23 01:59:09,482] [INFO] [Server] Evaluating at round 21
[2026-01-23 01:59:09,482] [INFO] [SERVER][Round 21] Starting evaluation (mode=KH)...
[2026-01-23 01:59:26,757] [INFO] [Round 21] WT Dice: 0.9860 | Time: 17.28s
[2026-01-23 02:22:17,170] [INFO] [SERVER DEBUG] aggregate_fit called at round 22
[2026-01-23 02:22:17,171] [INFO] [DEBUG] aggregate_fit received 4 results at round 22
[2026-01-23 02:22:17,171] [INFO] [DEBUG] Decoding client response from b47e0f29789d442fa014d4e8414ce4ac...
[2026-01-23 02:22:17,287] [INFO] [DEBUG] Decoding client response from fabba9746e08435eaf40f56072e061f0...
[2026-01-23 02:22:17,380] [INFO] [DEBUG] Decoding client response from da2a9cbe2c8e454caa5f7bc32541c9fd...
[2026-01-23 02:22:17,502] [INFO] [DEBUG] Decoding client response from 2f17585871084933a4b43f05f6dc0e79...
[2026-01-23 02:22:17,621] [INFO] [ENCODE] Starting encode_weights in aggregate_fit...
[2026-01-23 02:22:34,299] [INFO] [ENCODE] Finished encode_weights.
[2026-01-23 02:22:34,469] [INFO] [DEBUG][SERVER] Model expects 148 layers
[2026-01-23 02:22:34,485] [INFO] [DEBUG] Loaded 148 of 148 layers
[2026-01-23 02:22:34,778] [INFO] [DEBUG][SERVER] Model expects 148 layers
[2026-01-23 02:22:34,794] [INFO] [DEBUG] Loaded 148 of 148 layers
[2026-01-23 02:22:34,795] [INFO] [Server] Evaluating at round 22
[2026-01-23 02:22:34,795] [INFO] [SERVER][Round 22] Starting evaluation (mode=KH)...
[2026-01-23 02:22:52,162] [INFO] [Round 22] WT Dice: 0.9784 | Time: 17.37s
[2026-01-23 02:45:35,602] [INFO] [SERVER DEBUG] aggregate_fit called at round 23
[2026-01-23 02:45:35,602] [INFO] [DEBUG] aggregate_fit received 4 results at round 23
[2026-01-23 02:45:35,602] [INFO] [DEBUG] Decoding client response from 2f17585871084933a4b43f05f6dc0e79...
[2026-01-23 02:45:35,670] [INFO] [DEBUG] Decoding client response from fabba9746e08435eaf40f56072e061f0...
[2026-01-23 02:45:35,711] [INFO] [DEBUG] Decoding client response from da2a9cbe2c8e454caa5f7bc32541c9fd...
[2026-01-23 02:45:35,754] [INFO] [DEBUG] Decoding client response from b47e0f29789d442fa014d4e8414ce4ac...
[2026-01-23 02:45:35,864] [INFO] [ENCODE] Starting encode_weights in aggregate_fit...
[2026-01-23 02:45:52,587] [INFO] [ENCODE] Finished encode_weights.
[2026-01-23 02:45:52,771] [INFO] [DEBUG][SERVER] Model expects 148 layers
[2026-01-23 02:45:52,788] [INFO] [DEBUG] Loaded 148 of 148 layers
[2026-01-23 02:45:53,074] [INFO] [DEBUG][SERVER] Model expects 148 layers
[2026-01-23 02:45:53,091] [INFO] [DEBUG] Loaded 148 of 148 layers
[2026-01-23 02:45:53,091] [INFO] [Server] Evaluating at round 23
[2026-01-23 02:45:53,091] [INFO] [SERVER][Round 23] Starting evaluation (mode=KH)...
[2026-01-23 02:46:10,184] [INFO] [Round 23] WT Dice: 0.9757 | Time: 17.09s
[2026-01-23 03:09:13,312] [INFO] [SERVER DEBUG] aggregate_fit called at round 24
[2026-01-23 03:09:13,312] [INFO] [DEBUG] aggregate_fit received 4 results at round 24
[2026-01-23 03:09:13,312] [INFO] [DEBUG] Decoding client response from da2a9cbe2c8e454caa5f7bc32541c9fd...
[2026-01-23 03:09:13,380] [INFO] [DEBUG] Decoding client response from 2f17585871084933a4b43f05f6dc0e79...
[2026-01-23 03:09:13,421] [INFO] [DEBUG] Decoding client response from fabba9746e08435eaf40f56072e061f0...
[2026-01-23 03:09:13,505] [INFO] [DEBUG] Decoding client response from b47e0f29789d442fa014d4e8414ce4ac...
[2026-01-23 03:09:13,604] [INFO] [ENCODE] Starting encode_weights in aggregate_fit...
[2026-01-23 03:09:30,135] [INFO] [ENCODE] Finished encode_weights.
[2026-01-23 03:09:30,322] [INFO] [DEBUG][SERVER] Model expects 148 layers
[2026-01-23 03:09:30,340] [INFO] [DEBUG] Loaded 148 of 148 layers
[2026-01-23 03:09:30,623] [INFO] [DEBUG][SERVER] Model expects 148 layers
[2026-01-23 03:09:30,640] [INFO] [DEBUG] Loaded 148 of 148 layers
[2026-01-23 03:09:30,640] [INFO] [Server] Evaluating at round 24
[2026-01-23 03:09:30,640] [INFO] [SERVER][Round 24] Starting evaluation (mode=KH)...
[2026-01-23 03:09:47,706] [INFO] [Round 24] WT Dice: 0.9744 | Time: 17.07s
[2026-01-23 03:32:25,726] [INFO] [SERVER DEBUG] aggregate_fit called at round 25
[2026-01-23 03:32:25,727] [INFO] [DEBUG] aggregate_fit received 4 results at round 25
[2026-01-23 03:32:25,727] [INFO] [DEBUG] Decoding client response from b47e0f29789d442fa014d4e8414ce4ac...
[2026-01-23 03:32:25,790] [INFO] [DEBUG] Decoding client response from da2a9cbe2c8e454caa5f7bc32541c9fd...
[2026-01-23 03:32:25,827] [INFO] [DEBUG] Decoding client response from fabba9746e08435eaf40f56072e061f0...
[2026-01-23 03:32:25,865] [INFO] [DEBUG] Decoding client response from 2f17585871084933a4b43f05f6dc0e79...
[2026-01-23 03:32:25,975] [INFO] [ENCODE] Starting encode_weights in aggregate_fit...
[2026-01-23 03:32:42,050] [INFO] [ENCODE] Finished encode_weights.
[2026-01-23 03:32:42,234] [INFO] [DEBUG][SERVER] Model expects 148 layers
[2026-01-23 03:32:42,251] [INFO] [DEBUG] Loaded 148 of 148 layers
[2026-01-23 03:32:42,556] [INFO] [DEBUG][SERVER] Model expects 148 layers
[2026-01-23 03:32:42,574] [INFO] [DEBUG] Loaded 148 of 148 layers
[2026-01-23 03:32:42,575] [INFO] [Server] Evaluating at round 25
[2026-01-23 03:32:42,575] [INFO] [SERVER][Round 25] Starting evaluation (mode=KH)...
[2026-01-23 03:32:59,664] [INFO] [Round 25] WT Dice: 0.9842 | Time: 17.09s
