[2026-01-21 07:38:49,005] [INFO] [SERVER INIT] EXPERIMENT_DIR=Revision/Run_UNET_NonIID_SH60_20260121, LOG=Revision/Run_UNET_NonIID_SH60_20260121/Server/ServerReport20260121.log
[2026-01-21 07:38:49,007] [INFO] [ENV] SERVER_ADDRESS=127.0.0.1, SERVER_PORT=8089, DATA_PATH=/home/jovyan/FeTS2022/MICCAI_FeTS2022_TrainingData, ENCODING_MODE=SH, N_CLUSTERS=32
[2026-01-21 07:38:49,141] [INFO] [DATA] Server test set loaded with 67 samples.
[2026-01-21 07:38:49,429] [INFO] [MODEL INIT] UNet with 148 layers initialized on cuda
[2026-01-21 07:38:49,469] [INFO] [STRATEGY INIT] mode=SH, UsedClusters=- (EnvNClusters=32), experiment_dir=Revision/Run_UNET_NonIID_SH60_20260121
[2026-01-21 07:38:49,470] [INFO] [SERVER START] Address=127.0.0.1:8089, Rounds=25, Mode=SH, NClusters=32
[2026-01-21 07:38:49,486] [INFO] [Server] Evaluating at round 0
[2026-01-21 07:38:49,486] [INFO] [SERVER][Round 0] Starting evaluation (mode=SH)...
[2026-01-21 07:39:10,455] [INFO] [Round 0] WT Dice: 0.1107 | Time: 20.97s
[2026-01-21 08:02:01,797] [INFO] [SERVER DEBUG] aggregate_fit called at round 1
[2026-01-21 08:02:01,798] [INFO] [DEBUG] aggregate_fit received 4 results at round 1
[2026-01-21 08:02:01,798] [INFO] [DEBUG] Decoding client response from a626af9a1d624a7c933823d3f0fcc418...
[2026-01-21 08:02:02,919] [INFO] [DEBUG] Decoding client response from fdc36236624c414280420c0a721706c8...
[2026-01-21 08:02:03,874] [INFO] [DEBUG] Decoding client response from 8bcf87e8dc2f4cbe8ff45f464350e26e...
[2026-01-21 08:02:04,647] [INFO] [DEBUG] Decoding client response from c7994752d4c94f6d839f6b782f3e3bac...
[2026-01-21 08:02:05,589] [INFO] [ENCODE] Starting encode_weights in aggregate_fit...
[2026-01-21 08:02:30,220] [INFO] [ENCODE] Finished encode_weights.
[2026-01-21 08:02:31,347] [INFO] [DEBUG][SERVER] Model expects 148 layers
[2026-01-21 08:02:31,362] [INFO] [DEBUG] Loaded 148 of 148 layers
[2026-01-21 08:02:32,474] [INFO] [Server] Evaluating at round 1
[2026-01-21 08:02:32,474] [INFO] [SERVER][Round 1] Starting evaluation (mode=SH)...
[2026-01-21 08:02:50,166] [INFO] [Round 1] WT Dice: 0.0220 | Time: 17.69s
[2026-01-21 08:25:45,312] [INFO] [SERVER DEBUG] aggregate_fit called at round 2
[2026-01-21 08:25:45,312] [INFO] [DEBUG] aggregate_fit received 4 results at round 2
[2026-01-21 08:25:45,312] [INFO] [DEBUG] Decoding client response from fdc36236624c414280420c0a721706c8...
[2026-01-21 08:25:46,110] [INFO] [DEBUG] Decoding client response from a626af9a1d624a7c933823d3f0fcc418...
[2026-01-21 08:25:46,941] [INFO] [DEBUG] Decoding client response from 8bcf87e8dc2f4cbe8ff45f464350e26e...
[2026-01-21 08:25:47,640] [INFO] [DEBUG] Decoding client response from c7994752d4c94f6d839f6b782f3e3bac...
[2026-01-21 08:25:48,389] [INFO] [ENCODE] Starting encode_weights in aggregate_fit...
[2026-01-21 08:26:14,588] [INFO] [ENCODE] Finished encode_weights.
[2026-01-21 08:26:15,656] [INFO] [DEBUG][SERVER] Model expects 148 layers
[2026-01-21 08:26:15,670] [INFO] [DEBUG] Loaded 148 of 148 layers
[2026-01-21 08:26:16,895] [INFO] [Server] Evaluating at round 2
[2026-01-21 08:26:16,895] [INFO] [SERVER][Round 2] Starting evaluation (mode=SH)...
[2026-01-21 08:26:34,649] [INFO] [Round 2] WT Dice: 0.4927 | Time: 17.75s
[2026-01-21 08:49:29,487] [INFO] [SERVER DEBUG] aggregate_fit called at round 3
[2026-01-21 08:49:29,488] [INFO] [DEBUG] aggregate_fit received 4 results at round 3
[2026-01-21 08:49:29,488] [INFO] [DEBUG] Decoding client response from fdc36236624c414280420c0a721706c8...
[2026-01-21 08:49:30,305] [INFO] [DEBUG] Decoding client response from a626af9a1d624a7c933823d3f0fcc418...
[2026-01-21 08:49:31,071] [INFO] [DEBUG] Decoding client response from 8bcf87e8dc2f4cbe8ff45f464350e26e...
[2026-01-21 08:49:31,848] [INFO] [DEBUG] Decoding client response from c7994752d4c94f6d839f6b782f3e3bac...
[2026-01-21 08:49:32,682] [INFO] [ENCODE] Starting encode_weights in aggregate_fit...
[2026-01-21 08:49:56,979] [INFO] [ENCODE] Finished encode_weights.
[2026-01-21 08:49:58,026] [INFO] [DEBUG][SERVER] Model expects 148 layers
[2026-01-21 08:49:58,037] [INFO] [DEBUG] Loaded 148 of 148 layers
[2026-01-21 08:49:59,248] [INFO] [Server] Evaluating at round 3
[2026-01-21 08:49:59,248] [INFO] [SERVER][Round 3] Starting evaluation (mode=SH)...
[2026-01-21 08:50:17,542] [INFO] [Round 3] WT Dice: 0.5592 | Time: 18.29s
[2026-01-21 09:13:39,658] [INFO] [SERVER DEBUG] aggregate_fit called at round 4
[2026-01-21 09:13:39,658] [INFO] [DEBUG] aggregate_fit received 4 results at round 4
[2026-01-21 09:13:39,658] [INFO] [DEBUG] Decoding client response from fdc36236624c414280420c0a721706c8...
[2026-01-21 09:13:40,499] [INFO] [DEBUG] Decoding client response from 8bcf87e8dc2f4cbe8ff45f464350e26e...
[2026-01-21 09:13:41,319] [INFO] [DEBUG] Decoding client response from c7994752d4c94f6d839f6b782f3e3bac...
[2026-01-21 09:13:42,098] [INFO] [DEBUG] Decoding client response from a626af9a1d624a7c933823d3f0fcc418...
[2026-01-21 09:13:42,933] [INFO] [ENCODE] Starting encode_weights in aggregate_fit...
[2026-01-21 09:14:06,532] [INFO] [ENCODE] Finished encode_weights.
[2026-01-21 09:14:07,582] [INFO] [DEBUG][SERVER] Model expects 148 layers
[2026-01-21 09:14:07,592] [INFO] [DEBUG] Loaded 148 of 148 layers
[2026-01-21 09:14:08,830] [INFO] [Server] Evaluating at round 4
[2026-01-21 09:14:08,830] [INFO] [SERVER][Round 4] Starting evaluation (mode=SH)...
[2026-01-21 09:14:26,701] [INFO] [Round 4] WT Dice: 0.8569 | Time: 17.87s
[2026-01-21 09:37:56,510] [INFO] [SERVER DEBUG] aggregate_fit called at round 5
[2026-01-21 09:37:56,510] [INFO] [DEBUG] aggregate_fit received 4 results at round 5
[2026-01-21 09:37:56,510] [INFO] [DEBUG] Decoding client response from 8bcf87e8dc2f4cbe8ff45f464350e26e...
[2026-01-21 09:37:57,397] [INFO] [DEBUG] Decoding client response from fdc36236624c414280420c0a721706c8...
[2026-01-21 09:37:58,147] [INFO] [DEBUG] Decoding client response from c7994752d4c94f6d839f6b782f3e3bac...
[2026-01-21 09:37:58,985] [INFO] [DEBUG] Decoding client response from a626af9a1d624a7c933823d3f0fcc418...
[2026-01-21 09:37:59,801] [INFO] [ENCODE] Starting encode_weights in aggregate_fit...
[2026-01-21 09:38:23,746] [INFO] [ENCODE] Finished encode_weights.
[2026-01-21 09:38:24,802] [INFO] [DEBUG][SERVER] Model expects 148 layers
[2026-01-21 09:38:24,815] [INFO] [DEBUG] Loaded 148 of 148 layers
[2026-01-21 09:38:25,941] [INFO] [Server] Evaluating at round 5
[2026-01-21 09:38:25,941] [INFO] [SERVER][Round 5] Starting evaluation (mode=SH)...
[2026-01-21 09:38:43,813] [INFO] [Round 5] WT Dice: 0.9465 | Time: 17.87s
[2026-01-21 10:02:02,174] [INFO] [SERVER DEBUG] aggregate_fit called at round 6
[2026-01-21 10:02:02,174] [INFO] [DEBUG] aggregate_fit received 4 results at round 6
[2026-01-21 10:02:02,174] [INFO] [DEBUG] Decoding client response from c7994752d4c94f6d839f6b782f3e3bac...
[2026-01-21 10:02:02,997] [INFO] [DEBUG] Decoding client response from fdc36236624c414280420c0a721706c8...
[2026-01-21 10:02:03,778] [INFO] [DEBUG] Decoding client response from a626af9a1d624a7c933823d3f0fcc418...
[2026-01-21 10:02:04,478] [INFO] [DEBUG] Decoding client response from 8bcf87e8dc2f4cbe8ff45f464350e26e...
[2026-01-21 10:02:05,325] [INFO] [ENCODE] Starting encode_weights in aggregate_fit...
[2026-01-21 10:02:26,989] [INFO] [ENCODE] Finished encode_weights.
[2026-01-21 10:02:27,949] [INFO] [DEBUG][SERVER] Model expects 148 layers
[2026-01-21 10:02:27,959] [INFO] [DEBUG] Loaded 148 of 148 layers
[2026-01-21 10:02:29,022] [INFO] [Server] Evaluating at round 6
[2026-01-21 10:02:29,022] [INFO] [SERVER][Round 6] Starting evaluation (mode=SH)...
[2026-01-21 10:02:47,579] [INFO] [Round 6] WT Dice: 0.9008 | Time: 18.56s
[2026-01-21 10:25:50,349] [INFO] [SERVER DEBUG] aggregate_fit called at round 7
[2026-01-21 10:25:50,350] [INFO] [DEBUG] aggregate_fit received 4 results at round 7
[2026-01-21 10:25:50,350] [INFO] [DEBUG] Decoding client response from a626af9a1d624a7c933823d3f0fcc418...
[2026-01-21 10:25:51,222] [INFO] [DEBUG] Decoding client response from 8bcf87e8dc2f4cbe8ff45f464350e26e...
[2026-01-21 10:25:52,032] [INFO] [DEBUG] Decoding client response from c7994752d4c94f6d839f6b782f3e3bac...
[2026-01-21 10:25:52,810] [INFO] [DEBUG] Decoding client response from fdc36236624c414280420c0a721706c8...
[2026-01-21 10:25:53,615] [INFO] [ENCODE] Starting encode_weights in aggregate_fit...
[2026-01-21 10:26:16,343] [INFO] [ENCODE] Finished encode_weights.
[2026-01-21 10:26:17,462] [INFO] [DEBUG][SERVER] Model expects 148 layers
[2026-01-21 10:26:17,477] [INFO] [DEBUG] Loaded 148 of 148 layers
[2026-01-21 10:26:18,610] [INFO] [Server] Evaluating at round 7
[2026-01-21 10:26:18,611] [INFO] [SERVER][Round 7] Starting evaluation (mode=SH)...
[2026-01-21 10:26:36,151] [INFO] [Round 7] WT Dice: 0.8558 | Time: 17.54s
[2026-01-21 10:49:59,945] [INFO] [SERVER DEBUG] aggregate_fit called at round 8
[2026-01-21 10:49:59,946] [INFO] [DEBUG] aggregate_fit received 4 results at round 8
[2026-01-21 10:49:59,946] [INFO] [DEBUG] Decoding client response from fdc36236624c414280420c0a721706c8...
[2026-01-21 10:50:00,663] [INFO] [DEBUG] Decoding client response from 8bcf87e8dc2f4cbe8ff45f464350e26e...
[2026-01-21 10:50:01,426] [INFO] [DEBUG] Decoding client response from c7994752d4c94f6d839f6b782f3e3bac...
[2026-01-21 10:50:02,056] [INFO] [DEBUG] Decoding client response from a626af9a1d624a7c933823d3f0fcc418...
[2026-01-21 10:50:02,805] [INFO] [ENCODE] Starting encode_weights in aggregate_fit...
[2026-01-21 10:50:22,398] [INFO] [ENCODE] Finished encode_weights.
[2026-01-21 10:50:23,421] [INFO] [DEBUG][SERVER] Model expects 148 layers
[2026-01-21 10:50:23,438] [INFO] [DEBUG] Loaded 148 of 148 layers
[2026-01-21 10:50:24,395] [INFO] [Server] Evaluating at round 8
[2026-01-21 10:50:24,396] [INFO] [SERVER][Round 8] Starting evaluation (mode=SH)...
[2026-01-21 10:50:42,094] [INFO] [Round 8] WT Dice: 0.9130 | Time: 17.70s
[2026-01-21 11:14:09,863] [INFO] [SERVER DEBUG] aggregate_fit called at round 9
[2026-01-21 11:14:09,864] [INFO] [DEBUG] aggregate_fit received 4 results at round 9
[2026-01-21 11:14:09,864] [INFO] [DEBUG] Decoding client response from fdc36236624c414280420c0a721706c8...
[2026-01-21 11:14:10,611] [INFO] [DEBUG] Decoding client response from 8bcf87e8dc2f4cbe8ff45f464350e26e...
[2026-01-21 11:14:11,311] [INFO] [DEBUG] Decoding client response from a626af9a1d624a7c933823d3f0fcc418...
[2026-01-21 11:14:12,030] [INFO] [DEBUG] Decoding client response from c7994752d4c94f6d839f6b782f3e3bac...
[2026-01-21 11:14:12,779] [INFO] [ENCODE] Starting encode_weights in aggregate_fit...
[2026-01-21 11:14:34,808] [INFO] [ENCODE] Finished encode_weights.
[2026-01-21 11:14:35,763] [INFO] [DEBUG][SERVER] Model expects 148 layers
[2026-01-21 11:14:35,775] [INFO] [DEBUG] Loaded 148 of 148 layers
[2026-01-21 11:14:36,814] [INFO] [Server] Evaluating at round 9
[2026-01-21 11:14:36,815] [INFO] [SERVER][Round 9] Starting evaluation (mode=SH)...
[2026-01-21 11:14:54,371] [INFO] [Round 9] WT Dice: 0.9568 | Time: 17.56s
[2026-01-21 11:38:04,121] [INFO] [SERVER DEBUG] aggregate_fit called at round 10
[2026-01-21 11:38:04,122] [INFO] [DEBUG] aggregate_fit received 4 results at round 10
[2026-01-21 11:38:04,122] [INFO] [DEBUG] Decoding client response from c7994752d4c94f6d839f6b782f3e3bac...
[2026-01-21 11:38:04,850] [INFO] [DEBUG] Decoding client response from fdc36236624c414280420c0a721706c8...
[2026-01-21 11:38:05,543] [INFO] [DEBUG] Decoding client response from a626af9a1d624a7c933823d3f0fcc418...
[2026-01-21 11:38:06,266] [INFO] [DEBUG] Decoding client response from 8bcf87e8dc2f4cbe8ff45f464350e26e...
[2026-01-21 11:38:06,995] [INFO] [ENCODE] Starting encode_weights in aggregate_fit...
[2026-01-21 11:38:30,338] [INFO] [ENCODE] Finished encode_weights.
[2026-01-21 11:38:31,368] [INFO] [DEBUG][SERVER] Model expects 148 layers
[2026-01-21 11:38:31,380] [INFO] [DEBUG] Loaded 148 of 148 layers
[2026-01-21 11:38:32,516] [INFO] [Server] Evaluating at round 10
[2026-01-21 11:38:32,517] [INFO] [SERVER][Round 10] Starting evaluation (mode=SH)...
[2026-01-21 11:38:50,107] [INFO] [Round 10] WT Dice: 0.9667 | Time: 17.59s
[2026-01-21 12:02:20,590] [INFO] [SERVER DEBUG] aggregate_fit called at round 11
[2026-01-21 12:02:20,591] [INFO] [DEBUG] aggregate_fit received 4 results at round 11
[2026-01-21 12:02:20,591] [INFO] [DEBUG] Decoding client response from c7994752d4c94f6d839f6b782f3e3bac...
[2026-01-21 12:02:21,354] [INFO] [DEBUG] Decoding client response from fdc36236624c414280420c0a721706c8...
[2026-01-21 12:02:22,076] [INFO] [DEBUG] Decoding client response from a626af9a1d624a7c933823d3f0fcc418...
[2026-01-21 12:02:22,727] [INFO] [DEBUG] Decoding client response from 8bcf87e8dc2f4cbe8ff45f464350e26e...
[2026-01-21 12:02:23,471] [INFO] [ENCODE] Starting encode_weights in aggregate_fit...
[2026-01-21 12:02:46,066] [INFO] [ENCODE] Finished encode_weights.
[2026-01-21 12:02:47,108] [INFO] [DEBUG][SERVER] Model expects 148 layers
[2026-01-21 12:02:47,119] [INFO] [DEBUG] Loaded 148 of 148 layers
[2026-01-21 12:02:48,205] [INFO] [Server] Evaluating at round 11
[2026-01-21 12:02:48,205] [INFO] [SERVER][Round 11] Starting evaluation (mode=SH)...
[2026-01-21 12:03:05,887] [INFO] [Round 11] WT Dice: 0.9790 | Time: 17.68s
[2026-01-21 12:25:58,036] [INFO] [SERVER DEBUG] aggregate_fit called at round 12
[2026-01-21 12:25:58,037] [INFO] [DEBUG] aggregate_fit received 4 results at round 12
[2026-01-21 12:25:58,037] [INFO] [DEBUG] Decoding client response from fdc36236624c414280420c0a721706c8...
[2026-01-21 12:25:58,843] [INFO] [DEBUG] Decoding client response from 8bcf87e8dc2f4cbe8ff45f464350e26e...
[2026-01-21 12:25:59,603] [INFO] [DEBUG] Decoding client response from c7994752d4c94f6d839f6b782f3e3bac...
[2026-01-21 12:26:00,253] [INFO] [DEBUG] Decoding client response from a626af9a1d624a7c933823d3f0fcc418...
[2026-01-21 12:26:01,004] [INFO] [ENCODE] Starting encode_weights in aggregate_fit...
[2026-01-21 12:26:23,009] [INFO] [ENCODE] Finished encode_weights.
[2026-01-21 12:26:24,009] [INFO] [DEBUG][SERVER] Model expects 148 layers
[2026-01-21 12:26:24,020] [INFO] [DEBUG] Loaded 148 of 148 layers
[2026-01-21 12:26:25,067] [INFO] [Server] Evaluating at round 12
[2026-01-21 12:26:25,068] [INFO] [SERVER][Round 12] Starting evaluation (mode=SH)...
[2026-01-21 12:26:42,626] [INFO] [Round 12] WT Dice: 0.9800 | Time: 17.56s
[2026-01-21 12:49:55,206] [INFO] [SERVER DEBUG] aggregate_fit called at round 13
[2026-01-21 12:49:55,207] [INFO] [DEBUG] aggregate_fit received 4 results at round 13
[2026-01-21 12:49:55,208] [INFO] [DEBUG] Decoding client response from 8bcf87e8dc2f4cbe8ff45f464350e26e...
[2026-01-21 12:49:56,120] [INFO] [DEBUG] Decoding client response from c7994752d4c94f6d839f6b782f3e3bac...
[2026-01-21 12:49:56,730] [INFO] [DEBUG] Decoding client response from fdc36236624c414280420c0a721706c8...
[2026-01-21 12:49:57,332] [INFO] [DEBUG] Decoding client response from a626af9a1d624a7c933823d3f0fcc418...
[2026-01-21 12:49:58,057] [INFO] [ENCODE] Starting encode_weights in aggregate_fit...
[2026-01-21 12:50:18,195] [INFO] [ENCODE] Finished encode_weights.
[2026-01-21 12:50:19,149] [INFO] [DEBUG][SERVER] Model expects 148 layers
[2026-01-21 12:50:19,160] [INFO] [DEBUG] Loaded 148 of 148 layers
[2026-01-21 12:50:20,178] [INFO] [Server] Evaluating at round 13
[2026-01-21 12:50:20,178] [INFO] [SERVER][Round 13] Starting evaluation (mode=SH)...
[2026-01-21 12:50:37,415] [INFO] [Round 13] WT Dice: 0.9798 | Time: 17.24s
[2026-01-21 13:13:13,302] [INFO] [SERVER DEBUG] aggregate_fit called at round 14
[2026-01-21 13:13:13,302] [INFO] [DEBUG] aggregate_fit received 4 results at round 14
[2026-01-21 13:13:13,302] [INFO] [DEBUG] Decoding client response from fdc36236624c414280420c0a721706c8...
[2026-01-21 13:13:14,029] [INFO] [DEBUG] Decoding client response from 8bcf87e8dc2f4cbe8ff45f464350e26e...
[2026-01-21 13:13:14,762] [INFO] [DEBUG] Decoding client response from c7994752d4c94f6d839f6b782f3e3bac...
[2026-01-21 13:13:15,399] [INFO] [DEBUG] Decoding client response from a626af9a1d624a7c933823d3f0fcc418...
[2026-01-21 13:13:16,106] [INFO] [ENCODE] Starting encode_weights in aggregate_fit...
[2026-01-21 13:13:38,374] [INFO] [ENCODE] Finished encode_weights.
[2026-01-21 13:13:39,410] [INFO] [DEBUG][SERVER] Model expects 148 layers
[2026-01-21 13:13:39,422] [INFO] [DEBUG] Loaded 148 of 148 layers
[2026-01-21 13:13:40,454] [INFO] [Server] Evaluating at round 14
[2026-01-21 13:13:40,454] [INFO] [SERVER][Round 14] Starting evaluation (mode=SH)...
[2026-01-21 13:13:57,683] [INFO] [Round 14] WT Dice: 0.9700 | Time: 17.23s
[2026-01-21 13:37:11,691] [INFO] [SERVER DEBUG] aggregate_fit called at round 15
[2026-01-21 13:37:11,691] [INFO] [DEBUG] aggregate_fit received 4 results at round 15
[2026-01-21 13:37:11,692] [INFO] [DEBUG] Decoding client response from fdc36236624c414280420c0a721706c8...
[2026-01-21 13:37:12,396] [INFO] [DEBUG] Decoding client response from 8bcf87e8dc2f4cbe8ff45f464350e26e...
[2026-01-21 13:37:13,111] [INFO] [DEBUG] Decoding client response from a626af9a1d624a7c933823d3f0fcc418...
[2026-01-21 13:37:13,711] [INFO] [DEBUG] Decoding client response from c7994752d4c94f6d839f6b782f3e3bac...
[2026-01-21 13:37:14,387] [INFO] [ENCODE] Starting encode_weights in aggregate_fit...
[2026-01-21 13:37:34,590] [INFO] [ENCODE] Finished encode_weights.
[2026-01-21 13:37:35,559] [INFO] [DEBUG][SERVER] Model expects 148 layers
[2026-01-21 13:37:35,570] [INFO] [DEBUG] Loaded 148 of 148 layers
[2026-01-21 13:37:36,575] [INFO] [Server] Evaluating at round 15
[2026-01-21 13:37:36,576] [INFO] [SERVER][Round 15] Starting evaluation (mode=SH)...
[2026-01-21 13:37:53,864] [INFO] [Round 15] WT Dice: 0.9768 | Time: 17.29s
[2026-01-21 14:01:04,237] [INFO] [SERVER DEBUG] aggregate_fit called at round 16
[2026-01-21 14:01:04,237] [INFO] [DEBUG] aggregate_fit received 4 results at round 16
[2026-01-21 14:01:04,237] [INFO] [DEBUG] Decoding client response from fdc36236624c414280420c0a721706c8...
[2026-01-21 14:01:04,994] [INFO] [DEBUG] Decoding client response from c7994752d4c94f6d839f6b782f3e3bac...
[2026-01-21 14:01:05,770] [INFO] [DEBUG] Decoding client response from a626af9a1d624a7c933823d3f0fcc418...
[2026-01-21 14:01:06,434] [INFO] [DEBUG] Decoding client response from 8bcf87e8dc2f4cbe8ff45f464350e26e...
[2026-01-21 14:01:07,197] [INFO] [ENCODE] Starting encode_weights in aggregate_fit...
[2026-01-21 14:01:28,905] [INFO] [ENCODE] Finished encode_weights.
[2026-01-21 14:01:29,918] [INFO] [DEBUG][SERVER] Model expects 148 layers
[2026-01-21 14:01:29,930] [INFO] [DEBUG] Loaded 148 of 148 layers
[2026-01-21 14:01:31,011] [INFO] [Server] Evaluating at round 16
[2026-01-21 14:01:31,011] [INFO] [SERVER][Round 16] Starting evaluation (mode=SH)...
[2026-01-21 14:01:48,463] [INFO] [Round 16] WT Dice: 0.9770 | Time: 17.45s
[2026-01-21 14:24:53,290] [INFO] [SERVER DEBUG] aggregate_fit called at round 17
[2026-01-21 14:24:53,291] [INFO] [DEBUG] aggregate_fit received 4 results at round 17
[2026-01-21 14:24:53,291] [INFO] [DEBUG] Decoding client response from fdc36236624c414280420c0a721706c8...
[2026-01-21 14:24:54,078] [INFO] [DEBUG] Decoding client response from a626af9a1d624a7c933823d3f0fcc418...
[2026-01-21 14:24:54,843] [INFO] [DEBUG] Decoding client response from c7994752d4c94f6d839f6b782f3e3bac...
[2026-01-21 14:24:55,558] [INFO] [DEBUG] Decoding client response from 8bcf87e8dc2f4cbe8ff45f464350e26e...
[2026-01-21 14:24:56,335] [INFO] [ENCODE] Starting encode_weights in aggregate_fit...
[2026-01-21 14:25:18,530] [INFO] [ENCODE] Finished encode_weights.
[2026-01-21 14:25:19,544] [INFO] [DEBUG][SERVER] Model expects 148 layers
[2026-01-21 14:25:19,556] [INFO] [DEBUG] Loaded 148 of 148 layers
[2026-01-21 14:25:20,619] [INFO] [Server] Evaluating at round 17
[2026-01-21 14:25:20,620] [INFO] [SERVER][Round 17] Starting evaluation (mode=SH)...
[2026-01-21 14:25:38,053] [INFO] [Round 17] WT Dice: 0.9745 | Time: 17.43s
[2026-01-21 14:48:41,256] [INFO] [SERVER DEBUG] aggregate_fit called at round 18
[2026-01-21 14:48:41,256] [INFO] [DEBUG] aggregate_fit received 4 results at round 18
[2026-01-21 14:48:41,256] [INFO] [DEBUG] Decoding client response from a626af9a1d624a7c933823d3f0fcc418...
[2026-01-21 14:48:42,036] [INFO] [DEBUG] Decoding client response from c7994752d4c94f6d839f6b782f3e3bac...
[2026-01-21 14:48:42,764] [INFO] [DEBUG] Decoding client response from fdc36236624c414280420c0a721706c8...
[2026-01-21 14:48:43,444] [INFO] [DEBUG] Decoding client response from 8bcf87e8dc2f4cbe8ff45f464350e26e...
[2026-01-21 14:48:44,197] [INFO] [ENCODE] Starting encode_weights in aggregate_fit...
[2026-01-21 14:49:08,384] [INFO] [ENCODE] Finished encode_weights.
[2026-01-21 14:49:09,418] [INFO] [DEBUG][SERVER] Model expects 148 layers
[2026-01-21 14:49:09,429] [INFO] [DEBUG] Loaded 148 of 148 layers
[2026-01-21 14:49:10,515] [INFO] [Server] Evaluating at round 18
[2026-01-21 14:49:10,515] [INFO] [SERVER][Round 18] Starting evaluation (mode=SH)...
[2026-01-21 14:49:27,962] [INFO] [Round 18] WT Dice: 0.9760 | Time: 17.45s
[2026-01-21 15:12:21,230] [INFO] [SERVER DEBUG] aggregate_fit called at round 19
[2026-01-21 15:12:21,231] [INFO] [DEBUG] aggregate_fit received 4 results at round 19
[2026-01-21 15:12:21,231] [INFO] [DEBUG] Decoding client response from c7994752d4c94f6d839f6b782f3e3bac...
[2026-01-21 15:12:22,083] [INFO] [DEBUG] Decoding client response from a626af9a1d624a7c933823d3f0fcc418...
[2026-01-21 15:12:22,838] [INFO] [DEBUG] Decoding client response from 8bcf87e8dc2f4cbe8ff45f464350e26e...
[2026-01-21 15:12:23,488] [INFO] [DEBUG] Decoding client response from fdc36236624c414280420c0a721706c8...
[2026-01-21 15:12:24,294] [INFO] [ENCODE] Starting encode_weights in aggregate_fit...
[2026-01-21 15:12:46,125] [INFO] [ENCODE] Finished encode_weights.
[2026-01-21 15:12:47,072] [INFO] [DEBUG][SERVER] Model expects 148 layers
[2026-01-21 15:12:47,086] [INFO] [DEBUG] Loaded 148 of 148 layers
[2026-01-21 15:12:48,111] [INFO] [Server] Evaluating at round 19
[2026-01-21 15:12:48,112] [INFO] [SERVER][Round 19] Starting evaluation (mode=SH)...
[2026-01-21 15:13:05,583] [INFO] [Round 19] WT Dice: 0.9782 | Time: 17.47s
[2026-01-21 15:35:57,498] [INFO] [SERVER DEBUG] aggregate_fit called at round 20
[2026-01-21 15:35:57,499] [INFO] [DEBUG] aggregate_fit received 4 results at round 20
[2026-01-21 15:35:57,499] [INFO] [DEBUG] Decoding client response from c7994752d4c94f6d839f6b782f3e3bac...
[2026-01-21 15:35:58,185] [INFO] [DEBUG] Decoding client response from 8bcf87e8dc2f4cbe8ff45f464350e26e...
[2026-01-21 15:35:58,897] [INFO] [DEBUG] Decoding client response from a626af9a1d624a7c933823d3f0fcc418...
[2026-01-21 15:35:59,526] [INFO] [DEBUG] Decoding client response from fdc36236624c414280420c0a721706c8...
[2026-01-21 15:36:00,214] [INFO] [ENCODE] Starting encode_weights in aggregate_fit...
[2026-01-21 15:36:21,648] [INFO] [ENCODE] Finished encode_weights.
[2026-01-21 15:36:22,630] [INFO] [DEBUG][SERVER] Model expects 148 layers
[2026-01-21 15:36:22,642] [INFO] [DEBUG] Loaded 148 of 148 layers
[2026-01-21 15:36:23,618] [INFO] [Server] Evaluating at round 20
[2026-01-21 15:36:23,619] [INFO] [SERVER][Round 20] Starting evaluation (mode=SH)...
[2026-01-21 15:36:40,989] [INFO] [Round 20] WT Dice: 0.9740 | Time: 17.37s
[2026-01-21 15:59:56,792] [INFO] [SERVER DEBUG] aggregate_fit called at round 21
[2026-01-21 15:59:56,793] [INFO] [DEBUG] aggregate_fit received 4 results at round 21
[2026-01-21 15:59:56,793] [INFO] [DEBUG] Decoding client response from fdc36236624c414280420c0a721706c8...
[2026-01-21 15:59:57,480] [INFO] [DEBUG] Decoding client response from 8bcf87e8dc2f4cbe8ff45f464350e26e...
[2026-01-21 15:59:58,186] [INFO] [DEBUG] Decoding client response from c7994752d4c94f6d839f6b782f3e3bac...
[2026-01-21 15:59:58,897] [INFO] [DEBUG] Decoding client response from a626af9a1d624a7c933823d3f0fcc418...
[2026-01-21 15:59:59,681] [INFO] [ENCODE] Starting encode_weights in aggregate_fit...
[2026-01-21 16:00:22,935] [INFO] [ENCODE] Finished encode_weights.
[2026-01-21 16:00:23,964] [INFO] [DEBUG][SERVER] Model expects 148 layers
[2026-01-21 16:00:23,976] [INFO] [DEBUG] Loaded 148 of 148 layers
[2026-01-21 16:00:25,062] [INFO] [Server] Evaluating at round 21
[2026-01-21 16:00:25,063] [INFO] [SERVER][Round 21] Starting evaluation (mode=SH)...
[2026-01-21 16:00:42,657] [INFO] [Round 21] WT Dice: 0.9762 | Time: 17.59s
[2026-01-21 16:23:53,656] [INFO] [SERVER DEBUG] aggregate_fit called at round 22
[2026-01-21 16:23:53,656] [INFO] [DEBUG] aggregate_fit received 4 results at round 22
[2026-01-21 16:23:53,656] [INFO] [DEBUG] Decoding client response from c7994752d4c94f6d839f6b782f3e3bac...
[2026-01-21 16:23:54,392] [INFO] [DEBUG] Decoding client response from fdc36236624c414280420c0a721706c8...
[2026-01-21 16:23:55,100] [INFO] [DEBUG] Decoding client response from a626af9a1d624a7c933823d3f0fcc418...
[2026-01-21 16:23:55,748] [INFO] [DEBUG] Decoding client response from 8bcf87e8dc2f4cbe8ff45f464350e26e...
[2026-01-21 16:23:56,506] [INFO] [ENCODE] Starting encode_weights in aggregate_fit...
[2026-01-21 16:24:16,360] [INFO] [ENCODE] Finished encode_weights.
[2026-01-21 16:24:17,305] [INFO] [DEBUG][SERVER] Model expects 148 layers
[2026-01-21 16:24:17,316] [INFO] [DEBUG] Loaded 148 of 148 layers
[2026-01-21 16:24:18,302] [INFO] [Server] Evaluating at round 22
[2026-01-21 16:24:18,302] [INFO] [SERVER][Round 22] Starting evaluation (mode=SH)...
[2026-01-21 16:24:35,849] [INFO] [Round 22] WT Dice: 0.9741 | Time: 17.55s
[2026-01-21 16:47:47,037] [INFO] [SERVER DEBUG] aggregate_fit called at round 23
[2026-01-21 16:47:47,038] [INFO] [DEBUG] aggregate_fit received 4 results at round 23
[2026-01-21 16:47:47,038] [INFO] [DEBUG] Decoding client response from a626af9a1d624a7c933823d3f0fcc418...
[2026-01-21 16:47:47,794] [INFO] [DEBUG] Decoding client response from 8bcf87e8dc2f4cbe8ff45f464350e26e...
[2026-01-21 16:47:48,560] [INFO] [DEBUG] Decoding client response from c7994752d4c94f6d839f6b782f3e3bac...
[2026-01-21 16:47:49,286] [INFO] [DEBUG] Decoding client response from fdc36236624c414280420c0a721706c8...
[2026-01-21 16:47:50,219] [INFO] [ENCODE] Starting encode_weights in aggregate_fit...
[2026-01-21 16:48:13,761] [INFO] [ENCODE] Finished encode_weights.
[2026-01-21 16:48:14,764] [INFO] [DEBUG][SERVER] Model expects 148 layers
[2026-01-21 16:48:14,775] [INFO] [DEBUG] Loaded 148 of 148 layers
[2026-01-21 16:48:15,910] [INFO] [Server] Evaluating at round 23
[2026-01-21 16:48:15,911] [INFO] [SERVER][Round 23] Starting evaluation (mode=SH)...
[2026-01-21 16:48:33,579] [INFO] [Round 23] WT Dice: 0.0238 | Time: 17.67s
[2026-01-21 17:11:51,070] [INFO] [SERVER DEBUG] aggregate_fit called at round 24
[2026-01-21 17:11:51,071] [INFO] [DEBUG] aggregate_fit received 4 results at round 24
[2026-01-21 17:11:51,071] [INFO] [DEBUG] Decoding client response from c7994752d4c94f6d839f6b782f3e3bac...
[2026-01-21 17:11:51,890] [INFO] [DEBUG] Decoding client response from a626af9a1d624a7c933823d3f0fcc418...
[2026-01-21 17:11:52,648] [INFO] [DEBUG] Decoding client response from 8bcf87e8dc2f4cbe8ff45f464350e26e...
[2026-01-21 17:11:53,320] [INFO] [DEBUG] Decoding client response from fdc36236624c414280420c0a721706c8...
[2026-01-21 17:11:54,070] [INFO] [ENCODE] Starting encode_weights in aggregate_fit...
[2026-01-21 17:12:18,666] [INFO] [ENCODE] Finished encode_weights.
[2026-01-21 17:12:19,706] [INFO] [DEBUG][SERVER] Model expects 148 layers
[2026-01-21 17:12:19,718] [INFO] [DEBUG] Loaded 148 of 148 layers
[2026-01-21 17:12:20,806] [INFO] [Server] Evaluating at round 24
[2026-01-21 17:12:20,806] [INFO] [SERVER][Round 24] Starting evaluation (mode=SH)...
[2026-01-21 17:12:38,242] [INFO] [Round 24] WT Dice: 0.9762 | Time: 17.44s
[2026-01-21 17:35:57,133] [INFO] [SERVER DEBUG] aggregate_fit called at round 25
[2026-01-21 17:35:57,133] [INFO] [DEBUG] aggregate_fit received 4 results at round 25
[2026-01-21 17:35:57,133] [INFO] [DEBUG] Decoding client response from c7994752d4c94f6d839f6b782f3e3bac...
[2026-01-21 17:35:57,892] [INFO] [DEBUG] Decoding client response from 8bcf87e8dc2f4cbe8ff45f464350e26e...
[2026-01-21 17:35:58,659] [INFO] [DEBUG] Decoding client response from a626af9a1d624a7c933823d3f0fcc418...
[2026-01-21 17:35:59,334] [INFO] [DEBUG] Decoding client response from fdc36236624c414280420c0a721706c8...
[2026-01-21 17:36:00,055] [INFO] [ENCODE] Starting encode_weights in aggregate_fit...
[2026-01-21 17:36:22,670] [INFO] [ENCODE] Finished encode_weights.
[2026-01-21 17:36:24,053] [INFO] [DEBUG][SERVER] Model expects 148 layers
[2026-01-21 17:36:24,071] [INFO] [DEBUG] Loaded 148 of 148 layers
[2026-01-21 17:36:25,523] [INFO] [Server] Evaluating at round 25
[2026-01-21 17:36:25,523] [INFO] [SERVER][Round 25] Starting evaluation (mode=SH)...
[2026-01-21 17:36:43,442] [INFO] [Round 25] WT Dice: 0.9645 | Time: 17.92s
