[2026-01-21 17:43:21,362] [INFO] [SERVER INIT] EXPERIMENT_DIR=Revision/Run_UNET_NonIID_KH32_20260121, LOG=Revision/Run_UNET_NonIID_KH32_20260121/Server/ServerReport20260121.log
[2026-01-21 17:43:21,364] [INFO] [ENV] SERVER_ADDRESS=127.0.0.1, SERVER_PORT=8089, DATA_PATH=/home/jovyan/FeTS2022/MICCAI_FeTS2022_TrainingData, ENCODING_MODE=KH, N_CLUSTERS=32
[2026-01-21 17:43:21,494] [INFO] [DATA] Server test set loaded with 67 samples.
[2026-01-21 17:43:21,780] [INFO] [MODEL INIT] UNet with 148 layers initialized on cuda
[2026-01-21 17:43:21,819] [INFO] [STRATEGY INIT] mode=KH, UsedClusters=32 (EnvNClusters=32), experiment_dir=Revision/Run_UNET_NonIID_KH32_20260121
[2026-01-21 17:43:21,819] [INFO] [SERVER START] Address=127.0.0.1:8089, Rounds=25, Mode=KH, NClusters=32
[2026-01-21 17:43:21,836] [INFO] [Server] Evaluating at round 0
[2026-01-21 17:43:21,836] [INFO] [SERVER][Round 0] Starting evaluation (mode=KH)...
[2026-01-21 17:43:43,127] [INFO] [Round 0] WT Dice: 0.1107 | Time: 21.29s
[2026-01-21 18:05:32,139] [INFO] [SERVER DEBUG] aggregate_fit called at round 1
[2026-01-21 18:05:32,140] [INFO] [DEBUG] aggregate_fit received 4 results at round 1
[2026-01-21 18:05:32,140] [INFO] [DEBUG] Decoding client response from b963da1471bc4aa99268065a2cfaf8a3...
[2026-01-21 18:05:32,381] [INFO] [DEBUG] Decoding client response from 8e4bcf9bda1141dbaf96c15d3e129047...
[2026-01-21 18:05:32,547] [INFO] [DEBUG] Decoding client response from 12e1c4c0cf164f79876700f2fa83d9b8...
[2026-01-21 18:05:32,653] [INFO] [DEBUG] Decoding client response from 66868e8d7a294525a093e1dc8fc340df...
[2026-01-21 18:05:32,736] [INFO] [ENCODE] Starting encode_weights in aggregate_fit...
[2026-01-21 18:05:41,492] [INFO] [ENCODE] Finished encode_weights.
[2026-01-21 18:05:41,709] [INFO] [DEBUG][SERVER] Model expects 148 layers
[2026-01-21 18:05:41,723] [INFO] [DEBUG] Loaded 148 of 148 layers
[2026-01-21 18:05:41,840] [INFO] [Server] Evaluating at round 1
[2026-01-21 18:05:41,840] [INFO] [SERVER][Round 1] Starting evaluation (mode=KH)...
[2026-01-21 18:05:59,371] [INFO] [Round 1] WT Dice: 0.3512 | Time: 17.53s
[2026-01-21 18:28:56,834] [INFO] [SERVER DEBUG] aggregate_fit called at round 2
[2026-01-21 18:28:56,835] [INFO] [DEBUG] aggregate_fit received 4 results at round 2
[2026-01-21 18:28:56,835] [INFO] [DEBUG] Decoding client response from 12e1c4c0cf164f79876700f2fa83d9b8...
[2026-01-21 18:28:57,207] [INFO] [DEBUG] Decoding client response from b963da1471bc4aa99268065a2cfaf8a3...
[2026-01-21 18:28:57,391] [INFO] [DEBUG] Decoding client response from 66868e8d7a294525a093e1dc8fc340df...
[2026-01-21 18:28:57,572] [INFO] [DEBUG] Decoding client response from 8e4bcf9bda1141dbaf96c15d3e129047...
[2026-01-21 18:28:57,762] [INFO] [ENCODE] Starting encode_weights in aggregate_fit...
[2026-01-21 18:29:08,216] [INFO] [ENCODE] Finished encode_weights.
[2026-01-21 18:29:08,449] [INFO] [DEBUG][SERVER] Model expects 148 layers
[2026-01-21 18:29:08,469] [INFO] [DEBUG] Loaded 148 of 148 layers
[2026-01-21 18:29:08,706] [INFO] [Server] Evaluating at round 2
[2026-01-21 18:29:08,707] [INFO] [SERVER][Round 2] Starting evaluation (mode=KH)...
[2026-01-21 18:29:27,153] [INFO] [Round 2] WT Dice: 0.3296 | Time: 18.45s
[2026-01-21 18:52:34,426] [INFO] [SERVER DEBUG] aggregate_fit called at round 3
[2026-01-21 18:52:34,426] [INFO] [DEBUG] aggregate_fit received 4 results at round 3
[2026-01-21 18:52:34,426] [INFO] [DEBUG] Decoding client response from 12e1c4c0cf164f79876700f2fa83d9b8...
[2026-01-21 18:52:34,532] [INFO] [DEBUG] Decoding client response from 66868e8d7a294525a093e1dc8fc340df...
[2026-01-21 18:52:34,625] [INFO] [DEBUG] Decoding client response from 8e4bcf9bda1141dbaf96c15d3e129047...
[2026-01-21 18:52:34,721] [INFO] [DEBUG] Decoding client response from b963da1471bc4aa99268065a2cfaf8a3...
[2026-01-21 18:52:34,850] [INFO] [ENCODE] Starting encode_weights in aggregate_fit...
[2026-01-21 18:52:44,387] [INFO] [ENCODE] Finished encode_weights.
[2026-01-21 18:52:44,574] [INFO] [DEBUG][SERVER] Model expects 148 layers
[2026-01-21 18:52:44,587] [INFO] [DEBUG] Loaded 148 of 148 layers
[2026-01-21 18:52:44,719] [INFO] [Server] Evaluating at round 3
[2026-01-21 18:52:44,719] [INFO] [SERVER][Round 3] Starting evaluation (mode=KH)...
[2026-01-21 18:53:02,161] [INFO] [Round 3] WT Dice: 0.5004 | Time: 17.44s
[2026-01-21 19:15:57,822] [INFO] [SERVER DEBUG] aggregate_fit called at round 4
[2026-01-21 19:15:57,822] [INFO] [DEBUG] aggregate_fit received 4 results at round 4
[2026-01-21 19:15:57,822] [INFO] [DEBUG] Decoding client response from 66868e8d7a294525a093e1dc8fc340df...
[2026-01-21 19:15:57,927] [INFO] [DEBUG] Decoding client response from 8e4bcf9bda1141dbaf96c15d3e129047...
[2026-01-21 19:15:58,045] [INFO] [DEBUG] Decoding client response from 12e1c4c0cf164f79876700f2fa83d9b8...
[2026-01-21 19:15:58,140] [INFO] [DEBUG] Decoding client response from b963da1471bc4aa99268065a2cfaf8a3...
[2026-01-21 19:15:58,270] [INFO] [ENCODE] Starting encode_weights in aggregate_fit...
[2026-01-21 19:16:07,656] [INFO] [ENCODE] Finished encode_weights.
[2026-01-21 19:16:07,828] [INFO] [DEBUG][SERVER] Model expects 148 layers
[2026-01-21 19:16:07,848] [INFO] [DEBUG] Loaded 148 of 148 layers
[2026-01-21 19:16:08,030] [INFO] [Server] Evaluating at round 4
[2026-01-21 19:16:08,030] [INFO] [SERVER][Round 4] Starting evaluation (mode=KH)...
[2026-01-21 19:16:25,267] [INFO] [Round 4] WT Dice: 0.9238 | Time: 17.24s
[2026-01-21 19:39:12,538] [INFO] [SERVER DEBUG] aggregate_fit called at round 5
[2026-01-21 19:39:12,539] [INFO] [DEBUG] aggregate_fit received 4 results at round 5
[2026-01-21 19:39:12,539] [INFO] [DEBUG] Decoding client response from 12e1c4c0cf164f79876700f2fa83d9b8...
[2026-01-21 19:39:12,644] [INFO] [DEBUG] Decoding client response from 8e4bcf9bda1141dbaf96c15d3e129047...
[2026-01-21 19:39:12,755] [INFO] [DEBUG] Decoding client response from b963da1471bc4aa99268065a2cfaf8a3...
[2026-01-21 19:39:12,970] [INFO] [DEBUG] Decoding client response from 66868e8d7a294525a093e1dc8fc340df...
[2026-01-21 19:39:13,073] [INFO] [ENCODE] Starting encode_weights in aggregate_fit...
[2026-01-21 19:39:22,402] [INFO] [ENCODE] Finished encode_weights.
[2026-01-21 19:39:22,579] [INFO] [DEBUG][SERVER] Model expects 148 layers
[2026-01-21 19:39:22,598] [INFO] [DEBUG] Loaded 148 of 148 layers
[2026-01-21 19:39:22,740] [INFO] [Server] Evaluating at round 5
[2026-01-21 19:39:22,740] [INFO] [SERVER][Round 5] Starting evaluation (mode=KH)...
[2026-01-21 19:39:40,044] [INFO] [Round 5] WT Dice: 0.9776 | Time: 17.30s
[2026-01-21 20:02:44,001] [INFO] [SERVER DEBUG] aggregate_fit called at round 6
[2026-01-21 20:02:44,002] [INFO] [DEBUG] aggregate_fit received 4 results at round 6
[2026-01-21 20:02:44,002] [INFO] [DEBUG] Decoding client response from 12e1c4c0cf164f79876700f2fa83d9b8...
[2026-01-21 20:02:44,159] [INFO] [DEBUG] Decoding client response from b963da1471bc4aa99268065a2cfaf8a3...
[2026-01-21 20:02:44,296] [INFO] [DEBUG] Decoding client response from 66868e8d7a294525a093e1dc8fc340df...
[2026-01-21 20:02:44,431] [INFO] [DEBUG] Decoding client response from 8e4bcf9bda1141dbaf96c15d3e129047...
[2026-01-21 20:02:44,590] [INFO] [ENCODE] Starting encode_weights in aggregate_fit...
[2026-01-21 20:02:53,992] [INFO] [ENCODE] Finished encode_weights.
[2026-01-21 20:02:54,172] [INFO] [DEBUG][SERVER] Model expects 148 layers
[2026-01-21 20:02:54,189] [INFO] [DEBUG] Loaded 148 of 148 layers
[2026-01-21 20:02:54,342] [INFO] [Server] Evaluating at round 6
[2026-01-21 20:02:54,342] [INFO] [SERVER][Round 6] Starting evaluation (mode=KH)...
[2026-01-21 20:03:11,435] [INFO] [Round 6] WT Dice: 0.9742 | Time: 17.09s
[2026-01-21 20:26:09,722] [INFO] [SERVER DEBUG] aggregate_fit called at round 7
[2026-01-21 20:26:09,723] [INFO] [DEBUG] aggregate_fit received 4 results at round 7
[2026-01-21 20:26:09,723] [INFO] [DEBUG] Decoding client response from 12e1c4c0cf164f79876700f2fa83d9b8...
[2026-01-21 20:26:09,834] [INFO] [DEBUG] Decoding client response from 8e4bcf9bda1141dbaf96c15d3e129047...
[2026-01-21 20:26:09,948] [INFO] [DEBUG] Decoding client response from 66868e8d7a294525a093e1dc8fc340df...
[2026-01-21 20:26:10,044] [INFO] [DEBUG] Decoding client response from b963da1471bc4aa99268065a2cfaf8a3...
[2026-01-21 20:26:10,267] [INFO] [ENCODE] Starting encode_weights in aggregate_fit...
[2026-01-21 20:26:19,250] [INFO] [ENCODE] Finished encode_weights.
[2026-01-21 20:26:19,449] [INFO] [DEBUG][SERVER] Model expects 148 layers
[2026-01-21 20:26:19,467] [INFO] [DEBUG] Loaded 148 of 148 layers
[2026-01-21 20:26:19,614] [INFO] [Server] Evaluating at round 7
[2026-01-21 20:26:19,614] [INFO] [SERVER][Round 7] Starting evaluation (mode=KH)...
[2026-01-21 20:26:36,816] [INFO] [Round 7] WT Dice: 0.9785 | Time: 17.20s
[2026-01-21 20:49:33,652] [INFO] [SERVER DEBUG] aggregate_fit called at round 8
[2026-01-21 20:49:33,653] [INFO] [DEBUG] aggregate_fit received 4 results at round 8
[2026-01-21 20:49:33,653] [INFO] [DEBUG] Decoding client response from b963da1471bc4aa99268065a2cfaf8a3...
[2026-01-21 20:49:33,828] [INFO] [DEBUG] Decoding client response from 12e1c4c0cf164f79876700f2fa83d9b8...
[2026-01-21 20:49:33,956] [INFO] [DEBUG] Decoding client response from 66868e8d7a294525a093e1dc8fc340df...
[2026-01-21 20:49:34,089] [INFO] [DEBUG] Decoding client response from 8e4bcf9bda1141dbaf96c15d3e129047...
[2026-01-21 20:49:34,254] [INFO] [ENCODE] Starting encode_weights in aggregate_fit...
[2026-01-21 20:49:43,082] [INFO] [ENCODE] Finished encode_weights.
[2026-01-21 20:49:43,273] [INFO] [DEBUG][SERVER] Model expects 148 layers
[2026-01-21 20:49:43,287] [INFO] [DEBUG] Loaded 148 of 148 layers
[2026-01-21 20:49:43,443] [INFO] [Server] Evaluating at round 8
[2026-01-21 20:49:43,443] [INFO] [SERVER][Round 8] Starting evaluation (mode=KH)...
[2026-01-21 20:50:00,570] [INFO] [Round 8] WT Dice: 0.9783 | Time: 17.13s
[2026-01-21 21:12:56,635] [INFO] [SERVER DEBUG] aggregate_fit called at round 9
[2026-01-21 21:12:56,636] [INFO] [DEBUG] aggregate_fit received 4 results at round 9
[2026-01-21 21:12:56,636] [INFO] [DEBUG] Decoding client response from 12e1c4c0cf164f79876700f2fa83d9b8...
[2026-01-21 21:12:56,780] [INFO] [DEBUG] Decoding client response from b963da1471bc4aa99268065a2cfaf8a3...
[2026-01-21 21:12:56,898] [INFO] [DEBUG] Decoding client response from 66868e8d7a294525a093e1dc8fc340df...
[2026-01-21 21:12:56,992] [INFO] [DEBUG] Decoding client response from 8e4bcf9bda1141dbaf96c15d3e129047...
[2026-01-21 21:12:57,121] [INFO] [ENCODE] Starting encode_weights in aggregate_fit...
[2026-01-21 21:13:06,268] [INFO] [ENCODE] Finished encode_weights.
[2026-01-21 21:13:06,446] [INFO] [DEBUG][SERVER] Model expects 148 layers
[2026-01-21 21:13:06,467] [INFO] [DEBUG] Loaded 148 of 148 layers
[2026-01-21 21:13:06,604] [INFO] [Server] Evaluating at round 9
[2026-01-21 21:13:06,605] [INFO] [SERVER][Round 9] Starting evaluation (mode=KH)...
[2026-01-21 21:13:24,142] [INFO] [Round 9] WT Dice: 0.9854 | Time: 17.54s
[2026-01-21 21:36:16,359] [INFO] [SERVER DEBUG] aggregate_fit called at round 10
[2026-01-21 21:36:16,360] [INFO] [DEBUG] aggregate_fit received 4 results at round 10
[2026-01-21 21:36:16,360] [INFO] [DEBUG] Decoding client response from 66868e8d7a294525a093e1dc8fc340df...
[2026-01-21 21:36:16,463] [INFO] [DEBUG] Decoding client response from b963da1471bc4aa99268065a2cfaf8a3...
[2026-01-21 21:36:16,562] [INFO] [DEBUG] Decoding client response from 12e1c4c0cf164f79876700f2fa83d9b8...
[2026-01-21 21:36:16,656] [INFO] [DEBUG] Decoding client response from 8e4bcf9bda1141dbaf96c15d3e129047...
[2026-01-21 21:36:16,770] [INFO] [ENCODE] Starting encode_weights in aggregate_fit...
[2026-01-21 21:36:25,935] [INFO] [ENCODE] Finished encode_weights.
[2026-01-21 21:36:26,138] [INFO] [DEBUG][SERVER] Model expects 148 layers
[2026-01-21 21:36:26,158] [INFO] [DEBUG] Loaded 148 of 148 layers
[2026-01-21 21:36:26,323] [INFO] [Server] Evaluating at round 10
[2026-01-21 21:36:26,323] [INFO] [SERVER][Round 10] Starting evaluation (mode=KH)...
[2026-01-21 21:36:43,625] [INFO] [Round 10] WT Dice: 0.9813 | Time: 17.30s
[2026-01-21 21:59:46,390] [INFO] [SERVER DEBUG] aggregate_fit called at round 11
[2026-01-21 21:59:46,390] [INFO] [DEBUG] aggregate_fit received 4 results at round 11
[2026-01-21 21:59:46,390] [INFO] [DEBUG] Decoding client response from b963da1471bc4aa99268065a2cfaf8a3...
[2026-01-21 21:59:46,509] [INFO] [DEBUG] Decoding client response from 12e1c4c0cf164f79876700f2fa83d9b8...
[2026-01-21 21:59:46,601] [INFO] [DEBUG] Decoding client response from 8e4bcf9bda1141dbaf96c15d3e129047...
[2026-01-21 21:59:46,701] [INFO] [DEBUG] Decoding client response from 66868e8d7a294525a093e1dc8fc340df...
[2026-01-21 21:59:46,796] [INFO] [ENCODE] Starting encode_weights in aggregate_fit...
[2026-01-21 21:59:55,563] [INFO] [ENCODE] Finished encode_weights.
[2026-01-21 21:59:55,764] [INFO] [DEBUG][SERVER] Model expects 148 layers
[2026-01-21 21:59:55,785] [INFO] [DEBUG] Loaded 148 of 148 layers
[2026-01-21 21:59:55,926] [INFO] [Server] Evaluating at round 11
[2026-01-21 21:59:55,926] [INFO] [SERVER][Round 11] Starting evaluation (mode=KH)...
[2026-01-21 22:00:13,219] [INFO] [Round 11] WT Dice: 0.9807 | Time: 17.29s
[2026-01-21 22:23:14,149] [INFO] [SERVER DEBUG] aggregate_fit called at round 12
[2026-01-21 22:23:14,149] [INFO] [DEBUG] aggregate_fit received 4 results at round 12
[2026-01-21 22:23:14,150] [INFO] [DEBUG] Decoding client response from 8e4bcf9bda1141dbaf96c15d3e129047...
[2026-01-21 22:23:14,307] [INFO] [DEBUG] Decoding client response from b963da1471bc4aa99268065a2cfaf8a3...
[2026-01-21 22:23:14,438] [INFO] [DEBUG] Decoding client response from 12e1c4c0cf164f79876700f2fa83d9b8...
[2026-01-21 22:23:14,572] [INFO] [DEBUG] Decoding client response from 66868e8d7a294525a093e1dc8fc340df...
[2026-01-21 22:23:14,714] [INFO] [ENCODE] Starting encode_weights in aggregate_fit...
[2026-01-21 22:23:23,687] [INFO] [ENCODE] Finished encode_weights.
[2026-01-21 22:23:23,861] [INFO] [DEBUG][SERVER] Model expects 148 layers
[2026-01-21 22:23:23,884] [INFO] [DEBUG] Loaded 148 of 148 layers
[2026-01-21 22:23:24,034] [INFO] [Server] Evaluating at round 12
[2026-01-21 22:23:24,034] [INFO] [SERVER][Round 12] Starting evaluation (mode=KH)...
[2026-01-21 22:23:41,359] [INFO] [Round 12] WT Dice: 0.9843 | Time: 17.32s
[2026-01-21 22:46:27,251] [INFO] [SERVER DEBUG] aggregate_fit called at round 13
[2026-01-21 22:46:27,252] [INFO] [DEBUG] aggregate_fit received 4 results at round 13
[2026-01-21 22:46:27,252] [INFO] [DEBUG] Decoding client response from 12e1c4c0cf164f79876700f2fa83d9b8...
[2026-01-21 22:46:27,406] [INFO] [DEBUG] Decoding client response from 8e4bcf9bda1141dbaf96c15d3e129047...
[2026-01-21 22:46:27,541] [INFO] [DEBUG] Decoding client response from 66868e8d7a294525a093e1dc8fc340df...
[2026-01-21 22:46:27,669] [INFO] [DEBUG] Decoding client response from b963da1471bc4aa99268065a2cfaf8a3...
[2026-01-21 22:46:27,817] [INFO] [ENCODE] Starting encode_weights in aggregate_fit...
[2026-01-21 22:46:36,344] [INFO] [ENCODE] Finished encode_weights.
[2026-01-21 22:46:36,533] [INFO] [DEBUG][SERVER] Model expects 148 layers
[2026-01-21 22:46:36,551] [INFO] [DEBUG] Loaded 148 of 148 layers
[2026-01-21 22:46:36,714] [INFO] [Server] Evaluating at round 13
[2026-01-21 22:46:36,714] [INFO] [SERVER][Round 13] Starting evaluation (mode=KH)...
[2026-01-21 22:46:54,039] [INFO] [Round 13] WT Dice: 0.9765 | Time: 17.32s
[2026-01-21 23:09:42,002] [INFO] [SERVER DEBUG] aggregate_fit called at round 14
[2026-01-21 23:09:42,002] [INFO] [DEBUG] aggregate_fit received 4 results at round 14
[2026-01-21 23:09:42,003] [INFO] [DEBUG] Decoding client response from 66868e8d7a294525a093e1dc8fc340df...
[2026-01-21 23:09:42,119] [INFO] [DEBUG] Decoding client response from 8e4bcf9bda1141dbaf96c15d3e129047...
[2026-01-21 23:09:42,211] [INFO] [DEBUG] Decoding client response from 12e1c4c0cf164f79876700f2fa83d9b8...
[2026-01-21 23:09:42,303] [INFO] [DEBUG] Decoding client response from b963da1471bc4aa99268065a2cfaf8a3...
[2026-01-21 23:09:42,410] [INFO] [ENCODE] Starting encode_weights in aggregate_fit...
[2026-01-21 23:09:51,511] [INFO] [ENCODE] Finished encode_weights.
[2026-01-21 23:09:51,718] [INFO] [DEBUG][SERVER] Model expects 148 layers
[2026-01-21 23:09:51,736] [INFO] [DEBUG] Loaded 148 of 148 layers
[2026-01-21 23:09:51,904] [INFO] [Server] Evaluating at round 14
[2026-01-21 23:09:51,904] [INFO] [SERVER][Round 14] Starting evaluation (mode=KH)...
[2026-01-21 23:10:09,128] [INFO] [Round 14] WT Dice: 0.9791 | Time: 17.22s
[2026-01-21 23:33:14,272] [INFO] [SERVER DEBUG] aggregate_fit called at round 15
[2026-01-21 23:33:14,272] [INFO] [DEBUG] aggregate_fit received 4 results at round 15
[2026-01-21 23:33:14,272] [INFO] [DEBUG] Decoding client response from 12e1c4c0cf164f79876700f2fa83d9b8...
[2026-01-21 23:33:14,387] [INFO] [DEBUG] Decoding client response from 66868e8d7a294525a093e1dc8fc340df...
[2026-01-21 23:33:14,477] [INFO] [DEBUG] Decoding client response from b963da1471bc4aa99268065a2cfaf8a3...
[2026-01-21 23:33:14,567] [INFO] [DEBUG] Decoding client response from 8e4bcf9bda1141dbaf96c15d3e129047...
[2026-01-21 23:33:14,669] [INFO] [ENCODE] Starting encode_weights in aggregate_fit...
[2026-01-21 23:33:23,545] [INFO] [ENCODE] Finished encode_weights.
[2026-01-21 23:33:23,741] [INFO] [DEBUG][SERVER] Model expects 148 layers
[2026-01-21 23:33:23,759] [INFO] [DEBUG] Loaded 148 of 148 layers
[2026-01-21 23:33:23,890] [INFO] [Server] Evaluating at round 15
[2026-01-21 23:33:23,890] [INFO] [SERVER][Round 15] Starting evaluation (mode=KH)...
[2026-01-21 23:33:40,983] [INFO] [Round 15] WT Dice: 0.9780 | Time: 17.09s
[2026-01-21 23:56:51,346] [INFO] [SERVER DEBUG] aggregate_fit called at round 16
[2026-01-21 23:56:51,346] [INFO] [DEBUG] aggregate_fit received 4 results at round 16
[2026-01-21 23:56:51,346] [INFO] [DEBUG] Decoding client response from b963da1471bc4aa99268065a2cfaf8a3...
[2026-01-21 23:56:51,541] [INFO] [DEBUG] Decoding client response from 66868e8d7a294525a093e1dc8fc340df...
[2026-01-21 23:56:51,711] [INFO] [DEBUG] Decoding client response from 8e4bcf9bda1141dbaf96c15d3e129047...
[2026-01-21 23:56:51,874] [INFO] [DEBUG] Decoding client response from 12e1c4c0cf164f79876700f2fa83d9b8...
[2026-01-21 23:56:52,046] [INFO] [ENCODE] Starting encode_weights in aggregate_fit...
[2026-01-21 23:57:02,761] [INFO] [ENCODE] Finished encode_weights.
[2026-01-21 23:57:02,969] [INFO] [DEBUG][SERVER] Model expects 148 layers
[2026-01-21 23:57:02,989] [INFO] [DEBUG] Loaded 148 of 148 layers
[2026-01-21 23:57:03,151] [INFO] [Server] Evaluating at round 16
[2026-01-21 23:57:03,151] [INFO] [SERVER][Round 16] Starting evaluation (mode=KH)...
[2026-01-21 23:57:20,391] [INFO] [Round 16] WT Dice: 0.9812 | Time: 17.24s
[2026-01-22 00:20:04,667] [INFO] [SERVER DEBUG] aggregate_fit called at round 17
[2026-01-22 00:20:04,667] [INFO] [DEBUG] aggregate_fit received 4 results at round 17
[2026-01-22 00:20:04,667] [INFO] [DEBUG] Decoding client response from 66868e8d7a294525a093e1dc8fc340df...
[2026-01-22 00:20:04,778] [INFO] [DEBUG] Decoding client response from 8e4bcf9bda1141dbaf96c15d3e129047...
[2026-01-22 00:20:04,872] [INFO] [DEBUG] Decoding client response from b963da1471bc4aa99268065a2cfaf8a3...
[2026-01-22 00:20:04,967] [INFO] [DEBUG] Decoding client response from 12e1c4c0cf164f79876700f2fa83d9b8...
[2026-01-22 00:20:05,080] [INFO] [ENCODE] Starting encode_weights in aggregate_fit...
[2026-01-22 00:20:13,552] [INFO] [ENCODE] Finished encode_weights.
[2026-01-22 00:20:13,730] [INFO] [DEBUG][SERVER] Model expects 148 layers
[2026-01-22 00:20:13,746] [INFO] [DEBUG] Loaded 148 of 148 layers
[2026-01-22 00:20:13,878] [INFO] [Server] Evaluating at round 17
[2026-01-22 00:20:13,878] [INFO] [SERVER][Round 17] Starting evaluation (mode=KH)...
[2026-01-22 00:20:30,962] [INFO] [Round 17] WT Dice: 0.9738 | Time: 17.08s
[2026-01-22 00:43:08,228] [INFO] [SERVER DEBUG] aggregate_fit called at round 18
[2026-01-22 00:43:08,228] [INFO] [DEBUG] aggregate_fit received 4 results at round 18
[2026-01-22 00:43:08,228] [INFO] [DEBUG] Decoding client response from b963da1471bc4aa99268065a2cfaf8a3...
[2026-01-22 00:43:08,352] [INFO] [DEBUG] Decoding client response from 8e4bcf9bda1141dbaf96c15d3e129047...
[2026-01-22 00:43:08,446] [INFO] [DEBUG] Decoding client response from 66868e8d7a294525a093e1dc8fc340df...
[2026-01-22 00:43:08,540] [INFO] [DEBUG] Decoding client response from 12e1c4c0cf164f79876700f2fa83d9b8...
[2026-01-22 00:43:08,639] [INFO] [ENCODE] Starting encode_weights in aggregate_fit...
[2026-01-22 00:43:17,133] [INFO] [ENCODE] Finished encode_weights.
[2026-01-22 00:43:17,307] [INFO] [DEBUG][SERVER] Model expects 148 layers
[2026-01-22 00:43:17,323] [INFO] [DEBUG] Loaded 148 of 148 layers
[2026-01-22 00:43:17,474] [INFO] [Server] Evaluating at round 18
[2026-01-22 00:43:17,474] [INFO] [SERVER][Round 18] Starting evaluation (mode=KH)...
[2026-01-22 00:43:34,482] [INFO] [Round 18] WT Dice: 0.9801 | Time: 17.01s
[2026-01-22 01:06:19,066] [INFO] [SERVER DEBUG] aggregate_fit called at round 19
[2026-01-22 01:06:19,066] [INFO] [DEBUG] aggregate_fit received 4 results at round 19
[2026-01-22 01:06:19,066] [INFO] [DEBUG] Decoding client response from b963da1471bc4aa99268065a2cfaf8a3...
[2026-01-22 01:06:19,183] [INFO] [DEBUG] Decoding client response from 12e1c4c0cf164f79876700f2fa83d9b8...
[2026-01-22 01:06:19,276] [INFO] [DEBUG] Decoding client response from 8e4bcf9bda1141dbaf96c15d3e129047...
[2026-01-22 01:06:19,380] [INFO] [DEBUG] Decoding client response from 66868e8d7a294525a093e1dc8fc340df...
[2026-01-22 01:06:19,496] [INFO] [ENCODE] Starting encode_weights in aggregate_fit...
[2026-01-22 01:06:28,605] [INFO] [ENCODE] Finished encode_weights.
[2026-01-22 01:06:28,807] [INFO] [DEBUG][SERVER] Model expects 148 layers
[2026-01-22 01:06:28,827] [INFO] [DEBUG] Loaded 148 of 148 layers
[2026-01-22 01:06:28,980] [INFO] [Server] Evaluating at round 19
[2026-01-22 01:06:28,980] [INFO] [SERVER][Round 19] Starting evaluation (mode=KH)...
[2026-01-22 01:06:46,102] [INFO] [Round 19] WT Dice: 0.9854 | Time: 17.12s
[2026-01-22 01:29:29,850] [INFO] [SERVER DEBUG] aggregate_fit called at round 20
[2026-01-22 01:29:29,851] [INFO] [DEBUG] aggregate_fit received 4 results at round 20
[2026-01-22 01:29:29,851] [INFO] [DEBUG] Decoding client response from b963da1471bc4aa99268065a2cfaf8a3...
[2026-01-22 01:29:30,024] [INFO] [DEBUG] Decoding client response from 12e1c4c0cf164f79876700f2fa83d9b8...
[2026-01-22 01:29:30,172] [INFO] [DEBUG] Decoding client response from 8e4bcf9bda1141dbaf96c15d3e129047...
[2026-01-22 01:29:30,319] [INFO] [DEBUG] Decoding client response from 66868e8d7a294525a093e1dc8fc340df...
[2026-01-22 01:29:30,492] [INFO] [ENCODE] Starting encode_weights in aggregate_fit...
[2026-01-22 01:29:38,890] [INFO] [ENCODE] Finished encode_weights.
[2026-01-22 01:29:39,082] [INFO] [DEBUG][SERVER] Model expects 148 layers
[2026-01-22 01:29:39,101] [INFO] [DEBUG] Loaded 148 of 148 layers
[2026-01-22 01:29:39,282] [INFO] [Server] Evaluating at round 20
[2026-01-22 01:29:39,283] [INFO] [SERVER][Round 20] Starting evaluation (mode=KH)...
[2026-01-22 01:29:56,246] [INFO] [Round 20] WT Dice: 0.9721 | Time: 16.96s
[2026-01-22 01:52:45,053] [INFO] [SERVER DEBUG] aggregate_fit called at round 21
[2026-01-22 01:52:45,053] [INFO] [DEBUG] aggregate_fit received 4 results at round 21
[2026-01-22 01:52:45,053] [INFO] [DEBUG] Decoding client response from b963da1471bc4aa99268065a2cfaf8a3...
[2026-01-22 01:52:45,203] [INFO] [DEBUG] Decoding client response from 12e1c4c0cf164f79876700f2fa83d9b8...
[2026-01-22 01:52:45,291] [INFO] [DEBUG] Decoding client response from 66868e8d7a294525a093e1dc8fc340df...
[2026-01-22 01:52:45,394] [INFO] [DEBUG] Decoding client response from 8e4bcf9bda1141dbaf96c15d3e129047...
[2026-01-22 01:52:45,515] [INFO] [ENCODE] Starting encode_weights in aggregate_fit...
[2026-01-22 01:52:54,623] [INFO] [ENCODE] Finished encode_weights.
[2026-01-22 01:52:54,815] [INFO] [DEBUG][SERVER] Model expects 148 layers
[2026-01-22 01:52:54,832] [INFO] [DEBUG] Loaded 148 of 148 layers
[2026-01-22 01:52:55,021] [INFO] [Server] Evaluating at round 21
[2026-01-22 01:52:55,021] [INFO] [SERVER][Round 21] Starting evaluation (mode=KH)...
[2026-01-22 01:53:12,346] [INFO] [Round 21] WT Dice: 0.9826 | Time: 17.32s
[2026-01-22 02:16:04,620] [INFO] [SERVER DEBUG] aggregate_fit called at round 22
[2026-01-22 02:16:04,620] [INFO] [DEBUG] aggregate_fit received 4 results at round 22
[2026-01-22 02:16:04,620] [INFO] [DEBUG] Decoding client response from b963da1471bc4aa99268065a2cfaf8a3...
[2026-01-22 02:16:04,754] [INFO] [DEBUG] Decoding client response from 12e1c4c0cf164f79876700f2fa83d9b8...
[2026-01-22 02:16:04,857] [INFO] [DEBUG] Decoding client response from 8e4bcf9bda1141dbaf96c15d3e129047...
[2026-01-22 02:16:04,951] [INFO] [DEBUG] Decoding client response from 66868e8d7a294525a093e1dc8fc340df...
[2026-01-22 02:16:05,054] [INFO] [ENCODE] Starting encode_weights in aggregate_fit...
[2026-01-22 02:16:13,820] [INFO] [ENCODE] Finished encode_weights.
[2026-01-22 02:16:14,008] [INFO] [DEBUG][SERVER] Model expects 148 layers
[2026-01-22 02:16:14,041] [INFO] [DEBUG] Loaded 148 of 148 layers
[2026-01-22 02:16:14,206] [INFO] [Server] Evaluating at round 22
[2026-01-22 02:16:14,207] [INFO] [SERVER][Round 22] Starting evaluation (mode=KH)...
[2026-01-22 02:16:31,414] [INFO] [Round 22] WT Dice: 0.9733 | Time: 17.21s
[2026-01-22 02:39:19,035] [INFO] [SERVER DEBUG] aggregate_fit called at round 23
[2026-01-22 02:39:19,036] [INFO] [DEBUG] aggregate_fit received 4 results at round 23
[2026-01-22 02:39:19,036] [INFO] [DEBUG] Decoding client response from 66868e8d7a294525a093e1dc8fc340df...
[2026-01-22 02:39:19,215] [INFO] [DEBUG] Decoding client response from 8e4bcf9bda1141dbaf96c15d3e129047...
[2026-01-22 02:39:19,361] [INFO] [DEBUG] Decoding client response from 12e1c4c0cf164f79876700f2fa83d9b8...
[2026-01-22 02:39:19,507] [INFO] [DEBUG] Decoding client response from b963da1471bc4aa99268065a2cfaf8a3...
[2026-01-22 02:39:19,668] [INFO] [ENCODE] Starting encode_weights in aggregate_fit...
[2026-01-22 02:39:28,498] [INFO] [ENCODE] Finished encode_weights.
[2026-01-22 02:39:28,714] [INFO] [DEBUG][SERVER] Model expects 148 layers
[2026-01-22 02:39:28,748] [INFO] [DEBUG] Loaded 148 of 148 layers
[2026-01-22 02:39:28,926] [INFO] [Server] Evaluating at round 23
[2026-01-22 02:39:28,926] [INFO] [SERVER][Round 23] Starting evaluation (mode=KH)...
[2026-01-22 02:39:46,076] [INFO] [Round 23] WT Dice: 0.9724 | Time: 17.15s
[2026-01-22 03:02:41,609] [INFO] [SERVER DEBUG] aggregate_fit called at round 24
[2026-01-22 03:02:41,609] [INFO] [DEBUG] aggregate_fit received 4 results at round 24
[2026-01-22 03:02:41,609] [INFO] [DEBUG] Decoding client response from 8e4bcf9bda1141dbaf96c15d3e129047...
[2026-01-22 03:02:41,716] [INFO] [DEBUG] Decoding client response from b963da1471bc4aa99268065a2cfaf8a3...
[2026-01-22 03:02:41,803] [INFO] [DEBUG] Decoding client response from 66868e8d7a294525a093e1dc8fc340df...
[2026-01-22 03:02:41,892] [INFO] [DEBUG] Decoding client response from 12e1c4c0cf164f79876700f2fa83d9b8...
[2026-01-22 03:02:41,987] [INFO] [ENCODE] Starting encode_weights in aggregate_fit...
[2026-01-22 03:02:50,301] [INFO] [ENCODE] Finished encode_weights.
[2026-01-22 03:02:50,477] [INFO] [DEBUG][SERVER] Model expects 148 layers
[2026-01-22 03:02:50,494] [INFO] [DEBUG] Loaded 148 of 148 layers
[2026-01-22 03:02:50,619] [INFO] [Server] Evaluating at round 24
[2026-01-22 03:02:50,619] [INFO] [SERVER][Round 24] Starting evaluation (mode=KH)...
[2026-01-22 03:03:07,721] [INFO] [Round 24] WT Dice: 0.9736 | Time: 17.10s
[2026-01-22 03:25:50,688] [INFO] [SERVER DEBUG] aggregate_fit called at round 25
[2026-01-22 03:25:50,689] [INFO] [DEBUG] aggregate_fit received 4 results at round 25
[2026-01-22 03:25:50,689] [INFO] [DEBUG] Decoding client response from b963da1471bc4aa99268065a2cfaf8a3...
[2026-01-22 03:25:50,809] [INFO] [DEBUG] Decoding client response from 66868e8d7a294525a093e1dc8fc340df...
[2026-01-22 03:25:50,903] [INFO] [DEBUG] Decoding client response from 8e4bcf9bda1141dbaf96c15d3e129047...
[2026-01-22 03:25:51,010] [INFO] [DEBUG] Decoding client response from 12e1c4c0cf164f79876700f2fa83d9b8...
[2026-01-22 03:25:51,111] [INFO] [ENCODE] Starting encode_weights in aggregate_fit...
[2026-01-22 03:25:59,985] [INFO] [ENCODE] Finished encode_weights.
[2026-01-22 03:26:00,184] [INFO] [DEBUG][SERVER] Model expects 148 layers
[2026-01-22 03:26:00,199] [INFO] [DEBUG] Loaded 148 of 148 layers
[2026-01-22 03:26:00,360] [INFO] [Server] Evaluating at round 25
[2026-01-22 03:26:00,360] [INFO] [SERVER][Round 25] Starting evaluation (mode=KH)...
[2026-01-22 03:26:17,451] [INFO] [Round 25] WT Dice: 0.9762 | Time: 17.09s
